Godot Engine v4.7.1.stable.mono.official.a13da4feb - https://godotengine.org
Vulkan 1.3.280 - Forward+ - Using Device #0: NVIDIA - NVIDIA GeForce GTX 970

act1-kit-lod-parity-notice: /root/FullGameFlowSmokeTest/FullGameMain/ZoneHost/StyleBenchmarkDayStreet/GeneratedModularKit variant=style-day-house pairs=12 overTolerance=1 worstCrown=100.00% worstHeight=0.15% worstBase=1.70% rootOffset=0.0000m
act1-kit-lod-parity-notice: /root/FullGameFlowSmokeTest/FullGameMain/ZoneHost/StyleBenchmarkDayStreet/@Node3D@304 variant=style-day-well pairs=7 overTolerance=7 worstCrown=100.00% worstHeight=0.42% worstBase=100.00% rootOffset=0.0000m
act1-kit-lod-parity-notice: /root/FullGameFlowSmokeTest/FullGameMain/ZoneHost/StyleBenchmarkDayStreet/@Node3D@307 variant=style-day-woodpile pairs=4 overTolerance=4 worstCrown=2.20% worstHeight=0.00% worstBase=0.40% rootOffset=0.0000m
zone-loaded: village_day@arrival
УРМАН Godot vertical slice ready: Painterly Low-Poly / first person
SaveGameV3 written to C:\Users\ruste\AppData\Roaming\Godot\app_userdata\URMAN\savegames\photoworlds-v1\quick.savegame-v3.json
[9] photoworlds.fact.observed: urman.fullgame:interaction/pw-prologue-photo-source
act1-kit-lod-parity-notice: /root/FullGameFlowSmokeTest/FullGameMain/ZoneHost/@Node3D@1066/GeneratedModularKit variant=style-day-house pairs=12 overTolerance=1 worstCrown=100.00% worstHeight=0.15% worstBase=1.70% rootOffset=0.0000m
act1-kit-lod-parity-notice: /root/FullGameFlowSmokeTest/FullGameMain/ZoneHost/@Node3D@1066/@Node3D@1133 variant=style-day-well pairs=7 overTolerance=7 worstCrown=100.00% worstHeight=0.42% worstBase=100.00% rootOffset=0.0000m
act1-kit-lod-parity-notice: /root/FullGameFlowSmokeTest/FullGameMain/ZoneHost/@Node3D@1066/@Node3D@1136 variant=style-day-woodpile pairs=4 overTolerance=4 worstCrown=2.20% worstHeight=0.00% worstBase=0.40% rootOffset=0.0000m
zone-loaded: village_day@arrival
SaveGameV3 restored.
fullgame-save-isolation: PASS SaveGameV3 disk roundtrip in photoworlds-v1; same-name legacy quick primary/backup bytes preserved; actual urman.fullgame v2 state restored; test runs require clean guarded userdata.
[9] photoworlds.fact.observed: urman.fullgame:interaction/pw-prologue-photo-source
WARNING: Interaction urman.fullgame:interaction/pw-prologue-photo-source rejected: DuplicateOccurrence Occurrence pw006-smoke:pw-prologue-photo-source was already processed.
   at: void Urman.Godot.RuntimeBridge+<DispatchCompiledInteractionAsync>d__155.MoveNext() (res://scripts/RuntimeBridge.cs:1443)
   C# backtrace (most recent call first):
       [0] void Godot.GD.PushWarning(string) (/root/godot/modules/mono/glue/GodotSharp/GodotSharp/Core/GD.cs:396)
       [1] void Urman.Godot.RuntimeBridge+<DispatchCompiledInteractionAsync>d__155.MoveNext() (D:\URMAN-STATION\data\runs\f377c44ea4bf447cae3c6ca6a51c422f\source\game\scripts\RuntimeBridge.cs:1443)
       [2] void System.Runtime.CompilerServices.AsyncMethodBuilderCore.Start<TStateMachine>(TStateMachine&)
       [3] void System.Runtime.CompilerServices.AsyncTaskMethodBuilder`1.Start<TStateMachine>(TStateMachine&)
       [4] System.Threading.Tasks.Task`1[System.Boolean] Urman.Godot.RuntimeBridge.DispatchCompiledInteractionAsync(Urman.Godot.CompiledInteractionContent, string)
       [5] void Urman.Godot.RuntimeBridge+<DispatchSemanticInteractionForSmokeAsync>d__156.MoveNext() (D:\URMAN-STATION\data\runs\f377c44ea4bf447cae3c6ca6a51c422f\source\game\scripts\RuntimeBridge.cs:1465)
       [6] void System.Runtime.CompilerServices.AsyncMethodBuilderCore.Start<TStateMachine>(TStateMachine&)
       [7] void System.Runtime.CompilerServices.AsyncTaskMethodBuilder`1.Start<TStateMachine>(TStateMachine&)
       [8] System.Threading.Tasks.Task`1[System.Boolean] Urman.Godot.RuntimeBridge.DispatchSemanticInteractionForSmokeAsync(string, string)
       [9] void Urman.Godot.Tests.FullGameFlowSmokeTest+<InteractAndAssertDuplicateOccurrenceAsync>d__21.MoveNext() (D:\URMAN-STATION\data\runs\f377c44ea4bf447cae3c6ca6a51c422f\source\game\tests\FullGameFlowSmokeTest.cs:389)
       [10] void System.Runtime.CompilerServices.AsyncMethodBuilderCore.Start<TStateMachine>(TStateMachine&)
       [11] System.Threading.Tasks.Task Urman.Godot.Tests.FullGameFlowSmokeTest.InteractAndAssertDuplicateOccurrenceAsync(Urman.Godot.RuntimeBridge, string)
       [12] void Urman.Godot.Tests.FullGameFlowSmokeTest+<RunRouteAsync>d__8.MoveNext() (D:\URMAN-STATION\data\runs\f377c44ea4bf447cae3c6ca6a51c422f\source\game\tests\FullGameFlowSmokeTest.cs:112)
       [13] void System.Runtime.CompilerServices.AsyncMethodBuilderCore.Start<TStateMachine>(TStateMachine&)
       [14] System.Threading.Tasks.Task Urman.Godot.Tests.FullGameFlowSmokeTest.RunRouteAsync(Urman.Godot.RuntimeBridge, bool, bool, bool)
       [15] void Urman.Godot.Tests.FullGameFlowSmokeTest+<_Ready>d__7.MoveNext() (D:\URMAN-STATION\data\runs\f377c44ea4bf447cae3c6ca6a51c422f\source\game\tests\FullGameFlowSmokeTest.cs:61)
       [16] void System.Threading.ExecutionContext.RunInternal(System.Threading.ExecutionContext, System.Threading.ContextCallback, object)
       [17] void System.Runtime.CompilerServices.AsyncTaskMethodBuilder`1+AsyncStateMachineBox`1.MoveNext(System.Threading.Thread)
       [18] void System.Threading.Tasks.AwaitTaskContinuation.RunCallback(System.Threading.ContextCallback, object, System.Threading.Tasks.Task&)
       [19] void System.Threading.Tasks.Task.RunContinuations(object)
       [20] bool System.Threading.Tasks.Task`1.TrySetResult(TResult)
       [21] void System.Runtime.CompilerServices.AsyncTaskMethodBuilder`1.SetExistingTaskResult(System.Threading.Tasks.Task`1[TResult], TResult)
       [22] void Urman.Godot.Tests.FullGameFlowSmokeTest+<AssertPhotoWorldDiskRoundTripAsync>d__28.MoveNext() (D:\URMAN-STATION\data\runs\f377c44ea4bf447cae3c6ca6a51c422f\source\game\tests\FullGameFlowSmokeTest.cs:624)
       [23] void System.Threading.ExecutionContext.RunInternal(System.Threading.ExecutionContext, System.Threading.ContextCallback, object)
       [24] void System.Runtime.CompilerServices.AsyncTaskMethodBuilder`1+AsyncStateMachineBox`1.MoveNext(System.Threading.Thread)
       [25] void System.Threading.Tasks.AwaitTaskContinuation.RunCallback(System.Threading.ContextCallback, object, System.Threading.Tasks.Task&)
       [26] void System.Threading.Tasks.Task.RunContinuations(object)
       [27] bool System.Threading.Tasks.Task`1.TrySetResult(TResult)
       [28] void System.Runtime.CompilerServices.AsyncTaskMethodBuilder`1.SetExistingTaskResult(System.Threading.Tasks.Task`1[TResult], TResult)
       [29] void Urman.Godot.RuntimeBridge+<LoadFromStoreAsync>d__92.MoveNext() (D:\URMAN-STATION\data\runs\f377c44ea4bf447cae3c6ca6a51c422f\source\game\scripts\RuntimeBridge.cs:513)
       [30] void System.Threading.ExecutionContext.RunInternal(System.Threading.ExecutionContext, System.Threading.ContextCallback, object)
       [31] void System.Runtime.CompilerServices.AsyncTaskMethodBuilder`1+AsyncStateMachineBox`1.MoveNext(System.Threading.Thread)
       [32] void System.Threading.Tasks.AwaitTaskContinuation.RunCallback(System.Threading.ContextCallback, object, System.Threading.Tasks.Task&)
       [33] void System.Threading.Tasks.Task.RunContinuations(object)
       [34] bool System.Threading.Tasks.Task`1.TrySetResult(TResult)
       [35] void System.Runtime.CompilerServices.AsyncTaskMethodBuilder`1.SetExistingTaskResult(System.Threading.Tasks.Task`1[TResult], TResult)
       [36] void Urman.Godot.RuntimeBridge+<RestoreLoadedWorldAsync>d__93.MoveNext() (D:\URMAN-STATION\data\runs\f377c44ea4bf447cae3c6ca6a51c422f\source\game\scripts\RuntimeBridge.cs:541)
       [37] void System.Threading.ExecutionContext.RunInternal(System.Threading.ExecutionContext, System.Threading.ContextCallback, object)
       [38] void System.Runtime.CompilerServices.AsyncTaskMethodBuilder`1+AsyncStateMachineBox`1.MoveNext(System.Threading.Thread)
       [39] void System.Threading.Tasks.AwaitTaskContinuation.RunCallback(System.Threading.ContextCallback, object, System.Threading.Tasks.Task&)
       [40] void System.Threading.Tasks.Task.RunContinuations(object)
       [41] bool System.Threading.Tasks.Task`1.TrySetResult(TResult)
       [42] void System.Runtime.CompilerServices.AsyncTaskMethodBuilder`1.SetExistingTaskResult(System.Threading.Tasks.Task`1[TResult], TResult)
       [43] void Urman.Godot.RuntimeBridge+<ProjectPhysicalWorldAsync>d__94.MoveNext() (D:\URMAN-STATION\data\runs\f377c44ea4bf447cae3c6ca6a51c422f\source\game\scripts\RuntimeBridge.cs:556)
       [44] void System.Threading.ExecutionContext.RunInternal(System.Threading.ExecutionContext, System.Threading.ContextCallback, object)
       [45] void System.Runtime.CompilerServices.AsyncTaskMethodBuilder`1+AsyncStateMachineBox`1.MoveNext(System.Threading.Thread)
       [46] void System.Threading.Tasks.AwaitTaskContinuation.RunCallback(System.Threading.ContextCallback, object, System.Threading.Tasks.Task&)
       [47] void System.Threading.Tasks.Task.RunContinuations(object)
       [48] bool System.Threading.Tasks.Task`1.TrySetResult(TResult)
       [49] void System.Runtime.CompilerServices.AsyncTaskMethodBuilder`1.SetExistingTaskResult(System.Threading.Tasks.Task`1[TResult], TResult)
       [50] void Urman.Godot.AlsuStreetWalkPresentation+<CompleteLoadedPhysicalProjectionAsync>d__101.MoveNext() (D:\URMAN-STATION\data\runs\f377c44ea4bf447cae3c6ca6a51c422f\source\game\scripts\AlsuStreetWalkPresentation.cs:488)
       [51] void System.Threading.ExecutionContext.RunInternal(System.Threading.ExecutionContext, System.Threading.ContextCallback, object)
       [52] void System.Runtime.CompilerServices.AsyncTaskMethodBuilder`1+AsyncStateMachineBox`1.MoveNext(System.Threading.Thread)
       [53] void Godot.SignalAwaiter.SignalCallback(nint, Godot.NativeInterop.godot_variant**, int, Godot.NativeInterop.godot_bool*) (/root/godot/modules/mono/glue/GodotSharp/GodotSharp/Core/SignalAwaiter.cs:65)
[15] photoworlds.fact.observed: urman.fullgame:interaction/pw-prologue-branch-move
[16] photoworlds.prologue.completed: urman.fullgame:interaction/pw-prologue-branch-move
[17] scene.entered: urman.fullgame:interaction/pw-prologue-branch-move
[23] scene.entered: urman.fullgame:interaction/pw-niva-stop
WARNING: Interaction urman.fullgame:interaction/pw-book-handoff rejected: ContentConditionRejected Content conditions rejected this action.
   at: void Urman.Godot.RuntimeBridge+<DispatchCompiledInteractionAsync>d__155.MoveNext() (res://scripts/RuntimeBridge.cs:1443)
   C# backtrace (most recent call first):
       [0] void Godot.GD.PushWarning(string) (/root/godot/modules/mono/glue/GodotSharp/GodotSharp/Core/GD.cs:396)
       [1] void Urman.Godot.RuntimeBridge+<DispatchCompiledInteractionAsync>d__155.MoveNext() (D:\URMAN-STATION\data\runs\f377c44ea4bf447cae3c6ca6a51c422f\source\game\scripts\RuntimeBridge.cs:1443)
       [2] void System.Runtime.CompilerServices.AsyncMethodBuilderCore.Start<TStateMachine>(TStateMachine&)
       [3] void System.Runtime.CompilerServices.AsyncTaskMethodBuilder`1.Start<TStateMachine>(TStateMachine&)
       [4] System.Threading.Tasks.Task`1[System.Boolean] Urman.Godot.RuntimeBridge.DispatchCompiledInteractionAsync(Urman.Godot.CompiledInteractionContent, string)
       [5] void Urman.Godot.RuntimeBridge+<DispatchSemanticInteractionForSmokeAsync>d__156.MoveNext() (D:\URMAN-STATION\data\runs\f377c44ea4bf447cae3c6ca6a51c422f\source\game\scripts\RuntimeBridge.cs:1465)
       [6] void System.Runtime.CompilerServices.AsyncMethodBuilderCore.Start<TStateMachine>(TStateMachine&)
       [7] void System.Runtime.CompilerServices.AsyncTaskMethodBuilder`1.Start<TStateMachine>(TStateMachine&)
       [8] System.Threading.Tasks.Task`1[System.Boolean] Urman.Godot.RuntimeBridge.DispatchSemanticInteractionForSmokeAsync(string, string)
       [9] void Urman.Godot.Tests.FullGameFlowSmokeTest+<ExpectBlockedAsync>d__22.MoveNext() (D:\URMAN-STATION\data\runs\f377c44ea4bf447cae3c6ca6a51c422f\source\game\tests\FullGameFlowSmokeTest.cs:401)
       [10] void System.Runtime.CompilerServices.AsyncMethodBuilderCore.Start<TStateMachine>(TStateMachine&)
       [11] System.Threading.Tasks.Task Urman.Godot.Tests.FullGameFlowSmokeTest.ExpectBlockedAsync(Urman.Godot.RuntimeBridge, string)
       [12] void Urman.Godot.Tests.FullGameFlowSmokeTest+<RunRouteAsync>d__8.MoveNext() (D:\URMAN-STATION\data\runs\f377c44ea4bf447cae3c6ca6a51c422f\source\game\tests\FullGameFlowSmokeTest.cs:123)
       [13] void System.Runtime.CompilerServices.AsyncMethodBuilderCore.Start<TStateMachine>(TStateMachine&)
       [14] System.Threading.Tasks.Task Urman.Godot.Tests.FullGameFlowSmokeTest.RunRouteAsync(Urman.Godot.RuntimeBridge, bool, bool, bool)
       [15] void Urman.Godot.Tests.FullGameFlowSmokeTest+<_Ready>d__7.MoveNext() (D:\URMAN-STATION\data\runs\f377c44ea4bf447cae3c6ca6a51c422f\source\game\tests\FullGameFlowSmokeTest.cs:61)
       [16] void System.Threading.ExecutionContext.RunInternal(System.Threading.ExecutionContext, System.Threading.ContextCallback, object)
       [17] void System.Runtime.CompilerServices.AsyncTaskMethodBuilder`1+AsyncStateMachineBox`1.MoveNext(System.Threading.Thread)
       [18] void System.Threading.Tasks.AwaitTaskContinuation.RunCallback(System.Threading.ContextCallback, object, System.Threading.Tasks.Task&)
       [19] void System.Threading.Tasks.Task.RunContinuations(object)
       [20] bool System.Threading.Tasks.Task`1.TrySetResult(TResult)
       [21] void System.Runtime.CompilerServices.AsyncTaskMethodBuilder`1.SetExistingTaskResult(System.Threading.Tasks.Task`1[TResult], TResult)
       [22] void Urman.Godot.Tests.FullGameFlowSmokeTest+<AssertPhotoWorldDiskRoundTripAsync>d__28.MoveNext() (D:\URMAN-STATION\data\runs\f377c44ea4bf447cae3c6ca6a51c422f\source\game\tests\FullGameFlowSmokeTest.cs:624)
       [23] void System.Threading.ExecutionContext.RunInternal(System.Threading.ExecutionContext, System.Threading.ContextCallback, object)
       [24] void System.Runtime.CompilerServices.AsyncTaskMethodBuilder`1+AsyncStateMachineBox`1.MoveNext(System.Threading.Thread)
       [25] void System.Threading.Tasks.AwaitTaskContinuation.RunCallback(System.Threading.ContextCallback, object, System.Threading.Tasks.Task&)
       [26] void System.Threading.Tasks.Task.RunContinuations(object)
       [27] bool System.Threading.Tasks.Task`1.TrySetResult(TResult)
       [28] void System.Runtime.CompilerServices.AsyncTaskMethodBuilder`1.SetExistingTaskResult(System.Threading.Tasks.Task`1[TResult], TResult)
       [29] void Urman.Godot.RuntimeBridge+<LoadFromStoreAsync>d__92.MoveNext() (D:\URMAN-STATION\data\runs\f377c44ea4bf447cae3c6ca6a51c422f\source\game\scripts\RuntimeBridge.cs:513)
       [30] void System.Threading.ExecutionContext.RunInternal(System.Threading.ExecutionContext, System.Threading.ContextCallback, object)
       [31] void System.Runtime.CompilerServices.AsyncTaskMethodBuilder`1+AsyncStateMachineBox`1.MoveNext(System.Threading.Thread)
       [32] void System.Threading.Tasks.AwaitTaskContinuation.RunCallback(System.Threading.ContextCallback, object, System.Threading.Tasks.Task&)
       [33] void System.Threading.Tasks.Task.RunContinuations(object)
       [34] bool System.Threading.Tasks.Task`1.TrySetResult(TResult)
       [35] void System.Runtime.CompilerServices.AsyncTaskMethodBuilder`1.SetExistingTaskResult(System.Threading.Tasks.Task`1[TResult], TResult)
       [36] void Urman.Godot.RuntimeBridge+<RestoreLoadedWorldAsync>d__93.MoveNext() (D:\URMAN-STATION\data\runs\f377c44ea4bf447cae3c6ca6a51c422f\source\game\scripts\RuntimeBridge.cs:541)
       [37] void System.Threading.ExecutionContext.RunInternal(System.Threading.ExecutionContext, System.Threading.ContextCallback, object)
       [38] void System.Runtime.CompilerServices.AsyncTaskMethodBuilder`1+AsyncStateMachineBox`1.MoveNext(System.Threading.Thread)
       [39] void System.Threading.Tasks.AwaitTaskContinuation.RunCallback(System.Threading.ContextCallback, object, System.Threading.Tasks.Task&)
       [40] void System.Threading.Tasks.Task.RunContinuations(object)
       [41] bool System.Threading.Tasks.Task`1.TrySetResult(TResult)
       [42] void System.Runtime.CompilerServices.AsyncTaskMethodBuilder`1.SetExistingTaskResult(System.Threading.Tasks.Task`1[TResult], TResult)
       [43] void Urman.Godot.RuntimeBridge+<ProjectPhysicalWorldAsync>d__94.MoveNext() (D:\URMAN-STATION\data\runs\f377c44ea4bf447cae3c6ca6a51c422f\source\game\scripts\RuntimeBridge.cs:556)
       [44] void System.Threading.ExecutionContext.RunInternal(System.Threading.ExecutionContext, System.Threading.ContextCallback, object)
       [45] void System.Runtime.CompilerServices.AsyncTaskMethodBuilder`1+AsyncStateMachineBox`1.MoveNext(System.Threading.Thread)
       [46] void System.Threading.Tasks.AwaitTaskContinuation.RunCallback(System.Threading.ContextCallback, object, System.Threading.Tasks.Task&)
       [47] void System.Threading.Tasks.Task.RunContinuations(object)
       [48] bool System.Threading.Tasks.Task`1.TrySetResult(TResult)
       [49] void System.Runtime.CompilerServices.AsyncTaskMethodBuilder`1.SetExistingTaskResult(System.Threading.Tasks.Task`1[TResult], TResult)
       [50] void Urman.Godot.AlsuStreetWalkPresentation+<CompleteLoadedPhysicalProjectionAsync>d__101.MoveNext() (D:\URMAN-STATION\data\runs\f377c44ea4bf447cae3c6ca6a51c422f\source\game\scripts\AlsuStreetWalkPresentation.cs:488)
       [51] void System.Threading.ExecutionContext.RunInternal(System.Threading.ExecutionContext, System.Threading.ContextCallback, object)
       [52] void System.Runtime.CompilerServices.AsyncTaskMethodBuilder`1+AsyncStateMachineBox`1.MoveNext(System.Threading.Thread)
       [53] void Godot.SignalAwaiter.SignalCallback(nint, Godot.NativeInterop.godot_variant**, int, Godot.NativeInterop.godot_bool*) (/root/godot/modules/mono/glue/GodotSharp/GodotSharp/Core/SignalAwaiter.cs:65)
WARNING: Interaction urman.fullgame:interaction/pw-enter-forest rejected: ContentConditionRejected Content conditions rejected this action.
   at: void Urman.Godot.RuntimeBridge+<DispatchCompiledInteractionAsync>d__155.MoveNext() (res://scripts/RuntimeBridge.cs:1443)
   C# backtrace (most recent call first):
       [0] void Godot.GD.PushWarning(string) (/root/godot/modules/mono/glue/GodotSharp/GodotSharp/Core/GD.cs:396)
       [1] void Urman.Godot.RuntimeBridge+<DispatchCompiledInteractionAsync>d__155.MoveNext() (D:\URMAN-STATION\data\runs\f377c44ea4bf447cae3c6ca6a51c422f\source\game\scripts\RuntimeBridge.cs:1443)
       [2] void System.Runtime.CompilerServices.AsyncMethodBuilderCore.Start<TStateMachine>(TStateMachine&)
       [3] void System.Runtime.CompilerServices.AsyncTaskMethodBuilder`1.Start<TStateMachine>(TStateMachine&)
       [4] System.Threading.Tasks.Task`1[System.Boolean] Urman.Godot.RuntimeBridge.DispatchCompiledInteractionAsync(Urman.Godot.CompiledInteractionContent, string)
       [5] void Urman.Godot.RuntimeBridge+<DispatchSemanticInteractionForSmokeAsync>d__156.MoveNext() (D:\URMAN-STATION\data\runs\f377c44ea4bf447cae3c6ca6a51c422f\source\game\scripts\RuntimeBridge.cs:1465)
       [6] void System.Runtime.CompilerServices.AsyncMethodBuilderCore.Start<TStateMachine>(TStateMachine&)
       [7] void System.Runtime.CompilerServices.AsyncTaskMethodBuilder`1.Start<TStateMachine>(TStateMachine&)
       [8] System.Threading.Tasks.Task`1[System.Boolean] Urman.Godot.RuntimeBridge.DispatchSemanticInteractionForSmokeAsync(string, string)
       [9] void Urman.Godot.Tests.FullGameFlowSmokeTest+<ExpectBlockedAsync>d__22.MoveNext() (D:\URMAN-STATION\data\runs\f377c44ea4bf447cae3c6ca6a51c422f\source\game\tests\FullGameFlowSmokeTest.cs:401)
       [10] void System.Runtime.CompilerServices.AsyncMethodBuilderCore.Start<TStateMachine>(TStateMachine&)
       [11] System.Threading.Tasks.Task Urman.Godot.Tests.FullGameFlowSmokeTest.ExpectBlockedAsync(Urman.Godot.RuntimeBridge, string)
       [12] void Urman.Godot.Tests.FullGameFlowSmokeTest+<RunRouteAsync>d__8.MoveNext() (D:\URMAN-STATION\data\runs\f377c44ea4bf447cae3c6ca6a51c422f\source\game\tests\FullGameFlowSmokeTest.cs:128)
       [13] void System.Runtime.CompilerServices.AsyncMethodBuilderCore.Start<TStateMachine>(TStateMachine&)
       [14] System.Threading.Tasks.Task Urman.Godot.Tests.FullGameFlowSmokeTest.RunRouteAsync(Urman.Godot.RuntimeBridge, bool, bool, bool)
       [15] void Urman.Godot.Tests.FullGameFlowSmokeTest+<_Ready>d__7.MoveNext() (D:\URMAN-STATION\data\runs\f377c44ea4bf447cae3c6ca6a51c422f\source\game\tests\FullGameFlowSmokeTest.cs:61)
       [16] void System.Threading.ExecutionContext.RunInternal(System.Threading.ExecutionContext, System.Threading.ContextCallback, object)
       [17] void System.Runtime.CompilerServices.AsyncTaskMethodBuilder`1+AsyncStateMachineBox`1.MoveNext(System.Threading.Thread)
       [18] void System.Threading.Tasks.AwaitTaskContinuation.RunCallback(System.Threading.ContextCallback, object, System.Threading.Tasks.Task&)
       [19] void System.Threading.Tasks.Task.RunContinuations(object)
       [20] bool System.Threading.Tasks.Task`1.TrySetResult(TResult)
       [21] void System.Runtime.CompilerServices.AsyncTaskMethodBuilder`1.SetExistingTaskResult(System.Threading.Tasks.Task`1[TResult], TResult)
       [22] void Urman.Godot.Tests.FullGameFlowSmokeTest+<AssertPhotoWorldDiskRoundTripAsync>d__28.MoveNext() (D:\URMAN-STATION\data\runs\f377c44ea4bf447cae3c6ca6a51c422f\source\game\tests\FullGameFlowSmokeTest.cs:624)
       [23] void System.Threading.ExecutionContext.RunInternal(System.Threading.ExecutionContext, System.Threading.ContextCallback, object)
       [24] void System.Runtime.CompilerServices.AsyncTaskMethodBuilder`1+AsyncStateMachineBox`1.MoveNext(System.Threading.Thread)
       [25] void System.Threading.Tasks.AwaitTaskContinuation.RunCallback(System.Threading.ContextCallback, object, System.Threading.Tasks.Task&)
       [26] void System.Threading.Tasks.Task.RunContinuations(object)
       [27] bool System.Threading.Tasks.Task`1.TrySetResult(TResult)
       [28] void System.Runtime.CompilerServices.AsyncTaskMethodBuilder`1.SetExistingTaskResult(System.Threading.Tasks.Task`1[TResult], TResult)
       [29] void Urman.Godot.RuntimeBridge+<LoadFromStoreAsync>d__92.MoveNext() (D:\URMAN-STATION\data\runs\f377c44ea4bf447cae3c6ca6a51c422f\source\game\scripts\RuntimeBridge.cs:513)
       [30] void System.Threading.ExecutionContext.RunInternal(System.Threading.ExecutionContext, System.Threading.ContextCallback, object)
       [31] void System.Runtime.CompilerServices.AsyncTaskMethodBuilder`1+AsyncStateMachineBox`1.MoveNext(System.Threading.Thread)
       [32] void System.Threading.Tasks.AwaitTaskContinuation.RunCallback(System.Threading.ContextCallback, object, System.Threading.Tasks.Task&)
       [33] void System.Threading.Tasks.Task.RunContinuations(object)
       [34] bool System.Threading.Tasks.Task`1.TrySetResult(TResult)
       [35] void System.Runtime.CompilerServices.AsyncTaskMethodBuilder`1.SetExistingTaskResult(System.Threading.Tasks.Task`1[TResult], TResult)
       [36] void Urman.Godot.RuntimeBridge+<RestoreLoadedWorldAsync>d__93.MoveNext() (D:\URMAN-STATION\data\runs\f377c44ea4bf447cae3c6ca6a51c422f\source\game\scripts\RuntimeBridge.cs:541)
       [37] void System.Threading.ExecutionContext.RunInternal(System.Threading.ExecutionContext, System.Threading.ContextCallback, object)
       [38] void System.Runtime.CompilerServices.AsyncTaskMethodBuilder`1+AsyncStateMachineBox`1.MoveNext(System.Threading.Thread)
       [39] void System.Threading.Tasks.AwaitTaskContinuation.RunCallback(System.Threading.ContextCallback, object, System.Threading.Tasks.Task&)
       [40] void System.Threading.Tasks.Task.RunContinuations(object)
       [41] bool System.Threading.Tasks.Task`1.TrySetResult(TResult)
       [42] void System.Runtime.CompilerServices.AsyncTaskMethodBuilder`1.SetExistingTaskResult(System.Threading.Tasks.Task`1[TResult], TResult)
       [43] void Urman.Godot.RuntimeBridge+<ProjectPhysicalWorldAsync>d__94.MoveNext() (D:\URMAN-STATION\data\runs\f377c44ea4bf447cae3c6ca6a51c422f\source\game\scripts\RuntimeBridge.cs:556)
       [44] void System.Threading.ExecutionContext.RunInternal(System.Threading.ExecutionContext, System.Threading.ContextCallback, object)
       [45] void System.Runtime.CompilerServices.AsyncTaskMethodBuilder`1+AsyncStateMachineBox`1.MoveNext(System.Threading.Thread)
       [46] void System.Threading.Tasks.AwaitTaskContinuation.RunCallback(System.Threading.ContextCallback, object, System.Threading.Tasks.Task&)
       [47] void System.Threading.Tasks.Task.RunContinuations(object)
       [48] bool System.Threading.Tasks.Task`1.TrySetResult(TResult)
       [49] void System.Runtime.CompilerServices.AsyncTaskMethodBuilder`1.SetExistingTaskResult(System.Threading.Tasks.Task`1[TResult], TResult)
       [50] void Urman.Godot.AlsuStreetWalkPresentation+<CompleteLoadedPhysicalProjectionAsync>d__101.MoveNext() (D:\URMAN-STATION\data\runs\f377c44ea4bf447cae3c6ca6a51c422f\source\game\scripts\AlsuStreetWalkPresentation.cs:488)
       [51] void System.Threading.ExecutionContext.RunInternal(System.Threading.ExecutionContext, System.Threading.ContextCallback, object)
       [52] void System.Runtime.CompilerServices.AsyncTaskMethodBuilder`1+AsyncStateMachineBox`1.MoveNext(System.Threading.Thread)
       [53] void Godot.SignalAwaiter.SignalCallback(nint, Godot.NativeInterop.godot_variant**, int, Godot.NativeInterop.godot_bool*) (/root/godot/modules/mono/glue/GodotSharp/GodotSharp/Core/SignalAwaiter.cs:65)
WARNING: Interaction urman.fullgame:interaction/pw-enter-river rejected: ContentConditionRejected Content conditions rejected this action.
   at: void Urman.Godot.RuntimeBridge+<DispatchCompiledInteractionAsync>d__155.MoveNext() (res://scripts/RuntimeBridge.cs:1443)
   C# backtrace (most recent call first):
       [0] void Godot.GD.PushWarning(string) (/root/godot/modules/mono/glue/GodotSharp/GodotSharp/Core/GD.cs:396)
       [1] void Urman.Godot.RuntimeBridge+<DispatchCompiledInteractionAsync>d__155.MoveNext() (D:\URMAN-STATION\data\runs\f377c44ea4bf447cae3c6ca6a51c422f\source\game\scripts\RuntimeBridge.cs:1443)
       [2] void System.Runtime.CompilerServices.AsyncMethodBuilderCore.Start<TStateMachine>(TStateMachine&)
       [3] void System.Runtime.CompilerServices.AsyncTaskMethodBuilder`1.Start<TStateMachine>(TStateMachine&)
       [4] System.Threading.Tasks.Task`1[System.Boolean] Urman.Godot.RuntimeBridge.DispatchCompiledInteractionAsync(Urman.Godot.CompiledInteractionContent, string)
       [5] void Urman.Godot.RuntimeBridge+<DispatchSemanticInteractionForSmokeAsync>d__156.MoveNext() (D:\URMAN-STATION\data\runs\f377c44ea4bf447cae3c6ca6a51c422f\source\game\scripts\RuntimeBridge.cs:1465)
       [6] void System.Runtime.CompilerServices.AsyncMethodBuilderCore.Start<TStateMachine>(TStateMachine&)
       [7] void System.Runtime.CompilerServices.AsyncTaskMethodBuilder`1.Start<TStateMachine>(TStateMachine&)
       [8] System.Threading.Tasks.Task`1[System.Boolean] Urman.Godot.RuntimeBridge.DispatchSemanticInteractionForSmokeAsync(string, string)
       [9] void Urman.Godot.Tests.FullGameFlowSmokeTest+<ExpectBlockedAsync>d__22.MoveNext() (D:\URMAN-STATION\data\runs\f377c44ea4bf447cae3c6ca6a51c422f\source\game\tests\FullGameFlowSmokeTest.cs:401)
       [10] void System.Runtime.CompilerServices.AsyncMethodBuilderCore.Start<TStateMachine>(TStateMachine&)
       [11] System.Threading.Tasks.Task Urman.Godot.Tests.FullGameFlowSmokeTest.ExpectBlockedAsync(Urman.Godot.RuntimeBridge, string)
       [12] void Urman.Godot.Tests.FullGameFlowSmokeTest+<RunRouteAsync>d__8.MoveNext() (D:\URMAN-STATION\data\runs\f377c44ea4bf447cae3c6ca6a51c422f\source\game\tests\FullGameFlowSmokeTest.cs:129)
       [13] void System.Runtime.CompilerServices.AsyncMethodBuilderCore.Start<TStateMachine>(TStateMachine&)
       [14] System.Threading.Tasks.Task Urman.Godot.Tests.FullGameFlowSmokeTest.RunRouteAsync(Urman.Godot.RuntimeBridge, bool, bool, bool)
       [15] void Urman.Godot.Tests.FullGameFlowSmokeTest+<_Ready>d__7.MoveNext() (D:\URMAN-STATION\data\runs\f377c44ea4bf447cae3c6ca6a51c422f\source\game\tests\FullGameFlowSmokeTest.cs:61)
       [16] void System.Threading.ExecutionContext.RunInternal(System.Threading.ExecutionContext, System.Threading.ContextCallback, object)
       [17] void System.Runtime.CompilerServices.AsyncTaskMethodBuilder`1+AsyncStateMachineBox`1.MoveNext(System.Threading.Thread)
       [18] void System.Threading.Tasks.AwaitTaskContinuation.RunCallback(System.Threading.ContextCallback, object, System.Threading.Tasks.Task&)
       [19] void System.Threading.Tasks.Task.RunContinuations(object)
       [20] bool System.Threading.Tasks.Task`1.TrySetResult(TResult)
       [21] void System.Runtime.CompilerServices.AsyncTaskMethodBuilder`1.SetExistingTaskResult(System.Threading.Tasks.Task`1[TResult], TResult)
       [22] void Urman.Godot.Tests.FullGameFlowSmokeTest+<AssertPhotoWorldDiskRoundTripAsync>d__28.MoveNext() (D:\URMAN-STATION\data\runs\f377c44ea4bf447cae3c6ca6a51c422f\source\game\tests\FullGameFlowSmokeTest.cs:624)
       [23] void System.Threading.ExecutionContext.RunInternal(System.Threading.ExecutionContext, System.Threading.ContextCallback, object)
       [24] void System.Runtime.CompilerServices.AsyncTaskMethodBuilder`1+AsyncStateMachineBox`1.MoveNext(System.Threading.Thread)
       [25] void System.Threading.Tasks.AwaitTaskContinuation.RunCallback(System.Threading.ContextCallback, object, System.Threading.Tasks.Task&)
       [26] void System.Threading.Tasks.Task.RunContinuations(object)
       [27] bool System.Threading.Tasks.Task`1.TrySetResult(TResult)
       [28] void System.Runtime.CompilerServices.AsyncTaskMethodBuilder`1.SetExistingTaskResult(System.Threading.Tasks.Task`1[TResult], TResult)
       [29] void Urman.Godot.RuntimeBridge+<LoadFromStoreAsync>d__92.MoveNext() (D:\URMAN-STATION\data\runs\f377c44ea4bf447cae3c6ca6a51c422f\source\game\scripts\RuntimeBridge.cs:513)
       [30] void System.Threading.ExecutionContext.RunInternal(System.Threading.ExecutionContext, System.Threading.ContextCallback, object)
       [31] void System.Runtime.CompilerServices.AsyncTaskMethodBuilder`1+AsyncStateMachineBox`1.MoveNext(System.Threading.Thread)
       [32] void System.Threading.Tasks.AwaitTaskContinuation.RunCallback(System.Threading.ContextCallback, object, System.Threading.Tasks.Task&)
       [33] void System.Threading.Tasks.Task.RunContinuations(object)
       [34] bool System.Threading.Tasks.Task`1.TrySetResult(TResult)
       [35] void System.Runtime.CompilerServices.AsyncTaskMethodBuilder`1.SetExistingTaskResult(System.Threading.Tasks.Task`1[TResult], TResult)
       [36] void Urman.Godot.RuntimeBridge+<RestoreLoadedWorldAsync>d__93.MoveNext() (D:\URMAN-STATION\data\runs\f377c44ea4bf447cae3c6ca6a51c422f\source\game\scripts\RuntimeBridge.cs:541)
       [37] void System.Threading.ExecutionContext.RunInternal(System.Threading.ExecutionContext, System.Threading.ContextCallback, object)
       [38] void System.Runtime.CompilerServices.AsyncTaskMethodBuilder`1+AsyncStateMachineBox`1.MoveNext(System.Threading.Thread)
       [39] void System.Threading.Tasks.AwaitTaskContinuation.RunCallback(System.Threading.ContextCallback, object, System.Threading.Tasks.Task&)
       [40] void System.Threading.Tasks.Task.RunContinuations(object)
       [41] bool System.Threading.Tasks.Task`1.TrySetResult(TResult)
       [42] void System.Runtime.CompilerServices.AsyncTaskMethodBuilder`1.SetExistingTaskResult(System.Threading.Tasks.Task`1[TResult], TResult)
       [43] void Urman.Godot.RuntimeBridge+<ProjectPhysicalWorldAsync>d__94.MoveNext() (D:\URMAN-STATION\data\runs\f377c44ea4bf447cae3c6ca6a51c422f\source\game\scripts\RuntimeBridge.cs:556)
       [44] void System.Threading.ExecutionContext.RunInternal(System.Threading.ExecutionContext, System.Threading.ContextCallback, object)
       [45] void System.Runtime.CompilerServices.AsyncTaskMethodBuilder`1+AsyncStateMachineBox`1.MoveNext(System.Threading.Thread)
       [46] void System.Threading.Tasks.AwaitTaskContinuation.RunCallback(System.Threading.ContextCallback, object, System.Threading.Tasks.Task&)
       [47] void System.Threading.Tasks.Task.RunContinuations(object)
       [48] bool System.Threading.Tasks.Task`1.TrySetResult(TResult)
       [49] void System.Runtime.CompilerServices.AsyncTaskMethodBuilder`1.SetExistingTaskResult(System.Threading.Tasks.Task`1[TResult], TResult)
       [50] void Urman.Godot.AlsuStreetWalkPresentation+<CompleteLoadedPhysicalProjectionAsync>d__101.MoveNext() (D:\URMAN-STATION\data\runs\f377c44ea4bf447cae3c6ca6a51c422f\source\game\scripts\AlsuStreetWalkPresentation.cs:488)
       [51] void System.Threading.ExecutionContext.RunInternal(System.Threading.ExecutionContext, System.Threading.ContextCallback, object)
       [52] void System.Runtime.CompilerServices.AsyncTaskMethodBuilder`1+AsyncStateMachineBox`1.MoveNext(System.Threading.Thread)
       [53] void Godot.SignalAwaiter.SignalCallback(nint, Godot.NativeInterop.godot_variant**, int, Godot.NativeInterop.godot_bool*) (/root/godot/modules/mono/glue/GodotSharp/GodotSharp/Core/SignalAwaiter.cs:65)
[46] photoworlds.book.received: urman.fullgame:interaction/pw-book-handoff
[52] photoworlds.fact.observed: urman.fullgame:interaction/pw-school-copy-source
[58] photoworlds.photo.acquired: urman.fullgame:interaction/pw-school-copy-permission
[59] photoworlds.photo.back-read: urman.fullgame:interaction/pw-school-copy-permission
[60] photoworlds.photo.back-read: urman.fullgame:interaction/pw-school-copy-permission
[61] photoworlds.photo.context-known: urman.fullgame:interaction/pw-school-copy-permission
[67] scene.entered: urman.fullgame:interaction/pw-enter-forest
[73] photoworlds.fact.observed: urman.fullgame:interaction/pw-forest-group
[79] photoworlds.fact.observed: urman.fullgame:interaction/pw-forest-photographer
[85] photoworlds.fact.observed: urman.fullgame:interaction/pw-forest-shurale
ERROR: Full-game semantic flow failed: System.InvalidOperationException: W01 did not complete after its authored observation and conversation sequence.
   at Urman.Godot.Tests.FullGameFlowSmokeTest.Require(Boolean condition, String message) in D:\URMAN-STATION\data\runs\f377c44ea4bf447cae3c6ca6a51c422f\source\game\tests\FullGameFlowSmokeTest.cs:line 694
   at Urman.Godot.Tests.FullGameFlowSmokeTest.CompleteForestAsync(RuntimeBridge bridge) in D:\URMAN-STATION\data\runs\f377c44ea4bf447cae3c6ca6a51c422f\source\game\tests\FullGameFlowSmokeTest.cs:line 259
   at Urman.Godot.Tests.FullGameFlowSmokeTest.RunRouteAsync(RuntimeBridge bridge, Boolean skipPrologue, Boolean riverFirst, Boolean captureCaptionUiFrame) in D:\URMAN-STATION\data\runs\f377c44ea4bf447cae3c6ca6a51c422f\source\game\tests\FullGameFlowSmokeTest.cs:line 148
   at Urman.Godot.Tests.FullGameFlowSmokeTest._Ready() in D:\URMAN-STATION\data\runs\f377c44ea4bf447cae3c6ca6a51c422f\source\game\tests\FullGameFlowSmokeTest.cs:line 61
   at: void Urman.Godot.Tests.FullGameFlowSmokeTest+<_Ready>d__7.MoveNext() (res://tests/FullGameFlowSmokeTest.cs:61)
   C# backtrace (most recent call first):
       [0] void Godot.GD.PushError(string) (/root/godot/modules/mono/glue/GodotSharp/GodotSharp/Core/GD.cs:366)
       [1] void Urman.Godot.Tests.FullGameFlowSmokeTest+<_Ready>d__7.MoveNext() (D:\URMAN-STATION\data\runs\f377c44ea4bf447cae3c6ca6a51c422f\source\game\tests\FullGameFlowSmokeTest.cs:61)
       [2] void System.Threading.ExecutionContext.RunInternal(System.Threading.ExecutionContext, System.Threading.ContextCallback, object)
       [3] void System.Runtime.CompilerServices.AsyncTaskMethodBuilder`1+AsyncStateMachineBox`1.MoveNext(System.Threading.Thread)
       [4] void System.Threading.Tasks.AwaitTaskContinuation.RunCallback(System.Threading.ContextCallback, object, System.Threading.Tasks.Task&)
       [5] void System.Threading.Tasks.Task.RunContinuations(object)
       [6] bool System.Threading.Tasks.Task`1.TrySetResult(TResult)
       [7] void System.Runtime.CompilerServices.AsyncTaskMethodBuilder`1.SetExistingTaskResult(System.Threading.Tasks.Task`1[TResult], TResult)
       [8] void Urman.Godot.Tests.FullGameFlowSmokeTest+<AssertPhotoWorldDiskRoundTripAsync>d__28.MoveNext() (D:\URMAN-STATION\data\runs\f377c44ea4bf447cae3c6ca6a51c422f\source\game\tests\FullGameFlowSmokeTest.cs:624)
       [9] void System.Threading.ExecutionContext.RunInternal(System.Threading.ExecutionContext, System.Threading.ContextCallback, object)
       [10] void System.Runtime.CompilerServices.AsyncTaskMethodBuilder`1+AsyncStateMachineBox`1.MoveNext(System.Threading.Thread)
       [11] void System.Threading.Tasks.AwaitTaskContinuation.RunCallback(System.Threading.ContextCallback, object, System.Threading.Tasks.Task&)
       [12] void System.Threading.Tasks.Task.RunContinuations(object)
       [13] bool System.Threading.Tasks.Task`1.TrySetResult(TResult)
       [14] void System.Runtime.CompilerServices.AsyncTaskMethodBuilder`1.SetExistingTaskResult(System.Threading.Tasks.Task`1[TResult], TResult)
       [15] void Urman.Godot.RuntimeBridge+<LoadFromStoreAsync>d__92.MoveNext() (D:\URMAN-STATION\data\runs\f377c44ea4bf447cae3c6ca6a51c422f\source\game\scripts\RuntimeBridge.cs:513)
       [16] void System.Threading.ExecutionContext.RunInternal(System.Threading.ExecutionContext, System.Threading.ContextCallback, object)
       [17] void System.Runtime.CompilerServices.AsyncTaskMethodBuilder`1+AsyncStateMachineBox`1.MoveNext(System.Threading.Thread)
       [18] void System.Threading.Tasks.AwaitTaskContinuation.RunCallback(System.Threading.ContextCallback, object, System.Threading.Tasks.Task&)
       [19] void System.Threading.Tasks.Task.RunContinuations(object)
       [20] bool System.Threading.Tasks.Task`1.TrySetResult(TResult)
       [21] void System.Runtime.CompilerServices.AsyncTaskMethodBuilder`1.SetExistingTaskResult(System.Threading.Tasks.Task`1[TResult], TResult)
       [22] void Urman.Godot.RuntimeBridge+<RestoreLoadedWorldAsync>d__93.MoveNext() (D:\URMAN-STATION\data\runs\f377c44ea4bf447cae3c6ca6a51c422f\source\game\scripts\RuntimeBridge.cs:541)
       [23] void System.Threading.ExecutionContext.RunInternal(System.Threading.ExecutionContext, System.Threading.ContextCallback, object)
       [24] void System.Runtime.CompilerServices.AsyncTaskMethodBuilder`1+AsyncStateMachineBox`1.MoveNext(System.Threading.Thread)
       [25] void System.Threading.Tasks.AwaitTaskContinuation.RunCallback(System.Threading.ContextCallback, object, System.Threading.Tasks.Task&)
       [26] void System.Threading.Tasks.Task.RunContinuations(object)
       [27] bool System.Threading.Tasks.Task`1.TrySetResult(TResult)
       [28] void System.Runtime.CompilerServices.AsyncTaskMethodBuilder`1.SetExistingTaskResult(System.Threading.Tasks.Task`1[TResult], TResult)
       [29] void Urman.Godot.RuntimeBridge+<ProjectPhysicalWorldAsync>d__94.MoveNext() (D:\URMAN-STATION\data\runs\f377c44ea4bf447cae3c6ca6a51c422f\source\game\scripts\RuntimeBridge.cs:556)
       [30] void System.Threading.ExecutionContext.RunInternal(System.Threading.ExecutionContext, System.Threading.ContextCallback, object)
       [31] void System.Runtime.CompilerServices.AsyncTaskMethodBuilder`1+AsyncStateMachineBox`1.MoveNext(System.Threading.Thread)
       [32] void System.Threading.Tasks.AwaitTaskContinuation.RunCallback(System.Threading.ContextCallback, object, System.Threading.Tasks.Task&)
       [33] void System.Threading.Tasks.Task.RunContinuations(object)
       [34] bool System.Threading.Tasks.Task`1.TrySetResult(TResult)
       [35] void System.Runtime.CompilerServices.AsyncTaskMethodBuilder`1.SetExistingTaskResult(System.Threading.Tasks.Task`1[TResult], TResult)
       [36] void Urman.Godot.AlsuStreetWalkPresentation+<CompleteLoadedPhysicalProjectionAsync>d__101.MoveNext() (D:\URMAN-STATION\data\runs\f377c44ea4bf447cae3c6ca6a51c422f\source\game\scripts\AlsuStreetWalkPresentation.cs:488)
       [37] void System.Threading.ExecutionContext.RunInternal(System.Threading.ExecutionContext, System.Threading.ContextCallback, object)
       [38] void System.Runtime.CompilerServices.AsyncTaskMethodBuilder`1+AsyncStateMachineBox`1.MoveNext(System.Threading.Thread)
       [39] void Godot.SignalAwaiter.SignalCallback(nint, Godot.NativeInterop.godot_variant**, int, Godot.NativeInterop.godot_bool*) (/root/godot/modules/mono/glue/GodotSharp/GodotSharp/Core/SignalAwaiter.cs:65)
userdata guard: child exceeded 300s; stopping it
userdata guard: original files restored by rename and verified (Windows ACLs not compared)
