Godot Engine v4.7.1.stable.mono.official.a13da4feb - https://godotengine.org
Metal 4.0 - Forward+ - Using Device #0: Apple - Apple M4 Pro (Apple9)

act1-river: ice_slabs=31 blockers=29 road_gap_samples=2 bridge=broken@(15,-85)
village-chimney: /root/Act1Demo/Main/ZoneHost/Act1ConnectedWorld/Act1CoreWorldGreybox/Act1AuthoredExteriorKitPresentation/ArrivalAuthoredParcels/ArrivalForwardWestFacade/DwellingFacade_TimberPlaster/DwellingFacade_ChimneyCap_LOD0 top=(-10.2875, 4.7722464, 2.3450005)
village-chimney: /root/Act1Demo/Main/ZoneHost/Act1ConnectedWorld/Act1CoreWorldGreybox/Act1AuthoredExteriorKitPresentation/DistantPerimeterParcels/WestArrivalNearParcel/WestArrivalNearFacade/DwellingFacade_TimberPlaster/DwellingFacade_ChimneyCap_LOD0 top=(-19.730013, 3.9641316, 15.965501)
act1-terrain-room-cut: room=/root/Act1Demo/Main/ZoneHost/Act1ConnectedWorld/babay-abi-house half=(4, 3.5) affectedTriangles=48 clippedVertices=49980 publishedVertices=49980 physicsVertices=49980 visualAndPhysics=shared-published-faces
act1-apron-room-cut: mesh=/root/Act1Demo/Main/ZoneHost/Act1ConnectedWorld/Act1CoreWorldGreybox/AgentBExteriorWorld/AgentB_TerrainRoadKit/URMAN_AgentB_TerrainRoadKit/Apron_BabaiYard affectedTriangles=11 clippedVertices=123 surfaces=1 collision=existing-terrain-owner
act1-south-fence-house-junction: wallX=-33.5880 retainedMembers=13 retiredPostsAndCaps=10 supportedWestWing=2.4920m
act1-drain-bank-conform: mesh=/root/Act1Demo/Main/ZoneHost/Act1ConnectedWorld/Act1CoreWorldGreybox/AgentBExteriorWorld/AgentB_TerrainRoadKit/URMAN_AgentB_TerrainRoadKit/BabaiYard_EastFenceSwale originalTriangles=78 affectedTriangles=35 outputTriangles=3543 groundOwner=unchanged
act1-mosque-terrain-cut: affectedTriangles=70 publishedVertices=49980 physicsVertices=49980 sameOwner=true
act1-school-bank-cut: mesh=/root/Act1Demo/Main/ZoneHost/Act1ConnectedWorld/Act1CoreWorldGreybox/AgentBExteriorWorld/AgentB_TerrainRoadKit/URMAN_AgentB_TerrainRoadKit/Ditch_FieldBank_EastZirat room=/root/Act1Demo/Main/ZoneHost/Act1ConnectedWorld/Act1CoreWorldGreybox/Act1AuthoredExteriorKitPresentation/DistantPerimeterParcels/EastReturnMidParcel/EastReturnMidFacade/PublicInterior_school/MainRoom half=(2.5154998, 2.3804996) affectedTriangles=20 clippedVertices=486 publishedVertices=486 floorY=-0.0049708784 collision=unchanged-existing-terrain-and-timber-floor
act1-council-fence-format: source=urman_village_exterior_kit_Cube_040 vertices=96 normals=96 uv=96 tangents=384 colors=0 uv2=0 lods=0 sourceFormat=536875031 publishedFormat=4119
act1-council-fence-format: source=urman_village_exterior_kit_FenceSegment_RailMiddle_Crooked_LOD0Mesh vertices=48 normals=48 uv=0 tangents=192 colors=0 uv2=0 lods=0 sourceFormat=536875015 publishedFormat=4103
act1-council-fence-format: source=urman_village_exterior_kit_Cube_039 vertices=96 normals=96 uv=96 tangents=384 colors=0 uv2=0 lods=0 sourceFormat=536875031 publishedFormat=4119
act1-council-fence-junction: fence=/root/Act1Demo/Main/ZoneHost/Act1ConnectedWorld/Act1CoreWorldGreybox/Act1AuthoredExteriorKitPresentation/DistantPerimeterParcels/EastStreetHorizonParcel/EastStreetHorizonFence wall=/root/Act1Demo/Main/ZoneHost/Act1ConnectedWorld/Act1CoreWorldGreybox/Act1AuthoredExteriorKitPresentation/DistantPerimeterParcels/EastStreetHorizonParcel/EastStreetHorizonFacade/VillageParcel_VariantA_TimberGable_Dwelling/VariantA_TimberGable_Dwelling_SeniRear_Wall_LOD0 localCutZ=-4.4 hiddenMembers=4 trimmedRails=3 retainedMembers=8 sourceAsset=unchanged
act1-roadside-grounding: independent contact meshes=34; source meshes and usable footbridge preserved
act1-kit-blockers: placements=100 shapes=1579 carved_door_slabs=101 flat_slab_skipped=2469 exact_architecture_surfaces=911 hidden_skipped=7 road_clearance_skipped=0
act1-dwelling-threshold: placements=83 worst_analytic_vs_collision_delta=0.028m worst_placement=ArrivalForwardEastShed
act1-building-supports: supported foundations=137; maximum ground drop=1.136m; level entrances preserved
act1-council-fence-contacts: retainedSourceContacts=0 hiddenMemberContacts=0 newBodyOwners=0
zone-loaded: village_day@arrival connected-world=109051909188
УРМАН Godot vertical slice ready: Painterly Low-Poly / first person
act1-window-surrounds: painted=1020
act1-legacy-sign: suppressed=1
act1-perf: resumed focus-loss pause during requested foreground warmup
act1-perf-stall: utc=2026-09-17T05:37:43.2275870+00:00 ticks_us=25694977 phase=warmup sample=1 target=village_day@arrival elapsed_s=0.480 frame_ms=479.501 gc0_delta=9 gc1_delta=4 gc2_delta=1 allocated_delta=70244392 focused=True life_event=0 life_time=0.000 last_process_ms=0.000 last_physics_ms=0.000 pipeline_surface_delta=0 pipeline_draw_delta=0
act1-perf-stall: utc=2026-09-17T05:37:46.5350230+00:00 ticks_us=29002429 phase=warmup sample=2 target=village_day@arrival elapsed_s=3.787 frame_ms=3307.452 gc0_delta=1 gc1_delta=0 gc2_delta=0 allocated_delta=1299592 focused=True life_event=0 life_time=0.000 last_process_ms=3272.588 last_physics_ms=410.972 pipeline_surface_delta=149 pipeline_draw_delta=75
act1-perf-stall: utc=2026-09-17T05:38:53.7487910+00:00 ticks_us=96216033 phase=measurement sample=2862 target=village_day@arrival elapsed_s=71.001 frame_ms=107.149 gc0_delta=45 gc1_delta=3 gc2_delta=1 allocated_delta=373491944 focused=True life_event=0 life_time=12.011 last_process_ms=20.033 last_physics_ms=9.571 pipeline_surface_delta=0 pipeline_draw_delta=0
act1-performance-frame: {"status":"CAPTURED","mode":"gameplay","sample":"village_day@arrival","path":"/Users/unterlantas/Documents/GitHub/URMAN/docs/production/act1_takeover_evidence_2026-09-16/release01-performance-base-01/frames/village_day_arrival.png","width":1920,"height":1080,"sha256":"28ffa19da0e5d27e6ddefb97bcac38307e16babe60b4e6705617d08f94ebc47b","renderedFramesAtReadback":3302,"processFrameAtReadback":3302,"cameraAtReadback":"/root/Act1Demo/Main/Player/Head/Camera3D","poseAtReadback":"[X: (1, 0, 0), Y: (0, 1, 0), Z: (0, 0, 1), O: (0, 1.1606874, 8.82)]","feetAtReadback":"(0, -0.53931254, 9)","focusedAtReadback":true,"preset":"medium","scale":0.9,"msaa":"Msaa2X","measuredSamples":2911,"measuredSeconds":60.003489000000066,"pixelMinimum":13,"pixelMaximum":235,"forceDraw":false,"poseWrites":0,"timing":"last completed viewport frame; readback outside measurement, before transport exit","scope":"visual evidence only; performance status remains a separate result"}
act1-demo-package-performance: status=FAIL mode=gameplay sample=village_day@arrival avg=20.613ms p95=23.499ms p99=33.059ms max=107.149ms long_frame_fraction=0.00928 warmup_avg=30.644ms warmup_max=3307.452ms warmup_seconds=12.01 sample_seconds=60.00 sample_count=2911 focused_sample_count=2911 obscured_sample_count=0 foreground_requested=true focused_sample_fraction=1.00000 fps=48.51 window_fps_valid=true display_driver=macOS adapter=Apple_M4_Pro_(Apple9) rendering_method=forward_plus preset=medium scale=0.90 msaa=Msaa2X fov=75.0 window=1920x1080 viewport=1920x1080 vsync=Disabled engine_fps=41.00 process_ms=20.951 physics_ms=83.446 draw_calls=22610 primitives=5513237
userdata guard: original files and permissions restored and verified
