Godot Engine v4.7.1.stable.mono.official.a13da4feb - https://godotengine.org
Metal 4.0 - Forward+ - Using Device #0: Apple - Apple M4 Pro (Apple9)

act1-river: ice_slabs=31 blockers=29 road_gap_samples=2 bridge=broken@(15,-85)
village-chimney: /root/Act1Demo/Main/ZoneHost/Act1ConnectedWorld/Act1CoreWorldGreybox/Act1AuthoredExteriorKitPresentation/ArrivalAuthoredParcels/ArrivalForwardWestFacade/DwellingFacade_TimberPlaster/DwellingFacade_ChimneyCap_LOD0 top=(-10.2875, 4.7722464, 2.3450005)
village-chimney: /root/Act1Demo/Main/ZoneHost/Act1ConnectedWorld/Act1CoreWorldGreybox/Act1AuthoredExteriorKitPresentation/DistantPerimeterParcels/WestArrivalNearParcel/WestArrivalNearFacade/DwellingFacade_TimberPlaster/DwellingFacade_ChimneyCap_LOD0 top=(-19.730013, 3.9641316, 15.965501)
act1-terrain-room-cut: room=/root/Act1Demo/Main/ZoneHost/Act1ConnectedWorld/babay-abi-house half=(4, 3.5) affectedTriangles=48 clippedVertices=49980 publishedVertices=49980 physicsVertices=49980 visualAndPhysics=shared-published-faces
act1-apron-room-cut: mesh=/root/Act1Demo/Main/ZoneHost/Act1ConnectedWorld/Act1CoreWorldGreybox/AgentBExteriorWorld/AgentB_TerrainRoadKit/URMAN_AgentB_TerrainRoadKit/Apron_BabaiYard affectedTriangles=11 clippedVertices=123 surfaces=1 collision=existing-terrain-owner
act1-south-fence-house-junction: wallX=-33.5880 retainedMembers=13 retiredPostsAndCaps=10 supportedWestWing=2.4920m
act1-drain-bank-conform: mesh=/root/Act1Demo/Main/ZoneHost/Act1ConnectedWorld/Act1CoreWorldGreybox/AgentBExteriorWorld/AgentB_TerrainRoadKit/URMAN_AgentB_TerrainRoadKit/BabaiYard_EastFenceSwale originalTriangles=78 affectedTriangles=35 outputTriangles=3543 groundOwner=unchanged
act1-mosque-terrain-cut: affectedTriangles=70 publishedVertices=49980 physicsVertices=49980 sameOwner=true
act1-school-bank-cut: mesh=/root/Act1Demo/Main/ZoneHost/Act1ConnectedWorld/Act1CoreWorldGreybox/AgentBExteriorWorld/AgentB_TerrainRoadKit/URMAN_AgentB_TerrainRoadKit/Ditch_FieldBank_EastZirat room=/root/Act1Demo/Main/ZoneHost/Act1ConnectedWorld/Act1CoreWorldGreybox/Act1AuthoredExteriorKitPresentation/DistantPerimeterParcels/EastReturnMidParcel/EastReturnMidFacade/PublicInterior_school/MainRoom half=(2.5154998, 2.3804996) affectedTriangles=20 clippedVertices=486 publishedVertices=486 floorY=-0.0049708784 collision=unchanged-existing-terrain-and-timber-floor
act1-council-fence-format: source=urman_village_exterior_kit_Cube_040 vertices=96 normals=96 uv=96 tangents=384 colors=0 uv2=0 lods=0 sourceFormat=536875031 publishedFormat=4119
act1-council-fence-format: source=urman_village_exterior_kit_FenceSegment_RailMiddle_Crooked_LOD0Mesh vertices=48 normals=48 uv=0 tangents=192 colors=0 uv2=0 lods=0 sourceFormat=536875015 publishedFormat=4103
act1-council-fence-format: source=urman_village_exterior_kit_Cube_039 vertices=96 normals=96 uv=96 tangents=384 colors=0 uv2=0 lods=0 sourceFormat=536875031 publishedFormat=4119
act1-council-fence-junction: fence=/root/Act1Demo/Main/ZoneHost/Act1ConnectedWorld/Act1CoreWorldGreybox/Act1AuthoredExteriorKitPresentation/DistantPerimeterParcels/EastStreetHorizonParcel/EastStreetHorizonFence wall=/root/Act1Demo/Main/ZoneHost/Act1ConnectedWorld/Act1CoreWorldGreybox/Act1AuthoredExteriorKitPresentation/DistantPerimeterParcels/EastStreetHorizonParcel/EastStreetHorizonFacade/VillageParcel_VariantA_TimberGable_Dwelling/VariantA_TimberGable_Dwelling_SeniRear_Wall_LOD0 localCutZ=-4.4 hiddenMembers=4 trimmedRails=3 retainedMembers=8 sourceAsset=unchanged
act1-roadside-grounding: independent contact meshes=34; source meshes and usable footbridge preserved
act1-kit-blockers: placements=100 shapes=1579 carved_door_slabs=101 flat_slab_skipped=2469 exact_architecture_surfaces=911 hidden_skipped=7 road_clearance_skipped=0
act1-dwelling-threshold: placements=83 worst_analytic_vs_collision_delta=0.028m worst_placement=ArrivalForwardEastShed
act1-building-supports: supported foundations=137; maximum ground drop=1.136m; level entrances preserved
act1-council-fence-contacts: retainedSourceContacts=0 hiddenMemberContacts=0 newBodyOwners=0
zone-loaded: house_old_pc@entry connected-world=109421007938
УРМАН Godot vertical slice ready: Painterly Low-Poly / first person
act1-window-surrounds: painted=1020
act1-legacy-sign: suppressed=1
act1-perf: resumed focus-loss pause during requested foreground warmup
act1-perf-stall: utc=2026-09-17T05:39:16.6819410+00:00 ticks_us=19354982 phase=warmup sample=1 target=house_old_pc@entry elapsed_s=0.371 frame_ms=370.554 gc0_delta=8 gc1_delta=4 gc2_delta=0 allocated_delta=69897992 focused=True life_event=0 life_time=0.000 last_process_ms=0.000 last_physics_ms=0.000 pipeline_surface_delta=0 pipeline_draw_delta=0
act1-perf-stall: utc=2026-09-17T05:39:17.2069020+00:00 ticks_us=19879964 phase=warmup sample=2 target=house_old_pc@entry elapsed_s=0.896 frame_ms=524.982 gc0_delta=0 gc1_delta=0 gc2_delta=0 allocated_delta=683264 focused=True life_event=0 life_time=0.000 last_process_ms=521.393 last_physics_ms=336.330 pipeline_surface_delta=149 pipeline_draw_delta=29
act1-performance-frame: {"status":"CAPTURED","mode":"gameplay","sample":"house_old_pc@entry","path":"/Users/unterlantas/Documents/GitHub/URMAN/docs/production/act1_takeover_evidence_2026-09-16/release01-performance-base-01/frames/house_old_pc_entry.png","width":1920,"height":1080,"sha256":"286768a0061c39966bafe7bb3142116bacc3958900e0e9900676daf2cca6d9b1","renderedFramesAtReadback":8527,"processFrameAtReadback":8527,"cameraAtReadback":"/root/Act1Demo/Main/Player/Head/Camera3D","poseAtReadback":"[X: (0.42700619, 0, -0.9042487), Y: (0, 1, 0), Z: (0.9042487, 0, 0.42700619), O: (-28.96199, 2.2941835, -2.5665739)]","feetAtReadback":"(-28.799225, 0.59418344, -2.4897127)","focusedAtReadback":true,"preset":"medium","scale":0.9,"msaa":"Msaa2X","measuredSamples":7198,"measuredSeconds":60.008548000000125,"pixelMinimum":4,"pixelMaximum":237,"forceDraw":false,"poseWrites":0,"timing":"last completed viewport frame; readback outside measurement, before transport exit","scope":"visual evidence only; performance status remains a separate result"}
act1-demo-package-performance: status=PASS mode=gameplay sample=house_old_pc@entry avg=8.337ms p95=9.052ms p99=9.275ms max=15.793ms long_frame_fraction=0.00000 warmup_avg=9.028ms warmup_max=524.982ms warmup_seconds=12.01 sample_seconds=60.01 sample_count=7198 focused_sample_count=7198 obscured_sample_count=0 foreground_requested=true focused_sample_fraction=1.00000 fps=119.95 window_fps_valid=true display_driver=macOS adapter=Apple_M4_Pro_(Apple9) rendering_method=forward_plus preset=medium scale=0.90 msaa=Msaa2X fov=75.0 window=1920x1080 viewport=1920x1080 vsync=Disabled engine_fps=120.00 process_ms=8.532 physics_ms=3.802 draw_calls=3085 primitives=1634330
userdata guard: original files and permissions restored and verified
