Godot Engine v4.7.1.stable.mono.official.a13da4feb - https://godotengine.org
Metal 4.0 - Forward+ - Using Device #0: Apple - Apple M4 Pro (Apple9)

act1-river: ice_slabs=31 blockers=29 road_gap_samples=2 bridge=broken@(15,-85)
village-chimney: /root/Act1Demo/Main/ZoneHost/Act1ConnectedWorld/Act1CoreWorldGreybox/Act1AuthoredExteriorKitPresentation/ArrivalAuthoredParcels/ArrivalForwardWestFacade/DwellingFacade_TimberPlaster/DwellingFacade_ChimneyCap_LOD0 top=(-10.2875, 4.7722464, 2.3450005)
village-chimney: /root/Act1Demo/Main/ZoneHost/Act1ConnectedWorld/Act1CoreWorldGreybox/Act1AuthoredExteriorKitPresentation/DistantPerimeterParcels/WestArrivalNearParcel/WestArrivalNearFacade/DwellingFacade_TimberPlaster/DwellingFacade_ChimneyCap_LOD0 top=(-19.730013, 3.9641316, 15.965501)
act1-terrain-room-cut: room=/root/Act1Demo/Main/ZoneHost/Act1ConnectedWorld/babay-abi-house half=(4, 3.5) affectedTriangles=48 clippedVertices=49980 publishedVertices=49980 physicsVertices=49980 visualAndPhysics=shared-published-faces
act1-apron-room-cut: mesh=/root/Act1Demo/Main/ZoneHost/Act1ConnectedWorld/Act1CoreWorldGreybox/AgentBExteriorWorld/AgentB_TerrainRoadKit/URMAN_AgentB_TerrainRoadKit/Apron_BabaiYard affectedTriangles=11 clippedVertices=123 surfaces=1 collision=existing-terrain-owner
act1-south-fence-house-junction: wallX=-33.5880 retainedMembers=13 retiredPostsAndCaps=10 supportedWestWing=2.4920m
act1-drain-bank-conform: mesh=/root/Act1Demo/Main/ZoneHost/Act1ConnectedWorld/Act1CoreWorldGreybox/AgentBExteriorWorld/AgentB_TerrainRoadKit/URMAN_AgentB_TerrainRoadKit/BabaiYard_EastFenceSwale originalTriangles=78 affectedTriangles=35 outputTriangles=3543 groundOwner=unchanged
act1-mosque-terrain-cut: affectedTriangles=70 publishedVertices=49980 physicsVertices=49980 sameOwner=true
act1-school-bank-cut: mesh=/root/Act1Demo/Main/ZoneHost/Act1ConnectedWorld/Act1CoreWorldGreybox/AgentBExteriorWorld/AgentB_TerrainRoadKit/URMAN_AgentB_TerrainRoadKit/Ditch_FieldBank_EastZirat room=/root/Act1Demo/Main/ZoneHost/Act1ConnectedWorld/Act1CoreWorldGreybox/Act1AuthoredExteriorKitPresentation/DistantPerimeterParcels/EastReturnMidParcel/EastReturnMidFacade/PublicInterior_school/MainRoom half=(2.5154998, 2.3804996) affectedTriangles=20 clippedVertices=486 publishedVertices=486 floorY=-0.0049708784 collision=unchanged-existing-terrain-and-timber-floor
act1-council-fence-format: source=urman_village_exterior_kit_Cube_040 vertices=96 normals=96 uv=96 tangents=384 colors=0 uv2=0 lods=0 sourceFormat=536875031 publishedFormat=4119
act1-council-fence-format: source=urman_village_exterior_kit_FenceSegment_RailMiddle_Crooked_LOD0Mesh vertices=48 normals=48 uv=0 tangents=192 colors=0 uv2=0 lods=0 sourceFormat=536875015 publishedFormat=4103
act1-council-fence-format: source=urman_village_exterior_kit_Cube_039 vertices=96 normals=96 uv=96 tangents=384 colors=0 uv2=0 lods=0 sourceFormat=536875031 publishedFormat=4119
act1-council-fence-junction: fence=/root/Act1Demo/Main/ZoneHost/Act1ConnectedWorld/Act1CoreWorldGreybox/Act1AuthoredExteriorKitPresentation/DistantPerimeterParcels/EastStreetHorizonParcel/EastStreetHorizonFence wall=/root/Act1Demo/Main/ZoneHost/Act1ConnectedWorld/Act1CoreWorldGreybox/Act1AuthoredExteriorKitPresentation/DistantPerimeterParcels/EastStreetHorizonParcel/EastStreetHorizonFacade/VillageParcel_VariantA_TimberGable_Dwelling/VariantA_TimberGable_Dwelling_SeniRear_Wall_LOD0 localCutZ=-4.4 hiddenMembers=4 trimmedRails=3 retainedMembers=8 sourceAsset=unchanged
act1-roadside-grounding: independent contact meshes=34; source meshes and usable footbridge preserved
act1-kit-blockers: placements=100 shapes=1579 carved_door_slabs=101 flat_slab_skipped=2469 exact_architecture_surfaces=911 hidden_skipped=7 road_clearance_skipped=0
act1-dwelling-threshold: placements=83 worst_analytic_vs_collision_delta=0.028m worst_placement=ArrivalForwardEastShed
act1-building-supports: supported foundations=137; maximum ground drop=1.136m; level entrances preserved
act1-council-fence-contacts: retainedSourceContacts=0 hiddenMemberContacts=0 newBodyOwners=0
zone-loaded: kara_urman_night@village_path connected-world=109421007938
УРМАН Godot vertical slice ready: Painterly Low-Poly / first person
act1-window-surrounds: painted=1020
act1-legacy-sign: suppressed=1
act1-perf: resumed focus-loss pause during requested foreground warmup
act1-perf-stall: utc=2026-09-17T05:42:24.3183610+00:00 ticks_us=19306581 phase=warmup sample=1 target=kara_urman_night@village_path elapsed_s=0.359 frame_ms=359.380 gc0_delta=9 gc1_delta=5 gc2_delta=1 allocated_delta=70228744 focused=True life_event=0 life_time=0.000 last_process_ms=0.000 last_physics_ms=0.000 pipeline_surface_delta=0 pipeline_draw_delta=0
act1-perf-stall: utc=2026-09-17T05:42:24.9211470+00:00 ticks_us=19909384 phase=warmup sample=2 target=kara_urman_night@village_path elapsed_s=0.962 frame_ms=602.803 gc0_delta=1 gc1_delta=0 gc2_delta=0 allocated_delta=1271944 focused=True life_event=0 life_time=0.000 last_process_ms=570.052 last_physics_ms=304.829 pipeline_surface_delta=149 pipeline_draw_delta=20
act1-performance-frame: {"status":"CAPTURED","mode":"gameplay","sample":"kara_urman_night@village_path","path":"/Users/unterlantas/Documents/GitHub/URMAN/docs/production/act1_takeover_evidence_2026-09-16/release01-performance-base-01/frames/kara_urman_night_village_path.png","width":1920,"height":1080,"sha256":"4d75dc522f91247200c49a9ac06ffb5d5290aeff043972c3776d3ec05e81fc91","renderedFramesAtReadback":7623,"processFrameAtReadback":7623,"cameraAtReadback":"/root/Act1Demo/Main/Player/Head/Camera3D","poseAtReadback":"[X: (1, 0, 0), Y: (0, 1, 0), Z: (0, 0, 1), O: (0, 1.06375, -103.18)]","feetAtReadback":"(0, -0.6362501, -103)","focusedAtReadback":true,"preset":"medium","scale":0.9,"msaa":"Msaa2X","measuredSamples":6428,"measuredSeconds":60.01195800000013,"pixelMinimum":23,"pixelMaximum":232,"forceDraw":false,"poseWrites":0,"timing":"last completed viewport frame; readback outside measurement, before transport exit","scope":"visual evidence only; performance status remains a separate result"}
act1-demo-package-performance: status=PASS mode=gameplay sample=kara_urman_night@village_path avg=9.336ms p95=13.354ms p99=16.910ms max=93.800ms long_frame_fraction=0.00140 warmup_avg=10.039ms warmup_max=602.803ms warmup_seconds=12.01 sample_seconds=60.01 sample_count=6428 focused_sample_count=6428 obscured_sample_count=0 foreground_requested=true focused_sample_fraction=1.00000 fps=107.11 window_fps_valid=true display_driver=macOS adapter=Apple_M4_Pro_(Apple9) rendering_method=forward_plus preset=medium scale=0.90 msaa=Msaa2X fov=75.0 window=1920x1080 viewport=1920x1080 vsync=Disabled engine_fps=108.00 process_ms=11.781 physics_ms=8.455 draw_calls=2889 primitives=4828637
userdata guard: original files and permissions restored and verified
