Godot Engine v4.7.1.stable.mono.official.a13da4feb - https://godotengine.org
Metal 4.0 - Forward+ - Using Device #0: Apple - Apple M4 Pro (Apple9)

act1-river: ice_slabs=31 blockers=29 road_gap_samples=2 bridge=broken@(15,-85)
village-chimney: /root/Act1Demo/Main/ZoneHost/Act1ConnectedWorld/Act1CoreWorldGreybox/Act1AuthoredExteriorKitPresentation/ArrivalAuthoredParcels/ArrivalForwardWestFacade/DwellingFacade_TimberPlaster/DwellingFacade_ChimneyCap_LOD0 top=(-10.2875, 4.7722464, 2.3450005)
village-chimney: /root/Act1Demo/Main/ZoneHost/Act1ConnectedWorld/Act1CoreWorldGreybox/Act1AuthoredExteriorKitPresentation/DistantPerimeterParcels/WestArrivalNearParcel/WestArrivalNearFacade/DwellingFacade_TimberPlaster/DwellingFacade_ChimneyCap_LOD0 top=(-19.730013, 3.9641316, 15.965501)
act1-terrain-room-cut: room=/root/Act1Demo/Main/ZoneHost/Act1ConnectedWorld/babay-abi-house half=(4, 3.5) affectedTriangles=48 clippedVertices=49980 publishedVertices=49980 physicsVertices=49980 visualAndPhysics=shared-published-faces
act1-apron-room-cut: mesh=/root/Act1Demo/Main/ZoneHost/Act1ConnectedWorld/Act1CoreWorldGreybox/AgentBExteriorWorld/AgentB_TerrainRoadKit/URMAN_AgentB_TerrainRoadKit/Apron_BabaiYard affectedTriangles=11 clippedVertices=123 surfaces=1 collision=existing-terrain-owner
act1-south-fence-house-junction: wallX=-33.5880 retainedMembers=13 retiredPostsAndCaps=10 supportedWestWing=2.4920m
act1-drain-bank-conform: mesh=/root/Act1Demo/Main/ZoneHost/Act1ConnectedWorld/Act1CoreWorldGreybox/AgentBExteriorWorld/AgentB_TerrainRoadKit/URMAN_AgentB_TerrainRoadKit/BabaiYard_EastFenceSwale originalTriangles=78 affectedTriangles=35 outputTriangles=3543 groundOwner=unchanged
act1-mosque-terrain-cut: affectedTriangles=70 publishedVertices=49980 physicsVertices=49980 sameOwner=true
act1-school-bank-cut: mesh=/root/Act1Demo/Main/ZoneHost/Act1ConnectedWorld/Act1CoreWorldGreybox/AgentBExteriorWorld/AgentB_TerrainRoadKit/URMAN_AgentB_TerrainRoadKit/Ditch_FieldBank_EastZirat room=/root/Act1Demo/Main/ZoneHost/Act1ConnectedWorld/Act1CoreWorldGreybox/Act1AuthoredExteriorKitPresentation/DistantPerimeterParcels/EastReturnMidParcel/EastReturnMidFacade/PublicInterior_school/MainRoom half=(2.5154998, 2.3804996) affectedTriangles=20 clippedVertices=486 publishedVertices=486 floorY=-0.0049708784 collision=unchanged-existing-terrain-and-timber-floor
act1-council-fence-format: source=urman_village_exterior_kit_Cube_040 vertices=96 normals=96 uv=96 tangents=384 colors=0 uv2=0 lods=0 sourceFormat=536875031 publishedFormat=4119
act1-council-fence-format: source=urman_village_exterior_kit_FenceSegment_RailMiddle_Crooked_LOD0Mesh vertices=48 normals=48 uv=0 tangents=192 colors=0 uv2=0 lods=0 sourceFormat=536875015 publishedFormat=4103
act1-council-fence-format: source=urman_village_exterior_kit_Cube_039 vertices=96 normals=96 uv=96 tangents=384 colors=0 uv2=0 lods=0 sourceFormat=536875031 publishedFormat=4119
act1-council-fence-junction: fence=/root/Act1Demo/Main/ZoneHost/Act1ConnectedWorld/Act1CoreWorldGreybox/Act1AuthoredExteriorKitPresentation/DistantPerimeterParcels/EastStreetHorizonParcel/EastStreetHorizonFence wall=/root/Act1Demo/Main/ZoneHost/Act1ConnectedWorld/Act1CoreWorldGreybox/Act1AuthoredExteriorKitPresentation/DistantPerimeterParcels/EastStreetHorizonParcel/EastStreetHorizonFacade/VillageParcel_VariantA_TimberGable_Dwelling/VariantA_TimberGable_Dwelling_SeniRear_Wall_LOD0 localCutZ=-4.4 hiddenMembers=4 trimmedRails=3 retainedMembers=8 sourceAsset=unchanged
act1-roadside-grounding: independent contact meshes=34; source meshes and usable footbridge preserved
act1-kit-blockers: placements=100 shapes=1579 carved_door_slabs=101 flat_slab_skipped=2469 exact_architecture_surfaces=911 hidden_skipped=7 road_clearance_skipped=0
act1-dwelling-threshold: placements=83 worst_analytic_vs_collision_delta=0.028m worst_placement=ArrivalForwardEastShed
act1-building-supports: supported foundations=137; maximum ground drop=1.136m; level entrances preserved
act1-council-fence-contacts: retainedSourceContacts=0 hiddenMemberContacts=0 newBodyOwners=0
zone-loaded: village_day@arrival connected-world=109421006667
УРМАН Godot vertical slice ready: Painterly Low-Poly / first person
act1-window-surrounds: painted=1020
act1-legacy-sign: suppressed=1
act1-facility-performance-setup: sample=village_day@council_hall fixture=single-explicit-presentation-placement room=/root/Act1Demo/Main/ZoneHost/Act1ConnectedWorld/Act1CoreWorldGreybox/Act1AuthoredExteriorKitPresentation/DistantPerimeterParcels/EastStreetHorizonParcel/EastStreetHorizonFacade/PublicInterior_council/MainRoom floor=/root/Act1Demo/Main/ZoneHost/Act1ConnectedWorld/Act1CoreWorldGreybox/Act1AuthoredExteriorKitPresentation/DistantPerimeterParcels/EastStreetHorizonParcel/EastStreetHorizonFacade/PublicInterior_council/MainRoom/TimberFloorBody subject=/root/Act1Demo/Main/ZoneHost/Act1ConnectedWorld/Act1CoreWorldGreybox/Act1AuthoredExteriorKitPresentation/DistantPerimeterParcels/EastStreetHorizonParcel/EastStreetHorizonFacade/PublicInterior_council/MainRoom/ClubStageDeck feet=(35.251976, 0.57447577, 19.646702) aim=(33.120857, 1.6344757, 17.277508) quest_writes=0
act1-perf: resumed focus-loss pause during requested foreground warmup
act1-facility-performance-ready: sample=village_day@council_hall stable_physics_frames=6 feet=(35.251976, 0.5542961, 19.646702) floor=/root/Act1Demo/Main/ZoneHost/Act1ConnectedWorld/Act1CoreWorldGreybox/Act1AuthoredExteriorKitPresentation/DistantPerimeterParcels/EastStreetHorizonParcel/EastStreetHorizonFacade/PublicInterior_council/MainRoom/TimberFloorBody gap=-0.000179708 warmup_seconds=12 measurement_seconds=60
act1-perf-stall: utc=2026-09-17T05:46:40.8107190+00:00 ticks_us=83296786 phase=measurement sample=1788 target=village_day@council_hall elapsed_s=63.200 frame_ms=102.414 gc0_delta=34 gc1_delta=2 gc2_delta=1 allocated_delta=272112416 focused=True life_event=0 life_time=12.002 last_process_ms=27.764 last_physics_ms=14.129 pipeline_surface_delta=0 pipeline_draw_delta=0
act1-perf-stall: utc=2026-09-17T05:46:43.8202090+00:00 ticks_us=86306330 phase=measurement sample=1892 target=village_day@council_hall elapsed_s=66.210 frame_ms=106.873 gc0_delta=44 gc1_delta=3 gc2_delta=0 allocated_delta=361840904 focused=True life_event=0 life_time=12.002 last_process_ms=24.706 last_physics_ms=11.841 pipeline_surface_delta=0 pipeline_draw_delta=0
act1-perf-stall: utc=2026-09-17T05:46:45.6658220+00:00 ticks_us=88151933 phase=measurement sample=1951 target=village_day@council_hall elapsed_s=68.055 frame_ms=128.692 gc0_delta=52 gc1_delta=3 gc2_delta=1 allocated_delta=423028992 focused=True life_event=0 life_time=12.002 last_process_ms=26.986 last_physics_ms=10.850 pipeline_surface_delta=0 pipeline_draw_delta=0
act1-perf-stall: utc=2026-09-17T05:46:45.7901280+00:00 ticks_us=88276241 phase=measurement sample=1952 target=village_day@council_hall elapsed_s=68.179 frame_ms=124.308 gc0_delta=58 gc1_delta=2 gc2_delta=0 allocated_delta=483530312 focused=True life_event=0 life_time=12.002 last_process_ms=26.986 last_physics_ms=10.850 pipeline_surface_delta=0 pipeline_draw_delta=0
act1-facility-performance-location: {"sample":"village_day@council_hall","setupValid":true,"locationValid":true,"failure":"","poseWrites":1,"stablePhysicsFrames":6,"room":"/root/Act1Demo/Main/ZoneHost/Act1ConnectedWorld/Act1CoreWorldGreybox/Act1AuthoredExteriorKitPresentation/DistantPerimeterParcels/EastStreetHorizonParcel/EastStreetHorizonFacade/PublicInterior_council/MainRoom","expectedFloor":"/root/Act1Demo/Main/ZoneHost/Act1ConnectedWorld/Act1CoreWorldGreybox/Act1AuthoredExteriorKitPresentation/DistantPerimeterParcels/EastStreetHorizonParcel/EastStreetHorizonFacade/PublicInterior_council/MainRoom/TimberFloorBody","actualFloor":"/root/Act1Demo/Main/ZoneHost/Act1ConnectedWorld/Act1CoreWorldGreybox/Act1AuthoredExteriorKitPresentation/DistantPerimeterParcels/EastStreetHorizonParcel/EastStreetHorizonFacade/PublicInterior_council/MainRoom/TimberFloorBody","supportGap":-0.000179708,"subject":"/root/Act1Demo/Main/ZoneHost/Act1ConnectedWorld/Act1CoreWorldGreybox/Act1AuthoredExteriorKitPresentation/DistantPerimeterParcels/EastStreetHorizonParcel/EastStreetHorizonFacade/PublicInterior_council/MainRoom/ClubStageDeck","feet":"(35.251976, 0.5542961, 19.646702)","aim":"(33.120857, 1.6344757, 17.277508)","camera":"[X: (0.7434744, 0, -0.66876435), Y: (-0.13923469, 0.97808695, -0.1547891), Z: (0.65410966, 0.20819694, 0.7271826), O: (35.1316, 2.254296, 19.512877)]","warmupSeconds":12,"measurementSeconds":60,"traversalProof":false,"questWrites":0,"humanDuration":"not-measured"}
act1-performance-frame: {"status":"CAPTURED","mode":"gameplay","sample":"village_day@council_hall","path":"/Users/unterlantas/Documents/GitHub/URMAN/docs/production/act1_takeover_evidence_2026-09-16/release01-performance-base-01/frames/village_day_council_hall.png","width":1920,"height":1080,"sha256":"6f9d9221ae3e7facdb8ae49492e6dd0eea917f8b706e9d649c79479b8eb43a70","renderedFramesAtReadback":2506,"processFrameAtReadback":2506,"cameraAtReadback":"/root/Act1Demo/Main/Player/Head/Camera3D","poseAtReadback":"[X: (0.7434744, 0, -0.66876435), Y: (-0.13923469, 0.97808695, -0.1547891), Z: (0.65410966, 0.20819694, 0.7271826), O: (35.1316, 2.254296, 19.512877)]","feetAtReadback":"(35.251976, 0.5542961, 19.646702)","focusedAtReadback":true,"preset":"medium","scale":0.9,"msaa":"Msaa2X","measuredSamples":2088,"measuredSeconds":60.014770999999996,"pixelMinimum":16,"pixelMaximum":255,"forceDraw":false,"poseWrites":0,"timing":"last completed viewport frame; readback outside measurement, before transport exit","scope":"visual evidence only; performance status remains a separate result"}
act1-demo-package-performance: status=FAIL mode=gameplay sample=village_day@council_hall avg=28.743ms p95=32.388ms p99=42.290ms max=128.692ms long_frame_fraction=0.04215 warmup_avg=29.231ms warmup_max=66.964ms warmup_seconds=12.01 sample_seconds=60.01 sample_count=2088 focused_sample_count=2088 obscured_sample_count=0 foreground_requested=true focused_sample_fraction=1.00000 fps=34.79 window_fps_valid=true display_driver=macOS adapter=Apple_M4_Pro_(Apple9) rendering_method=forward_plus preset=medium scale=0.90 msaa=Msaa2X fov=75.0 window=1920x1080 viewport=1920x1080 vsync=Disabled engine_fps=36.00 process_ms=24.272 physics_ms=19.060 draw_calls=29933 primitives=9772471
userdata guard: original files and permissions restored and verified
