Godot Engine v4.7.1.stable.mono.official.a13da4feb - https://godotengine.org
Metal 4.0 - Forward+ - Using Device #0: Apple - Apple M4 Pro (Apple9)

act1-river: ice_slabs=31 blockers=29 road_gap_samples=2 bridge=broken@(15,-85)
village-chimney: /root/Act1Demo/Main/ZoneHost/Act1ConnectedWorld/Act1CoreWorldGreybox/Act1AuthoredExteriorKitPresentation/ArrivalAuthoredParcels/ArrivalForwardWestFacade/DwellingFacade_TimberPlaster/DwellingFacade_ChimneyCap_LOD0 top=(-10.2875, 4.7722464, 2.3450005)
village-chimney: /root/Act1Demo/Main/ZoneHost/Act1ConnectedWorld/Act1CoreWorldGreybox/Act1AuthoredExteriorKitPresentation/DistantPerimeterParcels/WestArrivalNearParcel/WestArrivalNearFacade/DwellingFacade_TimberPlaster/DwellingFacade_ChimneyCap_LOD0 top=(-19.730013, 3.9641316, 15.965501)
act1-terrain-room-cut: room=/root/Act1Demo/Main/ZoneHost/Act1ConnectedWorld/babay-abi-house half=(4, 3.5) affectedTriangles=48 clippedVertices=49980 publishedVertices=49980 physicsVertices=49980 visualAndPhysics=shared-published-faces
act1-apron-room-cut: mesh=/root/Act1Demo/Main/ZoneHost/Act1ConnectedWorld/Act1CoreWorldGreybox/AgentBExteriorWorld/AgentB_TerrainRoadKit/URMAN_AgentB_TerrainRoadKit/Apron_BabaiYard affectedTriangles=11 clippedVertices=123 surfaces=1 collision=existing-terrain-owner
act1-south-fence-house-junction: wallX=-33.5880 retainedMembers=13 retiredPostsAndCaps=10 supportedWestWing=2.4920m
act1-drain-bank-conform: mesh=/root/Act1Demo/Main/ZoneHost/Act1ConnectedWorld/Act1CoreWorldGreybox/AgentBExteriorWorld/AgentB_TerrainRoadKit/URMAN_AgentB_TerrainRoadKit/BabaiYard_EastFenceSwale originalTriangles=78 affectedTriangles=35 outputTriangles=3543 groundOwner=unchanged
act1-mosque-terrain-cut: affectedTriangles=70 publishedVertices=49980 physicsVertices=49980 sameOwner=true
act1-school-bank-cut: mesh=/root/Act1Demo/Main/ZoneHost/Act1ConnectedWorld/Act1CoreWorldGreybox/AgentBExteriorWorld/AgentB_TerrainRoadKit/URMAN_AgentB_TerrainRoadKit/Ditch_FieldBank_EastZirat room=/root/Act1Demo/Main/ZoneHost/Act1ConnectedWorld/Act1CoreWorldGreybox/Act1AuthoredExteriorKitPresentation/DistantPerimeterParcels/EastReturnMidParcel/EastReturnMidFacade/PublicInterior_school/MainRoom half=(2.5154998, 2.3804996) affectedTriangles=20 clippedVertices=486 publishedVertices=486 floorY=-0.0049708784 collision=unchanged-existing-terrain-and-timber-floor
act1-council-fence-format: source=urman_village_exterior_kit_Cube_040 vertices=96 normals=96 uv=96 tangents=384 colors=0 uv2=0 lods=0 sourceFormat=536875031 publishedFormat=4119
act1-council-fence-format: source=urman_village_exterior_kit_FenceSegment_RailMiddle_Crooked_LOD0Mesh vertices=48 normals=48 uv=0 tangents=192 colors=0 uv2=0 lods=0 sourceFormat=536875015 publishedFormat=4103
act1-council-fence-format: source=urman_village_exterior_kit_Cube_039 vertices=96 normals=96 uv=96 tangents=384 colors=0 uv2=0 lods=0 sourceFormat=536875031 publishedFormat=4119
act1-council-fence-junction: fence=/root/Act1Demo/Main/ZoneHost/Act1ConnectedWorld/Act1CoreWorldGreybox/Act1AuthoredExteriorKitPresentation/DistantPerimeterParcels/EastStreetHorizonParcel/EastStreetHorizonFence wall=/root/Act1Demo/Main/ZoneHost/Act1ConnectedWorld/Act1CoreWorldGreybox/Act1AuthoredExteriorKitPresentation/DistantPerimeterParcels/EastStreetHorizonParcel/EastStreetHorizonFacade/VillageParcel_VariantA_TimberGable_Dwelling/VariantA_TimberGable_Dwelling_SeniRear_Wall_LOD0 localCutZ=-4.4 hiddenMembers=4 trimmedRails=3 retainedMembers=8 sourceAsset=unchanged
act1-roadside-grounding: independent contact meshes=34; source meshes and usable footbridge preserved
act1-kit-blockers: placements=100 shapes=1579 carved_door_slabs=101 flat_slab_skipped=2469 exact_architecture_surfaces=911 hidden_skipped=7 road_clearance_skipped=0
act1-dwelling-threshold: placements=83 worst_analytic_vs_collision_delta=0.028m worst_placement=ArrivalForwardEastShed
act1-building-supports: supported foundations=137; maximum ground drop=1.136m; level entrances preserved
act1-council-fence-contacts: retainedSourceContacts=0 hiddenMemberContacts=0 newBodyOwners=0
zone-loaded: village_day@arrival connected-world=109421006667
УРМАН Godot vertical slice ready: Painterly Low-Poly / first person
act1-window-surrounds: painted=1020
act1-legacy-sign: suppressed=1
act1-facility-performance-setup: sample=village_day@mosque_hall fixture=single-explicit-presentation-placement room=/root/Act1Demo/Main/ZoneHost/Act1ConnectedWorld/Act1CoreWorldGreybox/VillageMosqueComplex/MosqueInterior floor=/root/Act1Demo/Main/ZoneHost/Act1ConnectedWorld/Act1CoreWorldGreybox/VillageMosqueComplex/MosqueInterior/MosquePrayerCarpetBody subject=/root/Act1Demo/Main/ZoneHost/Act1ConnectedWorld/Act1CoreWorldGreybox/VillageMosqueComplex/MosqueInterior/Npc_timur_hazrat feet=(-51.8, 4.818795, -35) aim=(-52.58, 5.9987955, -36.67) quest_writes=0
act1-perf: resumed focus-loss pause during requested foreground warmup
act1-facility-performance-ready: sample=village_day@mosque_hall stable_physics_frames=6 feet=(-51.8, 4.7986155, -35) floor=/root/Act1Demo/Main/ZoneHost/Act1ConnectedWorld/Act1CoreWorldGreybox/VillageMosqueComplex/MosqueInterior/MosquePrayerCarpetBody gap=-0.00017976761 warmup_seconds=12 measurement_seconds=60
act1-perf-stall: utc=2026-09-17T05:48:20.3914450+00:00 ticks_us=88060585 phase=measurement sample=3725 target=village_day@mosque_hall elapsed_s=68.231 frame_ms=101.449 gc0_delta=46 gc1_delta=3 gc2_delta=1 allocated_delta=373672976 focused=True life_event=0 life_time=6.015 last_process_ms=13.458 last_physics_ms=12.365 pipeline_surface_delta=0 pipeline_draw_delta=0
act1-perf-stall: utc=2026-09-17T05:48:22.2992190+00:00 ticks_us=89968450 phase=measurement sample=3840 target=village_day@mosque_hall elapsed_s=70.139 frame_ms=119.405 gc0_delta=58 gc1_delta=3 gc2_delta=1 allocated_delta=483179360 focused=True life_event=0 life_time=6.015 last_process_ms=13.360 last_physics_ms=9.818 pipeline_surface_delta=0 pipeline_draw_delta=0
act1-facility-performance-location: {"sample":"village_day@mosque_hall","setupValid":true,"locationValid":true,"failure":"","poseWrites":1,"stablePhysicsFrames":6,"room":"/root/Act1Demo/Main/ZoneHost/Act1ConnectedWorld/Act1CoreWorldGreybox/VillageMosqueComplex/MosqueInterior","expectedFloor":"/root/Act1Demo/Main/ZoneHost/Act1ConnectedWorld/Act1CoreWorldGreybox/VillageMosqueComplex/MosqueInterior/MosquePrayerCarpetBody","actualFloor":"/root/Act1Demo/Main/ZoneHost/Act1ConnectedWorld/Act1CoreWorldGreybox/VillageMosqueComplex/MosqueInterior/MosquePrayerCarpetBody","supportGap":-0.00017976761,"subject":"/root/Act1Demo/Main/ZoneHost/Act1ConnectedWorld/Act1CoreWorldGreybox/VillageMosqueComplex/MosqueInterior/Npc_timur_hazrat","feet":"(-51.8, 4.7986155, -35)","aim":"(-52.58, 5.9987955, -36.67)","camera":"[X: (0.9060438, 0, -0.423184), Y: (-0.12628214, 0.9544379, -0.27037212), Z: (0.40390286, 0.29840958, 0.86476254), O: (-51.87617, 6.4986153, -35.16309)]","warmupSeconds":12,"measurementSeconds":60,"traversalProof":false,"questWrites":0,"humanDuration":"not-measured"}
act1-performance-frame: {"status":"CAPTURED","mode":"gameplay","sample":"village_day@mosque_hall","path":"/Users/unterlantas/Documents/GitHub/URMAN/docs/production/act1_takeover_evidence_2026-09-16/release01-performance-base-01/frames/village_day_mosque_hall.png","width":1920,"height":1080,"sha256":"366b384f04d6f766e7ebf11c032d565b2b2825d14ac9091155121c796899d1f7","renderedFramesAtReadback":4776,"processFrameAtReadback":4776,"cameraAtReadback":"/root/Act1Demo/Main/Player/Head/Camera3D","poseAtReadback":"[X: (0.9060438, 0, -0.423184), Y: (-0.12628214, 0.9544379, -0.27037212), Z: (0.40390286, 0.29840958, 0.86476254), O: (-51.87617, 6.4986153, -35.16309)]","feetAtReadback":"(-51.8, 4.7986155, -35)","focusedAtReadback":true,"preset":"medium","scale":0.9,"msaa":"Msaa2X","measuredSamples":3965,"measuredSeconds":60.01416499999991,"pixelMinimum":16,"pixelMaximum":232,"forceDraw":false,"poseWrites":0,"timing":"last completed viewport frame; readback outside measurement, before transport exit","scope":"visual evidence only; performance status remains a separate result"}
act1-demo-package-performance: status=FAIL mode=gameplay sample=village_day@mosque_hall avg=15.136ms p95=16.530ms p99=25.643ms max=119.405ms long_frame_fraction=0.00227 warmup_avg=14.941ms warmup_max=34.342ms warmup_seconds=12.01 sample_seconds=60.01 sample_count=3965 focused_sample_count=3965 obscured_sample_count=0 foreground_requested=true focused_sample_fraction=1.00000 fps=66.07 window_fps_valid=true display_driver=macOS adapter=Apple_M4_Pro_(Apple9) rendering_method=forward_plus preset=medium scale=0.90 msaa=Msaa2X fov=75.0 window=1920x1080 viewport=1920x1080 vsync=Disabled engine_fps=67.00 process_ms=12.972 physics_ms=11.771 draw_calls=16864 primitives=8311763
userdata guard: original files and permissions restored and verified
