Godot Engine v4.7.1.stable.mono.official.a13da4feb - https://godotengine.org

[   0% ] [90m[1mfirst_scan_filesystem[22m | Started Project initialization (5 steps)[39m[0m
[   0% ] [90m[1mfirst_scan_filesystem[22m | Scanning file structure...[39m[0m
[  16% ] [90m[1mfirst_scan_filesystem[22m | Loading global class names...[39m[0m
[  33% ] [90m[1mfirst_scan_filesystem[22m | Verifying GDExtensions...[39m[0m
[  50% ] [90m[1mfirst_scan_filesystem[22m | Creating autoload scripts...[39m[0m
[  66% ] [90m[1mfirst_scan_filesystem[22m | Initializing plugins...[39m[0m
[  83% ] [90m[1mfirst_scan_filesystem[22m | Starting file scan...[39m[0m
[92m[ DONE ][39m [1mfirst_scan_filesystem[22m
[0m
[   0% ] [90m[1mupdate_scripts_classes[22m | Started Registering global classes... (7 steps)[39m[0m
[   0% ] [90m[1mupdate_scripts_classes[22m | [39m[0m
[  12% ] [90m[1mupdate_scripts_classes[22m | [39m[0m
[  25% ] [90m[1mupdate_scripts_classes[22m | [39m[0m
[  37% ] [90m[1mupdate_scripts_classes[22m | [39m[0m
[  50% ] [90m[1mupdate_scripts_classes[22m | [39m[0m
[  62% ] [90m[1mupdate_scripts_classes[22m | [39m[0m
[  75% ] [90m[1mupdate_scripts_classes[22m | [39m[0m
[92m[ DONE ][39m [1mupdate_scripts_classes[22m
[0m
[   0% ] [90m[1m_update_scan_actions[22m | Started Scanning actions... (13 steps)[39m[0m
[   0% ] [90m[1m_update_scan_actions[22m | broom.wav[39m[0m
[   7% ] [90m[1m_update_scan_actions[22m | cat.wav[39m[0m
[  14% ] [90m[1m_update_scan_actions[22m | clock.wav[39m[0m
[  21% ] [90m[1m_update_scan_actions[22m | cutlery.wav[39m[0m
[  28% ] [90m[1m_update_scan_actions[22m | dog.wav[39m[0m
[  35% ] [90m[1m_update_scan_actions[22m | hens.wav[39m[0m
[  42% ] [90m[1m_update_scan_actions[22m | kettle.wav[39m[0m
[  50% ] [90m[1m_update_scan_actions[22m | music.wav[39m[0m
[  57% ] [90m[1m_update_scan_actions[22m | plates.wav[39m[0m
[  64% ] [90m[1m_update_scan_actions[22m | sewing.wav[39m[0m
[  71% ] [90m[1m_update_scan_actions[22m | shovel.wav[39m[0m
[  78% ] [90m[1m_update_scan_actions[22m | tap.wav[39m[0m
[  85% ] [90m[1m_update_scan_actions[22m | tea.wav[39m[0m
[92m[ DONE ][39m [1m_update_scan_actions[22m
[0m
[   0% ] [90m[1mreimport[22m | Started (Re)Importing Assets (13 steps)[39m[0m
[   0% ] [90m[1mreimport[22m | Preparing files to reimport...[39m[0m
[   7% ] [90m[1mreimport[22m | Preparing files to reimport...[39m[0m
[  14% ] [90m[1mreimport[22m | Preparing files to reimport...[39m[0m
[  21% ] [90m[1mreimport[22m | Preparing files to reimport...[39m[0m
[  28% ] [90m[1mreimport[22m | Preparing files to reimport...[39m[0m
[  35% ] [90m[1mreimport[22m | Preparing files to reimport...[39m[0m
[  42% ] [90m[1mreimport[22m | Preparing files to reimport...[39m[0m
[  50% ] [90m[1mreimport[22m | Preparing files to reimport...[39m[0m
[  57% ] [90m[1mreimport[22m | Preparing files to reimport...[39m[0m
[  64% ] [90m[1mreimport[22m | Preparing files to reimport...[39m[0m
[  71% ] [90m[1mreimport[22m | Preparing files to reimport...[39m[0m
[  78% ] [90m[1mreimport[22m | Preparing files to reimport...[39m[0m
[  85% ] [90m[1mreimport[22m | Preparing files to reimport...[39m[0m
[   0% ] [90m[1mreimport[22m | Executing pre-reimport operations...[39m[0m
[   0% ] [90m[1mreimport[22m | broom.wav[39m[0m
[   7% ] [90m[1mreimport[22m | cat.wav[39m[0m
[  14% ] [90m[1mreimport[22m | clock.wav[39m[0m
[  21% ] [90m[1mreimport[22m | cutlery.wav[39m[0m
[  28% ] [90m[1mreimport[22m | dog.wav[39m[0m
[  35% ] [90m[1mreimport[22m | hens.wav[39m[0m
[  42% ] [90m[1mreimport[22m | kettle.wav[39m[0m
[  50% ] [90m[1mreimport[22m | music.wav[39m[0m
[  57% ] [90m[1mreimport[22m | plates.wav[39m[0m
[  64% ] [90m[1mreimport[22m | sewing.wav[39m[0m
[  71% ] [90m[1mreimport[22m | shovel.wav[39m[0m
[  78% ] [90m[1mreimport[22m | tap.wav[39m[0m
[  85% ] [90m[1mreimport[22m | tea.wav[39m[0m
[  92% ] [90m[1mreimport[22m | Finalizing Asset Import...[39m[0m
[92m[ DONE ][39m [1mreimport[22m
[0m
[   0% ] [90m[1mreimport[22m | Started (Re)Importing Assets (13 steps)[39m[0m
[   0% ] [90m[1mreimport[22m | Executing post-reimport operations...[39m[0m
[92m[ DONE ][39m [1mreimport[22m
[0m
[   0% ] [90m[1mloading_editor_layout[22m | Started Loading editor (5 steps)[39m[0m
[   0% ] [90m[1mloading_editor_layout[22m | Loading editor layout...[39m[0m
[  16% ] [90m[1mloading_editor_layout[22m | Loading docks...[39m[0m
[92m[ DONE ][39m [1mloading_editor_layout[22m
[0m
userdata guard: original files and permissions restored and verified
