run-smoke-guarded: res://tests/old_pc_chat_smoke_test.tscn
Godot Engine v4.7.1.stable.mono.official.a13da4feb - https://godotengine.org
Metal 4.0 - Forward+ - Using Device #0: Apple - Apple M1 (Apple7)

zone-loaded: village_day@arrival
УРМАН Godot vertical slice ready: Painterly Low-Poly / first person
oldpc-chat: check the rinat thread stays closed until the story alerts him: urman.oldpc:chat/alsu, urman.oldpc:chat/mansur, urman.oldpc:chat/self
oldpc-chat: check the first visible thread opens by itself
oldpc-chat: check the greeting arrives as the first message: Алсу: «Айдар, исәнме! С приездом. Надолго к нам?»
oldpc-chat: check two authored answers are offered: Choice_village, Choice_marat
oldpc-chat: check an authored answer adds the player line and the next scripted reply
oldpc-chat: check the script waits on the answered node's choices: village
oldpc-chat: check the next node offers its own answers
oldpc-chat: check free text earns the authored stub answer
oldpc-chat: check free text never moves the script: village
oldpc-chat: check the chat grants no knowledge and writes no journal entry
SaveGameV3 written to /Users/kadyrahunov/Library/Application Support/Godot/app_userdata/URMAN/savegames/oldpc-chat-proof.savegame-v3.json
oldpc-chat: check the chat saves inside the existing desktop snapshot
zone-loaded: village_day@arrival
SaveGameV3 restored.
oldpc-chat: check the chat loads back
oldpc-chat: check the delivered log and the script position survive the load
oldpc-chat: check the loaded desktop keeps the same visible threads; opened=read, the other two keep their honest unread marks: 2
oldpc-chat-smoke: PASS 14 checks; no human duration or art claim
userdata guard: original files and permissions restored and verified
run-smoke-guarded: res://tests/old_pc_desktop_smoke_test.tscn
Godot Engine v4.7.1.stable.mono.official.a13da4feb - https://godotengine.org
Metal 4.0 - Forward+ - Using Device #0: Apple - Apple M1 (Apple7)

zone-loaded: village_day@arrival
УРМАН Godot vertical slice ready: Painterly Low-Poly / first person
{"test":"oldpc-large-desktop-glyphs","screen":"(0, 0), (1920, 1080)","glyphs":[{"button":"Icon_files","buttonRect":"(18, 18), (304, 201.6)","glyph":"(144, 24), (52, 52)","position":"(126, 6)","size":"(52, 52)","anchors":[0.5,0,0.5,0],"offsets":[-26,6,26,58]},{"button":"Icon_archive","buttonRect":"(326, 18), (304, 201.6)","glyph":"(452, 24), (52, 52)","position":"(126, 6)","size":"(52, 52)","anchors":[0.5,0,0.5,0],"offsets":[-26,6,26,58]},{"button":"Icon_browser","buttonRect":"(18, 229), (304, 201.6)","glyph":"(144, 235), (52, 52)","position":"(126, 6)","size":"(52, 52)","anchors":[0.5,0,0.5,0],"offsets":[-26,6,26,58]},{"button":"Icon_pictures","buttonRect":"(326, 229), (304, 201.6)","glyph":"(452, 235), (52, 52)","position":"(126, 6)","size":"(52, 52)","anchors":[0.5,0,0.5,0],"offsets":[-26,6,26,58]},{"button":"Icon_notepad","buttonRect":"(18, 440), (304, 201.6)","glyph":"(144, 446), (52, 52)","position":"(126, 6)","size":"(52, 52)","anchors":[0.5,0,0.5,0],"offsets":[-26,6,26,58]},{"button":"Icon_chat","buttonRect":"(326, 440), (304, 201.6)","glyph":"(452, 446), (52, 52)","position":"(126, 6)","size":"(52, 52)","anchors":[0.5,0,0.5,0],"offsets":[-26,6,26,58]},{"button":"Icon_trash","buttonRect":"(18, 651), (304, 201.6)","glyph":"(144, 657), (52, 52)","position":"(126, 6)","size":"(52, 52)","anchors":[0.5,0,0.5,0],"offsets":[-26,6,26,58]}]}
{"test":"oldpc-file-layout","panel":"(288, 71.26), (1574.4, 855.12)","minimum":"(500, 184)","status":"(298, 885.26), (1554, 31)","listAutoHeight":false,"listMinimum":"(0, 0)"}
SaveGameV3 written to /Users/kadyrahunov/Library/Application Support/Godot/app_userdata/URMAN/savegames/oldpc-desktop-proof.savegame-v3.json
zone-loaded: village_day@arrival
SaveGameV3 new game session started; existing slots untouched.
zone-loaded: village_day@arrival
SaveGameV3 restored.
{"test":"oldpc-desktop","checks":["Archive remains available through the existing UI.","The archive query accepts keyboard focus.","Focused input keeps its readable paper instead of a dark overlay.","Focused archive buttons keep the same readable background.","Desktop shortcuts have drawn pictograms and readable captions over the wallpaper.","Start opens its application menu and gives its first entry keyboard focus.","Start menu remains inside the desktop.","Escape closes Start before leaving the computer and returns keyboard focus.","Opening a site index does not read its articles.","Desktop navigation must not grant investigation knowledge.","Typing the locked record ID cannot bypass its source conditions.","Denied source titles cannot leak into the address bar.","Denied browser page does not expose a locked title.","The browser opens a compiled local article through shared runtime.","The browser displays a readable local URL without a content ID.","Article text uses a readable 24 design-pixel baseline at 720p.","A real page link reaches another compiled source.","The actual read article contains authored internal links, so the paper check exercises real content.","The browser reached this source through its real link without automatically recording it.","The read article offers the visible manual \u0412 \u043A\u043D\u0438\u0436\u043A\u0443 action.","The ordinary browser save action completed through the shared runtime.","The linked article has exactly one stored source entry, including after the existing slot reload.","The selected paper source preserves both visible link labels without exposing machine destinations.","Recording and displaying the already read linked source creates no additional knowledge.","Closing the paper source releases its existing journal screen.","The social site uses its visible feed rather than the article pane.","Visible social cards render the authored post and reply authors.","Replies have distinct comment cards inside the same source.","A social card preserves the locked family-photo gate without exposing its title.","Source-link punctuation is never mistaken for an author label or shown as an internal address.","The first profile link remains complete and visibly underlined.","The formerly broken first profile link opens Alsu through the shared runtime.","A resident profile has its own identity card without inventing a portrait.","All currently visible social bodies follow the 1.6 text-scale setting.","Large text keeps browser controls inside the desktop.","Large text keeps the taskbar inside the desktop.","Large desktop captions fit their longest word without breaking it into fragments.","Desktop captions keep a dark outline over the snow in the wallpaper.","Large desktop shortcuts stay inside the screen.","Large desktop shortcut stays inside the actual screen: Icon_files","Large desktop glyph stays inside its actual shortcut: Icon_files","Large desktop glyph stays inside the actual screen: Icon_files","Large desktop shortcut stays inside the actual screen: Icon_archive","Large desktop glyph stays inside its actual shortcut: Icon_archive","Large desktop glyph stays inside the actual screen: Icon_archive","Large desktop shortcut stays inside the actual screen: Icon_browser","Large desktop glyph stays inside its actual shortcut: Icon_browser","Large desktop glyph stays inside the actual screen: Icon_browser","Large desktop shortcut stays inside the actual screen: Icon_pictures","Large desktop glyph stays inside its actual shortcut: Icon_pictures","Large desktop glyph stays inside the actual screen: Icon_pictures","Large desktop shortcut stays inside the actual screen: Icon_notepad","Large desktop glyph stays inside its actual shortcut: Icon_notepad","Large desktop glyph stays inside the actual screen: Icon_notepad","Large desktop shortcut stays inside the actual screen: Icon_chat","Large desktop glyph stays inside its actual shortcut: Icon_chat","Large desktop glyph stays inside the actual screen: Icon_chat","Large desktop shortcut stays inside the actual screen: Icon_trash","Large desktop glyph stays inside its actual shortcut: Icon_trash","Large desktop glyph stays inside the actual screen: Icon_trash","History clears the previous social feed before rendering navigation.","Returning to TatWiki restores the article reader without stale social cards.","Personal note keeps Tatar characters.","Activating the browser moves keyboard input out of the background note.","Alt\u002BTab returns keyboard input to the foreground note: active=notepad focus=Text windows=browser,notepad","Window-title appearance follows the application that receives keyboard input.","Delete moves the personal note into the simulated recycle bin.","File manager refits after large-text settings and folder changes.","The file-manager status remains above the taskbar.","Recycle-bin restore returns the same stable personal file.","Text editor renders the formatted page.","Dragging the title updates a clamped window position.","Minimize hides only the selected application.","Taskbar restores and focuses the application.","Taskbar restoration also restores keyboard focus to the browser.","The existing game slot stores desktop state.","A separate fresh session starts normally.","New game does not inherit another session\u0027s notes.","The existing save loader restores the desktop capability.","Load restores both personal files and the recycle-bin consequence.","Browser history survives the shared save.","Restored history presents a local URL while preserving stable source IDs.","Open windows survive the shared save.","Reopening the saved desktop focuses its foreground application.","The actual read article contains authored internal links, so the paper check exercises real content.","The linked article has exactly one stored source entry, including after the existing slot reload.","The selected paper source preserves both visible link labels without exposing machine destinations.","Recording and displaying the already read linked source creates no additional knowledge.","Closing the paper source releases its existing journal screen.","The personal photograph remains gated before reading its original arrival source.","A typed photograph URL cannot reveal the unread personal source.","Browsing the picture list neither exposes the gated photograph nor grants its memory.","The existing arrival photograph is the available source of the personal memory.","Reading the actual arrival document unlocks its saved photograph through ordinary source effects.","The original photograph reader closes before opening the desktop.","The picture application displays the real saved family photograph.","The picture\u0027s Text tab preserves the visible source link without exposing its technical destination.","The actual picture-source link opens its existing related document in the browser.","Viewing the copy and following its household link grants no extra knowledge, words, journal entries or locked investigation access."],"status":"pass","visual":"captured-if-requested"}
userdata guard: original files and permissions restored and verified
