run-smoke-guarded: res://tests/act1_carry_interaction_smoke_test.tscn
Godot Engine v4.7.1.stable.mono.official.a13da4feb - https://godotengine.org
Metal 4.0 - Forward+ - Using Device #0: Apple - Apple M1 (Apple7)

act1-river: ice_slabs=31 blockers=29 road_gap_samples=2 bridge=broken@(15,-85)
village-chimney: /root/Act1CarryInteractionSmokeTest/Act1Demo/Main/ZoneHost/Act1ConnectedWorld/Act1CoreWorldGreybox/Act1AuthoredExteriorKitPresentation/ArrivalAuthoredParcels/ArrivalForwardWestFacade/DwellingFacade_TimberPlaster/DwellingFacade_ChimneyCap_LOD0 top=(-10.2875, 4.7722464, 2.3450005)
village-chimney: /root/Act1CarryInteractionSmokeTest/Act1Demo/Main/ZoneHost/Act1ConnectedWorld/Act1CoreWorldGreybox/Act1AuthoredExteriorKitPresentation/DistantPerimeterParcels/WestArrivalNearParcel/WestArrivalNearFacade/DwellingFacade_TimberPlaster/DwellingFacade_ChimneyCap_LOD0 top=(-19.730013, 3.9641316, 15.965501)
act1-terrain-room-cut: room=/root/Act1CarryInteractionSmokeTest/Act1Demo/Main/ZoneHost/Act1ConnectedWorld/babay-abi-house half=(4, 3.5) affectedTriangles=48 clippedVertices=49980 publishedVertices=49980 physicsVertices=49980 visualAndPhysics=shared-published-faces
act1-apron-room-cut: mesh=/root/Act1CarryInteractionSmokeTest/Act1Demo/Main/ZoneHost/Act1ConnectedWorld/Act1CoreWorldGreybox/AgentBExteriorWorld/AgentB_TerrainRoadKit/URMAN_AgentB_TerrainRoadKit/Apron_BabaiYard affectedTriangles=11 clippedVertices=123 surfaces=1 collision=existing-terrain-owner
act1-south-fence-house-junction: wallX=-33.5880 retainedMembers=13 retiredPostsAndCaps=10 supportedWestWing=2.4920m
act1-drain-bank-conform: mesh=/root/Act1CarryInteractionSmokeTest/Act1Demo/Main/ZoneHost/Act1ConnectedWorld/Act1CoreWorldGreybox/AgentBExteriorWorld/AgentB_TerrainRoadKit/URMAN_AgentB_TerrainRoadKit/BabaiYard_EastFenceSwale originalTriangles=78 affectedTriangles=35 outputTriangles=3543 groundOwner=unchanged
act1-mosque-terrain-cut: affectedTriangles=70 publishedVertices=49980 physicsVertices=49980 sameOwner=true
act1-school-bank-cut: mesh=/root/Act1CarryInteractionSmokeTest/Act1Demo/Main/ZoneHost/Act1ConnectedWorld/Act1CoreWorldGreybox/AgentBExteriorWorld/AgentB_TerrainRoadKit/URMAN_AgentB_TerrainRoadKit/Ditch_FieldBank_EastZirat room=/root/Act1CarryInteractionSmokeTest/Act1Demo/Main/ZoneHost/Act1ConnectedWorld/Act1CoreWorldGreybox/Act1AuthoredExteriorKitPresentation/DistantPerimeterParcels/EastReturnMidParcel/EastReturnMidFacade/PublicInterior_school/MainRoom half=(2.5154998, 2.3804996) affectedTriangles=20 clippedVertices=486 publishedVertices=486 floorY=-0.0049708784 collision=unchanged-existing-terrain-and-timber-floor
act1-council-fence-format: source=urman_village_exterior_kit_Cube_040 vertices=96 normals=96 uv=96 tangents=384 colors=0 uv2=0 lods=0 sourceFormat=536875031 publishedFormat=4119
act1-council-fence-format: source=urman_village_exterior_kit_FenceSegment_RailMiddle_Crooked_LOD0Mesh vertices=48 normals=48 uv=0 tangents=192 colors=0 uv2=0 lods=0 sourceFormat=536875015 publishedFormat=4103
act1-council-fence-format: source=urman_village_exterior_kit_Cube_039 vertices=96 normals=96 uv=96 tangents=384 colors=0 uv2=0 lods=0 sourceFormat=536875031 publishedFormat=4119
act1-council-fence-junction: fence=/root/Act1CarryInteractionSmokeTest/Act1Demo/Main/ZoneHost/Act1ConnectedWorld/Act1CoreWorldGreybox/Act1AuthoredExteriorKitPresentation/DistantPerimeterParcels/EastStreetHorizonParcel/EastStreetHorizonFence wall=/root/Act1CarryInteractionSmokeTest/Act1Demo/Main/ZoneHost/Act1ConnectedWorld/Act1CoreWorldGreybox/Act1AuthoredExteriorKitPresentation/DistantPerimeterParcels/EastStreetHorizonParcel/EastStreetHorizonFacade/VillageParcel_VariantA_TimberGable_Dwelling/VariantA_TimberGable_Dwelling_SeniRear_Wall_LOD0 localCutZ=-4.4 hiddenMembers=4 trimmedRails=3 retainedMembers=8 sourceAsset=unchanged
act1-zirat-fence-source: owner=/root/Act1CarryInteractionSmokeTest/Act1Demo/Main/ZoneHost/Act1ConnectedWorld/Act1CoreWorldGreybox/ConnectiveStreetReturn/ReturnEastParcelFenceRail surfaces=1
act1-zirat-fence-source: owner=/root/Act1CarryInteractionSmokeTest/Act1Demo/Main/ZoneHost/Act1ConnectedWorld/Act1CoreWorldGreybox/ConnectiveStreetReturn/ReturnEastParcelFenceRail rawVertices=144 normals=144 tangents=576 indices=0 expandedVertices=144 format=7 indexed=False primitive=Triangles lods=0 shadow=False failedTerms=
act1-zirat-fence-source: owner=/root/Act1CarryInteractionSmokeTest/Act1Demo/Main/ZoneHost/Act1ConnectedWorld/Act1CoreWorldGreybox/ConnectiveStreetReturn/ReturnEastParcelFenceRail/ReturnEastParcelFenceLowerRail surfaces=1
act1-zirat-fence-source: owner=/root/Act1CarryInteractionSmokeTest/Act1Demo/Main/ZoneHost/Act1ConnectedWorld/Act1CoreWorldGreybox/ConnectiveStreetReturn/ReturnEastParcelFenceRail/ReturnEastParcelFenceLowerRail rawVertices=144 normals=144 tangents=576 indices=0 expandedVertices=144 format=7 indexed=False primitive=Triangles lods=0 shadow=False failedTerms=
act1-zirat-fence-post-source: owner=/root/Act1CarryInteractionSmokeTest/Act1Demo/Main/ZoneHost/Act1ConnectedWorld/Act1CoreWorldGreybox/ConnectiveStreetReturn/ReturnEastParcelFencePost0 meshType=BoxMesh surfaces=1
act1-zirat-fence-post-source: owner=/root/Act1CarryInteractionSmokeTest/Act1Demo/Main/ZoneHost/Act1ConnectedWorld/Act1CoreWorldGreybox/ConnectiveStreetReturn/ReturnEastParcelFencePost1 meshType=BoxMesh surfaces=1
act1-zirat-fence-post-source: owner=/root/Act1CarryInteractionSmokeTest/Act1Demo/Main/ZoneHost/Act1ConnectedWorld/Act1CoreWorldGreybox/ConnectiveStreetReturn/ReturnEastParcelFencePost2 meshType=BoxMesh surfaces=1
act1-zirat-fence-post-source: owner=/root/Act1CarryInteractionSmokeTest/Act1Demo/Main/ZoneHost/Act1ConnectedWorld/Act1CoreWorldGreybox/ConnectiveStreetReturn/ReturnEastParcelFencePost3 meshType=BoxMesh surfaces=1
act1-zirat-fence-post-source: owner=/root/Act1CarryInteractionSmokeTest/Act1Demo/Main/ZoneHost/Act1ConnectedWorld/Act1CoreWorldGreybox/ConnectiveStreetReturn/ReturnEastParcelFencePost4 meshType=BoxMesh surfaces=1
act1-zirat-shed-fence-junction: wall=/root/Act1CarryInteractionSmokeTest/Act1Demo/Main/ZoneHost/Act1ConnectedWorld/Act1CoreWorldGreybox/Act1AuthoredExteriorKitPresentation/ZiratVillageEdgeAuthoredParcels/ZiratVillageEdgeEastShed/OutbuildingShed_Low/OutbuildingShed_Wall_LOD0 attachmentZ=-46.915245 retainedFirstSpans=2 hiddenPost=3 retainedFarPost=4 frontCut=(-0.99987423, 0.015860919, -2.3291499E-07), -14.446598 rearCut=(0.99986124, 0.016654668, 0), 17.218063
act1-roadside-grounding: independent contact meshes=34; source meshes and usable footbridge preserved
act1-kit-blockers: placements=100 shapes=1597 carved_door_slabs=116 flat_slab_skipped=2460 exact_architecture_surfaces=911 hidden_skipped=7 road_clearance_skipped=0
act1-dwelling-threshold: placements=83 worst_analytic_vs_collision_delta=0.028m worst_placement=ArrivalForwardEastShed
act1-building-supports: supported foundations=137; maximum ground drop=1.136m; level entrances preserved
act1-zirat-foundation-contact: owner=/root/Act1CarryInteractionSmokeTest/Act1Demo/Main/ZoneHost/Act1ConnectedWorld/Act1CoreWorldGreybox/Act1AuthoredExteriorKitPresentation/ZiratVillageEdgeAuthoredParcels/ZiratVillageEdgeEastShed/AuthoredKitCollisionProxy/OutbuildingShed_Foundation_LOD0_SurfaceContact source=/root/Act1CarryInteractionSmokeTest/Act1Demo/Main/ZoneHost/Act1ConnectedWorld/Act1CoreWorldGreybox/Act1AuthoredExteriorKitPresentation/ZiratVillageEdgeAuthoredParcels/ZiratVillageEdgeEastShed/OutbuildingShed_Low/OutbuildingShed_Foundation_LOD0 policy=exact-existing-mesh-triangles
act1-council-fence-contacts: retainedSourceContacts=0 hiddenMemberContacts=0 newBodyOwners=0
zone-loaded: village_day@arrival connected-world=113950855103
УРМАН Godot vertical slice ready: Painterly Low-Poly / first person
act1-window-surrounds: painted=1020
act1-legacy-sign: suppressed=1
zone-loaded: village_day@arrival connected-world=113950855103
SaveGameV3 new game session started; existing slots untouched.
act1-carry: check ordinary New Game
act1-intro: confirmed with E
act1-carry: check debug-off normal controls after intro
SaveGameV3 written to /Users/kadyrahunov/Library/Application Support/Godot/app_userdata/URMAN/savegames/carry-pristine.savegame-v3.json
act1-carry: check pristine reachable snapshot
act1-carry: check explicit local proof scope: full
act1-carry: local camera fixture (-33.42394, 0.8332816, 4.706752) target=(-32.17394, 0.74158806, 4.706752) side=(-1, 0, 0) reach=1,25
act1-carry: check six terrain-resting carry items use the shared authored support owner
act1-carry: check carry-log authored full body is clear of terrain, woodpile and neighbouring solids: ; pose=[X: (0.90124553, -0.16354421, -0.40126038), Y: (0.12671697, 0.9850308, -0.11686417), Z: (0.41436628, 0.05447681, 0.9084784), O: (-32.17394, 0.67658806, 4.706752)]
act1-carry: check carry-log has actual ground support across 9 footprint samples, gaps 0,0030–0,0030m
act1-carry: check carry-crate authored full body is clear of terrain, woodpile and neighbouring solids: ; pose=[X: (0.9776721, 0.031176694, 0.20781063), Y: (-0.011615854, 0.9954389, -0.09469197), Z: (-0.20981497, 0.0901638, 0.973575), O: (-27.5, 0.3315878, 2.8)]
act1-carry: check carry-crate has actual ground support across 12 footprint samples, gaps 0,0030–0,0059m
act1-carry: check carry-bucket authored full body is clear of terrain, woodpile and neighbouring solids: ; pose=[X: (0.98839056, 0.061550256, -0.13890925), Y: (-0.05954554, 0.9980533, 0.018545846), Z: (0.13978034, -0.010059113, 0.9901315), O: (-26.6, 0.26607022, 0.2)]
act1-carry: check carry-bucket has actual ground support across 9 footprint samples, gaps 0,0030–0,0069m
act1-carry: check carry-axe authored full body is clear of terrain, woodpile and neighbouring solids: ; pose=[X: (0.46482128, -0.14040194, -0.8742016), Y: (0.06272975, 0.99008816, -0.12566002), Z: (0.88317955, 0.0035709962, 0.46902144), O: (-31.6, 0.5715371, 4.3)]
act1-carry: check carry-axe has actual ground support across 9 footprint samples, gaps 0,0030–0,0033m
act1-carry: check carry-tool-shovel authored full body is clear of terrain, woodpile and neighbouring solids: ; pose=[X: (-0.104479425, -0.030640919, -0.9940549), Y: (-0.04023672, 0.9988371, -0.026559275), Z: (0.9937128, 0.037222613, -0.10559083), O: (-27.6, 0.22954099, 0.9)]
act1-carry: check carry-tool-shovel has actual ground support across 9 footprint samples, gaps 0,0030–0,0030m
act1-carry: check carry-tool-pole authored full body is clear of terrain, woodpile and neighbouring solids: ; pose=[X: (0.97797006, -0.019051604, -0.20787396), Y: (-0.002224457, 0.99481875, -0.10164018), Z: (0.20873332, 0.09986346, 0.9728606), O: (-28.1, 0.45865598, 4.2)]
act1-carry: check carry-tool-pole has actual ground support across 30 footprint samples, gaps 0,0030–0,0050m
act1-carry: check off-centre board end keeps its support occupied
act1-carry: check adjacent support is not falsely treated as under the board
act1-carry: check layer-2 wall blocks pickup and aim
act1-carry: check the narrow opening leaves the actual pickup ray on the visible prop
act1-carry: check an opening narrower than the prop rejects pickup without moving it or transferring custody
act1-carry: check aimed pickup commits one held item
act1-carry: check second simultaneous ownership rejected atomically
act1-carry: check modal blocks take/place/rotate without hidden progress
act1-carry: local camera fixture (-34.67394, 0.98964584, 4.706752) target=(-33.42394, 0.85483235, 4.706752) side=(-1, 0, 0) reach=1,25
act1-carry: check the real held log stays validly held before the narrow fixture
act1-carry: check record the unchanged supported placement: 
act1-carry: check the held log keeps its supported placement while it turns: 
act1-carry: check the held log keeps its supported placement while it turns: 
act1-carry: check the held log keeps its supported placement while it turns: 
act1-carry: check the held log keeps its supported placement while it turns: 
act1-carry: check the fixture fits strictly between the held pose and destination: held=0,7800 destination=1,0855 room=0,3055 extent=0,0878 prop=(0.38, 0.13, 0.14) camera=(-34.49394, 2.6896458, 4.7067485)
act1-carry: check the narrow placement fixture leaves the full held and destination bodies clear
act1-carry: check the narrow placement fixture leaves the full held and destination bodies clear
act1-carry: check the actual placement sightline passes through the visible slot
act1-carry: check the independent full body cast hits a jamb between the two clear endpoint poses
act1-carry: check only the blocked transfer path refuses the same supported destination: Предмет не проходит к этой опоре
act1-carry: check the ordinary HUD previews the concrete refusal reason before input without a saved-state change: [Q] нельзя поставить: Предмет не проходит к этой опоре · [R] повернуть
act1-carry: check mapped placement through the narrow slot preserves the held pose, custody and saved props
act1-carry: check removing only the narrow fixture restores the same ordinary placement: 
act1-carry: local camera fixture (-34.67394, 0.98964584, 4.706752) target=(-33.42394, 0.85483235, 4.706752) side=(-1, 0, 0) reach=1,25
act1-carry: check supported placement: 
act1-carry: check mapped placement commits checked transform
act1-carry: check placement restores physical body
act1-carry: local camera fixture (-34.658432, 0.9874253, 4.7067275) target=(-33.408432, 0.92190397, 4.7067275) side=(-1, 0, 0) reach=1,25
act1-carry: check placed thing can be taken again
act1-carry: local camera fixture (-34.67394, 0.98964584, 4.706752) target=(-33.42394, 0.85483235, 4.706752) side=(-1, 0, 0) reach=1,25
act1-carry: check supported placement: 
act1-carry: check mapped placement commits checked transform
act1-carry: local camera fixture (-26.6, 0.28238678, 1.45) target=(-26.6, 0.47607023, 0.2) side=(0, 0, 1) reach=1,25
act1-carry: check the bucket also leaves its actual authored rest through the shared full-volume pickup
act1-carry: local camera fixture (-26.6, 0.28238678, 1.45) target=(-26.6, 0.2848633, 0.2) side=(0, 0, 1) reach=1,25
act1-carry: check supported placement: 
act1-carry: check mapped placement commits checked transform
act1-carry: check setting the bucket back restores its real body and world custody
act1-carry: local camera fixture (-27.5, 0.44519067, 4.05) target=(-27.5, 0.5215878, 2.8) side=(0, 0, 1) reach=1,25
act1-carry: check carry the reusable crate stand to another place
act1-carry: local camera fixture (-30.4, 0.89801633, 7.85) target=(-30.4, 0.796319, 6.6) side=(0, 0, 1) reach=1,25
act1-carry: check the previously rejected sloping patch still requires a level support
act1-carry: check the ordinary HUD previews the concrete refusal reason before input without a saved-state change: [Q] нельзя поставить: Край предмета останется без опоры · [R] повернуть
act1-carry: check refused uneven placement preserves the carried crate before trying a level patch
act1-carry: local camera fixture (-27, 0.6052689, 5.75) target=(-27, 0.5099174, 4.5) side=(0, 0, 1) reach=1,25
act1-carry: check supported placement: 
act1-carry: check the ordinary HUD previews supported placement before input without a saved-state change: [Q] поставить здесь · [R] повернуть
act1-carry: check mapped placement commits checked transform
act1-carry: local camera fixture (-31.529999, 0.40160266, 2.79) target=(-31.529999, 1.2797437, 1.54) side=(0, 0, 1) reach=1,25
act1-carry: check take the same lamp for the moved stand
act1-carry: local camera fixture (-27, 0.60368127, 5.73438) target=(-27, 0.8899763, 4.48438) side=(0, 0, 1) reach=1,25
act1-carry: check crate lid supports lamp: 
act1-carry: check lamp rests on the visible crate lid using ordinary placement
act1-carry: local camera fixture (-27, 0.60368127, 5.73438) target=(-27, 0.64297634, 4.48438) side=(0, 0, 1) reach=1,25
act1-carry: check occupied portable stand cannot be removed from under its lamp
SaveGameV3 written to /Users/kadyrahunov/Library/Application Support/Godot/app_userdata/URMAN/savegames/carry-portable-stand.savegame-v3.json
act1-carry: check crate and resting lamp save together
zone-loaded: village_day@arrival connected-world=113950855103
SaveGameV3 restored.
act1-carry: check restore the moved portable stand
act1-carry: check loaded stand retains visible support, lamp position and physical ownership
act1-carry: local camera fixture (-27, 0.6036814, 5.7343807) target=(-27, 1.0909762, 4.4843807) side=(0, 0, 1) reach=1,25
act1-carry: check remove the supported thing before moving the crate again
act1-carry: local camera fixture (-27, 0.65754163, 7) target=(-27, 0.62804234, 5.75) side=(0, 0, 1) reach=1,25
act1-carry: check supported placement: 
act1-carry: check mapped placement commits checked transform
act1-carry: local camera fixture (-27, 0.64385825, 6.48438) target=(-27, 0.6999763, 4.48438) side=(0, 0, 1) reach=2
act1-carry: check carry the reusable crate stand to another place
act1-carry: local camera fixture (-27.8, 0.74432176, 7.65) target=(-27.8, 0.68592775, 6.4) side=(0, 0, 1) reach=1,25
act1-carry: check supported placement: 
act1-carry: check mapped placement commits checked transform
act1-carry: local camera fixture (-27, 0.6566649, 6.9834948) target=(-27, 0.8132951, 5.7334948) side=(0, 0, 1) reach=1,25
act1-carry: check take the same lamp for the moved stand
act1-carry: local camera fixture (-27.8, 0.74200463, 7.634168) target=(-27.8, 1.0649114, 6.384168) side=(0, 0, 1) reach=1,25
act1-carry: check crate lid supports lamp: 
act1-carry: check lamp rests on the visible crate lid using ordinary placement
act1-carry: local camera fixture (-27.8, 0.74200463, 7.634168) target=(-27.8, 0.81791145, 6.384168) side=(0, 0, 1) reach=1,25
act1-carry: check occupied portable stand cannot be removed from under its lamp
SaveGameV3 written to /Users/kadyrahunov/Library/Application Support/Godot/app_userdata/URMAN/savegames/carry-portable-stand.savegame-v3.json
act1-carry: check crate and resting lamp save together
zone-loaded: village_day@arrival connected-world=113950855103
SaveGameV3 restored.
act1-carry: check restore the moved portable stand
act1-carry: check loaded stand retains visible support, lamp position and physical ownership
act1-carry: local camera fixture (-27.8, 0.74200463, 7.6341677) target=(-27.8, 1.2659116, 6.3841677) side=(0, 0, 1) reach=1,25
act1-carry: check remove the supported thing before moving the crate again
act1-carry: local camera fixture (-27, 0.65754163, 7) target=(-27, 0.62804234, 5.75) side=(0, 0, 1) reach=1,25
act1-carry: check supported placement: 
act1-carry: check mapped placement commits checked transform
zone-loaded: village_day@arrival connected-world=113950855103
SaveGameV3 restored.
act1-carry: check each crate access order starts from the ordinary pristine save
act1-carry: check a pristine save has no legacy coordinate deviation and restores the supported exterior crate with world custody
act1-carry: check authored crate corner rests on the actual service planks: (40.943295, -0.33939454, -27.575985), body /root/Act1CarryInteractionSmokeTest/Act1Demo/Main/ZoneHost/Act1ConnectedWorld/Act1CoreWorldGreybox/FapExterior/FapServiceExplorationPresentation/FapServicePathCollision, gap 0,0071m
act1-carry: check authored crate corner rests on the actual service planks: (40.94345, -0.33306694, -26.904015), body /root/Act1CarryInteractionSmokeTest/Act1Demo/Main/ZoneHost/Act1ConnectedWorld/Act1CoreWorldGreybox/FapExterior/FapServiceExplorationPresentation/FapServicePathCollision, gap 0,0030m
act1-carry: check authored crate corner rests on the actual service planks: (42.05655, -0.36704487, -27.575985), body /root/Act1CarryInteractionSmokeTest/Act1Demo/Main/ZoneHost/Act1ConnectedWorld/Act1CoreWorldGreybox/FapExterior/FapServiceExplorationPresentation/FapServicePathCollision, gap 0,0071m
act1-carry: check authored crate corner rests on the actual service planks: (42.056705, -0.36071727, -26.904015), body /root/Act1CarryInteractionSmokeTest/Act1Demo/Main/ZoneHost/Act1ConnectedWorld/Act1CoreWorldGreybox/FapExterior/FapServiceExplorationPresentation/FapServicePathCollision, gap 0,0069m
act1-carry: check the crate access route starts on supported ordinary ground
act1-carry: explicit local start fixture (41.5, -0.27927974, -24.6); subsequent alternative paths use normal input
act1-carry: check the unmoved crate physically prevents the direct crossing
act1-carry: check return from the blocked direct attempt: actual input (41.142056, -0.33201313, -26.543148) -> (41.491035, -0.27493143, -24.650126); no teleport/recovery; goal (41.5, 0, -24.6)
act1-carry: check walk through the open snow beside the service timber path: actual input (41.491035, -0.27493143, -24.650126) -> (43.134796, -0.36720696, -24.601913); no teleport/recovery; goal (43.2, 0, -24.6)
act1-carry: check walk through the open snow beside the service timber path: actual input (43.134796, -0.36720696, -24.601913) -> (43.19901, -0.45389658, -28.342218); no teleport/recovery; goal (43.2, 0, -28.4)
act1-carry: check walk through the open snow beside the service timber path: actual input (43.19901, -0.45389658, -28.342218) -> (41.57104, -0.37677228, -28.397758); no teleport/recovery; goal (41.5, 0, -28.4)
act1-carry: check walk through the open snow beside the service timber path: actual input (41.57104, -0.37677228, -28.397758) -> (40.89139, -0.36037162, -28.39988); no teleport/recovery; goal (40.8, 0, -28.4)
act1-carry: check the longer walking alternative succeeds with the crate left in the gap
SaveGameV3 written to /Users/kadyrahunov/Library/Application Support/Godot/app_userdata/URMAN/savegames/carry-gap-alternative.savegame-v3.json
act1-carry: check save at the common destination between solutions
zone-loaded: village_day@arrival connected-world=113950855103
SaveGameV3 restored.
act1-carry: check load between the two access solutions
act1-carry: check save restores the reached exterior destination and the complete crate pose, deviation and custody
act1-carry: check return through the same open snow beside the crate: actual input (40.89139, -0.36037162, -28.39988) -> (41.401535, -0.37261772, -28.39998); no teleport/recovery; goal (41.5, 0, -28.4)
act1-carry: check return through the same open snow beside the crate: actual input (41.401535, -0.37261772, -28.39998) -> (43.102398, -0.45221728, -28.399998); no teleport/recovery; goal (43.2, 0, -28.4)
act1-carry: check return through the same open snow beside the crate: actual input (43.102398, -0.45221728, -28.399998) -> (43.19864, -0.37139973, -24.66349); no teleport/recovery; goal (43.2, 0, -24.6)
act1-carry: check return to the original access decision: actual input (43.19864, -0.37139973, -24.66349) -> (41.5721, -0.27618587, -24.603142); no teleport/recovery; goal (41.5, 0, -24.6)
act1-carry: check approach the service-path crate on foot: actual input (41.5721, -0.27618587, -24.603142) -> (41.50589, -0.31303167, -25.56453); no teleport/recovery; goal (41.5, 0, -25.65)
act1-carry: check take the actual barrier crate with the normal aimed interaction
act1-carry: check carry the crate away from the timber approach: actual input (41.50589, -0.31303167, -25.56453) -> (41.50037, -0.28568637, -24.149637); no teleport/recovery; goal (41.5, 0, -24.1)
act1-carry: check the moved crate is set down on a real supported surface
act1-carry: check return to the timber approach with empty hands: actual input (41.50037, -0.28568637, -24.149637) -> (41.500183, -0.27159396, -24.539398); no teleport/recovery; goal (41.5, 0, -24.6)
act1-carry: check use the direct gap after first learning the walking alternative: actual input (41.500183, -0.27159396, -24.539398) -> (40.81236, -0.3582833, -28.331839); no teleport/recovery; goal (40.8, 0, -28.4)
act1-carry: check return through the now cleared gap: actual input (40.81236, -0.3582833, -28.331839) -> (41.48998, -0.27512583, -24.656006); no teleport/recovery; goal (41.5, 0, -24.6)
act1-carry: check both access orders and the common destination grant no unobserved story knowledge
zone-loaded: village_day@arrival connected-world=113950855103
SaveGameV3 restored.
act1-carry: check each crate access order starts from the ordinary pristine save
act1-carry: check a pristine save has no legacy coordinate deviation and restores the supported exterior crate with world custody
act1-carry: check authored crate corner rests on the actual service planks: (40.943295, -0.33939454, -27.575985), body /root/Act1CarryInteractionSmokeTest/Act1Demo/Main/ZoneHost/Act1ConnectedWorld/Act1CoreWorldGreybox/FapExterior/FapServiceExplorationPresentation/FapServicePathCollision, gap 0,0071m
act1-carry: check authored crate corner rests on the actual service planks: (40.94345, -0.33306694, -26.904015), body /root/Act1CarryInteractionSmokeTest/Act1Demo/Main/ZoneHost/Act1ConnectedWorld/Act1CoreWorldGreybox/FapExterior/FapServiceExplorationPresentation/FapServicePathCollision, gap 0,0030m
act1-carry: check authored crate corner rests on the actual service planks: (42.05655, -0.36704487, -27.575985), body /root/Act1CarryInteractionSmokeTest/Act1Demo/Main/ZoneHost/Act1ConnectedWorld/Act1CoreWorldGreybox/FapExterior/FapServiceExplorationPresentation/FapServicePathCollision, gap 0,0071m
act1-carry: check authored crate corner rests on the actual service planks: (42.056705, -0.36071727, -26.904015), body /root/Act1CarryInteractionSmokeTest/Act1Demo/Main/ZoneHost/Act1ConnectedWorld/Act1CoreWorldGreybox/FapExterior/FapServiceExplorationPresentation/FapServicePathCollision, gap 0,0069m
act1-carry: check the crate access route starts on supported ordinary ground
act1-carry: explicit local start fixture (41.5, -0.27927974, -24.6); subsequent alternative paths use normal input
act1-carry: check the unmoved crate physically prevents the direct crossing
act1-carry: check return from the blocked direct attempt: actual input (41.14205, -0.33203077, -26.54314) -> (41.49104, -0.27493313, -24.650124); no teleport/recovery; goal (41.5, 0, -24.6)
act1-carry: check approach the service-path crate on foot: actual input (41.49104, -0.27493313, -24.650124) -> (41.499165, -0.31253085, -25.557116); no teleport/recovery; goal (41.5, 0, -25.65)
act1-carry: check take the actual barrier crate with the normal aimed interaction
act1-carry: check carry the crate away from the timber approach: actual input (41.499165, -0.31253085, -25.557116) -> (41.50014, -0.28781554, -24.198751); no teleport/recovery; goal (41.5, 0, -24.1)
act1-carry: check the moved crate is set down on a real supported surface
act1-carry: check return to the timber approach with empty hands: actual input (41.50014, -0.28781554, -24.198751) -> (41.50018, -0.2712572, -24.532055); no teleport/recovery; goal (41.5, 0, -24.6)
act1-carry: check cross the gap after carrying its crate aside: actual input (41.50018, -0.2712572, -24.532055) -> (40.813633, -0.35826892, -28.324675); no teleport/recovery; goal (40.8, 0, -28.4)
act1-carry: check return through the cleared gap: actual input (40.813633, -0.35826892, -28.324675) -> (41.491264, -0.27490276, -24.64894); no teleport/recovery; goal (41.5, 0, -24.6)
act1-carry: check walk through the open snow beside the service timber path: actual input (41.491264, -0.27490276, -24.64894) -> (43.135094, -0.36717826, -24.601858); no teleport/recovery; goal (43.2, 0, -24.6)
act1-carry: check walk through the open snow beside the service timber path: actual input (43.135094, -0.36717826, -24.601858) -> (43.199013, -0.45376045, -28.342186); no teleport/recovery; goal (43.2, 0, -28.4)
act1-carry: check walk through the open snow beside the service timber path: actual input (43.199013, -0.45376045, -28.342186) -> (41.57085, -0.37676665, -28.397732); no teleport/recovery; goal (41.5, 0, -28.4)
act1-carry: check walk through the open snow beside the service timber path: actual input (41.57085, -0.37676665, -28.397732) -> (40.891186, -0.36034575, -28.399878); no teleport/recovery; goal (40.8, 0, -28.4)
SaveGameV3 written to /Users/kadyrahunov/Library/Application Support/Godot/app_userdata/URMAN/savegames/carry-gap-alternative.savegame-v3.json
act1-carry: check save at the common destination between solutions
zone-loaded: village_day@arrival connected-world=113950855103
SaveGameV3 restored.
act1-carry: check load between the two access solutions
act1-carry: check save restores the reached exterior destination and the complete crate pose, deviation and custody
act1-carry: check return through the same open snow beside the crate: actual input (40.891186, -0.36034575, -28.399878) -> (41.40132, -0.37259185, -28.39998); no teleport/recovery; goal (41.5, 0, -28.4)
act1-carry: check return through the same open snow beside the crate: actual input (41.40132, -0.37259185, -28.39998) -> (43.102196, -0.4521914, -28.399998); no teleport/recovery; goal (43.2, 0, -28.4)
act1-carry: check return through the same open snow beside the crate: actual input (43.102196, -0.4521914, -28.399998) -> (43.19863, -0.37139362, -24.663492); no teleport/recovery; goal (43.2, 0, -24.6)
act1-carry: check return to the original access decision: actual input (43.19863, -0.37139362, -24.663492) -> (41.57205, -0.27618608, -24.603138); no teleport/recovery; goal (41.5, 0, -24.6)
act1-carry: check both access orders and the common destination grant no unobserved story knowledge
zone-loaded: village_day@arrival connected-world=113950855103
SaveGameV3 restored.
act1-carry: check restore the yard before independent shovel checks
zone-loaded: village_day@arrival connected-world=113950855103
SaveGameV3 restored.
act1-carry: check board crossing begins from the ordinary pristine save
act1-carry: check the drain starts from a supported, clear nearby stance
act1-carry: explicit drain start fixture (-12.070532, -0.22308865, 8.411092); pickup, approach, crossing and return use normal input
act1-carry: check take the single board from its visible drying battens
act1-carry: check the board can take the workshop's zero-degree orientation in open space
act1-carry: check normal rotation recovers the crossing axis after the board's other use
act1-carry: check carry the board to the near drain approach: actual input (-12.070532, -0.24671364, 8.411092) -> (-13.548053, -0.12918827, 6.932822); no teleport/recovery; goal (-13.590812, -0.10306046, 6.890812)
act1-carry: check walk up the stone bank with the board: actual input (-13.548053, -0.12918827, 6.932822) -> (-14.478271, 0.586118, 7.78429); no teleport/recovery; goal (-14.545406, 0.06681704, 7.845406)
act1-carry: check an offset plank with one end in the bed is refused
act1-carry: check the failed crossing attempt keeps the held board and its saved state
act1-carry: check the two actual banks accept the ordinary board: 
act1-carry: check free placement makes a physical crossing without a new assembly or quest flag
act1-carry: check board end -1, corner -1 rests on its own visible bank
act1-carry: check board end -1, corner 1 rests on its own visible bank
act1-carry: check board end 1, corner -1 rests on its own visible bank
act1-carry: check board end 1, corner 1 rests on its own visible bank
act1-carry: check walk onto the plank over the open drain bed: actual input (-14.478271, 0.586118, 7.78429) -> (-15.431949, 0.6272296, 8.732356); no teleport/recovery; goal (-15.5000105, 0.5521173, 8.80001)
act1-carry: check the actual plank supports the player above the channel
act1-carry: check the player cannot remove the crossing from under their own feet
SaveGameV3 written to /Users/kadyrahunov/Library/Application Support/Godot/app_userdata/URMAN/savegames/carry-drain-on-board.savegame-v3.json
act1-carry: check save the placed board and supported player midway across
act1-carry: check leave the board over the opposite flush approach: actual input (-15.431949, 0.6272296, 8.732356) -> (-17.355873, 0.18129553, 10.656047); no teleport/recovery; goal (-17.409187, 0.20708954, 10.709188)
act1-carry: check follow the household path north of the existing lateral dwelling: actual input (-17.355873, 0.18129553, 10.656047) -> (-17.394615, 0.17592444, 11.22142); no teleport/recovery; goal (-17.4, 0.19930542, 11.3)
act1-carry: check follow the household path north of the existing lateral dwelling: actual input (-17.394615, 0.17592444, 11.22142) -> (-14.845816, 0.03071908, 11.298637); no teleport/recovery; goal (-14.8, 0.052539192, 11.3)
act1-carry: check follow the household path north of the existing lateral dwelling: actual input (-14.845816, 0.03071908, 11.298637) -> (-10.876176, -0.26630232, 11.2999735); no teleport/recovery; goal (-10.8, -0.2456724, 11.3)
act1-carry: check follow the household path north of the existing lateral dwelling: actual input (-10.876176, -0.26630232, 11.2999735) -> (-7.361534, -0.37415385, 11.299999); no teleport/recovery; goal (-7.3, -0.3522647, 11.3)
act1-carry: check the crossing remains behind after reaching its useful destination
act1-carry: check return from the existing service yard: actual input (-7.361534, -0.37415385, 11.299999) -> (-10.701692, -0.2739247, 11.299898); no teleport/recovery; goal (-10.8, -0.2456724, 11.3)
act1-carry: check return from the existing service yard: actual input (-10.701692, -0.2739247, 11.299898) -> (-14.70157, 0.022824517, 11.299746); no teleport/recovery; goal (-14.8, 0.052539192, 11.3)
act1-carry: check return from the existing service yard: actual input (-14.70157, 0.022824517, 11.299746) -> (-17.352154, 0.17310585, 11.300108); no teleport/recovery; goal (-17.4, 0.19930542, 11.3)
act1-carry: check return to the far bank without moving the plank: actual input (-17.352154, 0.17310585, 11.300108) -> (-17.400963, 0.18190299, 10.792612); no teleport/recovery; goal (-17.409187, 0.20708954, 10.709188)
act1-carry: check cross back on the same real plank: actual input (-17.400963, 0.18190299, 10.792612) -> (-15.542667, 0.62750787, 8.844707); no teleport/recovery; goal (-15.5000105, 0.5521173, 8.80001)
act1-carry: check return down the near bank: actual input (-15.542667, 0.62750787, 8.844707) -> (-13.657798, -0.12014502, 6.957868); no teleport/recovery; goal (-13.590812, -0.10306046, 6.890812)
zone-loaded: village_day@arrival connected-world=113950855103
SaveGameV3 restored.
act1-carry: check reload the snapshot made over the channel
act1-carry: check loading restores the player's physical support and the placed crossing together
act1-carry: check walk off the restored crossing: actual input (-15.431949, 0.6272296, 8.732356) -> (-13.627112, -0.12285111, 6.927121); no teleport/recovery; goal (-13.590812, -0.10306046, 6.890812)
act1-carry: check approach the empty board from the bank: actual input (-13.627112, -0.12285111, 6.927121) -> (-14.481678, 0.5863673, 7.7817054); no teleport/recovery; goal (-14.545406, 0.06681704, 7.845406)
act1-carry: check the empty crossing can be dismantled and its one board reused
act1-carry: check carry the removed plank down the bank: actual input (-14.481678, 0.5863673, 7.7817054) -> (-13.637688, -0.121972494, 6.93769); no teleport/recovery; goal (-13.590812, -0.10306046, 6.890812)
act1-carry: check the return turn uses captured ordinary mouse input
act1-carry-ordinary-turn: {"label":"try the direct return beside the visible gate post","ready":true,"requestedYaw":-133.23387,"yawDelta":-88.234985,"expectedScreenRelative":"(551.4687, 0)","deliveredScreenTotal":"(551.4687, 0)","delivered":1,"unhandled":1,"startedProcess":989,"startedPhysics":3415,"unhandledProcess":990,"process":991,"physics":3432,"frames":3,"milliseconds":263,"before":{"Position":{"X":-13.637687683105469,"Y":-0.12197249382734299,"Z":6.937689781188965},"RotationDegrees":{"X":0,"Y":-44.998897552490234,"Z":0}},"after":{"Position":{"X":-13.637687683105469,"Y":-0.12197249382734299,"Z":6.937689781188965},"RotationDegrees":{"X":0,"Y":-133.23388671875,"Z":0}},"focus":false,"mouseMode":"Captured","modal":false,"vehicle":false,"treePaused":false,"canProcess":true,"held":"[X: (-0.70710677, 0, -0.70710677), Y: (0, 1, 0), Z: (0.70710677, 0, -0.70710677), O: (-12.73261, 1.1380277, 6.0325775)]","validHeld":true,"events":[{"stage":"input","relative":"(827.20294, 0)","screenRelative":"(551.4687, 0)","process":990,"physics":3418,"yaw":-44.998898,"pitch":0},{"stage":"unhandled","relative":"(827.20294, 0)","screenRelative":"(551.4687, 0)","process":990,"physics":3418,"yaw":-133.23389,"pitch":0}]}
act1-carry: check one ordinary mouse event is delivered and applies the requested carry turn within the unchanged .15 degree tolerance
act1-carry-held-movement: label=try the direct return beside the visible gate post stalled=3 feet=(-13.472421, -0.13507797, 7.131878) goal=(-12.070532, -0.22308865, 8.411092) input=(0, -1) velocity=(0, 0, 0) camera=[X: (-0.6740479, 0, 0.7386877), Y: (0, 1, 0), Z: (-0.7386877, 0, -0.6740479), O: (-13.339458, 1.5649221, 7.253205)] requested=(2.5115042, 0, 2.2917316) constrained=(0, 0, 0) valid=True revision=45/45; full=[item=carry-board from=(-12.567343, 1.1249223, 6.2267656) cameraDelta=(0.041858405, 0, 0.038195528) start=[]; kind=camera to=(-12.485044, 1.124922, 8.032853) endpoint=[] swept=0,0054 contact=[/root/Act1CarryInteractionSmokeTest/Act1Demo/Main/ZoneHost/Act1ConnectedWorld/Act1CoreWorldGreybox/AgentBExteriorWorld/AgentB_ArchitectureCollision/Col_Gate_HouseA1_PostCapW]; kind=camera to=(-12.618008, 1.124922, 7.9115243) endpoint=[] swept=0,0068 contact=[/root/Act1CarryInteractionSmokeTest/Act1Demo/Main/ZoneHost/Act1ConnectedWorld/Act1CoreWorldGreybox/AgentBExteriorWorld/AgentB_ArchitectureCollision/Col_Gate_HouseA1_PostCapW]; kind=camera to=(-12.743585, 1.124922, 7.7969365) endpoint=[] swept=0,0083 contact=[/root/Act1CarryInteractionSmokeTest/Act1Demo/Main/ZoneHost/Act1ConnectedWorld/Act1CoreWorldGreybox/AgentBExteriorWorld/AgentB_ArchitectureCollision/Col_Gate_HouseA1_PostCapW]; kind=camera to=(-12.633334, 1.124922, 8.195364) endpoint=[] swept=0,0054 contact=[/root/Act1CarryInteractionSmokeTest/Act1Demo/Main/ZoneHost/Act1ConnectedWorld/Act1CoreWorldGreybox/AgentBExteriorWorld/AgentB_ArchitectureCollision/Col_Gate_HouseA1_PostCapW]; kind=camera to=(-12.336753, 1.124922, 7.870342) endpoint=[] swept=0,0054 contact=[/root/Act1CarryInteractionSmokeTest/Act1Demo/Main/ZoneHost/Act1ConnectedWorld/Act1CoreWorldGreybox/AgentBExteriorWorld/AgentB_ArchitectureCollision/Col_Gate_HouseA1_PostCapW]; retained accepted=False reason=sweep-blocked ownerAnchor=(-13.472421, -0.13507797, 7.131878) ownerFeet=(-13.472421, -0.13507797, 7.131878) horizontalReach=1,28000/1,35000 heightDifference=0,00000/0.25000; kind=retained to=(-12.525484, 1.1249223, 6.2649612) endpoint=[/root/Act1CarryInteractionSmokeTest/Act1Demo/Main/ZoneHost/Act1ConnectedWorld/Act1CoreWorldGreybox/AgentBExteriorWorld/AgentB_ArchitectureCollision/Col_Gate_HouseA1_PostW | /root/Act1CarryInteractionSmokeTest/Act1Demo/Main/ZoneHost/Act1ConnectedWorld/Act1CoreWorldGreybox/AgentBExteriorWorld/AgentB_ArchitectureCollision/Col_Gate_HouseA1_PostCapW] swept=0,1562 contact=[/root/Act1CarryInteractionSmokeTest/Act1Demo/Main/ZoneHost/Act1ConnectedWorld/Act1CoreWorldGreybox/AgentBExteriorWorld/AgentB_ArchitectureCollision/Col_Gate_HouseA1_PostCapW]]; x=[item=carry-board from=(-12.567343, 1.1249223, 6.2267656) cameraDelta=(0.041858405, 0, 0) start=[]; kind=camera to=(-12.485044, 1.124922, 7.9946575) endpoint=[] swept=0,0068 contact=[/root/Act1CarryInteractionSmokeTest/Act1Demo/Main/ZoneHost/Act1ConnectedWorld/Act1CoreWorldGreybox/AgentBExteriorWorld/AgentB_ArchitectureCollision/Col_Gate_HouseA1_PostCapW]; kind=camera to=(-12.618008, 1.124922, 7.8733287) endpoint=[] swept=0,0068 contact=[/root/Act1CarryInteractionSmokeTest/Act1Demo/Main/ZoneHost/Act1ConnectedWorld/Act1CoreWorldGreybox/AgentBExteriorWorld/AgentB_ArchitectureCollision/Col_Gate_HouseA1_PostCapW]; kind=camera to=(-12.743585, 1.124922, 7.758741) endpoint=[] swept=0,0083 contact=[/root/Act1CarryInteractionSmokeTest/Act1Demo/Main/ZoneHost/Act1ConnectedWorld/Act1CoreWorldGreybox/AgentBExteriorWorld/AgentB_ArchitectureCollision/Col_Gate_HouseA1_PostCapW]; kind=camera to=(-12.633334, 1.124922, 8.157168) endpoint=[] swept=0,0054 contact=[/root/Act1CarryInteractionSmokeTest/Act1Demo/Main/ZoneHost/Act1ConnectedWorld/Act1CoreWorldGreybox/AgentBExteriorWorld/AgentB_ArchitectureCollision/Col_Gate_HouseA1_PostCapW]; kind=camera to=(-12.336753, 1.124922, 7.832146) endpoint=[] swept=0,0068 contact=[/root/Act1CarryInteractionSmokeTest/Act1Demo/Main/ZoneHost/Act1ConnectedWorld/Act1CoreWorldGreybox/AgentBExteriorWorld/AgentB_ArchitectureCollision/Col_Gate_HouseA1_PostCapW]; retained accepted=False reason=sweep-blocked ownerAnchor=(-13.472421, -0.13507797, 7.131878) ownerFeet=(-13.472421, -0.13507797, 7.131878) horizontalReach=1,28000/1,35000 heightDifference=0,00000/0.25000; kind=retained to=(-12.525484, 1.1249223, 6.2267656) endpoint=[/root/Act1CarryInteractionSmokeTest/Act1Demo/Main/ZoneHost/Act1ConnectedWorld/Act1CoreWorldGreybox/AgentBExteriorWorld/AgentB_ArchitectureCollision/Col_Gate_HouseA1_PostCapW] swept=0,3008 contact=[/root/Act1CarryInteractionSmokeTest/Act1Demo/Main/ZoneHost/Act1ConnectedWorld/Act1CoreWorldGreybox/AgentBExteriorWorld/AgentB_ArchitectureCollision/Col_Gate_HouseA1_PostCapW]]; z=[item=carry-board from=(-12.567343, 1.1249223, 6.2267656) cameraDelta=(0, 0, 0.038195528) start=[]; kind=camera to=(-12.526902, 1.124922, 8.032853) endpoint=[] swept=0,0068 contact=[/root/Act1CarryInteractionSmokeTest/Act1Demo/Main/ZoneHost/Act1ConnectedWorld/Act1CoreWorldGreybox/AgentBExteriorWorld/AgentB_ArchitectureCollision/Col_Gate_HouseA1_PostCapW]; kind=camera to=(-12.659866, 1.124922, 7.9115243) endpoint=[] swept=0,0068 contact=[/root/Act1CarryInteractionSmokeTest/Act1Demo/Main/ZoneHost/Act1ConnectedWorld/Act1CoreWorldGreybox/AgentBExteriorWorld/AgentB_ArchitectureCollision/Col_Gate_HouseA1_PostCapW]; kind=camera to=(-12.785443, 1.124922, 7.7969365) endpoint=[] swept=0,0083 contact=[/root/Act1CarryInteractionSmokeTest/Act1Demo/Main/ZoneHost/Act1ConnectedWorld/Act1CoreWorldGreybox/AgentBExteriorWorld/AgentB_ArchitectureCollision/Col_Gate_HouseA1_PostCapW]; kind=camera to=(-12.675193, 1.124922, 8.195364) endpoint=[] swept=0,0068 contact=[/root/Act1CarryInteractionSmokeTest/Act1Demo/Main/ZoneHost/Act1ConnectedWorld/Act1CoreWorldGreybox/AgentBExteriorWorld/AgentB_ArchitectureCollision/Col_Gate_HouseA1_PostCapW]; kind=camera to=(-12.378612, 1.124922, 7.870342) endpoint=[] swept=0,0068 contact=[/root/Act1CarryInteractionSmokeTest/Act1Demo/Main/ZoneHost/Act1ConnectedWorld/Act1CoreWorldGreybox/AgentBExteriorWorld/AgentB_ArchitectureCollision/Col_Gate_HouseA1_PostCapW]; retained accepted=False reason=sweep-blocked ownerAnchor=(-13.472421, -0.13507797, 7.131878) ownerFeet=(-13.472421, -0.13507797, 7.131878) horizontalReach=1,28000/1,35000 heightDifference=0,00000/0.25000; kind=retained to=(-12.567343, 1.1249223, 6.2649612) endpoint=[/root/Act1CarryInteractionSmokeTest/Act1Demo/Main/ZoneHost/Act1ConnectedWorld/Act1CoreWorldGreybox/AgentBExteriorWorld/AgentB_ArchitectureCollision/Col_Gate_HouseA1_PostCapW] swept=0,3320 contact=[/root/Act1CarryInteractionSmokeTest/Act1Demo/Main/ZoneHost/Act1ConnectedWorld/Act1CoreWorldGreybox/AgentBExteriorWorld/AgentB_ArchitectureCollision/Col_Gate_HouseA1_PostCapW]]
act1-carry-held-movement: label=try the direct return beside the visible gate post stalled=30 feet=(-13.472421, -0.13507797, 7.131878) goal=(-12.070532, -0.22308865, 8.411092) input=(0, -1) velocity=(0, 0, 0) camera=[X: (-0.6740479, 0, 0.7386877), Y: (0, 1, 0), Z: (-0.7386877, 0, -0.6740479), O: (-13.339458, 1.5649221, 7.253205)] requested=(2.5115042, 0, 2.2917316) constrained=(0, 0, 0) valid=True revision=45/45; full=[item=carry-board from=(-12.567343, 1.1249223, 6.2267656) cameraDelta=(0.041858405, 0, 0.038195528) start=[]; kind=camera to=(-12.485044, 1.124922, 8.032853) endpoint=[] swept=0,0054 contact=[/root/Act1CarryInteractionSmokeTest/Act1Demo/Main/ZoneHost/Act1ConnectedWorld/Act1CoreWorldGreybox/AgentBExteriorWorld/AgentB_ArchitectureCollision/Col_Gate_HouseA1_PostCapW]; kind=camera to=(-12.618008, 1.124922, 7.9115243) endpoint=[] swept=0,0068 contact=[/root/Act1CarryInteractionSmokeTest/Act1Demo/Main/ZoneHost/Act1ConnectedWorld/Act1CoreWorldGreybox/AgentBExteriorWorld/AgentB_ArchitectureCollision/Col_Gate_HouseA1_PostCapW]; kind=camera to=(-12.743585, 1.124922, 7.7969365) endpoint=[] swept=0,0083 contact=[/root/Act1CarryInteractionSmokeTest/Act1Demo/Main/ZoneHost/Act1ConnectedWorld/Act1CoreWorldGreybox/AgentBExteriorWorld/AgentB_ArchitectureCollision/Col_Gate_HouseA1_PostCapW]; kind=camera to=(-12.633334, 1.124922, 8.195364) endpoint=[] swept=0,0054 contact=[/root/Act1CarryInteractionSmokeTest/Act1Demo/Main/ZoneHost/Act1ConnectedWorld/Act1CoreWorldGreybox/AgentBExteriorWorld/AgentB_ArchitectureCollision/Col_Gate_HouseA1_PostCapW]; kind=camera to=(-12.336753, 1.124922, 7.870342) endpoint=[] swept=0,0054 contact=[/root/Act1CarryInteractionSmokeTest/Act1Demo/Main/ZoneHost/Act1ConnectedWorld/Act1CoreWorldGreybox/AgentBExteriorWorld/AgentB_ArchitectureCollision/Col_Gate_HouseA1_PostCapW]; retained accepted=False reason=sweep-blocked ownerAnchor=(-13.472421, -0.13507797, 7.131878) ownerFeet=(-13.472421, -0.13507797, 7.131878) horizontalReach=1,28000/1,35000 heightDifference=0,00000/0.25000; kind=retained to=(-12.525484, 1.1249223, 6.2649612) endpoint=[/root/Act1CarryInteractionSmokeTest/Act1Demo/Main/ZoneHost/Act1ConnectedWorld/Act1CoreWorldGreybox/AgentBExteriorWorld/AgentB_ArchitectureCollision/Col_Gate_HouseA1_PostW | /root/Act1CarryInteractionSmokeTest/Act1Demo/Main/ZoneHost/Act1ConnectedWorld/Act1CoreWorldGreybox/AgentBExteriorWorld/AgentB_ArchitectureCollision/Col_Gate_HouseA1_PostCapW] swept=0,1562 contact=[/root/Act1CarryInteractionSmokeTest/Act1Demo/Main/ZoneHost/Act1ConnectedWorld/Act1CoreWorldGreybox/AgentBExteriorWorld/AgentB_ArchitectureCollision/Col_Gate_HouseA1_PostCapW]]; x=[item=carry-board from=(-12.567343, 1.1249223, 6.2267656) cameraDelta=(0.041858405, 0, 0) start=[]; kind=camera to=(-12.485044, 1.124922, 7.9946575) endpoint=[] swept=0,0068 contact=[/root/Act1CarryInteractionSmokeTest/Act1Demo/Main/ZoneHost/Act1ConnectedWorld/Act1CoreWorldGreybox/AgentBExteriorWorld/AgentB_ArchitectureCollision/Col_Gate_HouseA1_PostCapW]; kind=camera to=(-12.618008, 1.124922, 7.8733287) endpoint=[] swept=0,0068 contact=[/root/Act1CarryInteractionSmokeTest/Act1Demo/Main/ZoneHost/Act1ConnectedWorld/Act1CoreWorldGreybox/AgentBExteriorWorld/AgentB_ArchitectureCollision/Col_Gate_HouseA1_PostCapW]; kind=camera to=(-12.743585, 1.124922, 7.758741) endpoint=[] swept=0,0083 contact=[/root/Act1CarryInteractionSmokeTest/Act1Demo/Main/ZoneHost/Act1ConnectedWorld/Act1CoreWorldGreybox/AgentBExteriorWorld/AgentB_ArchitectureCollision/Col_Gate_HouseA1_PostCapW]; kind=camera to=(-12.633334, 1.124922, 8.157168) endpoint=[] swept=0,0054 contact=[/root/Act1CarryInteractionSmokeTest/Act1Demo/Main/ZoneHost/Act1ConnectedWorld/Act1CoreWorldGreybox/AgentBExteriorWorld/AgentB_ArchitectureCollision/Col_Gate_HouseA1_PostCapW]; kind=camera to=(-12.336753, 1.124922, 7.832146) endpoint=[] swept=0,0068 contact=[/root/Act1CarryInteractionSmokeTest/Act1Demo/Main/ZoneHost/Act1ConnectedWorld/Act1CoreWorldGreybox/AgentBExteriorWorld/AgentB_ArchitectureCollision/Col_Gate_HouseA1_PostCapW]; retained accepted=False reason=sweep-blocked ownerAnchor=(-13.472421, -0.13507797, 7.131878) ownerFeet=(-13.472421, -0.13507797, 7.131878) horizontalReach=1,28000/1,35000 heightDifference=0,00000/0.25000; kind=retained to=(-12.525484, 1.1249223, 6.2267656) endpoint=[/root/Act1CarryInteractionSmokeTest/Act1Demo/Main/ZoneHost/Act1ConnectedWorld/Act1CoreWorldGreybox/AgentBExteriorWorld/AgentB_ArchitectureCollision/Col_Gate_HouseA1_PostCapW] swept=0,3008 contact=[/root/Act1CarryInteractionSmokeTest/Act1Demo/Main/ZoneHost/Act1ConnectedWorld/Act1CoreWorldGreybox/AgentBExteriorWorld/AgentB_ArchitectureCollision/Col_Gate_HouseA1_PostCapW]]; z=[item=carry-board from=(-12.567343, 1.1249223, 6.2267656) cameraDelta=(0, 0, 0.038195528) start=[]; kind=camera to=(-12.526902, 1.124922, 8.032853) endpoint=[] swept=0,0068 contact=[/root/Act1CarryInteractionSmokeTest/Act1Demo/Main/ZoneHost/Act1ConnectedWorld/Act1CoreWorldGreybox/AgentBExteriorWorld/AgentB_ArchitectureCollision/Col_Gate_HouseA1_PostCapW]; kind=camera to=(-12.659866, 1.124922, 7.9115243) endpoint=[] swept=0,0068 contact=[/root/Act1CarryInteractionSmokeTest/Act1Demo/Main/ZoneHost/Act1ConnectedWorld/Act1CoreWorldGreybox/AgentBExteriorWorld/AgentB_ArchitectureCollision/Col_Gate_HouseA1_PostCapW]; kind=camera to=(-12.785443, 1.124922, 7.7969365) endpoint=[] swept=0,0083 contact=[/root/Act1CarryInteractionSmokeTest/Act1Demo/Main/ZoneHost/Act1ConnectedWorld/Act1CoreWorldGreybox/AgentBExteriorWorld/AgentB_ArchitectureCollision/Col_Gate_HouseA1_PostCapW]; kind=camera to=(-12.675193, 1.124922, 8.195364) endpoint=[] swept=0,0068 contact=[/root/Act1CarryInteractionSmokeTest/Act1Demo/Main/ZoneHost/Act1ConnectedWorld/Act1CoreWorldGreybox/AgentBExteriorWorld/AgentB_ArchitectureCollision/Col_Gate_HouseA1_PostCapW]; kind=camera to=(-12.378612, 1.124922, 7.870342) endpoint=[] swept=0,0068 contact=[/root/Act1CarryInteractionSmokeTest/Act1Demo/Main/ZoneHost/Act1ConnectedWorld/Act1CoreWorldGreybox/AgentBExteriorWorld/AgentB_ArchitectureCollision/Col_Gate_HouseA1_PostCapW]; retained accepted=False reason=sweep-blocked ownerAnchor=(-13.472421, -0.13507797, 7.131878) ownerFeet=(-13.472421, -0.13507797, 7.131878) horizontalReach=1,28000/1,35000 heightDifference=0,00000/0.25000; kind=retained to=(-12.567343, 1.1249223, 6.2649612) endpoint=[/root/Act1CarryInteractionSmokeTest/Act1Demo/Main/ZoneHost/Act1ConnectedWorld/Act1CoreWorldGreybox/AgentBExteriorWorld/AgentB_ArchitectureCollision/Col_Gate_HouseA1_PostCapW] swept=0,3320 contact=[/root/Act1CarryInteractionSmokeTest/Act1Demo/Main/ZoneHost/Act1ConnectedWorld/Act1CoreWorldGreybox/AgentBExteriorWorld/AgentB_ArchitectureCollision/Col_Gate_HouseA1_PostCapW]]
act1-carry-held-movement: label=try the direct return beside the visible gate post stalled=89 feet=(-13.472421, -0.13507797, 7.131878) goal=(-12.070532, -0.22308865, 8.411092) input=(0, -1) velocity=(0, 0, 0) camera=[X: (-0.6740479, 0, 0.7386877), Y: (0, 1, 0), Z: (-0.7386877, 0, -0.6740479), O: (-13.339458, 1.5649221, 7.253205)] requested=(2.5115042, 0, 2.2917316) constrained=(0, 0, 0) valid=True revision=45/45; full=[item=carry-board from=(-12.567343, 1.1249223, 6.2267656) cameraDelta=(0.041858405, 0, 0.038195528) start=[]; kind=camera to=(-12.485044, 1.124922, 8.032853) endpoint=[] swept=0,0054 contact=[/root/Act1CarryInteractionSmokeTest/Act1Demo/Main/ZoneHost/Act1ConnectedWorld/Act1CoreWorldGreybox/AgentBExteriorWorld/AgentB_ArchitectureCollision/Col_Gate_HouseA1_PostCapW]; kind=camera to=(-12.618008, 1.124922, 7.9115243) endpoint=[] swept=0,0068 contact=[/root/Act1CarryInteractionSmokeTest/Act1Demo/Main/ZoneHost/Act1ConnectedWorld/Act1CoreWorldGreybox/AgentBExteriorWorld/AgentB_ArchitectureCollision/Col_Gate_HouseA1_PostCapW]; kind=camera to=(-12.743585, 1.124922, 7.7969365) endpoint=[] swept=0,0083 contact=[/root/Act1CarryInteractionSmokeTest/Act1Demo/Main/ZoneHost/Act1ConnectedWorld/Act1CoreWorldGreybox/AgentBExteriorWorld/AgentB_ArchitectureCollision/Col_Gate_HouseA1_PostCapW]; kind=camera to=(-12.633334, 1.124922, 8.195364) endpoint=[] swept=0,0054 contact=[/root/Act1CarryInteractionSmokeTest/Act1Demo/Main/ZoneHost/Act1ConnectedWorld/Act1CoreWorldGreybox/AgentBExteriorWorld/AgentB_ArchitectureCollision/Col_Gate_HouseA1_PostCapW]; kind=camera to=(-12.336753, 1.124922, 7.870342) endpoint=[] swept=0,0054 contact=[/root/Act1CarryInteractionSmokeTest/Act1Demo/Main/ZoneHost/Act1ConnectedWorld/Act1CoreWorldGreybox/AgentBExteriorWorld/AgentB_ArchitectureCollision/Col_Gate_HouseA1_PostCapW]; retained accepted=False reason=sweep-blocked ownerAnchor=(-13.472421, -0.13507797, 7.131878) ownerFeet=(-13.472421, -0.13507797, 7.131878) horizontalReach=1,28000/1,35000 heightDifference=0,00000/0.25000; kind=retained to=(-12.525484, 1.1249223, 6.2649612) endpoint=[/root/Act1CarryInteractionSmokeTest/Act1Demo/Main/ZoneHost/Act1ConnectedWorld/Act1CoreWorldGreybox/AgentBExteriorWorld/AgentB_ArchitectureCollision/Col_Gate_HouseA1_PostW | /root/Act1CarryInteractionSmokeTest/Act1Demo/Main/ZoneHost/Act1ConnectedWorld/Act1CoreWorldGreybox/AgentBExteriorWorld/AgentB_ArchitectureCollision/Col_Gate_HouseA1_PostCapW] swept=0,1562 contact=[/root/Act1CarryInteractionSmokeTest/Act1Demo/Main/ZoneHost/Act1ConnectedWorld/Act1CoreWorldGreybox/AgentBExteriorWorld/AgentB_ArchitectureCollision/Col_Gate_HouseA1_PostCapW]]; x=[item=carry-board from=(-12.567343, 1.1249223, 6.2267656) cameraDelta=(0.041858405, 0, 0) start=[]; kind=camera to=(-12.485044, 1.124922, 7.9946575) endpoint=[] swept=0,0068 contact=[/root/Act1CarryInteractionSmokeTest/Act1Demo/Main/ZoneHost/Act1ConnectedWorld/Act1CoreWorldGreybox/AgentBExteriorWorld/AgentB_ArchitectureCollision/Col_Gate_HouseA1_PostCapW]; kind=camera to=(-12.618008, 1.124922, 7.8733287) endpoint=[] swept=0,0068 contact=[/root/Act1CarryInteractionSmokeTest/Act1Demo/Main/ZoneHost/Act1ConnectedWorld/Act1CoreWorldGreybox/AgentBExteriorWorld/AgentB_ArchitectureCollision/Col_Gate_HouseA1_PostCapW]; kind=camera to=(-12.743585, 1.124922, 7.758741) endpoint=[] swept=0,0083 contact=[/root/Act1CarryInteractionSmokeTest/Act1Demo/Main/ZoneHost/Act1ConnectedWorld/Act1CoreWorldGreybox/AgentBExteriorWorld/AgentB_ArchitectureCollision/Col_Gate_HouseA1_PostCapW]; kind=camera to=(-12.633334, 1.124922, 8.157168) endpoint=[] swept=0,0054 contact=[/root/Act1CarryInteractionSmokeTest/Act1Demo/Main/ZoneHost/Act1ConnectedWorld/Act1CoreWorldGreybox/AgentBExteriorWorld/AgentB_ArchitectureCollision/Col_Gate_HouseA1_PostCapW]; kind=camera to=(-12.336753, 1.124922, 7.832146) endpoint=[] swept=0,0068 contact=[/root/Act1CarryInteractionSmokeTest/Act1Demo/Main/ZoneHost/Act1ConnectedWorld/Act1CoreWorldGreybox/AgentBExteriorWorld/AgentB_ArchitectureCollision/Col_Gate_HouseA1_PostCapW]; retained accepted=False reason=sweep-blocked ownerAnchor=(-13.472421, -0.13507797, 7.131878) ownerFeet=(-13.472421, -0.13507797, 7.131878) horizontalReach=1,28000/1,35000 heightDifference=0,00000/0.25000; kind=retained to=(-12.525484, 1.1249223, 6.2267656) endpoint=[/root/Act1CarryInteractionSmokeTest/Act1Demo/Main/ZoneHost/Act1ConnectedWorld/Act1CoreWorldGreybox/AgentBExteriorWorld/AgentB_ArchitectureCollision/Col_Gate_HouseA1_PostCapW] swept=0,3008 contact=[/root/Act1CarryInteractionSmokeTest/Act1Demo/Main/ZoneHost/Act1ConnectedWorld/Act1CoreWorldGreybox/AgentBExteriorWorld/AgentB_ArchitectureCollision/Col_Gate_HouseA1_PostCapW]]; z=[item=carry-board from=(-12.567343, 1.1249223, 6.2267656) cameraDelta=(0, 0, 0.038195528) start=[]; kind=camera to=(-12.526902, 1.124922, 8.032853) endpoint=[] swept=0,0068 contact=[/root/Act1CarryInteractionSmokeTest/Act1Demo/Main/ZoneHost/Act1ConnectedWorld/Act1CoreWorldGreybox/AgentBExteriorWorld/AgentB_ArchitectureCollision/Col_Gate_HouseA1_PostCapW]; kind=camera to=(-12.659866, 1.124922, 7.9115243) endpoint=[] swept=0,0068 contact=[/root/Act1CarryInteractionSmokeTest/Act1Demo/Main/ZoneHost/Act1ConnectedWorld/Act1CoreWorldGreybox/AgentBExteriorWorld/AgentB_ArchitectureCollision/Col_Gate_HouseA1_PostCapW]; kind=camera to=(-12.785443, 1.124922, 7.7969365) endpoint=[] swept=0,0083 contact=[/root/Act1CarryInteractionSmokeTest/Act1Demo/Main/ZoneHost/Act1ConnectedWorld/Act1CoreWorldGreybox/AgentBExteriorWorld/AgentB_ArchitectureCollision/Col_Gate_HouseA1_PostCapW]; kind=camera to=(-12.675193, 1.124922, 8.195364) endpoint=[] swept=0,0068 contact=[/root/Act1CarryInteractionSmokeTest/Act1Demo/Main/ZoneHost/Act1ConnectedWorld/Act1CoreWorldGreybox/AgentBExteriorWorld/AgentB_ArchitectureCollision/Col_Gate_HouseA1_PostCapW]; kind=camera to=(-12.378612, 1.124922, 7.870342) endpoint=[] swept=0,0068 contact=[/root/Act1CarryInteractionSmokeTest/Act1Demo/Main/ZoneHost/Act1ConnectedWorld/Act1CoreWorldGreybox/AgentBExteriorWorld/AgentB_ArchitectureCollision/Col_Gate_HouseA1_PostCapW]; retained accepted=False reason=sweep-blocked ownerAnchor=(-13.472421, -0.13507797, 7.131878) ownerFeet=(-13.472421, -0.13507797, 7.131878) horizontalReach=1,28000/1,35000 heightDifference=0,00000/0.25000; kind=retained to=(-12.567343, 1.1249223, 6.2649612) endpoint=[/root/Act1CarryInteractionSmokeTest/Act1Demo/Main/ZoneHost/Act1ConnectedWorld/Act1CoreWorldGreybox/AgentBExteriorWorld/AgentB_ArchitectureCollision/Col_Gate_HouseA1_PostCapW] swept=0,3320 contact=[/root/Act1CarryInteractionSmokeTest/Act1Demo/Main/ZoneHost/Act1ConnectedWorld/Act1CoreWorldGreybox/AgentBExteriorWorld/AgentB_ArchitectureCollision/Col_Gate_HouseA1_PostCapW]]
act1-carry-observed-obstruction-hud: Предмет упирается в преграду. Отойдите назад или в сторону.
[Q] нельзя поставить: Край предмета останется без опоры · [R] повернуть
act1-carry: check try the direct return beside the visible gate post: actual input (-13.637688, -0.121972494, 6.93769) -> (-13.472421, -0.13507797, 7.131878); no teleport/recovery; goal (-12.070532, -0.22308865, 8.411092); observed refusal, destination NOT reached; contacts ; step 
act1-carry: check the observed refusal identifies the real gate post, not an unknown movement blocker
act1-carry: check ordinary HUD explains the carried object's obstruction and the available retreat
act1-carry: check ordinary retreat retains the same physically valid board
act1-carry: check ordinary retreat retains the same physically valid board
act1-carry: check ordinary retreat retains the same physically valid board
act1-carry: check ordinary retreat retains the same physically valid board
act1-carry: check ordinary retreat retains the same physically valid board
act1-carry: check ordinary retreat retains the same physically valid board
act1-carry: check ordinary retreat retains the same physically valid board
act1-carry: check ordinary retreat retains the same physically valid board
act1-carry: check ordinary retreat retains the same physically valid board
act1-carry: check ordinary retreat retains the same physically valid board
act1-carry: check ordinary retreat retains the same physically valid board
act1-carry: check ordinary retreat retains the same physically valid board
act1-carry: check ordinary retreat retains the same physically valid board
act1-carry: check ordinary retreat retains the same physically valid board
act1-carry: check ordinary retreat retains the same physically valid board
act1-carry: check ordinary retreat retains the same physically valid board
act1-carry: check ordinary backward input moves the board around the post: (-13.472421, -0.13507797, 7.131878) -> (-14.138697, -0.08409445, 6.521198); no new pose, turn or recovery
act1-carry: check the return turn uses captured ordinary mouse input
act1-carry-ordinary-turn: {"label":"return the same reusable plank after an ordinary backward retreat","ready":true,"requestedYaw":-132.42114,"yawDelta":-0.040893555,"expectedScreenRelative":"(0.25558472, 0)","deliveredScreenTotal":"(0.25558472, 0)","delivered":1,"unhandled":1,"startedProcess":1021,"startedPhysics":3563,"unhandledProcess":1022,"process":1023,"physics":3573,"frames":3,"milliseconds":104,"before":{"Position":{"X":-14.138696670532227,"Y":-0.08409444987773895,"Z":6.52119779586792},"RotationDegrees":{"X":0,"Y":-132.3802490234375,"Z":0}},"after":{"Position":{"X":-14.138696670532227,"Y":-0.08409444987773895,"Z":6.52119779586792},"RotationDegrees":{"X":0,"Y":-132.42112731933594,"Z":0}},"focus":false,"mouseMode":"Captured","modal":false,"vehicle":false,"treePaused":false,"canProcess":true,"held":"[X: (-0.70710677, 0, -0.70710677), Y: (0, 1, 0), Z: (0.70710677, 0, -0.70710677), O: (-13.193794, 1.1759057, 7.384652)]","validHeld":true,"events":[{"stage":"input","relative":"(0.38337705, 0)","screenRelative":"(0.25558472, 0)","process":1022,"physics":3567,"yaw":-132.38025,"pitch":0},{"stage":"unhandled","relative":"(0.38337705, 0)","screenRelative":"(0.25558472, 0)","process":1022,"physics":3567,"yaw":-132.42113,"pitch":0}]}
act1-carry: check one ordinary mouse event is delivered and applies the requested carry turn within the unchanged .15 degree tolerance
act1-carry: check return the same reusable plank after an ordinary backward retreat: actual input (-14.138697, -0.08409445, 6.521198) -> (-12.044784, -0.24795502, 8.433991); no teleport/recovery; goal (-12.070532, -0.22308865, 8.411092)
act1-carry: check the original battens also accept ordinary replacement: 
act1-carry: check one physical board is set down after return, with no duplicate in the channel
SaveGameV3 written to /Users/kadyrahunov/Library/Application Support/Godot/app_userdata/URMAN/savegames/carry-drain-returned.savegame-v3.json
act1-carry: check save the dismantled crossing and returned plank
zone-loaded: village_day@arrival connected-world=113950855103
SaveGameV3 restored.
act1-carry: check restore the returned object state
act1-carry: check return, reuse and save grant no unseen story knowledge or scene transition
zone-loaded: village_day@arrival connected-world=113950855103
SaveGameV3 restored.
act1-carry: check restore pristine carryables before the independent snow checks
act1-carry: check the unworked service drift has its real body and the blocking attempt has empty hands
act1-carry: check the snow gap has a clear supported street approach
act1-carry: check the visible snow mound physically blocks the uncleared service gap without moving a prop: (-24.686552, 0.3762914, -2.8499804); drift contact=True
act1-carry: check step back from the snow drift before fetching the shovel: actual input (-24.686552, 0.3762914, -2.8499804) -> (-24.00655, 0.3727465, -2.8499982); no teleport/recovery; goal (-23.95, 0.3957482, -2.85)
act1-carry: local camera fixture (-27.6, 0.2698306, 2.15) target=(-27.6, 0.679541, 0.9) side=(0, 0, 1) reach=1,25
act1-carry: check shovel is physically carried, not a remote switch
act1-carry: local camera fixture (-23.95, 0.37039664, -2.85) target=(-25.2, 0.56376266, -2.85) side=(1, 0, 0) reach=1,25
act1-carry: check only the aimed snow opening changes
act1-carry: check clearing removes the actual passage barrier
act1-carry: check walk through the cleared snow gap with the same shovel: actual input (-23.95, 0.37039664, -2.85) -> (-26.11458, 0.3528649, -2.8364954); no teleport/recovery; goal (-26.2, 0, -2.85)
act1-carry: check return through the same cleared service gap: actual input (-26.11458, 0.3528649, -2.8364954) -> (-24.023226, 0.37214637, -2.8410866); no teleport/recovery; goal (-23.95, 0, -2.85)
act1-carry: check woodpile approach uses the existing bath stair route and actual carried item
act1-carry-woodpile-candidate: terrainFeet=(-31.6, 0.45510456, 3.0500002) direction=(0, 0, -1) terrainFits=False contacts=[/root/Act1CarryInteractionSmokeTest/Act1Demo/Main/ZoneHost/Act1ConnectedWorld/Act1CoreWorldGreybox/AgentBExteriorWorld/AgentB_ArchitectureCollision shape=831] firstSurface=/root/Act1CarryInteractionSmokeTest/Act1Demo/Main/ZoneHost/Act1ConnectedWorld/Act1CoreWorldGreybox/AgentBExteriorWorld/AgentB_TerrainCollision surfacePoint=(-31.6, 0.43012094, 3.0500002) raisedFits=False diagnosticOnly=true
act1-carry-woodpile-candidate: terrainFeet=(-31.6, 0.7531637, 5.55) direction=(0, 0, 1) terrainFits=False contacts=[/root/Act1CarryInteractionSmokeTest/Act1Demo/Main/ZoneHost/Act1ConnectedWorld/Act1CoreWorldGreybox/AgentBExteriorWorld/AgentB_ArchitectureCollision shape=121 | /root/Act1CarryInteractionSmokeTest/Act1Demo/Main/ZoneHost/Act1ConnectedWorld/Act1CoreWorldGreybox/AgentBExteriorWorld/AgentB_ArchitectureCollision shape=129 | /root/Act1CarryInteractionSmokeTest/Act1Demo/Main/ZoneHost/Act1ConnectedWorld/Act1CoreWorldGreybox/BabaiBathhouse/BathEntryLandingBody shape=0 | /root/Act1CarryInteractionSmokeTest/Act1Demo/Main/ZoneHost/Act1ConnectedWorld/Act1CoreWorldGreybox/BabaiBathhouse/BathEntranceHinge/BathEntranceLeafBody shape=0 | /root/Act1CarryInteractionSmokeTest/Act1Demo/Main/ZoneHost/Act1ConnectedWorld/Act1CoreWorldGreybox/BabaiBathhouse/BathStoneFoundationBody shape=0] firstSurface=/root/Act1CarryInteractionSmokeTest/Act1Demo/Main/ZoneHost/Act1ConnectedWorld/Act1CoreWorldGreybox/BabaiBathhouse/BathEntryLandingBody surfacePoint=(-31.6, 1.4110625, 5.5499997) raisedFits=False diagnosticOnly=true
act1-carry-woodpile-candidate: terrainFeet=(-32.85, 0.737299, 4.3) direction=(-1, 0, 0) terrainFits=False contacts=[/root/Act1CarryInteractionSmokeTest/Act1Demo/Main/ZoneHost/Act1ConnectedWorld/Act1CoreWorldGreybox/Act1AuthoredExteriorKitPresentation/BabaiYardAuthoredWoodpile/AuthoredKitCollisionProxy shape=6 | /root/Act1CarryInteractionSmokeTest/Act1Demo/Main/ZoneHost/Act1ConnectedWorld/Act1CoreWorldGreybox/Act1AuthoredExteriorKitPresentation/BabaiYardAuthoredWoodpile/AuthoredKitCollisionProxy shape=5 | /root/Act1CarryInteractionSmokeTest/Act1Demo/Main/ZoneHost/Act1ConnectedWorld/Act1CoreWorldGreybox/Act1AuthoredExteriorKitPresentation/BabaiYardAuthoredWoodpile/AuthoredKitCollisionProxy shape=4 | /root/Act1CarryInteractionSmokeTest/Act1Demo/Main/ZoneHost/Act1ConnectedWorld/Act1CoreWorldGreybox/Act1AuthoredExteriorKitPresentation/BabaiYardAuthoredWoodpile/AuthoredKitCollisionProxy shape=3 | /root/Act1CarryInteractionSmokeTest/Act1Demo/Main/ZoneHost/Act1ConnectedWorld/Act1CoreWorldGreybox/Act1AuthoredExteriorKitPresentation/BabaiYardAuthoredWoodpile/AuthoredKitCollisionProxy shape=2 | /root/Act1CarryInteractionSmokeTest/Act1Demo/Main/ZoneHost/Act1ConnectedWorld/Act1CoreWorldGreybox/Act1AuthoredExteriorKitPresentation/BabaiYardAuthoredWoodpile/AuthoredKitCollisionProxy shape=1] firstSurface=/root/Act1CarryInteractionSmokeTest/Act1Demo/Main/ZoneHost/Act1ConnectedWorld/Act1CoreWorldGreybox/Act1AuthoredExteriorKitPresentation/BabaiYardAuthoredWoodpile/AuthoredKitCollisionProxy surfacePoint=(-32.850002, 1.3942018, 4.3000016) raisedFits=False diagnosticOnly=true
act1-carry-woodpile-candidate: terrainFeet=(-30.35, 0.5157404, 4.3) direction=(1, 0, 0) terrainFits=False contacts=[/root/Act1CarryInteractionSmokeTest/Act1Demo/Main/ZoneHost/Act1ConnectedWorld/Act1CoreWorldGreybox/BabaiBathhouse/BathEntryTread2Body shape=0 | /root/Act1CarryInteractionSmokeTest/Act1Demo/Main/ZoneHost/Act1ConnectedWorld/Act1CoreWorldGreybox/BabaiBathhouse/BathEntryTread1Body shape=0 | /root/Act1CarryInteractionSmokeTest/Act1Demo/Main/ZoneHost/Act1ConnectedWorld/Act1CoreWorldGreybox/BabaiBathhouse/BathEntryLandingBypassBody shape=0] firstSurface=/root/Act1CarryInteractionSmokeTest/Act1Demo/Main/ZoneHost/Act1ConnectedWorld/Act1CoreWorldGreybox/BabaiBathhouse/BathEntryTread1Body surfacePoint=(-30.350002, 1.2594265, 4.3000007) raisedFits=True diagnosticOnly=true
act1-carry-woodpile-candidate: terrainFeet=(-32.483883, 0.6009444, 3.4161167) direction=(-0.70710677, 0, -0.70710677) terrainFits=False contacts=[/root/Act1CarryInteractionSmokeTest/Act1Demo/Main/ZoneHost/Act1ConnectedWorld/Act1CoreWorldGreybox/Act1AuthoredExteriorKitPresentation/BabaiYardAuthoredWoodpile/AuthoredKitCollisionProxy shape=6 | /root/Act1CarryInteractionSmokeTest/Act1Demo/Main/ZoneHost/Act1ConnectedWorld/Act1CoreWorldGreybox/Act1AuthoredExteriorKitPresentation/BabaiYardAuthoredWoodpile/AuthoredKitCollisionProxy shape=0] firstSurface=/root/Act1CarryInteractionSmokeTest/Act1Demo/Main/ZoneHost/Act1ConnectedWorld/Act1CoreWorldGreybox/AgentBExteriorWorld/AgentB_TerrainCollision surfacePoint=(-32.483883, 0.5759752, 3.4161167) raisedFits=False diagnosticOnly=true
act1-carry-woodpile-candidate: terrainFeet=(-30.716118, 0.4384257, 3.4161167) direction=(0.70710677, 0, -0.70710677) terrainFits=True contacts=[] firstSurface=/root/Act1CarryInteractionSmokeTest/Act1Demo/Main/ZoneHost/Act1ConnectedWorld/Act1CoreWorldGreybox/AgentBExteriorWorld/AgentB_TerrainCollision surfacePoint=(-30.716118, 0.4134338, 3.4161167) raisedFits=True diagnosticOnly=true
act1-carry-woodpile-candidate: terrainFeet=(-32.483883, 0.7950678, 5.1838837) direction=(-0.70710677, 0, 0.70710677) terrainFits=False contacts=[/root/Act1CarryInteractionSmokeTest/Act1Demo/Main/ZoneHost/Act1ConnectedWorld/Act1CoreWorldGreybox/AgentBExteriorWorld/AgentB_ArchitectureCollision shape=830] firstSurface=/root/Act1CarryInteractionSmokeTest/Act1Demo/Main/ZoneHost/Act1ConnectedWorld/Act1CoreWorldGreybox/AgentBExteriorWorld/AgentB_ArchitectureCollision surfacePoint=(-32.483883, 0.7879998, 5.1838837) raisedFits=False diagnosticOnly=true
act1-carry-woodpile-candidate: terrainFeet=(-30.716118, 0.64978075, 5.1838837) direction=(0.70710677, 0, 0.70710677) terrainFits=False contacts=[/root/Act1CarryInteractionSmokeTest/Act1Demo/Main/ZoneHost/Act1ConnectedWorld/Act1CoreWorldGreybox/AgentBExteriorWorld/AgentB_ArchitectureCollision shape=133 | /root/Act1CarryInteractionSmokeTest/Act1Demo/Main/ZoneHost/Act1ConnectedWorld/Act1CoreWorldGreybox/BabaiBathhouse/BathEntryTread2Body shape=0 | /root/Act1CarryInteractionSmokeTest/Act1Demo/Main/ZoneHost/Act1ConnectedWorld/Act1CoreWorldGreybox/BabaiBathhouse/BathEntryTread1Body shape=0 | /root/Act1CarryInteractionSmokeTest/Act1Demo/Main/ZoneHost/Act1ConnectedWorld/Act1CoreWorldGreybox/BabaiBathhouse/BathEntryLandingBypassBody shape=0 | /root/Act1CarryInteractionSmokeTest/Act1Demo/Main/ZoneHost/Act1ConnectedWorld/Act1CoreWorldGreybox/BabaiBathhouse/BathEntryLandingBody shape=0] firstSurface=/root/Act1CarryInteractionSmokeTest/Act1Demo/Main/ZoneHost/Act1ConnectedWorld/Act1CoreWorldGreybox/BabaiBathhouse/BathEntryTread1Body surfacePoint=(-30.716118, 1.2594265, 5.183883) raisedFits=False diagnosticOnly=true
act1-carry: check the named ground approach below the bath steps fits the actual standing body
act1-carry: explicit local fixture at existing bath entryApproach=(-29.133991, 0.6949753, 5.941516); upper landing reached only by walking
act1-carry: check woodpile route settles on a real support with an unobstructed standing capsule
act1-carry: check woodpile route begins on the real ground below the existing lower stair
act1-carry: check the return turn uses captured ordinary mouse input
act1-carry-ordinary-turn: {"label":"carry the tool up the existing bath stair flight","ready":true,"requestedYaw":76.722275,"yawDelta":76.72229,"expectedScreenRelative":"(-479.5143, 0)","deliveredScreenTotal":"(-479.5143, 0)","delivered":1,"unhandled":1,"startedProcess":1122,"startedPhysics":3933,"unhandledProcess":1123,"process":1124,"physics":3942,"frames":3,"milliseconds":157,"before":{"Position":{"X":-29.133991241455078,"Y":0.6580221652984619,"Z":5.941515922546387},"RotationDegrees":{"X":0,"Y":0,"Z":0}},"after":{"Position":{"X":-29.133991241455078,"Y":0.6580221652984619,"Z":5.941515922546387},"RotationDegrees":{"X":0,"Y":76.7222900390625,"Z":0}},"focus":false,"mouseMode":"Captured","modal":false,"vehicle":false,"treePaused":false,"canProcess":true,"held":"[X: (-0.10566397, 0, -0.9944019), Y: (0, 1, 0), Z: (0.9944019, 0, -0.10566397), O: (-30.068327, 1.5165222, 5.721032)]","validHeld":true,"events":[{"stage":"input","relative":"(-719.2714, 0)","screenRelative":"(-479.5143, 0)","process":1123,"physics":3934,"yaw":0,"pitch":0},{"stage":"unhandled","relative":"(-719.2714, 0)","screenRelative":"(-479.5143, 0)","process":1123,"physics":3934,"yaw":76.72229,"pitch":0}]}
act1-carry: check one ordinary mouse event is delivered and applies the requested carry turn within the unchanged .15 degree tolerance
act1-carry: check carry the tool up the existing bath stair flight: actual input (-29.133991, 0.65802217, 5.941516) -> (-30.378353, 1.1847957, 5.6478753); no teleport/recovery; goal (-30.282448, 1.4110625, 5.6705036)
act1-carry: check the return turn uses captured ordinary mouse input
act1-carry-ordinary-turn: {"label":"follow the existing lower turn toward the supported side landing","ready":true,"requestedYaw":-18.13315,"yawDelta":-94.86063,"expectedScreenRelative":"(592.8789, 0)","deliveredScreenTotal":"(592.8789, 0)","delivered":1,"unhandled":1,"startedProcess":1172,"startedPhysics":4122,"unhandledProcess":1173,"process":1174,"physics":4128,"frames":3,"milliseconds":116,"before":{"Position":{"X":-30.378353118896484,"Y":1.1847957372665405,"Z":5.6478753089904785},"RotationDegrees":{"X":0,"Y":76.72747802734375,"Z":0}},"after":{"Position":{"X":-30.378353118896484,"Y":1.1847957372665405,"Z":5.6478753089904785},"RotationDegrees":{"X":0,"Y":-18.133140563964844,"Z":0}},"focus":false,"mouseMode":"Captured","modal":false,"vehicle":false,"treePaused":false,"canProcess":true,"held":"[X: (-0.10566397, 0, -0.9944019), Y: (0, 1, 0), Z: (0.9944019, 0, -0.10566397), O: (-30.079576, 2.0274837, 4.735555)]","validHeld":true,"events":[{"stage":"input","relative":"(889.3183, 0)","screenRelative":"(592.8789, 0)","process":1173,"physics":4123,"yaw":76.72748,"pitch":0},{"stage":"unhandled","relative":"(889.3183, 0)","screenRelative":"(592.8789, 0)","process":1173,"physics":4123,"yaw":-18.13314,"pitch":0}]}
act1-carry: check one ordinary mouse event is delivered and applies the requested carry turn within the unchanged .15 degree tolerance
act1-carry: check follow the existing lower turn toward the supported side landing: actual input (-30.378353, 1.1847957, 5.6478753) -> (-29.96393, 1.1071401, 4.46914); no teleport/recovery; goal (-30.01603, 1.4110625, 4.5415125)
act1-carry: check the return turn uses captured ordinary mouse input
act1-carry-ordinary-turn: {"label":"reach the woodpile view by walking onto the actual upper landing","ready":true,"requestedYaw":80.84191,"yawDelta":98.97516,"expectedScreenRelative":"(-618.5947, 0)","deliveredScreenTotal":"(-618.5947, 0)","delivered":1,"unhandled":1,"startedProcess":1179,"startedPhysics":4154,"unhandledProcess":1180,"process":1181,"physics":4172,"frames":3,"milliseconds":264,"before":{"Position":{"X":-29.963930130004883,"Y":1.107140064239502,"Z":4.46914005279541},"RotationDegrees":{"X":0,"Y":-18.13326072692871,"Z":0}},"after":{"Position":{"X":-29.963930130004883,"Y":1.107140064239502,"Z":4.46914005279541},"RotationDegrees":{"X":0,"Y":80.84188079833984,"Z":0}},"focus":false,"mouseMode":"Captured","modal":false,"vehicle":false,"treePaused":false,"canProcess":true,"held":"[X: (-0.10566397, 0, -0.9944019), Y: (0, 1, 0), Z: (0.9944019, 0, -0.10566397), O: (-30.911692, 1.9656351, 4.316347)]","validHeld":true,"events":[{"stage":"input","relative":"(-927.892, 0)","screenRelative":"(-618.5947, 0)","process":1180,"physics":4158,"yaw":-18.13326,"pitch":0},{"stage":"unhandled","relative":"(-927.892, 0)","screenRelative":"(-618.5947, 0)","process":1180,"physics":4158,"yaw":80.84188,"pitch":0}]}
act1-carry: check one ordinary mouse event is delivered and applies the requested carry turn within the unchanged .15 degree tolerance
act1-carry: check reach the woodpile view by walking onto the actual upper landing: actual input (-29.96393, 1.1071401, 4.46914) -> (-31.138302, 1.4114058, 4.280009); no teleport/recovery; goal (-31.096355, 1.4110625, 4.286577)
act1-carry: check woodpile route settles on a real support with an unobstructed standing capsule
act1-carry-woodpile-foot: offset=(-0,1,-0,18) owner=/root/Act1CarryInteractionSmokeTest/Act1Demo/Main/ZoneHost/Act1ConnectedWorld/Act1CoreWorldGreybox/BabaiBathhouse/BathEntryLandingBypassBody floor=(-31.336456, 1.4110625, 4.3359947)
act1-carry: check both feet stand on the real upper landing, not terrain beneath it or a selected roof
act1-carry-woodpile-foot: offset=(-0,1,0) owner=/root/Act1CarryInteractionSmokeTest/Act1Demo/Main/ZoneHost/Act1ConnectedWorld/Act1CoreWorldGreybox/BabaiBathhouse/BathEntryLandingBypassBody floor=(-31.161266, 1.4110625, 4.3773355)
act1-carry: check both feet stand on the real upper landing, not terrain beneath it or a selected roof
act1-carry-woodpile-foot: offset=(-0,1,0,18) owner=/root/Act1CarryInteractionSmokeTest/Act1Demo/Main/ZoneHost/Act1ConnectedWorld/Act1CoreWorldGreybox/BabaiBathhouse/BathEntryLandingBypassBody floor=(-30.986078, 1.4110625, 4.4186764)
act1-carry: check both feet stand on the real upper landing, not terrain beneath it or a selected roof
act1-carry-woodpile-foot: offset=(0,-0,18) owner=/root/Act1CarryInteractionSmokeTest/Act1Demo/Main/ZoneHost/Act1ConnectedWorld/Act1CoreWorldGreybox/BabaiBathhouse/BathEntryLandingBypassBody floor=(-31.313488, 1.4110625, 4.2386675)
act1-carry: check both feet stand on the real upper landing, not terrain beneath it or a selected roof
act1-carry-woodpile-foot: offset=(0,0) owner=/root/Act1CarryInteractionSmokeTest/Act1Demo/Main/ZoneHost/Act1ConnectedWorld/Act1CoreWorldGreybox/BabaiBathhouse/BathEntryLandingBypassBody floor=(-31.1383, 1.4110625, 4.2800083)
act1-carry: check both feet stand on the real upper landing, not terrain beneath it or a selected roof
act1-carry-woodpile-foot: offset=(0,0,18) owner=/root/Act1CarryInteractionSmokeTest/Act1Demo/Main/ZoneHost/Act1ConnectedWorld/Act1CoreWorldGreybox/BabaiBathhouse/BathEntryLandingBypassBody floor=(-30.963112, 1.4110625, 4.321349)
act1-carry: check both feet stand on the real upper landing, not terrain beneath it or a selected roof
act1-carry-woodpile-foot: offset=(0,1,-0,18) owner=/root/Act1CarryInteractionSmokeTest/Act1Demo/Main/ZoneHost/Act1ConnectedWorld/Act1CoreWorldGreybox/BabaiBathhouse/BathEntryLandingBypassBody floor=(-31.290522, 1.4110625, 4.141341)
act1-carry: check both feet stand on the real upper landing, not terrain beneath it or a selected roof
act1-carry-woodpile-foot: offset=(0,1,0) owner=/root/Act1CarryInteractionSmokeTest/Act1Demo/Main/ZoneHost/Act1ConnectedWorld/Act1CoreWorldGreybox/BabaiBathhouse/BathEntryLandingBypassBody floor=(-31.115335, 1.4110625, 4.1826816)
act1-carry: check both feet stand on the real upper landing, not terrain beneath it or a selected roof
act1-carry-woodpile-foot: offset=(0,1,0,18) owner=/root/Act1CarryInteractionSmokeTest/Act1Demo/Main/ZoneHost/Act1ConnectedWorld/Act1CoreWorldGreybox/BabaiBathhouse/BathEntryLandingBypassBody floor=(-30.940145, 1.4110625, 4.2240224)
act1-carry: check both feet stand on the real upper landing, not terrain beneath it or a selected roof
act1-carry: check the stair approach preserves actual custody and the complete held-object pose
act1-carry-woodpile-landing: feet=(-31.138302, 1.4114058, 4.280009) bathLocal=(3.6967602, 0.00034332275, 1.7976665) camera=[X: (-0.03008238, 0, -0.9995474), Y: (-0.98981965, 0.13917512, 0.029789614), Z: (0.13911214, 0.9902678, -0.004186719), O: (-31.318218, 3.1104794, 4.2854238)] target=/root/Act1CarryInteractionSmokeTest/Act1Demo/Main/ZoneHost/Act1ConnectedWorld/CarryCoordinator/YardTool_shovel/Use_shovel_woodpile targetPoint=(-31.6, 0.6201632, 4.3) centerDistance=2,50625 rayOwner=/root/Act1CarryInteractionSmokeTest/Act1Demo/Main/ZoneHost/Act1ConnectedWorld/CarryCoordinator/YardTool_shovel/Use_shovel_woodpile held=carry-tool-shovel validHeld=True
act1-carry: check the real 2.7m interaction ray from the walked landing reaches the actual snow or axe before any stair collider
act1-carry: check second aimed clearing reveals its real object
act1-carry: check the return turn uses captured ordinary mouse input
act1-carry-ordinary-turn: {"label":"return from the woodpile along the same supported side of the bath steps","ready":true,"requestedYaw":-103.1166,"yawDelta":165.15955,"expectedScreenRelative":"(-1032.2472, -512.5)","deliveredScreenTotal":"(-1032.2472, -512.5)","delivered":1,"unhandled":1,"startedProcess":1196,"startedPhysics":4230,"unhandledProcess":1197,"process":1198,"physics":4234,"frames":3,"milliseconds":77,"before":{"Position":{"X":-31.138301849365234,"Y":1.4114058017730713,"Z":4.280008792877197},"RotationDegrees":{"X":-82,"Y":91.72384643554688,"Z":0}},"after":{"Position":{"X":-31.138301849365234,"Y":1.4114058017730713,"Z":4.280008792877197},"RotationDegrees":{"X":0,"Y":-103.11659240722656,"Z":0}},"focus":false,"mouseMode":"Captured","modal":false,"vehicle":false,"treePaused":false,"canProcess":true,"held":"[X: (-0.10566397, 0, -0.9944019), Y: (0, 1, 0), Z: (0.9944019, 0, -0.10566397), O: (-30.203352, 2.269901, 4.4978642)]","validHeld":true,"events":[{"stage":"input","relative":"(-1548.3706, -768.74994)","screenRelative":"(-1032.2472, -512.5)","process":1197,"physics":4230,"yaw":91.72385,"pitch":-82},{"stage":"unhandled","relative":"(-1548.3706, -768.74994)","screenRelative":"(-1032.2472, -512.5)","process":1197,"physics":4230,"yaw":-103.11659,"pitch":0}]}
act1-carry: check one ordinary mouse event is delivered and applies the requested carry turn within the unchanged .15 degree tolerance
act1-carry: check return from the woodpile along the same supported side of the bath steps: actual input (-31.138302, 1.4114058, 4.280009) -> (-30.002989, 1.1077638, 4.5445476); no teleport/recovery; goal (-30.01603, 1.4110625, 4.5415125)
act1-carry: check the return turn uses captured ordinary mouse input
act1-carry-ordinary-turn: {"label":"return to the original lower stair flight with the same carried item","ready":true,"requestedYaw":166.06102,"yawDelta":-90.816895,"expectedScreenRelative":"(567.6056, 0)","deliveredScreenTotal":"(567.6056, 0)","delivered":1,"unhandled":1,"startedProcess":1218,"startedPhysics":4323,"unhandledProcess":1219,"process":1220,"physics":4335,"frames":3,"milliseconds":181,"before":{"Position":{"X":-30.002988815307617,"Y":1.1077637672424316,"Z":4.5445475578308105},"RotationDegrees":{"X":0,"Y":-103.12207794189453,"Z":0}},"after":{"Position":{"X":-30.002988815307617,"Y":1.1077637672424316,"Z":4.5445475578308105},"RotationDegrees":{"X":0,"Y":166.06101989746094,"Z":0}},"focus":false,"mouseMode":"Captured","modal":false,"vehicle":false,"treePaused":false,"canProcess":true,"held":"[X: (-0.10566397, 0, -0.9944019), Y: (0, 1, 0), Z: (0.9944019, 0, -0.10566397), O: (-30.234241, 1.966214, 5.4762754)]","validHeld":true,"events":[{"stage":"input","relative":"(851.4083, 0)","screenRelative":"(567.6056, 0)","process":1219,"physics":4325,"yaw":-103.12208,"pitch":0},{"stage":"unhandled","relative":"(851.4083, 0)","screenRelative":"(567.6056, 0)","process":1219,"physics":4325,"yaw":166.06102,"pitch":0}]}
act1-carry: check one ordinary mouse event is delivered and applies the requested carry turn within the unchanged .15 degree tolerance
act1-carry: check return to the original lower stair flight with the same carried item: actual input (-30.002989, 1.1077638, 4.5445476) -> (-30.289644, 1.1077638, 5.6994934); no teleport/recovery; goal (-30.282448, 1.4110625, 5.6705036)
act1-carry: check the return turn uses captured ordinary mouse input
act1-carry-ordinary-turn: {"label":"descend the actual bath stairs back to their ground approach","ready":true,"requestedYaw":-101.82822,"yawDelta":92.110596,"expectedScreenRelative":"(-575.6912, 0)","deliveredScreenTotal":"(-575.6912, 0)","delivered":1,"unhandled":1,"startedProcess":1232,"startedPhysics":4360,"unhandledProcess":1233,"process":1234,"physics":4367,"frames":3,"milliseconds":106,"before":{"Position":{"X":-30.289644241333008,"Y":1.1077637672424316,"Z":5.699493408203125},"RotationDegrees":{"X":0,"Y":166.06118774414062,"Z":0}},"after":{"Position":{"X":-30.289644241333008,"Y":1.1077637672424316,"Z":5.699493408203125},"RotationDegrees":{"X":0,"Y":-101.82820129394531,"Z":0}},"focus":false,"mouseMode":"Captured","modal":false,"vehicle":false,"treePaused":false,"canProcess":true,"held":"[X: (-0.10566397, 0, -0.9944019), Y: (0, 1, 0), Z: (0.9944019, 0, -0.10566397), O: (-29.35003, 1.9662635, 5.896271)]","validHeld":true,"events":[{"stage":"input","relative":"(-863.53674, 0)","screenRelative":"(-575.6912, 0)","process":1233,"physics":4362,"yaw":166.06119,"pitch":0},{"stage":"unhandled","relative":"(-863.53674, 0)","screenRelative":"(-575.6912, 0)","process":1233,"physics":4362,"yaw":-101.8282,"pitch":0}]}
act1-carry: check one ordinary mouse event is delivered and applies the requested carry turn within the unchanged .15 degree tolerance
act1-carry: check descend the actual bath stairs back to their ground approach: actual input (-30.289644, 1.1077638, 5.6994934) -> (-29.165342, 0.6579527, 5.937523); no teleport/recovery; goal (-29.133991, 0.6949753, 5.941516)
act1-carry: check woodpile route settles on a real support with an unobstructed standing capsule
act1-carry: check the woodpile return ends grounded with the same real item and valid full-body carry pose
act1-carry: check the real ground beyond the lower stair supports the complete shovel: 
act1-carry: check ordinary placement frees both hands outside the bath steps
act1-carry: check woodpile approach uses the existing bath stair route and actual carried item
act1-carry-woodpile-candidate: terrainFeet=(-31.6, 0.45510456, 3.0500002) direction=(0, 0, -1) terrainFits=False contacts=[/root/Act1CarryInteractionSmokeTest/Act1Demo/Main/ZoneHost/Act1ConnectedWorld/Act1CoreWorldGreybox/AgentBExteriorWorld/AgentB_ArchitectureCollision shape=831] firstSurface=/root/Act1CarryInteractionSmokeTest/Act1Demo/Main/ZoneHost/Act1ConnectedWorld/Act1CoreWorldGreybox/AgentBExteriorWorld/AgentB_TerrainCollision surfacePoint=(-31.6, 0.43012094, 3.0500002) raisedFits=False diagnosticOnly=true
act1-carry-woodpile-candidate: terrainFeet=(-31.6, 0.7531637, 5.55) direction=(0, 0, 1) terrainFits=False contacts=[/root/Act1CarryInteractionSmokeTest/Act1Demo/Main/ZoneHost/Act1ConnectedWorld/Act1CoreWorldGreybox/AgentBExteriorWorld/AgentB_ArchitectureCollision shape=129 | /root/Act1CarryInteractionSmokeTest/Act1Demo/Main/ZoneHost/Act1ConnectedWorld/Act1CoreWorldGreybox/AgentBExteriorWorld/AgentB_ArchitectureCollision shape=121 | /root/Act1CarryInteractionSmokeTest/Act1Demo/Main/ZoneHost/Act1ConnectedWorld/Act1CoreWorldGreybox/BabaiBathhouse/BathEntryLandingBody shape=0 | /root/Act1CarryInteractionSmokeTest/Act1Demo/Main/ZoneHost/Act1ConnectedWorld/Act1CoreWorldGreybox/BabaiBathhouse/BathEntranceHinge/BathEntranceLeafBody shape=0 | /root/Act1CarryInteractionSmokeTest/Act1Demo/Main/ZoneHost/Act1ConnectedWorld/Act1CoreWorldGreybox/BabaiBathhouse/BathStoneFoundationBody shape=0] firstSurface=/root/Act1CarryInteractionSmokeTest/Act1Demo/Main/ZoneHost/Act1ConnectedWorld/Act1CoreWorldGreybox/BabaiBathhouse/BathEntryLandingBody surfacePoint=(-31.6, 1.4110625, 5.5499997) raisedFits=False diagnosticOnly=true
act1-carry-woodpile-candidate: terrainFeet=(-32.85, 0.737299, 4.3) direction=(-1, 0, 0) terrainFits=False contacts=[/root/Act1CarryInteractionSmokeTest/Act1Demo/Main/ZoneHost/Act1ConnectedWorld/Act1CoreWorldGreybox/Act1AuthoredExteriorKitPresentation/BabaiYardAuthoredWoodpile/AuthoredKitCollisionProxy shape=6 | /root/Act1CarryInteractionSmokeTest/Act1Demo/Main/ZoneHost/Act1ConnectedWorld/Act1CoreWorldGreybox/Act1AuthoredExteriorKitPresentation/BabaiYardAuthoredWoodpile/AuthoredKitCollisionProxy shape=5 | /root/Act1CarryInteractionSmokeTest/Act1Demo/Main/ZoneHost/Act1ConnectedWorld/Act1CoreWorldGreybox/Act1AuthoredExteriorKitPresentation/BabaiYardAuthoredWoodpile/AuthoredKitCollisionProxy shape=4 | /root/Act1CarryInteractionSmokeTest/Act1Demo/Main/ZoneHost/Act1ConnectedWorld/Act1CoreWorldGreybox/Act1AuthoredExteriorKitPresentation/BabaiYardAuthoredWoodpile/AuthoredKitCollisionProxy shape=3 | /root/Act1CarryInteractionSmokeTest/Act1Demo/Main/ZoneHost/Act1ConnectedWorld/Act1CoreWorldGreybox/Act1AuthoredExteriorKitPresentation/BabaiYardAuthoredWoodpile/AuthoredKitCollisionProxy shape=2 | /root/Act1CarryInteractionSmokeTest/Act1Demo/Main/ZoneHost/Act1ConnectedWorld/Act1CoreWorldGreybox/Act1AuthoredExteriorKitPresentation/BabaiYardAuthoredWoodpile/AuthoredKitCollisionProxy shape=1] firstSurface=/root/Act1CarryInteractionSmokeTest/Act1Demo/Main/ZoneHost/Act1ConnectedWorld/Act1CoreWorldGreybox/Act1AuthoredExteriorKitPresentation/BabaiYardAuthoredWoodpile/AuthoredKitCollisionProxy surfacePoint=(-32.850002, 1.3942018, 4.3000016) raisedFits=False diagnosticOnly=true
act1-carry-woodpile-candidate: terrainFeet=(-30.35, 0.5157404, 4.3) direction=(1, 0, 0) terrainFits=False contacts=[/root/Act1CarryInteractionSmokeTest/Act1Demo/Main/ZoneHost/Act1ConnectedWorld/Act1CoreWorldGreybox/BabaiBathhouse/BathEntryTread2Body shape=0 | /root/Act1CarryInteractionSmokeTest/Act1Demo/Main/ZoneHost/Act1ConnectedWorld/Act1CoreWorldGreybox/BabaiBathhouse/BathEntryTread1Body shape=0 | /root/Act1CarryInteractionSmokeTest/Act1Demo/Main/ZoneHost/Act1ConnectedWorld/Act1CoreWorldGreybox/BabaiBathhouse/BathEntryLandingBypassBody shape=0] firstSurface=/root/Act1CarryInteractionSmokeTest/Act1Demo/Main/ZoneHost/Act1ConnectedWorld/Act1CoreWorldGreybox/BabaiBathhouse/BathEntryTread1Body surfacePoint=(-30.350002, 1.2594265, 4.3000007) raisedFits=True diagnosticOnly=true
act1-carry-woodpile-candidate: terrainFeet=(-32.483883, 0.6009444, 3.4161167) direction=(-0.70710677, 0, -0.70710677) terrainFits=False contacts=[/root/Act1CarryInteractionSmokeTest/Act1Demo/Main/ZoneHost/Act1ConnectedWorld/Act1CoreWorldGreybox/Act1AuthoredExteriorKitPresentation/BabaiYardAuthoredWoodpile/AuthoredKitCollisionProxy shape=6 | /root/Act1CarryInteractionSmokeTest/Act1Demo/Main/ZoneHost/Act1ConnectedWorld/Act1CoreWorldGreybox/Act1AuthoredExteriorKitPresentation/BabaiYardAuthoredWoodpile/AuthoredKitCollisionProxy shape=0] firstSurface=/root/Act1CarryInteractionSmokeTest/Act1Demo/Main/ZoneHost/Act1ConnectedWorld/Act1CoreWorldGreybox/AgentBExteriorWorld/AgentB_TerrainCollision surfacePoint=(-32.483883, 0.5759752, 3.4161167) raisedFits=False diagnosticOnly=true
act1-carry-woodpile-candidate: terrainFeet=(-30.716118, 0.4384257, 3.4161167) direction=(0.70710677, 0, -0.70710677) terrainFits=True contacts=[] firstSurface=/root/Act1CarryInteractionSmokeTest/Act1Demo/Main/ZoneHost/Act1ConnectedWorld/Act1CoreWorldGreybox/AgentBExteriorWorld/AgentB_TerrainCollision surfacePoint=(-30.716118, 0.4134338, 3.4161167) raisedFits=True diagnosticOnly=true
act1-carry-woodpile-candidate: terrainFeet=(-32.483883, 0.7950678, 5.1838837) direction=(-0.70710677, 0, 0.70710677) terrainFits=False contacts=[/root/Act1CarryInteractionSmokeTest/Act1Demo/Main/ZoneHost/Act1ConnectedWorld/Act1CoreWorldGreybox/AgentBExteriorWorld/AgentB_ArchitectureCollision shape=830] firstSurface=/root/Act1CarryInteractionSmokeTest/Act1Demo/Main/ZoneHost/Act1ConnectedWorld/Act1CoreWorldGreybox/AgentBExteriorWorld/AgentB_ArchitectureCollision surfacePoint=(-32.483883, 0.7879998, 5.1838837) raisedFits=False diagnosticOnly=true
act1-carry-woodpile-candidate: terrainFeet=(-30.716118, 0.64978075, 5.1838837) direction=(0.70710677, 0, 0.70710677) terrainFits=False contacts=[/root/Act1CarryInteractionSmokeTest/Act1Demo/Main/ZoneHost/Act1ConnectedWorld/Act1CoreWorldGreybox/AgentBExteriorWorld/AgentB_ArchitectureCollision shape=133 | /root/Act1CarryInteractionSmokeTest/Act1Demo/Main/ZoneHost/Act1ConnectedWorld/Act1CoreWorldGreybox/BabaiBathhouse/BathEntryTread2Body shape=0 | /root/Act1CarryInteractionSmokeTest/Act1Demo/Main/ZoneHost/Act1ConnectedWorld/Act1CoreWorldGreybox/BabaiBathhouse/BathEntryTread1Body shape=0 | /root/Act1CarryInteractionSmokeTest/Act1Demo/Main/ZoneHost/Act1ConnectedWorld/Act1CoreWorldGreybox/BabaiBathhouse/BathEntryLandingBypassBody shape=0 | /root/Act1CarryInteractionSmokeTest/Act1Demo/Main/ZoneHost/Act1ConnectedWorld/Act1CoreWorldGreybox/BabaiBathhouse/BathEntryLandingBody shape=0] firstSurface=/root/Act1CarryInteractionSmokeTest/Act1Demo/Main/ZoneHost/Act1ConnectedWorld/Act1CoreWorldGreybox/BabaiBathhouse/BathEntryTread1Body surfacePoint=(-30.716118, 1.2594265, 5.183883) raisedFits=False diagnosticOnly=true
act1-carry: check return for the axe begins where the previous real descent ended
act1-carry: check woodpile route settles on a real support with an unobstructed standing capsule
act1-carry: check woodpile route begins on the real ground below the existing lower stair
act1-carry: check the return turn uses captured ordinary mouse input
act1-carry-ordinary-turn: {"label":"carry the tool up the existing bath stair flight","ready":true,"requestedYaw":76.556946,"yawDelta":179.65002,"expectedScreenRelative":"(-1122.8126, -393.78226)","deliveredScreenTotal":"(-1122.8126, -393.78226)","delivered":1,"unhandled":1,"startedProcess":1279,"startedPhysics":4549,"unhandledProcess":1280,"process":1281,"physics":4552,"frames":3,"milliseconds":71,"before":{"Position":{"X":-29.165342330932617,"Y":0.6579527258872986,"Z":5.937522888183594},"RotationDegrees":{"X":-63.00516128540039,"Y":-103.09306335449219,"Z":0}},"after":{"Position":{"X":-29.165342330932617,"Y":0.6579527258872986,"Z":5.937522888183594},"RotationDegrees":{"X":0,"Y":76.55694580078125,"Z":0}},"focus":false,"mouseMode":"Captured","modal":false,"vehicle":false,"treePaused":false,"canProcess":true,"held":null,"validHeld":true,"events":[{"stage":"input","relative":"(-1684.2188, -590.67334)","screenRelative":"(-1122.8126, -393.78226)","process":1280,"physics":4549,"yaw":-103.09306,"pitch":-63.00516128540039},{"stage":"unhandled","relative":"(-1684.2188, -590.67334)","screenRelative":"(-1122.8126, -393.78226)","process":1280,"physics":4549,"yaw":76.556946,"pitch":0}]}
act1-carry: check one ordinary mouse event is delivered and applies the requested carry turn within the unchanged .15 degree tolerance
act1-carry: check carry the tool up the existing bath stair flight: actual input (-29.165342, 0.6579527, 5.937523) -> (-30.307383, 1.1079094, 5.6644983); no teleport/recovery; goal (-30.282448, 1.4110625, 5.6705036)
act1-carry: check the return turn uses captured ordinary mouse input
act1-carry-ordinary-turn: {"label":"follow the existing lower turn toward the supported side landing","ready":true,"requestedYaw":-14.544434,"yawDelta":-91.10419,"expectedScreenRelative":"(569.4012, 0)","deliveredScreenTotal":"(569.4012, 0)","delivered":1,"unhandled":1,"startedProcess":1290,"startedPhysics":4580,"unhandledProcess":1291,"process":1292,"physics":4586,"frames":3,"milliseconds":112,"before":{"Position":{"X":-30.307382583618164,"Y":1.1079094409942627,"Z":5.664498329162598},"RotationDegrees":{"X":0,"Y":76.55975341796875,"Z":0}},"after":{"Position":{"X":-30.307382583618164,"Y":1.1079094409942627,"Z":5.664498329162598},"RotationDegrees":{"X":0,"Y":-14.544429779052734,"Z":0}},"focus":false,"mouseMode":"Captured","modal":false,"vehicle":false,"treePaused":false,"canProcess":true,"held":null,"validHeld":true,"events":[{"stage":"input","relative":"(854.1017, 0)","screenRelative":"(569.4012, 0)","process":1291,"physics":4581,"yaw":76.55975,"pitch":0},{"stage":"unhandled","relative":"(854.1017, 0)","screenRelative":"(569.4012, 0)","process":1291,"physics":4581,"yaw":-14.54443,"pitch":0}]}
act1-carry: check one ordinary mouse event is delivered and applies the requested carry turn within the unchanged .15 degree tolerance
act1-carry: check follow the existing lower turn toward the supported side landing: actual input (-30.307383, 1.1079094, 5.6644983) -> (-30.022783, 1.1079094, 4.5674925); no teleport/recovery; goal (-30.01603, 1.4110625, 4.5415125)
act1-carry: check the return turn uses captured ordinary mouse input
act1-carry-ordinary-turn: {"label":"reach the woodpile view by walking onto the actual upper landing","ready":true,"requestedYaw":75.33652,"yawDelta":-90.1178,"expectedScreenRelative":"(563.23627, 0)","deliveredScreenTotal":"(563.23627, 0)","delivered":1,"unhandled":1,"startedProcess":1302,"startedPhysics":4626,"unhandledProcess":1303,"process":1304,"physics":4630,"frames":3,"milliseconds":82,"before":{"Position":{"X":-30.022783279418945,"Y":1.1079094409942627,"Z":4.567492485046387},"RotationDegrees":{"X":0,"Y":165.45431518554688,"Z":0}},"after":{"Position":{"X":-30.022783279418945,"Y":1.1079094409942627,"Z":4.567492485046387},"RotationDegrees":{"X":0,"Y":75.33653259277344,"Z":0}},"focus":false,"mouseMode":"Captured","modal":false,"vehicle":false,"treePaused":false,"canProcess":true,"held":null,"validHeld":true,"events":[{"stage":"input","relative":"(844.8543, 0)","screenRelative":"(563.23627, 0)","process":1303,"physics":4626,"yaw":165.45432,"pitch":0},{"stage":"unhandled","relative":"(844.8543, 0)","screenRelative":"(563.23627, 0)","process":1303,"physics":4626,"yaw":75.33653,"pitch":0}]}
act1-carry: check one ordinary mouse event is delivered and applies the requested carry turn within the unchanged .15 degree tolerance
act1-carry-observed-obstruction-hud: 
act1-carry: FAIL System.InvalidOperationException: reach the woodpile view by walking onto the actual upper landing: actual input (-30.022783, 1.1079094, 4.5674925) -> (-31.699898, 0.6297723, 4.1406183); no teleport/recovery; goal (-31.096355, 1.4110625, 4.286577); contacts body=/root/Act1CarryInteractionSmokeTest/Act1Demo/Main/ZoneHost/Act1ConnectedWorld/Act1CoreWorldGreybox/BabaiBathhouse/BathEntryTread1Body shape=/root/Act1CarryInteractionSmokeTest/Act1Demo/Main/ZoneHost/Act1ConnectedWorld/Act1CoreWorldGreybox/BabaiBathhouse/BathEntryTread1Body/Contact normal=(0.71768725, 0.6754572, 0.16935945) at=(-30.328457, 1.2594266, 4.493952) | body=/root/Act1CarryInteractionSmokeTest/Act1Demo/Main/ZoneHost/Act1ConnectedWorld/Act1CoreWorldGreybox/BabaiBathhouse/BathEntryLandingBypassBody shape=/root/Act1CarryInteractionSmokeTest/Act1Demo/Main/ZoneHost/Act1ConnectedWorld/Act1CoreWorldGreybox/BabaiBathhouse/BathEntryLandingBypassBody/Contact normal=(0.7972134, 0.573637, 0.188126) at=(-30.652779, 1.4110625, 4.4097133) | body=/root/Act1CarryInteractionSmokeTest/Act1Demo/Main/ZoneHost/Act1ConnectedWorld/Act1CoreWorldGreybox/BabaiBathhouse/BathEntryLandingBypassBody shape=/root/Act1CarryInteractionSmokeTest/Act1Demo/Main/ZoneHost/Act1ConnectedWorld/Act1CoreWorldGreybox/BabaiBathhouse/BathEntryLandingBypassBody/Contact normal=(-0.9732682, 0, -0.22967152) at=(-31.356897, 1.4110625, 4.2150702) | body=/root/Act1CarryInteractionSmokeTest/Act1Demo/Main/ZoneHost/Act1ConnectedWorld/Act1CoreWorldGreybox/BabaiBathhouse/BathEntryLandingBypassBody shape=/root/Act1CarryInteractionSmokeTest/Act1Demo/Main/ZoneHost/Act1ConnectedWorld/Act1CoreWorldGreybox/BabaiBathhouse/BathEntryLandingBypassBody/Contact normal=(-0.9732682, 0, -0.22967152) at=(-31.357141, 1.4110625, 4.216102) | body=/root/Act1CarryInteractionSmokeTest/Act1Demo/Main/ZoneHost/Act1ConnectedWorld/Act1CoreWorldGreybox/BabaiBathhouse/BathEntryLandingBypassBody shape=/root/Act1CarryInteractionSmokeTest/Act1Demo/Main/ZoneHost/Act1ConnectedWorld/Act1CoreWorldGreybox/BabaiBathhouse/BathEntryLandingBypassBody/Contact normal=(-0.9732682, 0, -0.22967152) at=(-31.35833, 1.4110625, 4.221137) | body=/root/Act1CarryInteractionSmokeTest/Act1Demo/Main/ZoneHost/Act1ConnectedWorld/Act1CoreWorldGreybox/BabaiBathhouse/BathEntryLandingBypassBody shape=/root/Act1CarryInteractionSmokeTest/Act1Demo/Main/ZoneHost/Act1ConnectedWorld/Act1CoreWorldGreybox/BabaiBathhouse/BathEntryLandingBypassBody/Contact normal=(-0.9732682, 0, -0.22967152) at=(-31.358328, 1.4110625, 4.221126); step no walkable tread within step height
   at Urman.Godot.Tests.Act1CarryInteractionSmokeTest.Check(Boolean passed, String name) in /Users/kadyrahunov/Projects/URMAN/game/tests/Act1CarryInteractionSmokeTest.cs:line 1419
   at Urman.Godot.Tests.Act1CarryInteractionSmokeTest.WalkLocal(Vector3 goal, String label, Boolean ordinaryMouseLook, Boolean observeObstruction) in /Users/kadyrahunov/Projects/URMAN/game/tests/Act1CarryInteractionSmokeTest.cs:line 806
   at Urman.Godot.Tests.Act1CarryInteractionSmokeTest.ApproachWoodpileFromBathSteps(Node3D target, Vector3 aimPoint, CarryableProp carried, Boolean localFixture) in /Users/kadyrahunov/Projects/URMAN/game/tests/Act1CarryInteractionSmokeTest.cs:line 1066
   at Urman.Godot.Tests.Act1CarryInteractionSmokeTest._Ready() in /Users/kadyrahunov/Projects/URMAN/game/tests/Act1CarryInteractionSmokeTest.cs:line 190
HUD: 
camera=(-31.524944, 2.329772, 4.1829286) ray=(0.9719806, -0, 0.23506118) hit= shape= at=(0, 0, 0) held= busy=False registering=False registered=True heldPosition= heldPoseValid=False light= targetState= targetVisible= targetConcealed= modal=False pause=False focused=False physicsEnabled=True treePaused=False inputFrame=4800/4801 interactPresses=21 feedback= pickupProbe=item=carry-tool-shovel source=[X: (-0.104479425, -0.030640919, -0.9940549), Y: (-0.04023672, 0.9988371, -0.026559275), Z: (0.9937128, 0.037222613, -0.10559083), O: (-27.6, 0.22954099, 0.9)] size=(0.3, 1.18, 0.12); path=direct; accepted=(-27.6, 1.1283307, 1.1900026);
userdata guard: original files and permissions restored and verified
