Godot Engine v4.7.1.stable.mono.official.a13da4feb - https://godotengine.org
Metal 4.0 - Forward+ - Using Device #0: Apple - Apple M4 Pro (Apple9)

act1-river: ice_slabs=31 blockers=29 road_gap_samples=2 bridge=broken@(15,-85)
village-chimney: /root/AddressWorldSmokeTest/Act1Demo/Main/ZoneHost/Act1ConnectedWorld/Act1CoreWorldGreybox/Act1AuthoredExteriorKitPresentation/ArrivalAuthoredParcels/ArrivalForwardWestFacade/DwellingFacade_TimberPlaster/DwellingFacade_ChimneyCap_LOD0 top=(-10.2875, 4.7722464, 2.3450005)
village-chimney: /root/AddressWorldSmokeTest/Act1Demo/Main/ZoneHost/Act1ConnectedWorld/Act1CoreWorldGreybox/Act1AuthoredExteriorKitPresentation/DistantPerimeterParcels/WestArrivalNearParcel/WestArrivalNearFacade/DwellingFacade_TimberPlaster/DwellingFacade_ChimneyCap_LOD0 top=(-19.730013, 3.9641316, 15.965501)
act1-terrain-room-cut: room=/root/AddressWorldSmokeTest/Act1Demo/Main/ZoneHost/Act1ConnectedWorld/babay-abi-house half=(4, 3.5) affectedTriangles=48 clippedVertices=49980 publishedVertices=49980 physicsVertices=49980 visualAndPhysics=shared-published-faces
act1-apron-room-cut: mesh=/root/AddressWorldSmokeTest/Act1Demo/Main/ZoneHost/Act1ConnectedWorld/Act1CoreWorldGreybox/AgentBExteriorWorld/AgentB_TerrainRoadKit/URMAN_AgentB_TerrainRoadKit/Apron_BabaiYard affectedTriangles=11 clippedVertices=123 surfaces=1 collision=existing-terrain-owner
act1-south-fence-house-junction: wallX=-33.5880 retainedMembers=13 retiredPostsAndCaps=10 supportedWestWing=2.4920m
act1-drain-bank-conform: mesh=/root/AddressWorldSmokeTest/Act1Demo/Main/ZoneHost/Act1ConnectedWorld/Act1CoreWorldGreybox/AgentBExteriorWorld/AgentB_TerrainRoadKit/URMAN_AgentB_TerrainRoadKit/BabaiYard_EastFenceSwale originalTriangles=78 affectedTriangles=35 outputTriangles=3543 groundOwner=unchanged
act1-mosque-terrain-cut: affectedTriangles=70 publishedVertices=49980 physicsVertices=49980 sameOwner=true
act1-school-bank-cut: mesh=/root/AddressWorldSmokeTest/Act1Demo/Main/ZoneHost/Act1ConnectedWorld/Act1CoreWorldGreybox/AgentBExteriorWorld/AgentB_TerrainRoadKit/URMAN_AgentB_TerrainRoadKit/Ditch_FieldBank_EastZirat room=/root/AddressWorldSmokeTest/Act1Demo/Main/ZoneHost/Act1ConnectedWorld/Act1CoreWorldGreybox/Act1AuthoredExteriorKitPresentation/DistantPerimeterParcels/EastReturnMidParcel/EastReturnMidFacade/PublicInterior_school/MainRoom half=(2.5154998, 2.3804996) affectedTriangles=20 clippedVertices=486 publishedVertices=486 floorY=-0.0049708784 collision=unchanged-existing-terrain-and-timber-floor
act1-council-fence-format: source=urman_village_exterior_kit_Cube_040 vertices=96 normals=96 uv=96 tangents=384 colors=0 uv2=0 lods=0 sourceFormat=536875031 publishedFormat=4119
act1-council-fence-format: source=urman_village_exterior_kit_FenceSegment_RailMiddle_Crooked_LOD0Mesh vertices=48 normals=48 uv=0 tangents=192 colors=0 uv2=0 lods=0 sourceFormat=536875015 publishedFormat=4103
act1-council-fence-format: source=urman_village_exterior_kit_Cube_039 vertices=96 normals=96 uv=96 tangents=384 colors=0 uv2=0 lods=0 sourceFormat=536875031 publishedFormat=4119
act1-council-fence-junction: fence=/root/AddressWorldSmokeTest/Act1Demo/Main/ZoneHost/Act1ConnectedWorld/Act1CoreWorldGreybox/Act1AuthoredExteriorKitPresentation/DistantPerimeterParcels/EastStreetHorizonParcel/EastStreetHorizonFence wall=/root/AddressWorldSmokeTest/Act1Demo/Main/ZoneHost/Act1ConnectedWorld/Act1CoreWorldGreybox/Act1AuthoredExteriorKitPresentation/DistantPerimeterParcels/EastStreetHorizonParcel/EastStreetHorizonFacade/VillageParcel_VariantA_TimberGable_Dwelling/VariantA_TimberGable_Dwelling_SeniRear_Wall_LOD0 localCutZ=-4.4 hiddenMembers=4 trimmedRails=3 retainedMembers=8 sourceAsset=unchanged
act1-roadside-grounding: independent contact meshes=34; source meshes and usable footbridge preserved
act1-kit-blockers: placements=100 shapes=1579 carved_door_slabs=101 flat_slab_skipped=2469 exact_architecture_surfaces=911 hidden_skipped=7 road_clearance_skipped=0
act1-dwelling-threshold: placements=83 worst_analytic_vs_collision_delta=0.028m worst_placement=ArrivalForwardEastShed
act1-building-supports: supported foundations=137; maximum ground drop=1.136m; level entrances preserved
act1-council-fence-contacts: retainedSourceContacts=0 hiddenMemberContacts=0 newBodyOwners=0
zone-loaded: village_day@arrival connected-world=109404229571
УРМАН Godot vertical slice ready: Painterly Low-Poly / first person
act1-smoke: background input replay; focus-loss pause isolated from this test scene
address-audit-lifecycle: epoch=1 presentation=2 stage=restoring-exterior access= zone=village_day exterior=True ready=True frame=1 
act1-window-surrounds: painted=1020
act1-legacy-sign: suppressed=1
address-audit-lifecycle: epoch=1 presentation=2 stage=search-start access=ACC-ADR-BABAI zone=village_day exterior=True ready=True frame=4 
address-support-probe: ACC-ADR-BABAI approach start result=accepted supplied=(-26.746128, 0.31850967, -1.5201948) floor=(-26.746128, 0.28352106, -1.5201948) acceptedFeet=(-26.746128, 0.28438044, -1.5201948) lift=0.035; normal=(-0.049573414, 0.9986544, 0.015225223) depth=0.0010614773 owner=landing: /root/AddressWorldSmokeTest/Act1Demo/Main/ZoneHost/Act1ConnectedWorld/Act1CoreWorldGreybox/AgentBExteriorWorld/AgentB_TerrainCollision shape 0 playerCanStandAtLanded=True; 
address-support-probe: ACC-ADR-BABAI road anchor result=accepted supplied=(-24, 0.3997803, 1.2) floor=(-24, 0.36474347, 1.2) acceptedFeet=(-24, 0.3651536, 1.2) lift=0.035; normal=(-0.011438925, 0.99991465, -0.0063203587) depth=0.0011225471 owner=landing: /root/AddressWorldSmokeTest/Act1Demo/Main/ZoneHost/Act1ConnectedWorld/Act1CoreWorldGreybox/AgentBExteriorWorld/AgentB_TerrainCollision shape 0 playerCanStandAtLanded=True; 
zone-loaded: village_day@arrival connected-world=109404229571
address-audit-lifecycle: epoch=2 presentation=3 stage=restoring-exterior access=ACC-ADR-BABAI zone=village_day exterior=True ready=True frame=8 
SaveGameV3 new game session started; existing slots untouched.
address-audit-lifecycle: epoch=2 presentation=3 stage=search-start access=ACC-ADR-BABAI zone=village_day exterior=True ready=True frame=11 
address-support-probe: ACC-ADR-BABAI approach start result=accepted supplied=(-26.746128, 0.31850967, -1.5201948) floor=(-26.746128, 0.28352106, -1.5201948) acceptedFeet=(-26.746128, 0.28438044, -1.5201948) lift=0.035; normal=(-0.049573414, 0.9986544, 0.015225223) depth=0.0010614773 owner=landing: /root/AddressWorldSmokeTest/Act1Demo/Main/ZoneHost/Act1ConnectedWorld/Act1CoreWorldGreybox/AgentBExteriorWorld/AgentB_TerrainCollision shape 0 playerCanStandAtLanded=True; 
address-support-probe: ACC-ADR-BABAI road anchor result=accepted supplied=(-24, 0.3997803, 1.2) floor=(-24, 0.36474347, 1.2) acceptedFeet=(-24, 0.3651536, 1.2) lift=0.035; normal=(-0.011438925, 0.99991465, -0.0063203587) depth=0.0011225471 owner=landing: /root/AddressWorldSmokeTest/Act1Demo/Main/ZoneHost/Act1ConnectedWorld/Act1CoreWorldGreybox/AgentBExteriorWorld/AgentB_TerrainCollision shape 0 playerCanStandAtLanded=True; 
act1-intro: confirmed with E
address-support-probe: ACC-ADR-H009 approach start result=accepted supplied=(6.247969, -0.22105315, 27.73547) floor=(6.247969, -0.25604406, 27.73547) acceptedFeet=(6.247969, -0.25608313, 27.73547) lift=0.035; normal=(-0.009851423, 0.9998176, 0.016362948) depth=0.0015519608 owner=landing: /root/AddressWorldSmokeTest/Act1Demo/Main/ZoneHost/Act1ConnectedWorld/Act1CoreWorldGreybox/AgentBExteriorWorld/AgentB_TerrainCollision shape 0 playerCanStandAtLanded=True; 
address-support-probe: ACC-ADR-H009 road anchor result=accepted supplied=(0, -0.42386073, 27.73547) floor=(0, -0.34154192, 27.73547) acceptedFeet=(0, -0.341581, 27.73547) lift=0.035; normal=(-0.017122187, 0.9997782, -0.012265223) depth=0.0015657425 owner=landing: /root/AddressWorldSmokeTest/Act1Demo/Main/ZoneHost/Act1ConnectedWorld/Act1CoreWorldGreybox/AgentBExteriorWorld/AgentB_TerrainCollision shape 0 playerCanStandAtLanded=True; 
address-audit-lifecycle: epoch=2 presentation=3 stage=path-committed access=ACC-ADR-BABAI zone=village_day exterior=True ready=True frame=31 testedAccess=ACC-ADR-H009 supplied=(6.247969, -0.22105315, 27.73547) reason=
address-support-probe: ACC-ADR-H009 approach start result=standing body blocked before landing probe supplied=(6.2469773, -0.25594792, 27.735723) floor=(6.2469773, -0.25605795, 27.735723) bodyCentre=(0, 0.9, 0) radius=0.35 height=1.8 margin=.001; lift=0.035 initial=(6.2469773, -0.22105795, 27.735723) contacts=[/root/AddressWorldSmokeTest/Act1Demo/Main/ZoneHost/Act1ConnectedWorld/DiagnosticStandingAccessRefusal shape 0] playerCanStandAtInitial=False; lift=0.08 initial=(6.2469773, -0.17605795, 27.735723) contacts=[/root/AddressWorldSmokeTest/Act1Demo/Main/ZoneHost/Act1ConnectedWorld/DiagnosticStandingAccessRefusal shape 0] playerCanStandAtInitial=False; lift=0.15 initial=(6.2469773, -0.10605794, 27.735723) contacts=[/root/AddressWorldSmokeTest/Act1Demo/Main/ZoneHost/Act1ConnectedWorld/DiagnosticStandingAccessRefusal shape 0] playerCanStandAtInitial=False; lift=0.228 initial=(6.2469773, -0.028057948, 27.735723) contacts=[/root/AddressWorldSmokeTest/Act1Demo/Main/ZoneHost/Act1ConnectedWorld/DiagnosticStandingAccessRefusal shape 0] playerCanStandAtInitial=False
address-audit-lifecycle: epoch=2 presentation=3 stage=blocked access=ACC-ADR-BABAI zone=village_day exterior=True ready=True frame=36 testedAccess=ACC-ADR-H009 supplied=(6.2469773, -0.25594792, 27.735723) reason=approach start: standing body blocked before landing probe
address-support-probe: ACC-ADR-H009 approach start result=accepted supplied=(6.2469773, -0.25594792, 27.735723) floor=(6.2469773, -0.25605795, 27.735723) acceptedFeet=(6.2469773, -0.25609702, 27.735723) lift=0.035; normal=(-0.009851423, 0.9998176, 0.016362948) depth=0.0015519608 owner=landing: /root/AddressWorldSmokeTest/Act1Demo/Main/ZoneHost/Act1ConnectedWorld/Act1CoreWorldGreybox/AgentBExteriorWorld/AgentB_TerrainCollision shape 0 playerCanStandAtLanded=True; 
address-support-probe: ACC-ADR-H009 road anchor result=accepted supplied=(0, -0.42385963, 27.735723) floor=(0, -0.3415388, 27.735723) acceptedFeet=(0, -0.34112865, 27.735723) lift=0.035; normal=(-0.017122187, 0.9997782, -0.012265223) depth=0.0011166981 owner=landing: /root/AddressWorldSmokeTest/Act1Demo/Main/ZoneHost/Act1ConnectedWorld/Act1CoreWorldGreybox/AgentBExteriorWorld/AgentB_TerrainCollision shape 0 playerCanStandAtLanded=True; 
address-audit-lifecycle: epoch=2 presentation=3 stage=path-committed access=ACC-ADR-BABAI zone=village_day exterior=True ready=True frame=45 testedAccess=ACC-ADR-H009 supplied=(6.2469773, -0.25594792, 27.735723) reason=
state-final-render-sync-begin: label=address/11_ADR-H009_production_plate tick=32135 drawn=16 process=16 physics=48 windowVisible=True focus=True mode=Windowed renderLoop=True
state-final-render-sync-end: label=address/11_ADR-H009_production_plate milliseconds=14 forcedScreenshotRender=False
act1-visible-surface: 11_ADR-H009_production_plate/actual-visible-owner pixel=(0.5, 0.5) distance=3.987 point=(6.9599714, 1.635666, 27.810984) mesh=/root/AddressWorldSmokeTest/Act1Demo/Main/ZoneHost/Act1ConnectedWorld/SettlementAddressPresentation/AddressPlate_ADR-H009/EnamelFace triangle=0 vertices=[(6.920036, 1.8318659, 27.239878);(6.999907, 1.8318659, 28.38209);(6.920036, 1.435866, 27.239878)] albedo=(0.16078432, 0.23137255, 0.2627451, 1) texture=
act1-visible-surface: 11_ADR-H009_production_plate/actual-visible-owner pixel=(0.5, 0.5) distance=3.995 point=(6.9679523, 1.635066, 27.810425) mesh=/root/AddressWorldSmokeTest/Act1Demo/Main/ZoneHost/Act1ConnectedWorld/SettlementAddressPresentation/AddressPlate_ADR-H009/FoldedMetalRim triangle=0 vertices=[(6.9267955, 1.848866, 27.221863);(7.009108, 1.848866, 28.398989);(6.9267955, 1.4188659, 27.221863)] albedo=(0.6392157, 0.627451, 0.5686275, 1) texture=
act1-visible-surface: 11_ADR-H009_production_plate/actual-visible-owner pixel=(0.5, 0.5) distance=4.032 point=(7.004861, 1.6322911, 27.807844) mesh=/root/AddressWorldSmokeTest/Act1Demo/Main/ZoneHost/Act1ConnectedWorld/Act1CoreWorldGreybox/Act1AuthoredExteriorKitPresentation/ArrivalAuthoredParcels/ArrivalEastNearAuthoredFacade/DwellingFacade_TimberPlaster/DwellingFacade_Right_Wall_LOD0 triangle=25 vertices=[(6.9424295, 0.78386605, 26.915028);(6.9424295, 2.223866, 26.915028);(7.235407, 2.223866, 31.104797)] shader= snow=0.41999998688698
act1-visible-surface: 11_ADR-H009_production_plate/actual-visible-owner pixel=(0.5, 0.5) distance=8.425 point=(11.374643, 1.3037571, 27.50228) mesh=/root/AddressWorldSmokeTest/Act1Demo/Main/ZoneHost/Act1ConnectedWorld/Act1CoreWorldGreybox/Act1AuthoredSightlineClosurePass/VillageLateralParcels/ArrivalReverseEastDomesticParcel/ArrivalReverseEastDomesticShed/OutbuildingShed_Low/OutbuildingShed_Roof_LOD0 triangle=2 vertices=[(10.41939, 0.90181774, 26.383879);(11.558805, 1.3818178, 27.697598);(10.516351, 0.90681773, 27.770493)] shader= snow=0.87999999523163
act1-visible-surface: 11_ADR-H009_production_plate/actual-visible-owner pixel=(0.5, 0.5) distance=10.049 point=(12.990246, 1.1822909, 27.389305) mesh=/root/AddressWorldSmokeTest/Act1Demo/Main/ZoneHost/Act1ConnectedWorld/Act1CoreWorldGreybox/Act1AuthoredExteriorKitPresentation/ArrivalAuthoredParcels/ArrivalEastNearAuthoredFacade/DwellingFacade_TimberPlaster/DwellingFacade_Left_Wall_LOD0 triangle=26 vertices=[(13.05687, 2.223866, 28.342083);(12.96618, 0.78386605, 27.045149);(12.96618, 2.223866, 27.045149)] shader= snow=0.41999998688698
act1-visible-surface: 11_ADR-H009_production_plate/actual-visible-owner pixel=(0.45, 0.5) distance=4.016 point=(6.9266195, 1.635666, 27.334036) mesh=/root/AddressWorldSmokeTest/Act1Demo/Main/ZoneHost/Act1ConnectedWorld/SettlementAddressPresentation/AddressPlate_ADR-H009/EnamelFace triangle=0 vertices=[(6.920036, 1.8318659, 27.239878);(6.999907, 1.8318659, 28.38209);(6.920036, 1.435866, 27.239878)] albedo=(0.16078432, 0.23137255, 0.2627451, 1) texture=
act1-visible-surface: 11_ADR-H009_production_plate/actual-visible-owner pixel=(0.45, 0.5) distance=4.024 point=(6.9345336, 1.6350659, 27.332518) mesh=/root/AddressWorldSmokeTest/Act1Demo/Main/ZoneHost/Act1ConnectedWorld/SettlementAddressPresentation/AddressPlate_ADR-H009/FoldedMetalRim triangle=0 vertices=[(6.9267955, 1.848866, 27.221863);(7.009108, 1.848866, 28.398989);(6.9267955, 1.4188659, 27.221863)] albedo=(0.6392157, 0.627451, 0.5686275, 1) texture=
act1-visible-surface: 11_ADR-H009_production_plate/actual-visible-owner pixel=(0.45, 0.5) distance=4.061 point=(6.9711323, 1.632291, 27.325499) mesh=/root/AddressWorldSmokeTest/Act1Demo/Main/ZoneHost/Act1ConnectedWorld/Act1CoreWorldGreybox/Act1AuthoredExteriorKitPresentation/ArrivalAuthoredParcels/ArrivalEastNearAuthoredFacade/DwellingFacade_TimberPlaster/DwellingFacade_Right_Wall_LOD0 triangle=25 vertices=[(6.9424295, 0.78386605, 26.915028);(6.9424295, 2.223866, 26.915028);(7.235407, 2.223866, 31.104797)] shader= snow=0.41999998688698
act1-visible-surface: 11_ADR-H009_production_plate/actual-visible-owner pixel=(0.45, 0.5) distance=8.477 point=(11.295542, 1.3044112, 26.496124) mesh=/root/AddressWorldSmokeTest/Act1Demo/Main/ZoneHost/Act1ConnectedWorld/Act1CoreWorldGreybox/Act1AuthoredSightlineClosurePass/VillageLateralParcels/ArrivalReverseEastDomesticParcel/ArrivalReverseEastDomesticShed/OutbuildingShed_Low/OutbuildingShed_Roof_LOD0 triangle=3 vertices=[(10.41939, 0.90181774, 26.383879);(11.511722, 1.4118178, 26.307495);(11.558805, 1.3818178, 27.697598)] shader= snow=0.87999999523163
act1-visible-surface: 11_ADR-H009_production_plate/actual-visible-owner pixel=(0.45, 0.5) distance=8.615 point=(11.431326, 1.294116, 26.470083) mesh=/root/AddressWorldSmokeTest/Act1Demo/Main/ZoneHost/Act1ConnectedWorld/Act1CoreWorldGreybox/Act1AuthoredSightlineClosurePass/VillageLateralParcels/ArrivalReverseEastDomesticParcel/ArrivalReverseEastDomesticShed/OutbuildingShed_Low/OutbuildingShed_GableFront_LOD0 triangle=5 vertices=[(10.560339, 0.88181776, 26.464243);(11.547927, 1.3518178, 26.395184);(11.553508, 1.3518178, 26.474989)] shader= snow=0.41999998688698
act1-visible-surface: 11_ADR-H009_production_plate/actual-visible-owner pixel=(0.55, 0.5) distance=4.016 point=(6.9933224, 1.635666, 28.28793) mesh=/root/AddressWorldSmokeTest/Act1Demo/Main/ZoneHost/Act1ConnectedWorld/SettlementAddressPresentation/AddressPlate_ADR-H009/EnamelFace triangle=1 vertices=[(6.999907, 1.8318659, 28.38209);(6.999907, 1.435866, 28.38209);(6.920036, 1.435866, 27.239878)] albedo=(0.16078432, 0.23137255, 0.2627451, 1) texture=
act1-visible-surface: 11_ADR-H009_production_plate/actual-visible-owner pixel=(0.55, 0.5) distance=4.024 point=(7.0013704, 1.6350659, 28.288332) mesh=/root/AddressWorldSmokeTest/Act1Demo/Main/ZoneHost/Act1ConnectedWorld/SettlementAddressPresentation/AddressPlate_ADR-H009/FoldedMetalRim triangle=1 vertices=[(7.009108, 1.848866, 28.398989);(7.009108, 1.4188659, 28.398989);(6.9267955, 1.4188659, 27.221863)] albedo=(0.6392157, 0.627451, 0.5686275, 1) texture=
act1-visible-surface: 11_ADR-H009_production_plate/actual-visible-owner pixel=(0.55, 0.5) distance=4.061 point=(7.0385904, 1.632291, 28.29019) mesh=/root/AddressWorldSmokeTest/Act1Demo/Main/ZoneHost/Act1ConnectedWorld/Act1CoreWorldGreybox/Act1AuthoredExteriorKitPresentation/ArrivalAuthoredParcels/ArrivalEastNearAuthoredFacade/DwellingFacade_TimberPlaster/DwellingFacade_Right_Wall_LOD0 triangle=25 vertices=[(6.9424295, 0.78386605, 26.915028);(6.9424295, 2.223866, 26.915028);(7.235407, 2.223866, 31.104797)] shader= snow=0.41999998688698
act1-visible-surface: 11_ADR-H009_production_plate/actual-visible-owner pixel=(0.55, 0.5) distance=10.088 point=(13.041609, 1.1847285, 28.589758) mesh=/root/AddressWorldSmokeTest/Act1Demo/Main/ZoneHost/Act1ConnectedWorld/Act1CoreWorldGreybox/Act1AuthoredExteriorKitPresentation/ArrivalAuthoredParcels/ArrivalEastNearAuthoredFacade/DwellingFacade_TimberPlaster/DwellingFacade_Left_Window0_Recess_LOD0 triangle=21 vertices=[(13.025001, 0.783866, 28.352232);(13.025001, 2.223866, 28.352232);(13.093641, 2.223866, 29.333834)] shader= snow=0.44999998807907
act1-visible-surface: 11_ADR-H009_production_plate/actual-visible-owner pixel=(0.55, 0.5) distance=10.134 point=(13.086878, 1.1813533, 28.592016) mesh=/root/AddressWorldSmokeTest/Act1Demo/Main/ZoneHost/Act1ConnectedWorld/Act1CoreWorldGreybox/Act1AuthoredExteriorKitPresentation/ArrivalAuthoredParcels/ArrivalEastNearAuthoredFacade/DwellingFacade_TimberPlaster/DwellingFacade_Left_Window0_Glass_LOD0 triangle=21 vertices=[(13.073372, 0.833866, 28.39887);(13.073372, 2.1738658, 28.39887);(13.135051, 2.1738658, 29.280916)] shader= snow=0.0
state-final-render-sync-begin: label=address/12_ADR-H009_manual_knock tick=32531 drawn=22 process=22 physics=70 windowVisible=True focus=True mode=Windowed renderLoop=True
state-final-render-sync-end: label=address/12_ADR-H009_manual_knock milliseconds=8 forcedScreenshotRender=False
SaveGameV3 written to /Users/unterlantas/Library/Application Support/Godot/app_userdata/URMAN/savegames/checkpoint.savegame-v3.json
checkpoint: auto-saved at urman.chapter1:scene/arrival_vehicle_dusk
state-final-render-sync-begin: label=address/ADR-H009_05_manual_read_notebook tick=32893 drawn=36 process=36 physics=88 windowVisible=True focus=True mode=Windowed renderLoop=True
state-final-render-sync-end: label=address/ADR-H009_05_manual_read_notebook milliseconds=8 forcedScreenshotRender=False
state-final-render-sync-begin: label=address/ADR-H009_06_located_map_large tick=33049 drawn=39 process=39 physics=97 windowVisible=True focus=True mode=Windowed renderLoop=True
state-final-render-sync-end: label=address/ADR-H009_06_located_map_large milliseconds=8 forcedScreenshotRender=False
SaveGameV3 written to /Users/unterlantas/Library/Application Support/Godot/app_userdata/URMAN/savegames/address-world-smoke-adr-h009.savegame-v3.json
zone-loaded: village_day@arrival connected-world=109404229571
SaveGameV3 restored.
address-support-probe: ACC-ADR-H016 approach start result=accepted supplied=(-8.354, -0.13137132, -0.4574998) floor=(-8.354, -0.16640651, -0.4574998) acceptedFeet=(-8.354, -0.16554713, -0.4574998) lift=0.035; normal=(0.021742212, 0.99805903, -0.05835519) depth=0.0012700633 owner=landing: /root/AddressWorldSmokeTest/Act1Demo/Main/ZoneHost/Act1ConnectedWorld/Act1CoreWorldGreybox/AgentBExteriorWorld/AgentB_TerrainCollision shape 0 playerCanStandAtLanded=True; 
address-support-probe: ACC-ADR-H016 road anchor result=accepted supplied=(-9.9002, -0.26132783, -3.5498998) floor=(-9.9002, -0.32288608, -3.5498998) acceptedFeet=(-9.9002, -0.3220267, -3.5498998) lift=0.035; normal=(0.01976391, 0.9977774, -0.06363731) depth=0.0013686622 owner=landing: /root/AddressWorldSmokeTest/Act1Demo/Main/ZoneHost/Act1ConnectedWorld/Act1CoreWorldGreybox/AgentBExteriorWorld/AgentB_TerrainCollision shape 0 playerCanStandAtLanded=True; 
address-audit-lifecycle: epoch=2 presentation=4 stage=path-committed access=ACC-ADR-BABAI zone=village_day exterior=True ready=True frame=119 testedAccess=ACC-ADR-H016 supplied=(-8.354, -0.13137132, -0.4574998) reason=
state-final-render-sync-begin: label=address/11_ADR-H016_production_plate tick=33725 drawn=55 process=55 physics=122 windowVisible=True focus=True mode=Windowed renderLoop=True
state-final-render-sync-end: label=address/11_ADR-H016_production_plate milliseconds=19 forcedScreenshotRender=False
act1-visible-surface: 11_ADR-H016_production_plate/actual-visible-owner pixel=(0.5, 0.5) distance=3.987 point=(-5.92, 2.6675456, 1.6861999) mesh=/root/AddressWorldSmokeTest/Act1Demo/Main/ZoneHost/Act1ConnectedWorld/SettlementAddressPresentation/AddressPlate_ADR-H016/EnamelFace triangle=0 vertices=[(-5.92, 2.8637455, 2.2587);(-5.92, 2.8637455, 1.1136999);(-5.92, 2.4677455, 2.2587)] albedo=(0.16078432, 0.23137255, 0.2627451, 1) texture=
act1-visible-surface: 11_ADR-H016_production_plate/actual-visible-owner pixel=(0.5, 0.5) distance=3.995 point=(-5.9280005, 2.6669455, 1.6861999) mesh=/root/AddressWorldSmokeTest/Act1Demo/Main/ZoneHost/Act1ConnectedWorld/SettlementAddressPresentation/AddressPlate_ADR-H016/FoldedMetalRim triangle=0 vertices=[(-5.9280005, 2.8807454, 2.2761998);(-5.9280005, 2.8807454, 1.0962);(-5.9280005, 2.4507456, 2.2761998)] albedo=(0.6392157, 0.627451, 0.5686275, 1) texture=
act1-visible-surface: 11_ADR-H016_production_plate/actual-visible-owner pixel=(0.5, 0.5) distance=4.032 point=(-5.9650006, 2.6641705, 1.6861999) mesh=/root/AddressWorldSmokeTest/Act1Demo/Main/ZoneHost/Act1ConnectedWorld/Act1CoreWorldGreybox/Act1AuthoredExteriorKitPresentation/ArrivalAuthoredParcels/ArrivalForwardWestFacade/DwellingFacade_TimberPlaster/DwellingFacade_Front_BoardedGable_LOD0 triangle=43 vertices=[(-5.965, 2.4257455, 1.723795);(-5.965, 3.2928104, 1.723795);(-5.965, 3.1783357, 1.5209701)] shader= snow=0.44999998807907
act1-visible-surface: 11_ADR-H016_production_plate/actual-visible-owner pixel=(0.5, 0.5) distance=9.558 point=(-11.474999, 2.2509205, 1.6862001) mesh=/root/AddressWorldSmokeTest/Act1Demo/Main/ZoneHost/Act1ConnectedWorld/Act1CoreWorldGreybox/Act1AuthoredExteriorKitPresentation/ArrivalAuthoredParcels/ArrivalForwardWestFacade/DwellingFacade_TimberPlaster/DwellingFacade_Rear_Wall_LOD0 triangle=10 vertices=[(-11.475, 2.4637456, 0.25500035);(-11.475, 1.9697458, 1.8225003);(-11.475, 2.4637456, 1.8225003)] shader= snow=0.41999998688698
act1-visible-surface: 11_ADR-H016_production_plate/actual-visible-owner pixel=(0.5, 0.5) distance=19.968 point=(-21.855694, 1.4723687, 1.6862006) mesh=/root/AddressWorldSmokeTest/Act1Demo/Main/ZoneHost/Act1ConnectedWorld/Act1CoreWorldGreybox/Act1AuthoredExteriorKitPresentation/BabaiYardAuthoredGate/Gate_CrookedTimber/Gate_HingeRight_LOD0 triangle=12 vertices=[(-21.883968, 1.4382923, 1.7460738);(-21.854504, 1.6222923, 1.6836808);(-21.854504, 1.4382923, 1.6836808)] shader= snow=0.55000001192093
act1-visible-surface: 11_ADR-H016_production_plate/actual-visible-owner pixel=(0.45, 0.5) distance=4.016 point=(-5.92, 2.6675456, 2.1643116) mesh=/root/AddressWorldSmokeTest/Act1Demo/Main/ZoneHost/Act1ConnectedWorld/SettlementAddressPresentation/AddressPlate_ADR-H016/EnamelFace triangle=0 vertices=[(-5.92, 2.8637455, 2.2587);(-5.92, 2.8637455, 1.1136999);(-5.92, 2.4677455, 2.2587)] albedo=(0.16078432, 0.23137255, 0.2627451, 1) texture=
act1-visible-surface: 11_ADR-H016_production_plate/actual-visible-owner pixel=(0.45, 0.5) distance=4.024 point=(-5.9280005, 2.6669455, 2.1652737) mesh=/root/AddressWorldSmokeTest/Act1Demo/Main/ZoneHost/Act1ConnectedWorld/SettlementAddressPresentation/AddressPlate_ADR-H016/FoldedMetalRim triangle=0 vertices=[(-5.9280005, 2.8807454, 2.2761998);(-5.9280005, 2.8807454, 1.0962);(-5.9280005, 2.4507456, 2.2761998)] albedo=(0.6392157, 0.627451, 0.5686275, 1) texture=
act1-visible-surface: 11_ADR-H016_production_plate/actual-visible-owner pixel=(0.45, 0.5) distance=4.061 point=(-5.965, 2.6641705, 2.169723) mesh=/root/AddressWorldSmokeTest/Act1Demo/Main/ZoneHost/Act1ConnectedWorld/Act1CoreWorldGreybox/Act1AuthoredExteriorKitPresentation/ArrivalAuthoredParcels/ArrivalForwardWestFacade/DwellingFacade_TimberPlaster/DwellingFacade_Front_BoardedGable_LOD0 triangle=36 vertices=[(-5.965, 2.4257455, 2.354785);(-5.965, 3.5345855, 2.1520553);(-5.965, 2.4257455, 2.1520553)] shader= snow=0.44999998807907
act1-visible-surface: 11_ADR-H016_production_plate/actual-visible-owner pixel=(0.45, 0.5) distance=9.626 point=(-11.474998, 2.2509208, 2.8322973) mesh=/root/AddressWorldSmokeTest/Act1Demo/Main/ZoneHost/Act1ConnectedWorld/Act1CoreWorldGreybox/Act1AuthoredExteriorKitPresentation/ArrivalAuthoredParcels/ArrivalForwardWestFacade/DwellingFacade_TimberPlaster/DwellingFacade_Rear_Wall_LOD0 triangle=31 vertices=[(-11.475, 2.4637456, 2.7345953);(-11.475, 1.9697458, 2.7345953);(-11.475, 1.9697458, 3.6655002)] shader= snow=0.41999998688698
act1-visible-surface: 11_ADR-H016_production_plate/actual-visible-owner pixel=(0.45, 0.5) distance=20.191 point=(-21.935, 1.4664207, 4.0901074) mesh=/root/AddressWorldSmokeTest/Act1Demo/Main/ZoneHost/Act1ConnectedWorld/Act1CoreWorldGreybox/HouseExteriorApproach/BabaiEbiHouseApproachFenceEastPost1 triangle=5 vertices=[(-21.935, 1.5281858, 4.085);(-21.935, 0.37818593, 4.085);(-21.935, 0.37818593, 4.215)] shader= snow=0.44999998807907
act1-visible-surface: 11_ADR-H016_production_plate/actual-visible-owner pixel=(0.55, 0.5) distance=4.016 point=(-5.92, 2.6675456, 1.2080882) mesh=/root/AddressWorldSmokeTest/Act1Demo/Main/ZoneHost/Act1ConnectedWorld/SettlementAddressPresentation/AddressPlate_ADR-H016/EnamelFace triangle=1 vertices=[(-5.92, 2.8637455, 1.1136999);(-5.92, 2.4677455, 1.1136999);(-5.92, 2.4677455, 2.2587)] albedo=(0.16078432, 0.23137255, 0.2627451, 1) texture=
act1-visible-surface: 11_ADR-H016_production_plate/actual-visible-owner pixel=(0.55, 0.5) distance=4.024 point=(-5.928, 2.6669455, 1.2071261) mesh=/root/AddressWorldSmokeTest/Act1Demo/Main/ZoneHost/Act1ConnectedWorld/SettlementAddressPresentation/AddressPlate_ADR-H016/FoldedMetalRim triangle=1 vertices=[(-5.9280005, 2.8807454, 1.0962);(-5.9280005, 2.4507456, 1.0962);(-5.9280005, 2.4507456, 2.2761998)] albedo=(0.6392157, 0.627451, 0.5686275, 1) texture=
act1-visible-surface: 11_ADR-H016_production_plate/actual-visible-owner pixel=(0.55, 0.5) distance=4.061 point=(-5.965, 2.6641705, 1.202677) mesh=/root/AddressWorldSmokeTest/Act1Demo/Main/ZoneHost/Act1ConnectedWorld/Act1CoreWorldGreybox/Act1AuthoredExteriorKitPresentation/ArrivalAuthoredParcels/ArrivalForwardWestFacade/DwellingFacade_TimberPlaster/DwellingFacade_Front_BoardedGable_LOD0 triangle=46 vertices=[(-5.965, 2.4257455, 1.3030401);(-5.965, 2.9409308, 1.1003103);(-5.965, 2.4257455, 1.1003103)] shader= snow=0.44999998807907
act1-visible-surface: 11_ADR-H016_production_plate/actual-visible-owner pixel=(0.55, 0.5) distance=9.626 point=(-11.474999, 2.2509205, 0.54010284) mesh=/root/AddressWorldSmokeTest/Act1Demo/Main/ZoneHost/Act1ConnectedWorld/Act1CoreWorldGreybox/Act1AuthoredExteriorKitPresentation/ArrivalAuthoredParcels/ArrivalForwardWestFacade/DwellingFacade_TimberPlaster/DwellingFacade_Rear_Wall_LOD0 triangle=11 vertices=[(-11.475, 2.4637456, 0.25500035);(-11.475, 1.9697458, 0.25500035);(-11.475, 1.9697458, 1.8225003)] shader= snow=0.41999998688698
act1-visible-surface: 11_ADR-H016_production_plate/actual-visible-owner pixel=(0.55, 0.5) distance=23.428 point=(-25.140003, 1.2260454, -1.1031057) mesh=/root/AddressWorldSmokeTest/Act1Demo/Main/ZoneHost/Act1ConnectedWorld/Act1CoreWorldGreybox/BabaiYardSideGateExploration/BabaiYardLooseSideGate/LooseBoardHinge/LooseBoard triangle=4 vertices=[(-25.140001, 1.3970138, -0.09000003);(-25.140001, 1.3970138, -1.47);(-25.140001, 0.33701384, -0.09000003)] shader= snow=0.44999998807907
state-final-render-sync-begin: label=address/12_ADR-H016_manual_knock tick=34164 drawn=60 process=60 physics=143 windowVisible=True focus=True mode=Windowed renderLoop=True
state-final-render-sync-end: label=address/12_ADR-H016_manual_knock milliseconds=14 forcedScreenshotRender=False
SaveGameV3 written to /Users/unterlantas/Library/Application Support/Godot/app_userdata/URMAN/savegames/checkpoint.savegame-v3.json
checkpoint: auto-saved at urman.chapter1:scene/arrival_vehicle_dusk
state-final-render-sync-begin: label=address/ADR-H016_05_manual_read_notebook tick=34547 drawn=79 process=79 physics=161 windowVisible=True focus=True mode=Windowed renderLoop=True
state-final-render-sync-end: label=address/ADR-H016_05_manual_read_notebook milliseconds=9 forcedScreenshotRender=False
state-final-render-sync-begin: label=address/ADR-H016_06_located_map_large tick=34689 drawn=83 process=83 physics=170 windowVisible=True focus=True mode=Windowed renderLoop=True
state-final-render-sync-end: label=address/ADR-H016_06_located_map_large milliseconds=9 forcedScreenshotRender=False
SaveGameV3 written to /Users/unterlantas/Library/Application Support/Godot/app_userdata/URMAN/savegames/address-world-smoke-adr-h016.savegame-v3.json
zone-loaded: village_day@arrival connected-world=109404229571
SaveGameV3 restored.
address-audit-lifecycle: epoch=3 presentation=5 stage=restoring-exterior access=ACC-ADR-BABAI zone=village_day exterior=True ready=True frame=188 
address-world: PASS; scope=production-entrances; 68 checks; native diagnostics, not a human search or duration measurement
userdata guard: original files and permissions restored and verified
