Godot Engine v4.7.1.stable.mono.official.a13da4feb - https://godotengine.org
Metal 4.0 - Forward+ - Using Device #0: Apple - Apple M4 Pro (Apple9)

act1-river: ice_slabs=31 blockers=29 road_gap_samples=2 bridge=broken@(15,-85)
village-chimney: /root/AddressWorldSmokeTest/Act1Demo/Main/ZoneHost/Act1ConnectedWorld/Act1CoreWorldGreybox/Act1AuthoredExteriorKitPresentation/ArrivalAuthoredParcels/ArrivalForwardWestFacade/DwellingFacade_TimberPlaster/DwellingFacade_ChimneyCap_LOD0 top=(-10.2875, 4.7722464, 2.3450005)
village-chimney: /root/AddressWorldSmokeTest/Act1Demo/Main/ZoneHost/Act1ConnectedWorld/Act1CoreWorldGreybox/Act1AuthoredExteriorKitPresentation/DistantPerimeterParcels/WestArrivalNearParcel/WestArrivalNearFacade/DwellingFacade_TimberPlaster/DwellingFacade_ChimneyCap_LOD0 top=(-19.730013, 3.9641316, 15.965501)
act1-terrain-room-cut: room=/root/AddressWorldSmokeTest/Act1Demo/Main/ZoneHost/Act1ConnectedWorld/babay-abi-house half=(4, 3.5) affectedTriangles=48 clippedVertices=49980 publishedVertices=49980 physicsVertices=49980 visualAndPhysics=shared-published-faces
act1-apron-room-cut: mesh=/root/AddressWorldSmokeTest/Act1Demo/Main/ZoneHost/Act1ConnectedWorld/Act1CoreWorldGreybox/AgentBExteriorWorld/AgentB_TerrainRoadKit/URMAN_AgentB_TerrainRoadKit/Apron_BabaiYard affectedTriangles=11 clippedVertices=123 surfaces=1 collision=existing-terrain-owner
act1-south-fence-house-junction: wallX=-33.5880 retainedMembers=13 retiredPostsAndCaps=10 supportedWestWing=2.4920m
act1-drain-bank-conform: mesh=/root/AddressWorldSmokeTest/Act1Demo/Main/ZoneHost/Act1ConnectedWorld/Act1CoreWorldGreybox/AgentBExteriorWorld/AgentB_TerrainRoadKit/URMAN_AgentB_TerrainRoadKit/BabaiYard_EastFenceSwale originalTriangles=78 affectedTriangles=35 outputTriangles=3543 groundOwner=unchanged
act1-school-bank-cut: mesh=/root/AddressWorldSmokeTest/Act1Demo/Main/ZoneHost/Act1ConnectedWorld/Act1CoreWorldGreybox/AgentBExteriorWorld/AgentB_TerrainRoadKit/URMAN_AgentB_TerrainRoadKit/Ditch_FieldBank_EastZirat room=/root/AddressWorldSmokeTest/Act1Demo/Main/ZoneHost/Act1ConnectedWorld/Act1CoreWorldGreybox/Act1AuthoredExteriorKitPresentation/DistantPerimeterParcels/EastReturnMidParcel/EastReturnMidFacade/PublicInterior_school/MainRoom half=(2.5154998, 2.3804996) affectedTriangles=20 clippedVertices=486 publishedVertices=486 floorY=-0.0049708784 collision=unchanged-existing-terrain-and-timber-floor
act1-roadside-grounding: independent contact meshes=34; source meshes and usable footbridge preserved
act1-kit-blockers: placements=100 shapes=1719 carved_door_slabs=241 flat_slab_skipped=2473 exact_architecture_surfaces=911 hidden_skipped=7 road_clearance_skipped=0
act1-dwelling-threshold: placements=83 worst_analytic_vs_collision_delta=0.028m worst_placement=ArrivalForwardEastShed
act1-building-supports: supported foundations=137; maximum ground drop=1.136m; level entrances preserved
zone-loaded: village_day@arrival connected-world=108531814176
УРМАН Godot vertical slice ready: Painterly Low-Poly / first person
act1-smoke: background input replay; focus-loss pause isolated from this test scene
act1-window-surrounds: painted=1020
act1-legacy-sign: suppressed=1
address-support-probe: ACC-ADR-BABAI approach start result=accepted supplied=(-26.746128, 0.31850967, -1.5201948) floor=(-26.746128, 0.28352106, -1.5201948) acceptedFeet=(-26.746128, 0.28438044, -1.5201948) lift=0.035; normal=(-0.049573414, 0.9986544, 0.015225223) depth=0.0010614773 owner=landing: /root/AddressWorldSmokeTest/Act1Demo/Main/ZoneHost/Act1ConnectedWorld/Act1CoreWorldGreybox/AgentBExteriorWorld/AgentB_TerrainCollision shape 0 playerCanStandAtLanded=True; 
address-support-probe: ACC-ADR-BABAI road anchor result=accepted supplied=(-24, 0.3997803, 1.2) floor=(-24, 0.36474347, 1.2) acceptedFeet=(-24, 0.3651536, 1.2) lift=0.035; normal=(-0.011438925, 0.99991465, -0.0063203587) depth=0.0011225471 owner=landing: /root/AddressWorldSmokeTest/Act1Demo/Main/ZoneHost/Act1ConnectedWorld/Act1CoreWorldGreybox/AgentBExteriorWorld/AgentB_TerrainCollision shape 0 playerCanStandAtLanded=True; 
zone-loaded: village_day@arrival connected-world=108531814176
SaveGameV3 new game session started; existing slots untouched.
act1-intro: confirmed with E
address-entrance-candidates: recorded four read-only physical comparisons: /Users/unterlantas/Documents/GitHub/URMAN/docs/production/act1_takeover_evidence_2026-09-16/images-address-entrance-candidates-02/address-entrance-candidates.json
state-final-render-sync-begin: label=address/10_ADR-H009_SeniOuter_road tick=30000 drawn=3 process=3 physics=27 windowVisible=True focus=False mode=Windowed renderLoop=True
state-final-render-sync-forced: label=address/10_ADR-H009_SeniOuter_road forced screenshot render after native focus loss; one focus request + ForceDraw(false); no foreground or performance claim
state-final-render-sync-forced-readback: label=address/10_ADR-H009_SeniOuter_road framePostDraw=True pixels=1280x720 drawnDelta=0; screenshot evidence only
state-final-render-sync-end: label=address/10_ADR-H009_SeniOuter_road milliseconds=38 forcedScreenshotRender=True
act1-visible-surface: 10_ADR-H009_SeniOuter_road/existing-facade-owner pixel=(0.5, 0.5) distance=5.624 point=(5.8025136, 1.2328314, 29.93068) mesh=/root/AddressWorldSmokeTest/Act1Demo/Main/ZoneHost/Act1ConnectedWorld/Act1CoreWorldGreybox/Act1AuthoredExteriorKitPresentation/ArrivalAuthoredParcels/ArrivalEastNearAuthoredFacade/DwellingFacade_TimberPlaster/DwellingFacade_SeniOuter_Window0_Glass_LOD0 triangle=12 vertices=[(5.7748985, 0.933866, 29.535755);(5.8226256, 1.8938661, 30.218288);(5.8226256, 0.933866, 30.218288)] shader= snow=0.0
act1-visible-surface: 10_ADR-H009_SeniOuter_road/existing-facade-owner pixel=(0.5, 0.5) distance=5.659 point=(5.8376055, 1.2321415, 29.93076) mesh=/root/AddressWorldSmokeTest/Act1Demo/Main/ZoneHost/Act1ConnectedWorld/Act1CoreWorldGreybox/Act1AuthoredExteriorKitPresentation/ArrivalAuthoredParcels/ArrivalEastNearAuthoredFacade/DwellingFacade_TimberPlaster/DwellingFacade_SeniOuter_Window0_Recess_LOD0 triangle=12 vertices=[(5.8063316, 0.8838661, 29.483536);(5.861021, 1.943866, 30.265625);(5.861021, 0.8838661, 30.265625)] shader= snow=0.44999998807907
act1-visible-surface: 10_ADR-H009_SeniOuter_road/existing-facade-owner pixel=(0.5, 0.5) distance=6.975 point=(7.1535177, 1.2062724, 29.933725) mesh=/root/AddressWorldSmokeTest/Act1Demo/Main/ZoneHost/Act1ConnectedWorld/Act1CoreWorldGreybox/Act1AuthoredExteriorKitPresentation/ArrivalAuthoredParcels/ArrivalEastNearAuthoredFacade/DwellingFacade_TimberPlaster/DwellingFacade_Right_Wall_LOD0 triangle=24 vertices=[(6.9424295, 0.78386605, 26.915028);(7.235407, 2.223866, 31.104797);(7.235407, 0.78386605, 31.104797)] shader= snow=0.41999998688698
act1-visible-surface: 10_ADR-H009_SeniOuter_road/existing-facade-owner pixel=(0.5, 0.5) distance=12.992 point=(13.169117, 1.0880138, 29.947285) mesh=/root/AddressWorldSmokeTest/Act1Demo/Main/ZoneHost/Act1ConnectedWorld/Act1CoreWorldGreybox/Act1AuthoredExteriorKitPresentation/ArrivalAuthoredParcels/ArrivalEastNearAuthoredFacade/DwellingFacade_TimberPlaster/DwellingFacade_Left_Wall_LOD0 triangle=7 vertices=[(13.220791, 2.223866, 30.686258);(13.220791, 0.78386605, 30.686258);(13.126619, 0.78386605, 29.339546)] shader= snow=0.41999998688698
state-final-render-sync-begin: label=address/10_ADR-H009_SeniOuter_approach tick=30248 drawn=3 process=3 physics=30 windowVisible=True focus=False mode=Windowed renderLoop=True
state-final-render-sync-forced: label=address/10_ADR-H009_SeniOuter_approach forced screenshot render after native focus loss; one focus request + ForceDraw(false); no foreground or performance claim
state-final-render-sync-forced-readback: label=address/10_ADR-H009_SeniOuter_approach framePostDraw=True pixels=1280x720 drawnDelta=0; screenshot evidence only
state-final-render-sync-end: label=address/10_ADR-H009_SeniOuter_approach milliseconds=27 forcedScreenshotRender=True
act1-visible-surface: 10_ADR-H009_SeniOuter_approach/existing-facade-owner pixel=(0.5, 0.5) distance=1.486 point=(5.80225, 1.2266717, 29.926899) mesh=/root/AddressWorldSmokeTest/Act1Demo/Main/ZoneHost/Act1ConnectedWorld/Act1CoreWorldGreybox/Act1AuthoredExteriorKitPresentation/ArrivalAuthoredParcels/ArrivalEastNearAuthoredFacade/DwellingFacade_TimberPlaster/DwellingFacade_SeniOuter_Window0_Glass_LOD0 triangle=12 vertices=[(5.7748985, 0.933866, 29.535755);(5.8226256, 1.8938661, 30.218288);(5.8226256, 0.933866, 30.218288)] shader= snow=0.0
act1-visible-surface: 10_ADR-H009_SeniOuter_approach/existing-facade-owner pixel=(0.5, 0.5) distance=1.522 point=(5.8371644, 1.2218754, 29.924458) mesh=/root/AddressWorldSmokeTest/Act1Demo/Main/ZoneHost/Act1ConnectedWorld/Act1CoreWorldGreybox/Act1AuthoredExteriorKitPresentation/ArrivalAuthoredParcels/ArrivalEastNearAuthoredFacade/DwellingFacade_TimberPlaster/DwellingFacade_SeniOuter_Window0_Recess_LOD0 triangle=12 vertices=[(5.8063316, 0.8838661, 29.483536);(5.861021, 1.943866, 30.265625);(5.861021, 0.8838661, 30.265625)] shader= snow=0.44999998807907
act1-visible-surface: 10_ADR-H009_SeniOuter_approach/existing-facade-owner pixel=(0.5, 0.5) distance=2.846 point=(7.1464667, 1.0420177, 29.832903) mesh=/root/AddressWorldSmokeTest/Act1Demo/Main/ZoneHost/Act1ConnectedWorld/Act1CoreWorldGreybox/Act1AuthoredExteriorKitPresentation/ArrivalAuthoredParcels/ArrivalEastNearAuthoredFacade/DwellingFacade_TimberPlaster/DwellingFacade_Right_Wall_LOD0 triangle=24 vertices=[(6.9424295, 0.78386605, 26.915028);(7.235407, 2.223866, 31.104797);(7.235407, 0.78386605, 31.104797)] shader= snow=0.41999998688698
act1-visible-surface: 10_ADR-H009_SeniOuter_approach/existing-facade-owner pixel=(0.5, 0.5) distance=7.809 point=(12.051295, 0.3682456, 29.489923) mesh=/root/AddressWorldSmokeTest/Act1Demo/Main/ZoneHost/Act1ConnectedWorld/Act1CoreWorldGreybox/Arrival/ArrivalEastParcelBoundaryRail/ArrivalEastParcelBoundarySlat22 triangle=6 vertices=[(11.994157, 0.72396624, 29.413517);(12.085025, 0.72396624, 29.54521);(12.001761, -0.17938659, 29.40827)] shader= snow=0.62000000476837
act1-visible-surface: 10_ADR-H009_SeniOuter_approach/existing-facade-owner pixel=(0.5, 0.5) distance=8.902 point=(13.131852, 0.21981037, 29.414364) mesh=/root/AddressWorldSmokeTest/Act1Demo/Main/ZoneHost/Act1ConnectedWorld/Act1CoreWorldGreybox/Act1AuthoredExteriorKitPresentation/ArrivalAuthoredParcels/ArrivalEastNearAuthoredFacade/DwellingFacade_TimberPlaster/DwellingFacade_Left_Wall_LOD0 triangle=2 vertices=[(13.220791, 0.78386605, 30.686258);(13.126619, 0.14386602, 29.339546);(13.126619, 0.78386605, 29.339546)] shader= snow=0.41999998688698
state-final-render-sync-begin: label=address/10_ADR-H009_Right_road tick=30511 drawn=4 process=4 physics=35 windowVisible=True focus=False mode=Windowed renderLoop=True
state-final-render-sync-forced: label=address/10_ADR-H009_Right_road forced screenshot render after native focus loss; one focus request + ForceDraw(false); no foreground or performance claim
state-final-render-sync-forced-readback: label=address/10_ADR-H009_Right_road framePostDraw=True pixels=1280x720 drawnDelta=0; screenshot evidence only
state-final-render-sync-end: label=address/10_ADR-H009_Right_road milliseconds=20 forcedScreenshotRender=True
act1-visible-surface: 10_ADR-H009_Right_road/existing-facade-owner pixel=(0.5, 0.5) distance=6.831 point=(7.0049663, 1.634714, 27.809347) mesh=/root/AddressWorldSmokeTest/Act1Demo/Main/ZoneHost/Act1ConnectedWorld/Act1CoreWorldGreybox/Act1AuthoredExteriorKitPresentation/ArrivalAuthoredParcels/ArrivalEastNearAuthoredFacade/DwellingFacade_TimberPlaster/DwellingFacade_Right_Wall_LOD0 triangle=25 vertices=[(6.9424295, 0.78386605, 26.915028);(6.9424295, 2.223866, 26.915028);(7.235407, 2.223866, 31.104797)] shader= snow=0.41999998688698
act1-visible-surface: 10_ADR-H009_Right_road/existing-facade-owner pixel=(0.5, 0.5) distance=12.851 point=(13.020393, 1.8770266, 27.820448) mesh=/root/AddressWorldSmokeTest/Act1Demo/Main/ZoneHost/Act1ConnectedWorld/Act1CoreWorldGreybox/Act1AuthoredExteriorKitPresentation/ArrivalAuthoredParcels/ArrivalEastNearAuthoredFacade/DwellingFacade_TimberPlaster/DwellingFacade_Left_Wall_LOD0 triangle=26 vertices=[(13.05687, 2.223866, 28.342083);(12.96618, 0.78386605, 27.045149);(12.96618, 2.223866, 27.045149)] shader= snow=0.41999998688698
state-final-render-sync-begin: label=address/10_ADR-H009_Right_approach tick=30752 drawn=4 process=4 physics=38 windowVisible=True focus=False mode=Windowed renderLoop=True
state-final-render-sync-forced: label=address/10_ADR-H009_Right_approach forced screenshot render after native focus loss; one focus request + ForceDraw(false); no foreground or performance claim
state-final-render-sync-forced-readback: label=address/10_ADR-H009_Right_approach framePostDraw=True pixels=1280x720 drawnDelta=0; screenshot evidence only
state-final-render-sync-end: label=address/10_ADR-H009_Right_approach milliseconds=17 forcedScreenshotRender=True
act1-visible-surface: 10_ADR-H009_Right_approach/existing-facade-owner pixel=(0.5, 0.5) distance=1.456 point=(7.004861, 1.6368994, 27.807844) mesh=/root/AddressWorldSmokeTest/Act1Demo/Main/ZoneHost/Act1ConnectedWorld/Act1CoreWorldGreybox/Act1AuthoredExteriorKitPresentation/ArrivalAuthoredParcels/ArrivalEastNearAuthoredFacade/DwellingFacade_TimberPlaster/DwellingFacade_Right_Wall_LOD0 triangle=25 vertices=[(6.9424295, 0.78386605, 26.915028);(6.9424295, 2.223866, 26.915028);(7.235407, 2.223866, 31.104797)] shader= snow=0.41999998688698
act1-visible-surface: 10_ADR-H009_Right_approach/existing-facade-owner pixel=(0.5, 0.5) distance=7.518 point=(12.990246, 2.503616, 27.389305) mesh=/root/AddressWorldSmokeTest/Act1Demo/Main/ZoneHost/Act1ConnectedWorld/Act1CoreWorldGreybox/Act1AuthoredExteriorKitPresentation/ArrivalAuthoredParcels/ArrivalEastNearAuthoredFacade/DwellingFacade_TimberPlaster/DwellingFacade_Left_Wall_LOD0 triangle=30 vertices=[(13.05687, 2.743866, 28.342083);(12.96618, 2.223866, 27.045149);(12.96618, 2.743866, 27.045149)] shader= snow=0.41999998688698
act1-visible-surface: 10_ADR-H009_Right_approach/existing-facade-owner pixel=(0.5, 0.5) distance=8.109 point=(13.57382, 2.588121, 27.348497) mesh=/root/AddressWorldSmokeTest/Act1Demo/Main/ZoneHost/Act1ConnectedWorld/Act1CoreWorldGreybox/Act1AuthoredExteriorKitPresentation/ArrivalAuthoredParcels/ArrivalEastNearAuthoredFacade/DwellingFacade_TimberPlaster/DwellingFacade_Gutter_-1_LOD0 triangle=11 vertices=[(13.362445, 2.488866, 24.325684);(13.362445, 2.6188662, 24.325684);(13.827755, 2.6188662, 30.979935)] shader= snow=0.44999998807907
address-world: PASS; scope=entrance-candidates; 8 checks; native diagnostics, not a human search or duration measurement
userdata guard: original files and permissions restored and verified
