Godot Engine v4.7.1.stable.mono.official.a13da4feb - https://godotengine.org
Metal 4.0 - Forward+ - Using Device #0: Apple - Apple M4 Pro (Apple9)

act1-river: ice_slabs=31 blockers=29 road_gap_samples=2 bridge=broken@(15,-85)
village-chimney: /root/AddressWorldSmokeTest/Act1Demo/Main/ZoneHost/Act1ConnectedWorld/Act1CoreWorldGreybox/Act1AuthoredExteriorKitPresentation/ArrivalAuthoredParcels/ArrivalForwardWestFacade/DwellingFacade_TimberPlaster/DwellingFacade_ChimneyCap_LOD0 top=(-10.2875, 4.7722464, 2.3450005)
village-chimney: /root/AddressWorldSmokeTest/Act1Demo/Main/ZoneHost/Act1ConnectedWorld/Act1CoreWorldGreybox/Act1AuthoredExteriorKitPresentation/DistantPerimeterParcels/WestArrivalNearParcel/WestArrivalNearFacade/DwellingFacade_TimberPlaster/DwellingFacade_ChimneyCap_LOD0 top=(-19.730013, 3.9641316, 15.965501)
act1-terrain-room-cut: room=/root/AddressWorldSmokeTest/Act1Demo/Main/ZoneHost/Act1ConnectedWorld/babay-abi-house half=(4, 3.5) affectedTriangles=48 clippedVertices=49980 publishedVertices=49980 physicsVertices=49980 visualAndPhysics=shared-published-faces
act1-apron-room-cut: mesh=/root/AddressWorldSmokeTest/Act1Demo/Main/ZoneHost/Act1ConnectedWorld/Act1CoreWorldGreybox/AgentBExteriorWorld/AgentB_TerrainRoadKit/URMAN_AgentB_TerrainRoadKit/Apron_BabaiYard affectedTriangles=11 clippedVertices=123 surfaces=1 collision=existing-terrain-owner
act1-south-fence-house-junction: wallX=-33.5880 retainedMembers=13 retiredPostsAndCaps=10 supportedWestWing=2.4920m
act1-drain-bank-conform: mesh=/root/AddressWorldSmokeTest/Act1Demo/Main/ZoneHost/Act1ConnectedWorld/Act1CoreWorldGreybox/AgentBExteriorWorld/AgentB_TerrainRoadKit/URMAN_AgentB_TerrainRoadKit/BabaiYard_EastFenceSwale originalTriangles=78 affectedTriangles=35 outputTriangles=3543 groundOwner=unchanged
act1-mosque-terrain-cut: affectedTriangles=70 publishedVertices=49980 physicsVertices=49980 sameOwner=true
act1-school-bank-cut: mesh=/root/AddressWorldSmokeTest/Act1Demo/Main/ZoneHost/Act1ConnectedWorld/Act1CoreWorldGreybox/AgentBExteriorWorld/AgentB_TerrainRoadKit/URMAN_AgentB_TerrainRoadKit/Ditch_FieldBank_EastZirat room=/root/AddressWorldSmokeTest/Act1Demo/Main/ZoneHost/Act1ConnectedWorld/Act1CoreWorldGreybox/Act1AuthoredExteriorKitPresentation/DistantPerimeterParcels/EastReturnMidParcel/EastReturnMidFacade/PublicInterior_school/MainRoom half=(2.5154998, 2.3804996) affectedTriangles=20 clippedVertices=486 publishedVertices=486 floorY=-0.0049708784 collision=unchanged-existing-terrain-and-timber-floor
act1-council-fence-format: source=urman_village_exterior_kit_Cube_040 vertices=96 normals=96 uv=96 tangents=384 colors=0 uv2=0 lods=0 sourceFormat=536875031 publishedFormat=4119
act1-council-fence-format: source=urman_village_exterior_kit_FenceSegment_RailMiddle_Crooked_LOD0Mesh vertices=48 normals=48 uv=0 tangents=192 colors=0 uv2=0 lods=0 sourceFormat=536875015 publishedFormat=4103
act1-council-fence-format: source=urman_village_exterior_kit_Cube_039 vertices=96 normals=96 uv=96 tangents=384 colors=0 uv2=0 lods=0 sourceFormat=536875031 publishedFormat=4119
act1-council-fence-junction: fence=/root/AddressWorldSmokeTest/Act1Demo/Main/ZoneHost/Act1ConnectedWorld/Act1CoreWorldGreybox/Act1AuthoredExteriorKitPresentation/DistantPerimeterParcels/EastStreetHorizonParcel/EastStreetHorizonFence wall=/root/AddressWorldSmokeTest/Act1Demo/Main/ZoneHost/Act1ConnectedWorld/Act1CoreWorldGreybox/Act1AuthoredExteriorKitPresentation/DistantPerimeterParcels/EastStreetHorizonParcel/EastStreetHorizonFacade/VillageParcel_VariantA_TimberGable_Dwelling/VariantA_TimberGable_Dwelling_SeniRear_Wall_LOD0 localCutZ=-4.4 hiddenMembers=4 trimmedRails=3 retainedMembers=8 sourceAsset=unchanged
act1-zirat-fence-source: owner=/root/AddressWorldSmokeTest/Act1Demo/Main/ZoneHost/Act1ConnectedWorld/Act1CoreWorldGreybox/ConnectiveStreetReturn/ReturnEastParcelFenceRail surfaces=1
act1-zirat-fence-source: owner=/root/AddressWorldSmokeTest/Act1Demo/Main/ZoneHost/Act1ConnectedWorld/Act1CoreWorldGreybox/ConnectiveStreetReturn/ReturnEastParcelFenceRail rawVertices=144 normals=144 tangents=576 indices=0 expandedVertices=144 format=7 indexed=False primitive=Triangles lods=0 shadow=False failedTerms=
act1-zirat-fence-source: owner=/root/AddressWorldSmokeTest/Act1Demo/Main/ZoneHost/Act1ConnectedWorld/Act1CoreWorldGreybox/ConnectiveStreetReturn/ReturnEastParcelFenceRail/ReturnEastParcelFenceLowerRail surfaces=1
act1-zirat-fence-source: owner=/root/AddressWorldSmokeTest/Act1Demo/Main/ZoneHost/Act1ConnectedWorld/Act1CoreWorldGreybox/ConnectiveStreetReturn/ReturnEastParcelFenceRail/ReturnEastParcelFenceLowerRail rawVertices=144 normals=144 tangents=576 indices=0 expandedVertices=144 format=7 indexed=False primitive=Triangles lods=0 shadow=False failedTerms=
act1-zirat-fence-post-source: owner=/root/AddressWorldSmokeTest/Act1Demo/Main/ZoneHost/Act1ConnectedWorld/Act1CoreWorldGreybox/ConnectiveStreetReturn/ReturnEastParcelFencePost0 meshType=BoxMesh surfaces=1
act1-zirat-fence-post-source: owner=/root/AddressWorldSmokeTest/Act1Demo/Main/ZoneHost/Act1ConnectedWorld/Act1CoreWorldGreybox/ConnectiveStreetReturn/ReturnEastParcelFencePost1 meshType=BoxMesh surfaces=1
act1-zirat-fence-post-source: owner=/root/AddressWorldSmokeTest/Act1Demo/Main/ZoneHost/Act1ConnectedWorld/Act1CoreWorldGreybox/ConnectiveStreetReturn/ReturnEastParcelFencePost2 meshType=BoxMesh surfaces=1
act1-zirat-fence-post-source: owner=/root/AddressWorldSmokeTest/Act1Demo/Main/ZoneHost/Act1ConnectedWorld/Act1CoreWorldGreybox/ConnectiveStreetReturn/ReturnEastParcelFencePost3 meshType=BoxMesh surfaces=1
act1-zirat-fence-post-source: owner=/root/AddressWorldSmokeTest/Act1Demo/Main/ZoneHost/Act1ConnectedWorld/Act1CoreWorldGreybox/ConnectiveStreetReturn/ReturnEastParcelFencePost4 meshType=BoxMesh surfaces=1
act1-zirat-shed-fence-junction: wall=/root/AddressWorldSmokeTest/Act1Demo/Main/ZoneHost/Act1ConnectedWorld/Act1CoreWorldGreybox/Act1AuthoredExteriorKitPresentation/ZiratVillageEdgeAuthoredParcels/ZiratVillageEdgeEastShed/OutbuildingShed_Low/OutbuildingShed_Wall_LOD0 attachmentZ=-46.915245 retainedFirstSpans=2 hiddenPost=3 retainedFarPost=4 frontCut=(-0.99987423, 0.015860919, -2.3291499E-07), -14.446598 rearCut=(0.99986124, 0.016654668, 0), 17.218063
act1-roadside-grounding: independent contact meshes=34; source meshes and usable footbridge preserved
act1-kit-blockers: placements=100 shapes=1597 carved_door_slabs=116 flat_slab_skipped=2460 exact_architecture_surfaces=911 hidden_skipped=7 road_clearance_skipped=0
act1-dwelling-threshold: placements=83 worst_analytic_vs_collision_delta=0.028m worst_placement=ArrivalForwardEastShed
act1-building-supports: supported foundations=137; maximum ground drop=1.136m; level entrances preserved
act1-zirat-foundation-contact: owner=/root/AddressWorldSmokeTest/Act1Demo/Main/ZoneHost/Act1ConnectedWorld/Act1CoreWorldGreybox/Act1AuthoredExteriorKitPresentation/ZiratVillageEdgeAuthoredParcels/ZiratVillageEdgeEastShed/AuthoredKitCollisionProxy/OutbuildingShed_Foundation_LOD0_SurfaceContact source=/root/AddressWorldSmokeTest/Act1Demo/Main/ZoneHost/Act1ConnectedWorld/Act1CoreWorldGreybox/Act1AuthoredExteriorKitPresentation/ZiratVillageEdgeAuthoredParcels/ZiratVillageEdgeEastShed/OutbuildingShed_Low/OutbuildingShed_Foundation_LOD0 policy=exact-existing-mesh-triangles
act1-council-fence-contacts: retainedSourceContacts=0 hiddenMemberContacts=0 newBodyOwners=0
zone-loaded: village_day@arrival connected-world=111115505603
УРМАН Godot vertical slice ready: Painterly Low-Poly / first person
act1-smoke: background input replay; focus-loss pause isolated from this test scene
act1-window-surrounds: painted=1020
act1-legacy-sign: suppressed=1
zone-loaded: village_day@arrival connected-world=111115505603
SaveGameV3 new game session started; existing slots untouched.
act1-intro: confirmed with E
address-world: auditing 2/56
address-world: auditing 2/56
address-world: auditing 2/56
address-world: auditing 3/56
address-world: auditing 3/56
address-world: auditing 3/56
address-world: auditing 3/56
address-world: auditing 3/56
address-world: auditing 3/56
address-world: auditing 3/56
address-world: auditing 4/56
address-world: auditing 6/56
address-world: auditing 6/56
address-world: auditing 7/56
address-world: auditing 7/56
address-world: auditing 7/56
address-world: auditing 10/56
address-world: auditing 15/56
address-world: auditing 16/56
address-world: auditing 16/56
address-world: auditing 16/56
address-world: auditing 19/56
address-world: auditing 22/56
address-world: auditing 28/56
address-world: auditing 33/56
address-anchor-snap: ACC-ADR-H033 anchor moved to open ground (33.75, -0.17881799, -28.4)
address-world: auditing 36/56
address-anchor-snap: ACC-ADR-H037 anchor moved to open ground (33.75, -0.17881799, -28.4)
address-world: auditing 39/56
address-world: auditing 41/56
address-world: auditing 43/56
address-world: auditing 43/56
address-world: auditing 44/56
address-world: auditing 47/56
address-world: auditing 48/56
address-world: auditing 50/56
address-world: auditing 51/56
address-world: auditing 51/56
address-world: auditing 52/56
address-world: auditing 54/56
address-world: auditing 55/56
address-access-geometry: recorded read-only floor and collider evidence: /Users/unterlantas/Documents/GitHub/URMAN/docs/production/act1_takeover_evidence_2026-09-16/images-address-world-21/address-access-geometry.json
state-final-render-sync-begin: label=address/00_empty_map_large tick=243410 drawn=9005 process=9005 physics=11326 windowVisible=True focus=True mode=Windowed renderLoop=True
state-final-render-sync-end: label=address/00_empty_map_large milliseconds=28 forcedScreenshotRender=False
state-final-render-sync-begin: label=address/01_babai tick=243637 drawn=9006 process=9006 physics=11336 windowVisible=True focus=True mode=Windowed renderLoop=True
state-final-render-sync-end: label=address/01_babai milliseconds=18 forcedScreenshotRender=False
act1-visible-surface: 01_babai/actual-visible-owner pixel=(0.5, 0.5) distance=3,987 point=(-26.924667, 3.054763, -3.0753398) mesh=/root/AddressWorldSmokeTest/Act1Demo/Main/ZoneHost/Act1ConnectedWorld/SettlementAddressPresentation/AddressPlate_ADR-BABAI/EnamelFace triangle=0 vertices=[(-27.169128, 3.250963, -2.557658);(-26.680206, 3.250963, -3.5930226);(-27.169128, 2.854963, -2.557658)] albedo=(0.16078432, 0.23137255, 0.2627451, 1) texture=
act1-visible-surface: 01_babai/actual-visible-owner pixel=(0.5, 0.5) distance=3,995 point=(-26.931904, 3.0541627, -3.0787573) mesh=/root/AddressWorldSmokeTest/Act1Demo/Main/ZoneHost/Act1ConnectedWorld/SettlementAddressPresentation/AddressPlate_ADR-BABAI/FoldedMetalRim triangle=0 vertices=[(-27.183834, 3.267963, -2.5452497);(-26.679968, 3.267963, -3.612263);(-27.183834, 2.837963, -2.5452497)] albedo=(0.6392157, 0.627451, 0.5686275, 1) texture=
act1-visible-surface: 01_babai/actual-visible-owner pixel=(0.5, 0.5) distance=4,032 point=(-26.965359, 3.051388, -3.0945554) mesh=/root/AddressWorldSmokeTest/Act1Demo/Main/ZoneHost/Act1ConnectedWorld/Act1CoreWorldGreybox/Act1AuthoredExteriorKitPresentation/BabaiApproachDwellingFacade/HeroHouse_TimberPlaster/HeroHouse_Street_Wall_LOD0 triangle=32 vertices=[(-27.255764, 2.8441522, -2.4795763);(-26.917362, 3.398152, -3.1961935);(-26.917362, 2.8441522, -3.1961935)] shader= snow=0.41999998688698
act1-visible-surface: 01_babai/actual-visible-owner pixel=(0.5, 0.5) distance=11,253 point=(-33.47595, 2.511388, -6.1689997) mesh=/root/AddressWorldSmokeTest/Act1Demo/Main/ZoneHost/Act1ConnectedWorld/Act1CoreWorldGreybox/Act1AuthoredExteriorKitPresentation/BabaiApproachDwellingFacade/HeroHouse_TimberPlaster/HeroHouse_Rear_Wall_LOD0 triangle=26 vertices=[(-31.976131, 2.734152, -9.345083);(-33.70128, 1.3341522, -5.6918283);(-33.70128, 2.734152, -5.6918283)] shader= snow=0.41999998688698
act1-visible-surface: 01_babai/actual-visible-owner pixel=(0.5, 0.5) distance=18,638 point=(-40.13591, 1.958999, -9.31398) mesh=/root/AddressWorldSmokeTest/Act1Demo/Main/ZoneHost/Act1ConnectedWorld/Act1CoreWorldGreybox/Act1AuthoredExteriorKitPresentation/NeighborParcels/HouseExterior/WestSideParcel/HouseExteriorWestNeighborShed/OutbuildingShed_Low/OutbuildingShed_Wall_LOD0 triangle=1 vertices=[(-40.139603, 1.510545, -9.236549);(-40.151115, 2.440545, -9.260635);(-39.90958, 2.440545, -10.979245)] shader= snow=0.44999998807907
act1-visible-surface: 01_babai/actual-visible-owner pixel=(0.45, 0.5) distance=4,016 point=(-27.128822, 3.054763, -2.6430078) mesh=/root/AddressWorldSmokeTest/Act1Demo/Main/ZoneHost/Act1ConnectedWorld/SettlementAddressPresentation/AddressPlate_ADR-BABAI/EnamelFace triangle=0 vertices=[(-27.169128, 3.250963, -2.557658);(-26.680206, 3.250963, -3.5930226);(-27.169128, 2.854963, -2.557658)] albedo=(0.16078432, 0.23137255, 0.2627451, 1) texture=
act1-visible-surface: 01_babai/actual-visible-owner pixel=(0.45, 0.5) distance=4,024 point=(-27.13647, 3.0541627, -2.645555) mesh=/root/AddressWorldSmokeTest/Act1Demo/Main/ZoneHost/Act1ConnectedWorld/SettlementAddressPresentation/AddressPlate_ADR-BABAI/FoldedMetalRim triangle=0 vertices=[(-27.183834, 3.267963, -2.5452497);(-26.679968, 3.267963, -3.612263);(-27.183834, 2.837963, -2.5452497)] albedo=(0.6392157, 0.627451, 0.5686275, 1) texture=
act1-visible-surface: 01_babai/actual-visible-owner pixel=(0.45, 0.5) distance=4,061 point=(-27.171825, 3.051388, -2.6573305) mesh=/root/AddressWorldSmokeTest/Act1Demo/Main/ZoneHost/Act1ConnectedWorld/Act1CoreWorldGreybox/Act1AuthoredExteriorKitPresentation/BabaiApproachDwellingFacade/HeroHouse_TimberPlaster/HeroHouse_Street_Wall_LOD0 triangle=33 vertices=[(-27.255764, 2.8441522, -2.4795763);(-27.255764, 3.398152, -2.4795763);(-26.917362, 3.398152, -3.1961935)] shader= snow=0.41999998688698
act1-visible-surface: 01_babai/actual-visible-owner pixel=(0.45, 0.5) distance=11,300 point=(-34.021057, 2.5138254, -4.938536) mesh=/root/AddressWorldSmokeTest/Act1Demo/Main/ZoneHost/Act1ConnectedWorld/Act1CoreWorldGreybox/Act1AuthoredExteriorKitPresentation/BabaiApproachDwellingFacade/HeroHouse_TimberPlaster/HeroHouse_Rear_Window0_Recess_LOD0 triangle=21 vertices=[(-34.12106, 1.3341522, -4.7267723);(-34.12106, 2.7341523, -4.7267723);(-33.675262, 2.7341523, -5.6708083)] shader= snow=0.44999998807907
act1-visible-surface: 01_babai/actual-visible-owner pixel=(0.45, 0.5) distance=11,346 point=(-34.064064, 2.5104504, -4.9528584) mesh=/root/AddressWorldSmokeTest/Act1Demo/Main/ZoneHost/Act1ConnectedWorld/Act1CoreWorldGreybox/Act1AuthoredExteriorKitPresentation/BabaiApproachDwellingFacade/HeroHouse_TimberPlaster/HeroHouse_Rear_Window0_Glass_LOD0 triangle=21 vertices=[(-34.14044, 1.3841523, -4.7911096);(-34.14044, 2.6841521, -4.7911096);(-33.737263, 2.6841521, -5.6449013)] shader= snow=0.0
act1-visible-surface: 01_babai/actual-visible-owner pixel=(0.55, 0.5) distance=4,016 point=(-26.720509, 3.054763, -3.5076716) mesh=/root/AddressWorldSmokeTest/Act1Demo/Main/ZoneHost/Act1ConnectedWorld/SettlementAddressPresentation/AddressPlate_ADR-BABAI/EnamelFace triangle=1 vertices=[(-26.680206, 3.250963, -3.5930226);(-26.680206, 2.854963, -3.5930226);(-27.169128, 2.854963, -2.557658)] albedo=(0.16078432, 0.23137255, 0.2627451, 1) texture=
act1-visible-surface: 01_babai/actual-visible-owner pixel=(0.55, 0.5) distance=4,024 point=(-26.727335, 3.054163, -3.5119588) mesh=/root/AddressWorldSmokeTest/Act1Demo/Main/ZoneHost/Act1ConnectedWorld/SettlementAddressPresentation/AddressPlate_ADR-BABAI/FoldedMetalRim triangle=1 vertices=[(-26.679968, 3.267963, -3.612263);(-26.679968, 2.837963, -3.612263);(-27.183834, 2.837963, -2.5452497)] albedo=(0.6392157, 0.627451, 0.5686275, 1) texture=
act1-visible-surface: 01_babai/actual-visible-owner pixel=(0.55, 0.5) distance=4,061 point=(-26.75889, 3.051388, -3.5317805) mesh=/root/AddressWorldSmokeTest/Act1Demo/Main/ZoneHost/Act1ConnectedWorld/Act1CoreWorldGreybox/Act1AuthoredExteriorKitPresentation/BabaiApproachDwellingFacade/HeroHouse_TimberPlaster/HeroHouse_Street_Wall_LOD0 triangle=45 vertices=[(-26.917362, 2.8441522, -3.1961935);(-26.917362, 3.398152, -3.1961935);(-26.464779, 3.398152, -4.154607)] shader= snow=0.41999998688698
act1-visible-surface: 01_babai/actual-visible-owner pixel=(0.55, 0.5) distance=11,333 point=(-32.89978, 2.511388, -7.38912) mesh=/root/AddressWorldSmokeTest/Act1Demo/Main/ZoneHost/Act1ConnectedWorld/Act1CoreWorldGreybox/Act1AuthoredExteriorKitPresentation/BabaiApproachDwellingFacade/HeroHouse_TimberPlaster/HeroHouse_Rear_Wall_LOD0 triangle=26 vertices=[(-31.976131, 2.734152, -9.345083);(-33.70128, 1.3341522, -5.6918283);(-33.70128, 2.734152, -5.6918283)] shader= snow=0.41999998688698
act1-visible-surface: 01_babai/actual-visible-owner pixel=(0.55, 0.5) distance=23,398 point=(-43.08817, 1.6154708, -13.788855) mesh=/root/AddressWorldSmokeTest/Act1Demo/Main/ZoneHost/Act1ConnectedWorld/Act1CoreWorldGreybox/AgentBExteriorWorld/AgentB_TerrainRoadKit/URMAN_AgentB_TerrainRoadKit/Terrain_Main triangle=8991 vertices=[(-44.113598, 1.7763, -14.0877);(-41.8494, 1.405, -13.968499);(-42.073997, 1.505, -11.8696995)] shader= snow=0.0
state-final-render-sync-begin: label=address/02_fap tick=244240 drawn=9007 process=9007 physics=11341 windowVisible=True focus=True mode=Windowed renderLoop=True
state-final-render-sync-end: label=address/02_fap milliseconds=14 forcedScreenshotRender=False
act1-visible-surface: 02_fap/actual-visible-owner pixel=(0.5, 0.5) distance=3,240 point=(28.19, 1.4781463, -27.349998) mesh=/root/AddressWorldSmokeTest/Act1Demo/Main/ZoneHost/Act1ConnectedWorld/Act1CoreWorldGreybox/FapExterior/FapClinicAuthoredKitPresentation/FapAuthoredEntryPorch/FapEntryPorch/FapEntryPorch_Post_R_LOD0 triangle=12 vertices=[(28.324999, 0.06042385, -27.349998);(28.155, 0.06042385, -27.349998);(28.155, 2.8654237, -27.349998)] shader= snow=0.44999998807907
act1-visible-surface: 02_fap/actual-visible-owner pixel=(0.5, 0.5) distance=3,987 point=(28.19, 1.4222711, -28.095001) mesh=/root/AddressWorldSmokeTest/Act1Demo/Main/ZoneHost/Act1ConnectedWorld/SettlementAddressPresentation/AddressPlate_ADR-FAP/EnamelFace triangle=0 vertices=[(27.6175, 1.6184711, -28.095003);(28.7625, 1.6184711, -28.095003);(27.6175, 1.2224712, -28.095003)] albedo=(0.16078432, 0.23137255, 0.2627451, 1) texture=
act1-visible-surface: 02_fap/actual-visible-owner pixel=(0.5, 0.5) distance=3,995 point=(28.19, 1.4216712, -28.103003) mesh=/root/AddressWorldSmokeTest/Act1Demo/Main/ZoneHost/Act1ConnectedWorld/SettlementAddressPresentation/AddressPlate_ADR-FAP/FoldedMetalRim triangle=0 vertices=[(27.6, 1.6354712, -28.103);(28.78, 1.6354712, -28.103);(27.6, 1.2054712, -28.103)] albedo=(0.6392157, 0.627451, 0.5686275, 1) texture=
act1-visible-surface: 02_fap/actual-visible-owner pixel=(0.5, 0.5) distance=4,032 point=(28.19, 1.4188962, -28.140001) mesh=/root/AddressWorldSmokeTest/Act1Demo/Main/ZoneHost/Act1ConnectedWorld/Act1CoreWorldGreybox/FapExterior/FapClinicAuthoredKitPresentation/FapAuthoredFacade/FapFacade_Main/FapFacade_Body_LOD0 triangle=237 vertices=[(27.59, 1.4304712, -28.140001);(29.41, 1.4004712, -28.140001);(27.59, 1.4004712, -28.140001)] shader= snow=0.41999998688698
act1-visible-surface: 02_fap/actual-visible-owner pixel=(0.45, 0.5) distance=4,016 point=(27.71189, 1.4222711, -28.095001) mesh=/root/AddressWorldSmokeTest/Act1Demo/Main/ZoneHost/Act1ConnectedWorld/SettlementAddressPresentation/AddressPlate_ADR-FAP/EnamelFace triangle=0 vertices=[(27.6175, 1.6184711, -28.095003);(28.7625, 1.6184711, -28.095003);(27.6175, 1.2224712, -28.095003)] albedo=(0.16078432, 0.23137255, 0.2627451, 1) texture=
act1-visible-surface: 02_fap/actual-visible-owner pixel=(0.45, 0.5) distance=4,024 point=(27.710926, 1.4216712, -28.103) mesh=/root/AddressWorldSmokeTest/Act1Demo/Main/ZoneHost/Act1ConnectedWorld/SettlementAddressPresentation/AddressPlate_ADR-FAP/FoldedMetalRim triangle=0 vertices=[(27.6, 1.6354712, -28.103);(28.78, 1.6354712, -28.103);(27.6, 1.2054712, -28.103)] albedo=(0.6392157, 0.627451, 0.5686275, 1) texture=
act1-visible-surface: 02_fap/actual-visible-owner pixel=(0.45, 0.5) distance=4,061 point=(27.706478, 1.4188962, -28.140001) mesh=/root/AddressWorldSmokeTest/Act1Demo/Main/ZoneHost/Act1ConnectedWorld/Act1CoreWorldGreybox/FapExterior/FapClinicAuthoredKitPresentation/FapAuthoredFacade/FapFacade_Main/FapFacade_Body_LOD0 triangle=237 vertices=[(27.59, 1.4304712, -28.140001);(29.41, 1.4004712, -28.140001);(27.59, 1.4004712, -28.140001)] shader= snow=0.41999998688698
act1-visible-surface: 02_fap/actual-visible-owner pixel=(0.55, 0.5) distance=4,016 point=(28.668112, 1.4222711, -28.095001) mesh=/root/AddressWorldSmokeTest/Act1Demo/Main/ZoneHost/Act1ConnectedWorld/SettlementAddressPresentation/AddressPlate_ADR-FAP/EnamelFace triangle=1 vertices=[(28.7625, 1.6184711, -28.095003);(28.7625, 1.2224712, -28.095003);(27.6175, 1.2224712, -28.095003)] albedo=(0.16078432, 0.23137255, 0.2627451, 1) texture=
act1-visible-surface: 02_fap/actual-visible-owner pixel=(0.55, 0.5) distance=4,024 point=(28.669075, 1.4216712, -28.103) mesh=/root/AddressWorldSmokeTest/Act1Demo/Main/ZoneHost/Act1ConnectedWorld/SettlementAddressPresentation/AddressPlate_ADR-FAP/FoldedMetalRim triangle=1 vertices=[(28.78, 1.6354712, -28.103);(28.78, 1.2054712, -28.103);(27.6, 1.2054712, -28.103)] albedo=(0.6392157, 0.627451, 0.5686275, 1) texture=
act1-visible-surface: 02_fap/actual-visible-owner pixel=(0.55, 0.5) distance=4,061 point=(28.673523, 1.4188962, -28.140001) mesh=/root/AddressWorldSmokeTest/Act1Demo/Main/ZoneHost/Act1ConnectedWorld/Act1CoreWorldGreybox/FapExterior/FapClinicAuthoredKitPresentation/FapAuthoredFacade/FapFacade_Main/FapFacade_Body_LOD0 triangle=236 vertices=[(27.59, 1.4304712, -28.140001);(29.41, 1.4304712, -28.140001);(29.41, 1.4004712, -28.140001)] shader= snow=0.41999998688698
state-final-render-sync-begin: label=address/03_usal_15 tick=244820 drawn=9008 process=9008 physics=11349 windowVisible=True focus=True mode=Windowed renderLoop=True
state-final-render-sync-end: label=address/03_usal_15 milliseconds=22 forcedScreenshotRender=False
act1-visible-surface: 03_usal_15/actual-visible-owner pixel=(0.5, 0.5) distance=3,987 point=(-10.785, 2.3818984, -53.9786) mesh=/root/AddressWorldSmokeTest/Act1Demo/Main/ZoneHost/Act1ConnectedWorld/SettlementAddressPresentation/AddressPlate_ADR-H025/EnamelFace triangle=0 vertices=[(-10.785, 2.5780983, -53.4061);(-10.785, 2.5780983, -54.551098);(-10.785, 2.1820984, -53.4061)] albedo=(0.16078432, 0.23137255, 0.2627451, 1) texture=
act1-visible-surface: 03_usal_15/actual-visible-owner pixel=(0.5, 0.5) distance=3,995 point=(-10.793001, 2.3812983, -53.9786) mesh=/root/AddressWorldSmokeTest/Act1Demo/Main/ZoneHost/Act1ConnectedWorld/SettlementAddressPresentation/AddressPlate_ADR-H025/FoldedMetalRim triangle=0 vertices=[(-10.793, 2.5950983, -53.3886);(-10.793, 2.5950983, -54.5686);(-10.793, 2.1650984, -53.3886)] albedo=(0.6392157, 0.627451, 0.5686275, 1) texture=
act1-visible-surface: 03_usal_15/actual-visible-owner pixel=(0.5, 0.5) distance=4,032 point=(-10.829999, 2.3785233, -53.9786) mesh=/root/AddressWorldSmokeTest/Act1Demo/Main/ZoneHost/Act1ConnectedWorld/Act1CoreWorldGreybox/Act1AuthoredExteriorKitPresentation/NeighborParcels/ReturnStreet/ReturnWestFarHouse1Silhouette/VillageParcel_VariantA_TimberGable_Dwelling/VariantA_TimberGable_Dwelling_Front_BoardedGable_LOD0 triangle=38 vertices=[(-10.83, 2.1400983, -53.80349);(-10.83, 2.9714282, -53.99636);(-10.83, 2.1400983, -53.99636)] shader= snow=0.44999998807907
act1-visible-surface: 03_usal_15/actual-visible-owner pixel=(0.5, 0.5) distance=9,086 point=(-15.869999, 2.0005236, -53.9786) mesh=/root/AddressWorldSmokeTest/Act1Demo/Main/ZoneHost/Act1ConnectedWorld/Act1CoreWorldGreybox/Act1AuthoredExteriorKitPresentation/NeighborParcels/ReturnStreet/ReturnWestFarHouse1Silhouette/VillageParcel_VariantA_TimberGable_Dwelling/VariantA_TimberGable_Dwelling_Rear_Wall_LOD0 triangle=19 vertices=[(-15.87, 2.1760983, -54.005);(-15.87, 1.7530982, -54.005);(-15.87, 1.7530982, -53.141)] shader= snow=0.44999998807907
act1-visible-surface: 03_usal_15/actual-visible-owner pixel=(0.5, 0.5) distance=20,466 point=(-27.21747, 1.1494634, -53.9786) mesh=/root/AddressWorldSmokeTest/Act1Demo/Main/ZoneHost/Act1ConnectedWorld/Act1CoreWorldGreybox/ZiratMemoryField/ZiratWestHoldingNorthRail/ZiratWestHoldingNorthSlat34 triangle=2 vertices=[(-27.217468, 1.1642776, -53.977966);(-27.217468, 1.1618493, -54.05293);(-27.217468, 0.21057796, -53.94707)] shader= snow=0.62000000476837
act1-visible-surface: 03_usal_15/actual-visible-owner pixel=(0.45, 0.5) distance=4,016 point=(-10.785, 2.3818984, -53.50049) mesh=/root/AddressWorldSmokeTest/Act1Demo/Main/ZoneHost/Act1ConnectedWorld/SettlementAddressPresentation/AddressPlate_ADR-H025/EnamelFace triangle=0 vertices=[(-10.785, 2.5780983, -53.4061);(-10.785, 2.5780983, -54.551098);(-10.785, 2.1820984, -53.4061)] albedo=(0.16078432, 0.23137255, 0.2627451, 1) texture=
act1-visible-surface: 03_usal_15/actual-visible-owner pixel=(0.45, 0.5) distance=4,024 point=(-10.793001, 2.3812983, -53.499527) mesh=/root/AddressWorldSmokeTest/Act1Demo/Main/ZoneHost/Act1ConnectedWorld/SettlementAddressPresentation/AddressPlate_ADR-H025/FoldedMetalRim triangle=0 vertices=[(-10.793, 2.5950983, -53.3886);(-10.793, 2.5950983, -54.5686);(-10.793, 2.1650984, -53.3886)] albedo=(0.6392157, 0.627451, 0.5686275, 1) texture=
act1-visible-surface: 03_usal_15/actual-visible-owner pixel=(0.45, 0.5) distance=4,061 point=(-10.83, 2.3785233, -53.495075) mesh=/root/AddressWorldSmokeTest/Act1Demo/Main/ZoneHost/Act1ConnectedWorld/Act1CoreWorldGreybox/Act1AuthoredExteriorKitPresentation/NeighborParcels/ReturnStreet/ReturnWestFarHouse1Silhouette/VillageParcel_VariantA_TimberGable_Dwelling/VariantA_TimberGable_Dwelling_Front_BoardedGable_LOD0 triangle=34 vertices=[(-10.83, 2.1400983, -53.40353);(-10.83, 3.1981385, -53.59631);(-10.83, 2.1400983, -53.59631)] shader= snow=0.44999998807907
act1-visible-surface: 03_usal_15/actual-visible-owner pixel=(0.45, 0.5) distance=9,152 point=(-15.870001, 2.0005233, -52.88902) mesh=/root/AddressWorldSmokeTest/Act1Demo/Main/ZoneHost/Act1ConnectedWorld/Act1CoreWorldGreybox/Act1AuthoredExteriorKitPresentation/NeighborParcels/ReturnStreet/ReturnWestFarHouse1Silhouette/VillageParcel_VariantA_TimberGable_Dwelling/VariantA_TimberGable_Dwelling_Rear_Wall_LOD0 triangle=31 vertices=[(-15.87, 2.1760983, -53.141);(-15.87, 1.7530982, -53.141);(-15.87, 1.7530982, -52.259)] shader= snow=0.44999998807907
act1-visible-surface: 03_usal_15/actual-visible-owner pixel=(0.55, 0.5) distance=4,016 point=(-10.785, 2.3818984, -54.45671) mesh=/root/AddressWorldSmokeTest/Act1Demo/Main/ZoneHost/Act1ConnectedWorld/SettlementAddressPresentation/AddressPlate_ADR-H025/EnamelFace triangle=1 vertices=[(-10.785, 2.5780983, -54.551098);(-10.785, 2.1820984, -54.551098);(-10.785, 2.1820984, -53.4061)] albedo=(0.16078432, 0.23137255, 0.2627451, 1) texture=
act1-visible-surface: 03_usal_15/actual-visible-owner pixel=(0.55, 0.5) distance=4,024 point=(-10.793, 2.3812983, -54.457672) mesh=/root/AddressWorldSmokeTest/Act1Demo/Main/ZoneHost/Act1ConnectedWorld/SettlementAddressPresentation/AddressPlate_ADR-H025/FoldedMetalRim triangle=1 vertices=[(-10.793, 2.5950983, -54.5686);(-10.793, 2.1650984, -54.5686);(-10.793, 2.1650984, -53.3886)] albedo=(0.6392157, 0.627451, 0.5686275, 1) texture=
act1-visible-surface: 03_usal_15/actual-visible-owner pixel=(0.55, 0.5) distance=4,061 point=(-10.83, 2.3785233, -54.462124) mesh=/root/AddressWorldSmokeTest/Act1Demo/Main/ZoneHost/Act1ConnectedWorld/Act1CoreWorldGreybox/Act1AuthoredExteriorKitPresentation/NeighborParcels/ReturnStreet/ReturnWestFarHouse1Silhouette/VillageParcel_VariantA_TimberGable_Dwelling/VariantA_TimberGable_Dwelling_Front_BoardedGable_LOD0 triangle=45 vertices=[(-10.83, 2.1400983, -54.40361);(-10.83, 2.7406683, -54.40361);(-10.83, 2.6314983, -54.59639)] shader= snow=0.44999998807907
act1-visible-surface: 03_usal_15/actual-visible-owner pixel=(0.55, 0.5) distance=9,152 point=(-15.87, 2.0005233, -55.06818) mesh=/root/AddressWorldSmokeTest/Act1Demo/Main/ZoneHost/Act1ConnectedWorld/Act1CoreWorldGreybox/Act1AuthoredExteriorKitPresentation/NeighborParcels/ReturnStreet/ReturnWestFarHouse1Silhouette/VillageParcel_VariantA_TimberGable_Dwelling/VariantA_TimberGable_Dwelling_Rear_Wall_LOD0 triangle=11 vertices=[(-15.87, 2.1760983, -55.4);(-15.87, 1.7530982, -55.4);(-15.87, 1.7530982, -54.005)] shader= snow=0.44999998807907
act1-visible-surface: 03_usal_15/actual-visible-owner pixel=(0.55, 0.5) distance=21,564 point=(-28.159998, 1.0787736, -56.546043) mesh=/root/AddressWorldSmokeTest/Act1Demo/Main/ZoneHost/Act1ConnectedWorld/Act1CoreWorldGreybox/ZiratMemoryField/ZiratWestHoldingWoodpile/Woodpile_StackedLogs/Woodpile_Log_05_LOD0 triangle=19 vertices=[(-28.16, 1.0506775, -56.66);(-28.16, 1.0506775, -56.34);(-28.16, 1.2107775, -56.5)] shader= snow=0.30000001192093
state-final-render-sync-begin: label=address/04_usal_52 tick=245391 drawn=9009 process=9009 physics=11357 windowVisible=True focus=True mode=Windowed renderLoop=True
state-final-render-sync-end: label=address/04_usal_52 milliseconds=11 forcedScreenshotRender=False
act1-visible-surface: 04_usal_52/actual-visible-owner pixel=(0.5, 0.5) distance=3,987 point=(-26.785, 3.089555, -65.278625) mesh=/root/AddressWorldSmokeTest/Act1Demo/Main/ZoneHost/Act1ConnectedWorld/SettlementAddressPresentation/AddressPlate_ADR-H027/EnamelFace triangle=0 vertices=[(-26.785002, 3.285755, -64.70612);(-26.785002, 3.285755, -65.85113);(-26.785002, 2.889755, -64.70612)] albedo=(0.16078432, 0.23137255, 0.2627451, 1) texture=
act1-visible-surface: 04_usal_52/actual-visible-owner pixel=(0.5, 0.5) distance=3,995 point=(-26.793001, 3.088955, -65.278625) mesh=/root/AddressWorldSmokeTest/Act1Demo/Main/ZoneHost/Act1ConnectedWorld/SettlementAddressPresentation/AddressPlate_ADR-H027/FoldedMetalRim triangle=0 vertices=[(-26.793, 3.3027549, -64.68863);(-26.793, 3.3027549, -65.86862);(-26.793, 2.872755, -64.68863)] albedo=(0.6392157, 0.627451, 0.5686275, 1) texture=
act1-visible-surface: 04_usal_52/actual-visible-owner pixel=(0.5, 0.5) distance=4,032 point=(-26.83, 3.08618, -65.278625) mesh=/root/AddressWorldSmokeTest/Act1Demo/Main/ZoneHost/Act1ConnectedWorld/Act1CoreWorldGreybox/ZiratMemoryField/ZiratWestLateralHouse/VillageParcel_VariantA_TimberGable_Dwelling/VariantA_TimberGable_Dwelling_Front_BoardedGable_LOD0 triangle=38 vertices=[(-26.83, 2.847755, -65.10349);(-26.83, 3.6790848, -65.29636);(-26.83, 2.847755, -65.29636)] shader= snow=0.44999998807907
act1-visible-surface: 04_usal_52/actual-visible-owner pixel=(0.5, 0.5) distance=9,086 point=(-31.869999, 2.70818, -65.278625) mesh=/root/AddressWorldSmokeTest/Act1Demo/Main/ZoneHost/Act1ConnectedWorld/Act1CoreWorldGreybox/ZiratMemoryField/ZiratWestLateralHouse/VillageParcel_VariantA_TimberGable_Dwelling/VariantA_TimberGable_Dwelling_Rear_Wall_LOD0 triangle=19 vertices=[(-31.869999, 2.883755, -65.305);(-31.869999, 2.4607549, -65.305);(-31.869999, 2.4607549, -64.441)] shader= snow=0.44999998807907
act1-visible-surface: 04_usal_52/actual-visible-owner pixel=(0.5, 0.5) distance=22,028 point=(-44.77482, 1.7403189, -65.278625) mesh=/root/AddressWorldSmokeTest/Act1Demo/Main/ZoneHost/Act1ConnectedWorld/Act1CoreWorldGreybox/AgentBExteriorWorld/AgentB_TerrainRoadKit/URMAN_AgentB_TerrainRoadKit/Terrain_Main triangle=5609 vertices=[(-45.9581, 2.1513999, -66.087395);(-44.1732, 1.5304999, -65.9797);(-44.0923, 1.5038999, -63.861298)] shader= snow=0.0
act1-visible-surface: 04_usal_52/actual-visible-owner pixel=(0.45, 0.5) distance=4,016 point=(-26.785, 3.0895548, -64.800514) mesh=/root/AddressWorldSmokeTest/Act1Demo/Main/ZoneHost/Act1ConnectedWorld/SettlementAddressPresentation/AddressPlate_ADR-H027/EnamelFace triangle=0 vertices=[(-26.785002, 3.285755, -64.70612);(-26.785002, 3.285755, -65.85113);(-26.785002, 2.889755, -64.70612)] albedo=(0.16078432, 0.23137255, 0.2627451, 1) texture=
act1-visible-surface: 04_usal_52/actual-visible-owner pixel=(0.45, 0.5) distance=4,024 point=(-26.793, 3.088955, -64.79955) mesh=/root/AddressWorldSmokeTest/Act1Demo/Main/ZoneHost/Act1ConnectedWorld/SettlementAddressPresentation/AddressPlate_ADR-H027/FoldedMetalRim triangle=0 vertices=[(-26.793, 3.3027549, -64.68863);(-26.793, 3.3027549, -65.86862);(-26.793, 2.872755, -64.68863)] albedo=(0.6392157, 0.627451, 0.5686275, 1) texture=
act1-visible-surface: 04_usal_52/actual-visible-owner pixel=(0.45, 0.5) distance=4,061 point=(-26.83, 3.08618, -64.795105) mesh=/root/AddressWorldSmokeTest/Act1Demo/Main/ZoneHost/Act1ConnectedWorld/Act1CoreWorldGreybox/ZiratMemoryField/ZiratWestLateralHouse/VillageParcel_VariantA_TimberGable_Dwelling/VariantA_TimberGable_Dwelling_Front_BoardedGable_LOD0 triangle=34 vertices=[(-26.83, 2.847755, -64.70353);(-26.83, 3.905795, -64.89631);(-26.83, 2.847755, -64.89631)] shader= snow=0.44999998807907
act1-visible-surface: 04_usal_52/actual-visible-owner pixel=(0.45, 0.5) distance=9,152 point=(-31.87, 2.70818, -64.18904) mesh=/root/AddressWorldSmokeTest/Act1Demo/Main/ZoneHost/Act1ConnectedWorld/Act1CoreWorldGreybox/ZiratMemoryField/ZiratWestLateralHouse/VillageParcel_VariantA_TimberGable_Dwelling/VariantA_TimberGable_Dwelling_Rear_Wall_LOD0 triangle=31 vertices=[(-31.869999, 2.883755, -64.441);(-31.869999, 2.4607549, -64.441);(-31.869999, 2.4607549, -63.559)] shader= snow=0.44999998807907
act1-visible-surface: 04_usal_52/actual-visible-owner pixel=(0.45, 0.5) distance=22,148 point=(-44.73797, 1.7430823, -62.641678) mesh=/root/AddressWorldSmokeTest/Act1Demo/Main/ZoneHost/Act1ConnectedWorld/Act1CoreWorldGreybox/AgentBExteriorWorld/AgentB_TerrainRoadKit/URMAN_AgentB_TerrainRoadKit/Terrain_Main triangle=5738 vertices=[(-46.0532, 2.1773, -63.956997);(-43.9995, 1.4985, -62.1008);(-46.155197, 2.2187, -62.1013)] shader= snow=0.0
act1-visible-surface: 04_usal_52/actual-visible-owner pixel=(0.55, 0.5) distance=4,016 point=(-26.785, 3.0895548, -65.75674) mesh=/root/AddressWorldSmokeTest/Act1Demo/Main/ZoneHost/Act1ConnectedWorld/SettlementAddressPresentation/AddressPlate_ADR-H027/EnamelFace triangle=1 vertices=[(-26.785002, 3.285755, -65.85113);(-26.785002, 2.889755, -65.85113);(-26.785002, 2.889755, -64.70612)] albedo=(0.16078432, 0.23137255, 0.2627451, 1) texture=
act1-visible-surface: 04_usal_52/actual-visible-owner pixel=(0.55, 0.5) distance=4,024 point=(-26.793, 3.088955, -65.7577) mesh=/root/AddressWorldSmokeTest/Act1Demo/Main/ZoneHost/Act1ConnectedWorld/SettlementAddressPresentation/AddressPlate_ADR-H027/FoldedMetalRim triangle=1 vertices=[(-26.793, 3.3027549, -65.86862);(-26.793, 2.872755, -65.86862);(-26.793, 2.872755, -64.68863)] albedo=(0.6392157, 0.627451, 0.5686275, 1) texture=
act1-visible-surface: 04_usal_52/actual-visible-owner pixel=(0.55, 0.5) distance=4,061 point=(-26.83, 3.08618, -65.762146) mesh=/root/AddressWorldSmokeTest/Act1Demo/Main/ZoneHost/Act1ConnectedWorld/Act1CoreWorldGreybox/ZiratMemoryField/ZiratWestLateralHouse/VillageParcel_VariantA_TimberGable_Dwelling/VariantA_TimberGable_Dwelling_Front_BoardedGable_LOD0 triangle=45 vertices=[(-26.83, 2.847755, -65.70361);(-26.83, 3.448325, -65.70361);(-26.83, 3.339155, -65.89639)] shader= snow=0.44999998807907
act1-visible-surface: 04_usal_52/actual-visible-owner pixel=(0.55, 0.5) distance=9,152 point=(-31.869999, 2.70818, -66.3682) mesh=/root/AddressWorldSmokeTest/Act1Demo/Main/ZoneHost/Act1ConnectedWorld/Act1CoreWorldGreybox/ZiratMemoryField/ZiratWestLateralHouse/VillageParcel_VariantA_TimberGable_Dwelling/VariantA_TimberGable_Dwelling_Rear_Wall_LOD0 triangle=11 vertices=[(-31.869999, 2.883755, -66.7);(-31.869999, 2.4607549, -66.7);(-31.869999, 2.4607549, -65.305)] shader= snow=0.44999998807907
act1-visible-surface: 04_usal_52/actual-visible-owner pixel=(0.55, 0.5) distance=22,022 point=(-44.612858, 1.7524657, -67.90053) mesh=/root/AddressWorldSmokeTest/Act1Demo/Main/ZoneHost/Act1ConnectedWorld/Act1CoreWorldGreybox/AgentBExteriorWorld/AgentB_TerrainRoadKit/URMAN_AgentB_TerrainRoadKit/Terrain_Main triangle=5479 vertices=[(-45.9797, 2.2027, -68.000595);(-43.9968, 1.5634999, -68.197296);(-44.1732, 1.5304999, -65.9797)] shader= snow=0.0
state-final-render-sync-begin: label=address/09_review_ArrivalLeftHorizonDomesticFacade tick=246091 drawn=9010 process=9010 physics=11365 windowVisible=True focus=True mode=Windowed renderLoop=True
state-final-render-sync-end: label=address/09_review_ArrivalLeftHorizonDomesticFacade milliseconds=16 forcedScreenshotRender=False
state-final-render-sync-begin: label=address/09_review_ZiratVillageEdgeEastShed tick=246475 drawn=9011 process=9011 physics=11373 windowVisible=True focus=True mode=Windowed renderLoop=True
state-final-render-sync-end: label=address/09_review_ZiratVillageEdgeEastShed milliseconds=12 forcedScreenshotRender=False
state-final-render-sync-begin: label=address/09_review_PerimeterWestStreetShed tick=246911 drawn=9012 process=9012 physics=11381 windowVisible=True focus=True mode=Windowed renderLoop=True
state-final-render-sync-end: label=address/09_review_PerimeterWestStreetShed milliseconds=19 forcedScreenshotRender=False
state-final-render-sync-begin: label=address/09_review_ArrivalReverseEastDomesticShed tick=247319 drawn=9013 process=9013 physics=11389 windowVisible=True focus=True mode=Windowed renderLoop=True
state-final-render-sync-end: label=address/09_review_ArrivalReverseEastDomesticShed milliseconds=12 forcedScreenshotRender=False
SaveGameV3 written to /Users/unterlantas/Library/Application Support/Godot/app_userdata/URMAN/savegames/checkpoint.savegame-v3.json
checkpoint: auto-saved at urman.chapter1:scene/arrival_vehicle_dusk
state-final-render-sync-begin: label=address/05_manual_read_notebook tick=247873 drawn=9018 process=9018 physics=11412 windowVisible=True focus=True mode=Windowed renderLoop=True
state-final-render-sync-end: label=address/05_manual_read_notebook milliseconds=4 forcedScreenshotRender=False
state-final-render-sync-begin: label=address/06_located_map_large tick=248041 drawn=9021 process=9021 physics=11421 windowVisible=True focus=True mode=Windowed renderLoop=True
state-final-render-sync-end: label=address/06_located_map_large milliseconds=3 forcedScreenshotRender=False
SaveGameV3 written to /Users/unterlantas/Library/Application Support/Godot/app_userdata/URMAN/savegames/address-world-smoke.savegame-v3.json
zone-loaded: village_day@arrival connected-world=111115505603
SaveGameV3 restored.
address-world: FAIL; scope=full; 123 checks; native diagnostics, not a human search or duration measurement
userdata guard: original files and permissions restored and verified
address-world FAIL SIGN_MOUNT_NOT_FOUND ADR-H032: /root/AddressWorldSmokeTest/Act1Demo/Main/ZoneHost/Act1ConnectedWorld/Act1CoreWorldGreybox/Act1AuthoredExteriorKitPresentation/DistantPerimeterParcels/PerimeterEastReturnFacade: [-1.0,-0.0]: uncovered facade opening at /root/AddressWorldSmokeTest/Act1Demo/Main/ZoneHost/Act1ConnectedWorld/Act1CoreWorldGreybox/Act1AuthoredExteriorKitPresentation/DistantPerimeterParcels/PerimeterEastReturnFacade/DwellingFacade_TimberPlaster/DwellingFacade_Front_BoardedGable_LOD0 (1 candidates); [1.0,0.0]: uncovered facade opening at /root/AddressWorldSmokeTest/Act1Demo/Main/ZoneHost/Act1ConnectedWorld/Act1CoreWorldGreybox/Act1AuthoredExteriorKitPresentation/DistantPerimeterParcels/PerimeterEastReturnFacade/DwellingFacade_TimberPlaster/DwellingFacade_Front_BoardedGable_LOD0 (3 candidates); [-0.0,1.0]: No exterior facade rectangle with supported fasteners; eligible planes=3; [0.0,-1.0]: No exterior facade rectangle with supported fasteners; eligible planes=3; fence fallback: no fence rail/post rectangle near the doorway
address-world FAIL SIGN_MOUNT_NOT_FOUND ADR-H034: /root/AddressWorldSmokeTest/Act1Demo/Main/ZoneHost/Act1ConnectedWorld/Act1CoreWorldGreybox/FapExterior/FapClinicAuthoredKitPresentation/FapEastHorizonAuthoredHouse: [-1.0,-0.0]: No exterior facade rectangle with supported fasteners; eligible planes=4; [1.0,0.0]: No exterior facade rectangle with supported fasteners; eligible planes=4; [-0.0,1.0]: No exterior facade rectangle with supported fasteners; eligible planes=3; [0.0,-1.0]: No exterior facade rectangle with supported fasteners; eligible planes=3; fence fallback: no fence rail/post rectangle near the doorway
address-world FAIL SIGN_MOUNT_NOT_FOUND ADR-H045: /root/AddressWorldSmokeTest/Act1Demo/Main/ZoneHost/Act1ConnectedWorld/Act1CoreWorldGreybox/Act1AuthoredSightlineClosurePass/VillageLateralParcels/ArrivalLeftHorizonDomesticParcel/ArrivalLeftHorizonDomesticFacade: [1.0,0.0]: No exterior facade rectangle with supported fasteners; eligible planes=4; [-1.0,-0.0]: No exterior facade rectangle with supported fasteners; eligible planes=4; [0.0,-1.0]: No exterior facade rectangle with supported fasteners; eligible planes=3; [-0.0,1.0]: No exterior facade rectangle with supported fasteners; eligible planes=3; fence fallback: no fence rail/post rectangle near the doorway
address-world FAIL SIGN_MOUNT_NOT_FOUND ADR-H046: /root/AddressWorldSmokeTest/Act1Demo/Main/ZoneHost/Act1ConnectedWorld/Act1CoreWorldGreybox/Act1AuthoredSightlineClosurePass/VillageLateralParcels/FapReverseWestDomesticFacadeParcel/FapReverseWestDomesticFacade: [1.0,-0.0]: uncovered facade opening at /root/AddressWorldSmokeTest/Act1Demo/Main/ZoneHost/Act1ConnectedWorld/Act1CoreWorldGreybox/Act1AuthoredSightlineClosurePass/VillageLateralParcels/FapReverseWestDomesticFacadeParcel/FapReverseWestDomesticFacade/DwellingFacade_TimberPlaster/DwellingFacade_Front_BoardedGable_LOD0 (1 candidates); [-1.0,0.0]: uncovered facade opening at /root/AddressWorldSmokeTest/Act1Demo/Main/ZoneHost/Act1ConnectedWorld/Act1CoreWorldGreybox/Act1AuthoredSightlineClosurePass/VillageLateralParcels/FapReverseWestDomesticFacadeParcel/FapReverseWestDomesticFacade/DwellingFacade_TimberPlaster/DwellingFacade_Front_BoardedGable_LOD0 (5 candidates); [-0.0,-1.0]: No exterior facade rectangle with supported fasteners; eligible planes=3; [0.0,1.0]: No exterior facade rectangle with supported fasteners; eligible planes=3; fence fallback: no fence rail/post rectangle near the doorway
address-world FAIL UNBOUND_DWELLING ReturnWestBanyaSilhouette: village-house@ReturnWestBanyaSilhouette
address-world FAIL ACCESS_NOT_VERIFIED ADR-H001: blocked: standing body route not found; examined 4018 cells; no walkable tread within controller step height: /root/AddressWorldSmokeTest/Act1Demo/Main/ZoneHost/Act1ConnectedWorld/Act1CoreWorldGreybox/AgentBExteriorWorld/AgentB_ArchitectureCollision shape 444
address-world FAIL ACCESS_NOT_VERIFIED ADR-H005: blocked: standing body route not found; examined 1511 cells; no walkable tread within controller step height: /root/AddressWorldSmokeTest/Act1Demo/Main/ZoneHost/Act1ConnectedWorld/Act1CoreWorldGreybox/Arrival/ArrivalReverseEdgeHouseEast/AuthoredKitCollisionProxy shape 16
address-world FAIL ACCESS_NOT_VERIFIED ADR-H014: blocked: standing body route not found; examined 1535 cells; no walkable tread within controller step height: /root/AddressWorldSmokeTest/Act1Demo/Main/ZoneHost/Act1ConnectedWorld/Act1CoreWorldGreybox/Act1AuthoredSightlineClosurePass/VillageLateralParcels/ArrivalWestLateralParcel/ArrivalWestLateralFacade/AuthoredKitCollisionProxy shape 11
address-world FAIL ACCESS_NOT_VERIFIED ADR-H033: graph-attachment-failed
address-world FAIL ACCESS_NOT_VERIFIED ADR-H037: graph-attachment-failed
address-world FAIL ACCESS_NOT_VERIFIED ADR-H046: blocked: standing body route not found; examined 1237 cells; no walkable tread within controller step height: /root/AddressWorldSmokeTest/Act1Demo/Main/ZoneHost/Act1ConnectedWorld/Act1CoreWorldGreybox/Act1AuthoredExteriorKitPresentation/NeighborParcels/ReturnStreet/ReturnEastHouseA8Silhouette/AuthoredKitCollisionProxy shape 16
address-world FAIL ACCESS_NOT_VERIFIED ADR-H049: blocked: standing body route not found; examined 1609 cells; no walkable tread within controller step height: /root/AddressWorldSmokeTest/Act1Demo/Main/ZoneHost/Act1ConnectedWorld/Act1CoreWorldGreybox/FapExterior/FapOppositeFieldNeighborHouse/AuthoredKitCollisionProxy shape 20
