Godot Engine v4.7.1.stable.mono.official.a13da4feb - https://godotengine.org
Metal 4.0 - Forward+ - Using Device #0: Apple - Apple M4 Pro (Apple9)

act1-river: ice_slabs=31 blockers=29 road_gap_samples=2 bridge=broken@(15,-85)
village-chimney: /root/AddressWorldSmokeTest/Act1Demo/Main/ZoneHost/Act1ConnectedWorld/Act1CoreWorldGreybox/Act1AuthoredExteriorKitPresentation/ArrivalAuthoredParcels/ArrivalForwardWestFacade/DwellingFacade_TimberPlaster/DwellingFacade_ChimneyCap_LOD0 top=(-10.2875, 4.7722464, 2.3450005)
village-chimney: /root/AddressWorldSmokeTest/Act1Demo/Main/ZoneHost/Act1ConnectedWorld/Act1CoreWorldGreybox/Act1AuthoredExteriorKitPresentation/DistantPerimeterParcels/WestArrivalNearParcel/WestArrivalNearFacade/DwellingFacade_TimberPlaster/DwellingFacade_ChimneyCap_LOD0 top=(-19.730013, 3.9641316, 15.965501)
act1-terrain-room-cut: room=/root/AddressWorldSmokeTest/Act1Demo/Main/ZoneHost/Act1ConnectedWorld/babay-abi-house half=(4, 3.5) affectedTriangles=48 clippedVertices=49980 publishedVertices=49980 physicsVertices=49980 visualAndPhysics=shared-published-faces
act1-apron-room-cut: mesh=/root/AddressWorldSmokeTest/Act1Demo/Main/ZoneHost/Act1ConnectedWorld/Act1CoreWorldGreybox/AgentBExteriorWorld/AgentB_TerrainRoadKit/URMAN_AgentB_TerrainRoadKit/Apron_BabaiYard affectedTriangles=11 clippedVertices=123 surfaces=1 collision=existing-terrain-owner
act1-south-fence-house-junction: wallX=-33.5880 retainedMembers=13 retiredPostsAndCaps=10 supportedWestWing=2.4920m
act1-drain-bank-conform: mesh=/root/AddressWorldSmokeTest/Act1Demo/Main/ZoneHost/Act1ConnectedWorld/Act1CoreWorldGreybox/AgentBExteriorWorld/AgentB_TerrainRoadKit/URMAN_AgentB_TerrainRoadKit/BabaiYard_EastFenceSwale originalTriangles=78 affectedTriangles=35 outputTriangles=3543 groundOwner=unchanged
act1-school-bank-cut: mesh=/root/AddressWorldSmokeTest/Act1Demo/Main/ZoneHost/Act1ConnectedWorld/Act1CoreWorldGreybox/AgentBExteriorWorld/AgentB_TerrainRoadKit/URMAN_AgentB_TerrainRoadKit/Ditch_FieldBank_EastZirat room=/root/AddressWorldSmokeTest/Act1Demo/Main/ZoneHost/Act1ConnectedWorld/Act1CoreWorldGreybox/Act1AuthoredExteriorKitPresentation/DistantPerimeterParcels/EastReturnMidParcel/EastReturnMidFacade/PublicInterior_school/MainRoom half=(2.5154998, 2.3804996) affectedTriangles=20 clippedVertices=486 publishedVertices=486 floorY=-0.0049708784 collision=unchanged-existing-terrain-and-timber-floor
act1-roadside-grounding: independent contact meshes=34; source meshes and usable footbridge preserved
act1-kit-blockers: placements=100 shapes=1707 carved_door_slabs=237 flat_slab_skipped=2473 exact_architecture_surfaces=911 hidden_skipped=7 road_clearance_skipped=0
act1-dwelling-threshold: placements=83 worst_analytic_vs_collision_delta=0.028m worst_placement=ArrivalForwardEastShed
act1-building-supports: supported foundations=137; maximum ground drop=1.136m; level entrances preserved
zone-loaded: village_day@arrival connected-world=108548590951
УРМАН Godot vertical slice ready: Painterly Low-Poly / first person
act1-smoke: background input replay; focus-loss pause isolated from this test scene
act1-window-surrounds: painted=1020
act1-legacy-sign: suppressed=1
address-support-probe: ACC-ADR-BABAI approach start result=accepted supplied=(-26.746128, 0.31850967, -1.5201948) floor=(-26.746128, 0.28352106, -1.5201948) acceptedFeet=(-26.746128, 0.28438044, -1.5201948) lift=0.035; normal=(-0.049573414, 0.9986544, 0.015225223) depth=0.0010614773 owner=landing: /root/AddressWorldSmokeTest/Act1Demo/Main/ZoneHost/Act1ConnectedWorld/Act1CoreWorldGreybox/AgentBExteriorWorld/AgentB_TerrainCollision shape 0 playerCanStandAtLanded=True; 
address-support-probe: ACC-ADR-BABAI road anchor result=accepted supplied=(-24, 0.3997803, 1.2) floor=(-24, 0.36474347, 1.2) acceptedFeet=(-24, 0.3651536, 1.2) lift=0.035; normal=(-0.011438925, 0.99991465, -0.0063203587) depth=0.0011225471 owner=landing: /root/AddressWorldSmokeTest/Act1Demo/Main/ZoneHost/Act1ConnectedWorld/Act1CoreWorldGreybox/AgentBExteriorWorld/AgentB_TerrainCollision shape 0 playerCanStandAtLanded=True; 
zone-loaded: village_day@arrival connected-world=108548590951
SaveGameV3 new game session started; existing slots untouched.
act1-intro: confirmed with E
address-support-probe: ACC-ADR-H009 approach start result=accepted supplied=(6.247969, -0.22105315, 27.73547) floor=(6.247969, -0.25604406, 27.73547) acceptedFeet=(6.247969, -0.25608313, 27.73547) lift=0.035; normal=(-0.009851423, 0.9998176, 0.016362948) depth=0.0015519608 owner=landing: /root/AddressWorldSmokeTest/Act1Demo/Main/ZoneHost/Act1ConnectedWorld/Act1CoreWorldGreybox/AgentBExteriorWorld/AgentB_TerrainCollision shape 0 playerCanStandAtLanded=True; 
address-support-probe: ACC-ADR-H009 road anchor result=accepted supplied=(0, -0.42386073, 27.73547) floor=(0, -0.34154192, 27.73547) acceptedFeet=(0, -0.341581, 27.73547) lift=0.035; normal=(-0.017122187, 0.9997782, -0.012265223) depth=0.0015657425 owner=landing: /root/AddressWorldSmokeTest/Act1Demo/Main/ZoneHost/Act1ConnectedWorld/Act1CoreWorldGreybox/AgentBExteriorWorld/AgentB_TerrainCollision shape 0 playerCanStandAtLanded=True; 
address-support-probe: ACC-ADR-H009 approach start result=standing body blocked before landing probe supplied=(6.2469773, -0.25594792, 27.735723) floor=(6.2469773, -0.25605795, 27.735723) bodyCentre=(0, 0.9, 0) radius=0.35 height=1.8 margin=.001; lift=0.035 initial=(6.2469773, -0.22105795, 27.735723) contacts=[/root/AddressWorldSmokeTest/Act1Demo/Main/ZoneHost/Act1ConnectedWorld/DiagnosticStandingAccessRefusal shape 0] playerCanStandAtInitial=False; lift=0.08 initial=(6.2469773, -0.17605795, 27.735723) contacts=[/root/AddressWorldSmokeTest/Act1Demo/Main/ZoneHost/Act1ConnectedWorld/DiagnosticStandingAccessRefusal shape 0] playerCanStandAtInitial=False; lift=0.15 initial=(6.2469773, -0.10605794, 27.735723) contacts=[/root/AddressWorldSmokeTest/Act1Demo/Main/ZoneHost/Act1ConnectedWorld/DiagnosticStandingAccessRefusal shape 0] playerCanStandAtInitial=False; lift=0.228 initial=(6.2469773, -0.028057948, 27.735723) contacts=[/root/AddressWorldSmokeTest/Act1Demo/Main/ZoneHost/Act1ConnectedWorld/DiagnosticStandingAccessRefusal shape 0] playerCanStandAtInitial=False
address-support-probe: ACC-ADR-H009 approach start result=accepted supplied=(6.2469773, -0.25594792, 27.735723) floor=(6.2469773, -0.25605795, 27.735723) acceptedFeet=(6.2469773, -0.25609702, 27.735723) lift=0.035; normal=(-0.009851423, 0.9998176, 0.016362948) depth=0.0015519608 owner=landing: /root/AddressWorldSmokeTest/Act1Demo/Main/ZoneHost/Act1ConnectedWorld/Act1CoreWorldGreybox/AgentBExteriorWorld/AgentB_TerrainCollision shape 0 playerCanStandAtLanded=True; 
address-support-probe: ACC-ADR-H009 road anchor result=accepted supplied=(0, -0.42385963, 27.735723) floor=(0, -0.3415388, 27.735723) acceptedFeet=(0, -0.34112865, 27.735723) lift=0.035; normal=(-0.017122187, 0.9997782, -0.012265223) depth=0.0011166981 owner=landing: /root/AddressWorldSmokeTest/Act1Demo/Main/ZoneHost/Act1ConnectedWorld/Act1CoreWorldGreybox/AgentBExteriorWorld/AgentB_TerrainCollision shape 0 playerCanStandAtLanded=True; 
state-final-render-sync-begin: label=address/11_ADR-H009_production_plate tick=29768 drawn=8 process=8 physics=39 windowVisible=True focus=False mode=Windowed renderLoop=True
state-final-render-sync-forced: label=address/11_ADR-H009_production_plate forced screenshot render after native focus loss; one focus request + ForceDraw(false); no foreground or performance claim
state-final-render-sync-forced-readback: label=address/11_ADR-H009_production_plate framePostDraw=True pixels=1280x720 drawnDelta=0; screenshot evidence only
state-final-render-sync-end: label=address/11_ADR-H009_production_plate milliseconds=36 forcedScreenshotRender=True
act1-visible-surface: 11_ADR-H009_production_plate/actual-visible-owner pixel=(0.5, 0.5) distance=3.987 point=(6.9599714, 1.635666, 27.810984) mesh=/root/AddressWorldSmokeTest/Act1Demo/Main/ZoneHost/Act1ConnectedWorld/SettlementAddressPresentation/AddressPlate_ADR-H009/EnamelFace triangle=0 vertices=[(6.920036, 1.8318659, 27.239878);(6.999907, 1.8318659, 28.38209);(6.920036, 1.435866, 27.239878)] albedo=(0.16078432, 0.23137255, 0.2627451, 1) texture=
act1-visible-surface: 11_ADR-H009_production_plate/actual-visible-owner pixel=(0.5, 0.5) distance=3.995 point=(6.9679523, 1.635066, 27.810425) mesh=/root/AddressWorldSmokeTest/Act1Demo/Main/ZoneHost/Act1ConnectedWorld/SettlementAddressPresentation/AddressPlate_ADR-H009/FoldedMetalRim triangle=0 vertices=[(6.9267955, 1.848866, 27.221863);(7.009108, 1.848866, 28.398989);(6.9267955, 1.4188659, 27.221863)] albedo=(0.6392157, 0.627451, 0.5686275, 1) texture=
act1-visible-surface: 11_ADR-H009_production_plate/actual-visible-owner pixel=(0.5, 0.5) distance=4.032 point=(7.004861, 1.6322911, 27.807844) mesh=/root/AddressWorldSmokeTest/Act1Demo/Main/ZoneHost/Act1ConnectedWorld/Act1CoreWorldGreybox/Act1AuthoredExteriorKitPresentation/ArrivalAuthoredParcels/ArrivalEastNearAuthoredFacade/DwellingFacade_TimberPlaster/DwellingFacade_Right_Wall_LOD0 triangle=25 vertices=[(6.9424295, 0.78386605, 26.915028);(6.9424295, 2.223866, 26.915028);(7.235407, 2.223866, 31.104797)] shader= snow=0.41999998688698
act1-visible-surface: 11_ADR-H009_production_plate/actual-visible-owner pixel=(0.5, 0.5) distance=8.425 point=(11.374643, 1.3037571, 27.50228) mesh=/root/AddressWorldSmokeTest/Act1Demo/Main/ZoneHost/Act1ConnectedWorld/Act1CoreWorldGreybox/Act1AuthoredSightlineClosurePass/VillageLateralParcels/ArrivalReverseEastDomesticParcel/ArrivalReverseEastDomesticShed/OutbuildingShed_Low/OutbuildingShed_Roof_LOD0 triangle=2 vertices=[(10.41939, 0.90181774, 26.383879);(11.558805, 1.3818178, 27.697598);(10.516351, 0.90681773, 27.770493)] shader= snow=0.87999999523163
act1-visible-surface: 11_ADR-H009_production_plate/actual-visible-owner pixel=(0.5, 0.5) distance=10.049 point=(12.990246, 1.1822909, 27.389305) mesh=/root/AddressWorldSmokeTest/Act1Demo/Main/ZoneHost/Act1ConnectedWorld/Act1CoreWorldGreybox/Act1AuthoredExteriorKitPresentation/ArrivalAuthoredParcels/ArrivalEastNearAuthoredFacade/DwellingFacade_TimberPlaster/DwellingFacade_Left_Wall_LOD0 triangle=26 vertices=[(13.05687, 2.223866, 28.342083);(12.96618, 0.78386605, 27.045149);(12.96618, 2.223866, 27.045149)] shader= snow=0.41999998688698
act1-visible-surface: 11_ADR-H009_production_plate/actual-visible-owner pixel=(0.45, 0.5) distance=4.016 point=(6.9266195, 1.635666, 27.334036) mesh=/root/AddressWorldSmokeTest/Act1Demo/Main/ZoneHost/Act1ConnectedWorld/SettlementAddressPresentation/AddressPlate_ADR-H009/EnamelFace triangle=0 vertices=[(6.920036, 1.8318659, 27.239878);(6.999907, 1.8318659, 28.38209);(6.920036, 1.435866, 27.239878)] albedo=(0.16078432, 0.23137255, 0.2627451, 1) texture=
act1-visible-surface: 11_ADR-H009_production_plate/actual-visible-owner pixel=(0.45, 0.5) distance=4.024 point=(6.9345336, 1.6350659, 27.332518) mesh=/root/AddressWorldSmokeTest/Act1Demo/Main/ZoneHost/Act1ConnectedWorld/SettlementAddressPresentation/AddressPlate_ADR-H009/FoldedMetalRim triangle=0 vertices=[(6.9267955, 1.848866, 27.221863);(7.009108, 1.848866, 28.398989);(6.9267955, 1.4188659, 27.221863)] albedo=(0.6392157, 0.627451, 0.5686275, 1) texture=
act1-visible-surface: 11_ADR-H009_production_plate/actual-visible-owner pixel=(0.45, 0.5) distance=4.061 point=(6.9711323, 1.632291, 27.325499) mesh=/root/AddressWorldSmokeTest/Act1Demo/Main/ZoneHost/Act1ConnectedWorld/Act1CoreWorldGreybox/Act1AuthoredExteriorKitPresentation/ArrivalAuthoredParcels/ArrivalEastNearAuthoredFacade/DwellingFacade_TimberPlaster/DwellingFacade_Right_Wall_LOD0 triangle=25 vertices=[(6.9424295, 0.78386605, 26.915028);(6.9424295, 2.223866, 26.915028);(7.235407, 2.223866, 31.104797)] shader= snow=0.41999998688698
act1-visible-surface: 11_ADR-H009_production_plate/actual-visible-owner pixel=(0.45, 0.5) distance=8.477 point=(11.295542, 1.3044112, 26.496124) mesh=/root/AddressWorldSmokeTest/Act1Demo/Main/ZoneHost/Act1ConnectedWorld/Act1CoreWorldGreybox/Act1AuthoredSightlineClosurePass/VillageLateralParcels/ArrivalReverseEastDomesticParcel/ArrivalReverseEastDomesticShed/OutbuildingShed_Low/OutbuildingShed_Roof_LOD0 triangle=3 vertices=[(10.41939, 0.90181774, 26.383879);(11.511722, 1.4118178, 26.307495);(11.558805, 1.3818178, 27.697598)] shader= snow=0.87999999523163
act1-visible-surface: 11_ADR-H009_production_plate/actual-visible-owner pixel=(0.45, 0.5) distance=8.615 point=(11.431326, 1.294116, 26.470083) mesh=/root/AddressWorldSmokeTest/Act1Demo/Main/ZoneHost/Act1ConnectedWorld/Act1CoreWorldGreybox/Act1AuthoredSightlineClosurePass/VillageLateralParcels/ArrivalReverseEastDomesticParcel/ArrivalReverseEastDomesticShed/OutbuildingShed_Low/OutbuildingShed_GableFront_LOD0 triangle=5 vertices=[(10.560339, 0.88181776, 26.464243);(11.547927, 1.3518178, 26.395184);(11.553508, 1.3518178, 26.474989)] shader= snow=0.41999998688698
act1-visible-surface: 11_ADR-H009_production_plate/actual-visible-owner pixel=(0.55, 0.5) distance=4.016 point=(6.9933224, 1.635666, 28.28793) mesh=/root/AddressWorldSmokeTest/Act1Demo/Main/ZoneHost/Act1ConnectedWorld/SettlementAddressPresentation/AddressPlate_ADR-H009/EnamelFace triangle=1 vertices=[(6.999907, 1.8318659, 28.38209);(6.999907, 1.435866, 28.38209);(6.920036, 1.435866, 27.239878)] albedo=(0.16078432, 0.23137255, 0.2627451, 1) texture=
act1-visible-surface: 11_ADR-H009_production_plate/actual-visible-owner pixel=(0.55, 0.5) distance=4.024 point=(7.0013704, 1.6350659, 28.288332) mesh=/root/AddressWorldSmokeTest/Act1Demo/Main/ZoneHost/Act1ConnectedWorld/SettlementAddressPresentation/AddressPlate_ADR-H009/FoldedMetalRim triangle=1 vertices=[(7.009108, 1.848866, 28.398989);(7.009108, 1.4188659, 28.398989);(6.9267955, 1.4188659, 27.221863)] albedo=(0.6392157, 0.627451, 0.5686275, 1) texture=
act1-visible-surface: 11_ADR-H009_production_plate/actual-visible-owner pixel=(0.55, 0.5) distance=4.061 point=(7.0385904, 1.632291, 28.29019) mesh=/root/AddressWorldSmokeTest/Act1Demo/Main/ZoneHost/Act1ConnectedWorld/Act1CoreWorldGreybox/Act1AuthoredExteriorKitPresentation/ArrivalAuthoredParcels/ArrivalEastNearAuthoredFacade/DwellingFacade_TimberPlaster/DwellingFacade_Right_Wall_LOD0 triangle=25 vertices=[(6.9424295, 0.78386605, 26.915028);(6.9424295, 2.223866, 26.915028);(7.235407, 2.223866, 31.104797)] shader= snow=0.41999998688698
act1-visible-surface: 11_ADR-H009_production_plate/actual-visible-owner pixel=(0.55, 0.5) distance=10.088 point=(13.041609, 1.1847285, 28.589758) mesh=/root/AddressWorldSmokeTest/Act1Demo/Main/ZoneHost/Act1ConnectedWorld/Act1CoreWorldGreybox/Act1AuthoredExteriorKitPresentation/ArrivalAuthoredParcels/ArrivalEastNearAuthoredFacade/DwellingFacade_TimberPlaster/DwellingFacade_Left_Window0_Recess_LOD0 triangle=21 vertices=[(13.025001, 0.783866, 28.352232);(13.025001, 2.223866, 28.352232);(13.093641, 2.223866, 29.333834)] shader= snow=0.44999998807907
act1-visible-surface: 11_ADR-H009_production_plate/actual-visible-owner pixel=(0.55, 0.5) distance=10.134 point=(13.086878, 1.1813533, 28.592016) mesh=/root/AddressWorldSmokeTest/Act1Demo/Main/ZoneHost/Act1ConnectedWorld/Act1CoreWorldGreybox/Act1AuthoredExteriorKitPresentation/ArrivalAuthoredParcels/ArrivalEastNearAuthoredFacade/DwellingFacade_TimberPlaster/DwellingFacade_Left_Window0_Glass_LOD0 triangle=21 vertices=[(13.073372, 0.833866, 28.39887);(13.073372, 2.1738658, 28.39887);(13.135051, 2.1738658, 29.280916)] shader= snow=0.0
state-final-render-sync-begin: label=address/12_ADR-H009_manual_knock tick=30201 drawn=10 process=10 physics=55 windowVisible=True focus=True mode=Windowed renderLoop=True
state-final-render-sync-end: label=address/12_ADR-H009_manual_knock milliseconds=5 forcedScreenshotRender=False
SaveGameV3 written to /Users/unterlantas/Library/Application Support/Godot/app_userdata/URMAN/savegames/checkpoint.savegame-v3.json
checkpoint: auto-saved at urman.chapter1:scene/arrival_vehicle_dusk
state-final-render-sync-begin: label=address/ADR-H009_05_manual_read_notebook tick=30548 drawn=20 process=20 physics=73 windowVisible=True focus=True mode=Windowed renderLoop=True
state-final-render-sync-end: label=address/ADR-H009_05_manual_read_notebook milliseconds=8 forcedScreenshotRender=False
state-final-render-sync-begin: label=address/ADR-H009_06_located_map_large tick=30718 drawn=24 process=24 physics=82 windowVisible=True focus=True mode=Windowed renderLoop=True
state-final-render-sync-end: label=address/ADR-H009_06_located_map_large milliseconds=8 forcedScreenshotRender=False
ERROR: SaveGameV3 write failed: Save slot may contain only lowercase letters, digits, dots, underscores and hyphens. (Parameter 'slot')
   at: void Urman.Godot.RuntimeBridge+<SaveSlotAsync>d__67.MoveNext() (res://scripts/RuntimeBridge.cs:192)
   C# backtrace (most recent call first):
       [0] void Godot.GD.PushError(string) (/root/godot/modules/mono/glue/GodotSharp/GodotSharp/Core/GD.cs:366)
       [1] void Urman.Godot.RuntimeBridge+<SaveSlotAsync>d__67.MoveNext() (/Users/unterlantas/Documents/GitHub/URMAN/game/scripts/RuntimeBridge.cs:192)
       [2] void System.Runtime.CompilerServices.AsyncMethodBuilderCore.Start<TStateMachine>(TStateMachine&)
       [3] void System.Runtime.CompilerServices.AsyncTaskMethodBuilder`1.Start<TStateMachine>(TStateMachine&)
       [4] System.Threading.Tasks.Task`1[System.Boolean] Urman.Godot.RuntimeBridge.SaveSlotAsync(string)
       [5] void Urman.Godot.Tests.AddressWorldSmokeTest+<ReadNotebookSaveLoad>d__25.MoveNext() (/Users/unterlantas/Documents/GitHub/URMAN/game/tests/AddressWorldSmokeTest.cs:558)
       [6] void System.Threading.ExecutionContext.RunInternal(System.Threading.ExecutionContext, System.Threading.ContextCallback, object)
       [7] void System.Runtime.CompilerServices.AsyncTaskMethodBuilder`1+AsyncStateMachineBox`1.MoveNext()
       [8] void System.Threading.Tasks.AwaitTaskContinuation.RunCallback(System.Threading.ContextCallback, object, System.Threading.Tasks.Task&)
       [9] void System.Threading.Tasks.Task.RunContinuations(object)
       [10] void System.Runtime.CompilerServices.AsyncTaskMethodBuilder`1.SetExistingTaskResult(System.Threading.Tasks.Task`1[TResult], TResult)
       [11] void Urman.Godot.Tests.AddressWorldSmokeTest+<CaptureNotebookMap>d__26.MoveNext() (/Users/unterlantas/Documents/GitHub/URMAN/game/tests/AddressWorldSmokeTest.cs:588)
       [12] void System.Threading.ExecutionContext.RunInternal(System.Threading.ExecutionContext, System.Threading.ContextCallback, object)
       [13] void System.Runtime.CompilerServices.AsyncTaskMethodBuilder`1+AsyncStateMachineBox`1.MoveNext()
       [14] void System.Threading.Tasks.AwaitTaskContinuation.RunCallback(System.Threading.ContextCallback, object, System.Threading.Tasks.Task&)
       [15] void System.Threading.Tasks.Task.RunContinuations(object)
       [16] void System.Runtime.CompilerServices.AsyncTaskMethodBuilder`1.SetExistingTaskResult(System.Threading.Tasks.Task`1[TResult], TResult)
       [17] void Urman.Godot.Tests.AddressWorldSmokeTest+<Frames>d__33.MoveNext() (/Users/unterlantas/Documents/GitHub/URMAN/game/tests/AddressWorldSmokeTest.cs:613)
       [18] void System.Threading.ExecutionContext.RunInternal(System.Threading.ExecutionContext, System.Threading.ContextCallback, object)
       [19] void System.Runtime.CompilerServices.AsyncTaskMethodBuilder`1+AsyncStateMachineBox`1.MoveNext()
       [20] void Godot.SignalAwaiter.SignalCallback(nint, Godot.NativeInterop.godot_variant**, int, Godot.NativeInterop.godot_bool*) (/root/godot/modules/mono/glue/GodotSharp/GodotSharp/Core/SignalAwaiter.cs:65)
address-world FAIL save actual read state through existing snapshot owner
address-world FAIL System.InvalidOperationException: save actual read state through existing snapshot owner
   at Urman.Godot.Tests.AddressWorldSmokeTest.Require(Boolean value, String message) in /Users/unterlantas/Documents/GitHub/URMAN/game/tests/AddressWorldSmokeTest.cs:line 612
   at Urman.Godot.Tests.AddressWorldSmokeTest.ReadNotebookSaveLoad(String addressId, String capturePrefix) in /Users/unterlantas/Documents/GitHub/URMAN/game/tests/AddressWorldSmokeTest.cs:line 558
   at Urman.Godot.Tests.AddressWorldSmokeTest.VerifyProductionEntrances(AddressAccessVerifier audit) in /Users/unterlantas/Documents/GitHub/URMAN/game/tests/AddressWorldSmokeTest.cs:line 417
   at Urman.Godot.Tests.AddressWorldSmokeTest._Ready() in /Users/unterlantas/Documents/GitHub/URMAN/game/tests/AddressWorldSmokeTest.cs:line 68
address-world: FAIL; scope=production-entrances; 33 checks; native diagnostics, not a human search or duration measurement
userdata guard: original files and permissions restored and verified
