Godot Engine v4.7.1.stable.mono.official.a13da4feb - https://godotengine.org

address-graph-rebuild: ticks_us=177405 process_frame=0 physics_frame=0 elapsed_us=4643 allocated_thread_bytes=25896 roads=2 segments=2 pairs=1 broadphase=1 broadphase_rejected_pairs=0 accepted_pairs=1 nodes=4 edges=3
address-graph-rebuild: ticks_us=177879 process_frame=0 physics_frame=0 elapsed_us=35 allocated_thread_bytes=14760 roads=2 segments=2 pairs=1 broadphase=1 broadphase_rejected_pairs=0 accepted_pairs=1 nodes=4 edges=3
address-graph-rebuild: ticks_us=177918 process_frame=0 physics_frame=0 elapsed_us=14 allocated_thread_bytes=14760 roads=2 segments=2 pairs=1 broadphase=1 broadphase_rejected_pairs=0 accepted_pairs=1 nodes=4 edges=3
address-graph-rebuild: ticks_us=189380 process_frame=0 physics_frame=0 elapsed_us=89 allocated_thread_bytes=16744 roads=2 segments=2 pairs=1 broadphase=1 broadphase_rejected_pairs=0 accepted_pairs=1 nodes=4 edges=4
address-graph-rebuild: ticks_us=189442 process_frame=0 physics_frame=0 elapsed_us=16 allocated_thread_bytes=16744 roads=2 segments=2 pairs=1 broadphase=1 broadphase_rejected_pairs=0 accepted_pairs=1 nodes=4 edges=4
address-graph-rebuild: ticks_us=189938 process_frame=0 physics_frame=0 elapsed_us=60 allocated_thread_bytes=18216 roads=2 segments=2 pairs=1 broadphase=1 broadphase_rejected_pairs=0 accepted_pairs=1 nodes=5 edges=4
address-graph-rebuild: ticks_us=190134 process_frame=0 physics_frame=0 elapsed_us=17 allocated_thread_bytes=18152 roads=2 segments=2 pairs=1 broadphase=0 broadphase_rejected_pairs=0 accepted_pairs=1 nodes=5 edges=4
address-graph-rebuild: ticks_us=190545 process_frame=0 physics_frame=0 elapsed_us=12 allocated_thread_bytes=12216 roads=2 segments=2 pairs=1 broadphase=1 broadphase_rejected_pairs=0 accepted_pairs=0 nodes=4 edges=2
address-graph-rebuild: ticks_us=190571 process_frame=0 physics_frame=0 elapsed_us=11 allocated_thread_bytes=12216 roads=2 segments=2 pairs=1 broadphase=0 broadphase_rejected_pairs=0 accepted_pairs=0 nodes=4 edges=2
address-graph-rebuild: ticks_us=190596 process_frame=0 physics_frame=0 elapsed_us=9 allocated_thread_bytes=11768 roads=2 segments=2 pairs=1 broadphase=1 broadphase_rejected_pairs=1 accepted_pairs=0 nodes=4 edges=2
address-graph-rebuild: ticks_us=190625 process_frame=0 physics_frame=0 elapsed_us=13 allocated_thread_bytes=15856 roads=2 segments=2 pairs=1 broadphase=1 broadphase_rejected_pairs=0 accepted_pairs=1 nodes=5 edges=3
address-graph-rebuild: ticks_us=190646 process_frame=0 physics_frame=0 elapsed_us=11 allocated_thread_bytes=15856 roads=2 segments=2 pairs=1 broadphase=0 broadphase_rejected_pairs=0 accepted_pairs=1 nodes=5 edges=3
address-graph-rebuild: ticks_us=190674 process_frame=0 physics_frame=0 elapsed_us=12 allocated_thread_bytes=15856 roads=2 segments=2 pairs=1 broadphase=1 broadphase_rejected_pairs=0 accepted_pairs=1 nodes=5 edges=3
address-graph-rebuild: ticks_us=190695 process_frame=0 physics_frame=0 elapsed_us=12 allocated_thread_bytes=15856 roads=2 segments=2 pairs=1 broadphase=0 broadphase_rejected_pairs=0 accepted_pairs=1 nodes=5 edges=3
address-graph-rebuild: ticks_us=190762 process_frame=0 physics_frame=0 elapsed_us=12 allocated_thread_bytes=15856 roads=2 segments=2 pairs=1 broadphase=1 broadphase_rejected_pairs=0 accepted_pairs=1 nodes=5 edges=3
address-graph-rebuild: ticks_us=190783 process_frame=0 physics_frame=0 elapsed_us=12 allocated_thread_bytes=15856 roads=2 segments=2 pairs=1 broadphase=0 broadphase_rejected_pairs=0 accepted_pairs=1 nodes=5 edges=3
address-graph-rebuild: ticks_us=190808 process_frame=0 physics_frame=0 elapsed_us=12 allocated_thread_bytes=15856 roads=2 segments=2 pairs=1 broadphase=1 broadphase_rejected_pairs=0 accepted_pairs=1 nodes=5 edges=3
address-graph-rebuild: ticks_us=190862 process_frame=0 physics_frame=0 elapsed_us=46 allocated_thread_bytes=15856 roads=2 segments=2 pairs=1 broadphase=0 broadphase_rejected_pairs=0 accepted_pairs=1 nodes=5 edges=3
address-graph-rebuild: ticks_us=190884 process_frame=0 physics_frame=0 elapsed_us=9 allocated_thread_bytes=11856 roads=2 segments=2 pairs=1 broadphase=1 broadphase_rejected_pairs=1 accepted_pairs=0 nodes=4 edges=2
address-graph-rebuild: ticks_us=190915 process_frame=0 physics_frame=0 elapsed_us=9 allocated_thread_bytes=12264 roads=2 segments=2 pairs=1 broadphase=0 broadphase_rejected_pairs=0 accepted_pairs=0 nodes=4 edges=2
address-graph-rebuild: ticks_us=190934 process_frame=0 physics_frame=0 elapsed_us=8 allocated_thread_bytes=11856 roads=2 segments=2 pairs=1 broadphase=1 broadphase_rejected_pairs=1 accepted_pairs=0 nodes=4 edges=2
address-graph-rebuild: ticks_us=190950 process_frame=0 physics_frame=0 elapsed_us=9 allocated_thread_bytes=12264 roads=2 segments=2 pairs=1 broadphase=0 broadphase_rejected_pairs=0 accepted_pairs=0 nodes=4 edges=2
address-graph-rebuild: ticks_us=190975 process_frame=0 physics_frame=0 elapsed_us=13 allocated_thread_bytes=13288 roads=2 segments=2 pairs=1 broadphase=1 broadphase_rejected_pairs=0 accepted_pairs=1 nodes=3 edges=2
address-graph-rebuild: ticks_us=190992 process_frame=0 physics_frame=0 elapsed_us=10 allocated_thread_bytes=13288 roads=2 segments=2 pairs=1 broadphase=0 broadphase_rejected_pairs=0 accepted_pairs=1 nodes=3 edges=2
address-graph-rebuild: ticks_us=191012 process_frame=0 physics_frame=0 elapsed_us=10 allocated_thread_bytes=13288 roads=2 segments=2 pairs=1 broadphase=1 broadphase_rejected_pairs=0 accepted_pairs=1 nodes=3 edges=2
address-graph-rebuild: ticks_us=191029 process_frame=0 physics_frame=0 elapsed_us=10 allocated_thread_bytes=13288 roads=2 segments=2 pairs=1 broadphase=0 broadphase_rejected_pairs=0 accepted_pairs=1 nodes=3 edges=2
address-graph-rebuild: ticks_us=191049 process_frame=0 physics_frame=0 elapsed_us=9 allocated_thread_bytes=12384 roads=2 segments=2 pairs=1 broadphase=1 broadphase_rejected_pairs=0 accepted_pairs=0 nodes=4 edges=2
address-graph-rebuild: ticks_us=191065 process_frame=0 physics_frame=0 elapsed_us=8 allocated_thread_bytes=12384 roads=2 segments=2 pairs=1 broadphase=0 broadphase_rejected_pairs=0 accepted_pairs=0 nodes=4 edges=2
address-graph-rebuild: ticks_us=191086 process_frame=0 physics_frame=0 elapsed_us=10 allocated_thread_bytes=12384 roads=2 segments=2 pairs=1 broadphase=1 broadphase_rejected_pairs=0 accepted_pairs=0 nodes=4 edges=2
address-graph-rebuild: ticks_us=191105 process_frame=0 physics_frame=0 elapsed_us=9 allocated_thread_bytes=12384 roads=2 segments=2 pairs=1 broadphase=0 broadphase_rejected_pairs=0 accepted_pairs=0 nodes=4 edges=2
address-graph-rebuild: ticks_us=191126 process_frame=0 physics_frame=0 elapsed_us=10 allocated_thread_bytes=12248 roads=2 segments=2 pairs=1 broadphase=1 broadphase_rejected_pairs=0 accepted_pairs=0 nodes=4 edges=2
address-graph-rebuild: ticks_us=191141 process_frame=0 physics_frame=0 elapsed_us=8 allocated_thread_bytes=12248 roads=2 segments=2 pairs=1 broadphase=0 broadphase_rejected_pairs=0 accepted_pairs=0 nodes=4 edges=2
address-graph-rebuild: ticks_us=191159 process_frame=0 physics_frame=0 elapsed_us=8 allocated_thread_bytes=12248 roads=2 segments=2 pairs=1 broadphase=1 broadphase_rejected_pairs=0 accepted_pairs=0 nodes=4 edges=2
address-graph-rebuild: ticks_us=191175 process_frame=0 physics_frame=0 elapsed_us=9 allocated_thread_bytes=12248 roads=2 segments=2 pairs=1 broadphase=0 broadphase_rejected_pairs=0 accepted_pairs=0 nodes=4 edges=2
address-graph-rebuild: ticks_us=191194 process_frame=0 physics_frame=0 elapsed_us=9 allocated_thread_bytes=12280 roads=2 segments=2 pairs=1 broadphase=1 broadphase_rejected_pairs=0 accepted_pairs=0 nodes=4 edges=2
address-graph-rebuild: ticks_us=191210 process_frame=0 physics_frame=0 elapsed_us=9 allocated_thread_bytes=12280 roads=2 segments=2 pairs=1 broadphase=0 broadphase_rejected_pairs=0 accepted_pairs=0 nodes=4 edges=2
address-graph-rebuild: ticks_us=191228 process_frame=0 physics_frame=0 elapsed_us=9 allocated_thread_bytes=12280 roads=2 segments=2 pairs=1 broadphase=1 broadphase_rejected_pairs=0 accepted_pairs=0 nodes=4 edges=2
address-graph-rebuild: ticks_us=191244 process_frame=0 physics_frame=0 elapsed_us=9 allocated_thread_bytes=12280 roads=2 segments=2 pairs=1 broadphase=0 broadphase_rejected_pairs=0 accepted_pairs=0 nodes=4 edges=2
address-graph-rebuild: ticks_us=191380 process_frame=0 physics_frame=0 elapsed_us=29 allocated_thread_bytes=6304 roads=1 segments=1 pairs=0 broadphase=1 broadphase_rejected_pairs=0 accepted_pairs=0 nodes=2 edges=1
address-graph-rebuild: ticks_us=191415 process_frame=0 physics_frame=0 elapsed_us=7 allocated_thread_bytes=6304 roads=1 segments=1 pairs=0 broadphase=1 broadphase_rejected_pairs=0 accepted_pairs=0 nodes=2 edges=1
address-graph-rebuild: ticks_us=191431 process_frame=0 physics_frame=0 elapsed_us=6 allocated_thread_bytes=6304 roads=1 segments=1 pairs=0 broadphase=0 broadphase_rejected_pairs=0 accepted_pairs=0 nodes=2 edges=1
address-graph-rebuild: ticks_us=191446 process_frame=0 physics_frame=0 elapsed_us=6 allocated_thread_bytes=6304 roads=1 segments=1 pairs=0 broadphase=0 broadphase_rejected_pairs=0 accepted_pairs=0 nodes=2 edges=1
address-graph-rebuild: ticks_us=191498 process_frame=0 physics_frame=0 elapsed_us=6 allocated_thread_bytes=6336 roads=1 segments=1 pairs=0 broadphase=1 broadphase_rejected_pairs=0 accepted_pairs=0 nodes=2 edges=1
address-graph-rebuild: ticks_us=191522 process_frame=0 physics_frame=0 elapsed_us=5 allocated_thread_bytes=6336 roads=1 segments=1 pairs=0 broadphase=0 broadphase_rejected_pairs=0 accepted_pairs=0 nodes=2 edges=1
address-graph-rebuild: ticks_us=192735 process_frame=0 physics_frame=0 elapsed_us=1173 allocated_thread_bytes=721728 roads=128 segments=128 pairs=8128 broadphase=1 broadphase_rejected_pairs=8128 accepted_pairs=0 nodes=256 edges=128
address-graph-rebuild: ticks_us=194250 process_frame=0 physics_frame=0 elapsed_us=1489 allocated_thread_bytes=4032640 roads=128 segments=128 pairs=8128 broadphase=0 broadphase_rejected_pairs=0 accepted_pairs=0 nodes=256 edges=128
address-graph-rebuild: ticks_us=194372 process_frame=0 physics_frame=0 elapsed_us=12 allocated_thread_bytes=14760 roads=2 segments=2 pairs=1 broadphase=0 broadphase_rejected_pairs=0 accepted_pairs=1 nodes=4 edges=3
address-graph-rebuild: ticks_us=194399 process_frame=0 physics_frame=0 elapsed_us=12 allocated_thread_bytes=14760 roads=2 segments=2 pairs=1 broadphase=0 broadphase_rejected_pairs=0 accepted_pairs=1 nodes=4 edges=3
address-graph-rebuild: ticks_us=194419 process_frame=0 physics_frame=0 elapsed_us=10 allocated_thread_bytes=14760 roads=2 segments=2 pairs=1 broadphase=0 broadphase_rejected_pairs=0 accepted_pairs=1 nodes=4 edges=3
address-graph-rebuild: ticks_us=194442 process_frame=0 physics_frame=0 elapsed_us=13 allocated_thread_bytes=16744 roads=2 segments=2 pairs=1 broadphase=0 broadphase_rejected_pairs=0 accepted_pairs=1 nodes=4 edges=4
address-graph-rebuild: ticks_us=194463 process_frame=0 physics_frame=0 elapsed_us=12 allocated_thread_bytes=16744 roads=2 segments=2 pairs=1 broadphase=0 broadphase_rejected_pairs=0 accepted_pairs=1 nodes=4 edges=4
address-graph-rebuild: ticks_us=194482 process_frame=0 physics_frame=0 elapsed_us=8 allocated_thread_bytes=12296 roads=2 segments=2 pairs=1 broadphase=0 broadphase_rejected_pairs=0 accepted_pairs=0 nodes=4 edges=2
address-graph-rebuild: ticks_us=198797 process_frame=0 physics_frame=0 elapsed_us=13 allocated_thread_bytes=6472 roads=1 segments=1 pairs=0 broadphase=1 broadphase_rejected_pairs=0 accepted_pairs=0 nodes=2 edges=1
address-graph-rebuild: ticks_us=200538 process_frame=0 physics_frame=0 elapsed_us=21 allocated_thread_bytes=14832 roads=2 segments=2 pairs=1 broadphase=1 broadphase_rejected_pairs=0 accepted_pairs=1 nodes=4 edges=3
address-graph-rebuild: ticks_us=201231 process_frame=0 physics_frame=0 elapsed_us=16 allocated_thread_bytes=14760 roads=2 segments=2 pairs=1 broadphase=1 broadphase_rejected_pairs=0 accepted_pairs=1 nodes=4 edges=3
address-graph-rebuild: ticks_us=201375 process_frame=0 physics_frame=0 elapsed_us=14 allocated_thread_bytes=14760 roads=2 segments=2 pairs=1 broadphase=1 broadphase_rejected_pairs=0 accepted_pairs=1 nodes=4 edges=3
address-graph-rebuild: ticks_us=201471 process_frame=0 physics_frame=0 elapsed_us=19 allocated_thread_bytes=22920 roads=3 segments=3 pairs=3 broadphase=1 broadphase_rejected_pairs=1 accepted_pairs=2 nodes=6 edges=5
address-graph-rebuild: ticks_us=201508 process_frame=0 physics_frame=0 elapsed_us=18 allocated_thread_bytes=22672 roads=3 segments=3 pairs=3 broadphase=1 broadphase_rejected_pairs=1 accepted_pairs=2 nodes=6 edges=5
address-graph-rebuild: ticks_us=201530 process_frame=0 physics_frame=0 elapsed_us=11 allocated_thread_bytes=14760 roads=2 segments=2 pairs=1 broadphase=1 broadphase_rejected_pairs=0 accepted_pairs=1 nodes=4 edges=3
address-graph-rebuild: ticks_us=201587 process_frame=0 physics_frame=0 elapsed_us=29 allocated_thread_bytes=37856 roads=5 segments=5 pairs=10 broadphase=1 broadphase_rejected_pairs=6 accepted_pairs=4 nodes=8 edges=7
address-graph-rebuild: ticks_us=201769 process_frame=0 physics_frame=0 elapsed_us=44 allocated_thread_bytes=53472 roads=6 segments=7 pairs=21 broadphase=1 broadphase_rejected_pairs=14 accepted_pairs=7 nodes=10 edges=10
address-graph-rebuild: ticks_us=202350 process_frame=0 physics_frame=0 elapsed_us=14 allocated_thread_bytes=15128 roads=2 segments=2 pairs=1 broadphase=0 broadphase_rejected_pairs=0 accepted_pairs=1 nodes=4 edges=3
address-graph-rebuild: ticks_us=202382 process_frame=0 physics_frame=0 elapsed_us=19 allocated_thread_bytes=23872 roads=3 segments=3 pairs=3 broadphase=0 broadphase_rejected_pairs=0 accepted_pairs=2 nodes=6 edges=5
address-graph-rebuild: ticks_us=202435 process_frame=0 physics_frame=0 elapsed_us=41 allocated_thread_bytes=60504 roads=6 segments=7 pairs=21 broadphase=0 broadphase_rejected_pairs=0 accepted_pairs=7 nodes=10 edges=10
ADDRESS PASS road reorder/reversal keeps graph nodes
ADDRESS PASS road reorder/reversal keeps graph edges
ADDRESS PASS small geometry movement keeps node references
ADDRESS PASS repeat import retains exactly one address
ADDRESS PASS reimport cannot change committed cadastre
ADDRESS PASS reimport cannot detach committed access ID
ADDRESS PASS rejected import is atomic
ADDRESS PASS semantic public alias keeps original address identity
ADDRESS PASS saved building reference survives street rename
ADDRESS PASS infill keeps existing numbering
ADDRESS PASS old numbered alias resolves stable address
ADDRESS PASS renumbering preserves building identity
ADDRESS PASS stale reimport cannot erase migrated history
ADDRESS PASS migrated reimport preserves historical alias
ADDRESS PASS address normalization merges keyboard aliases
ADDRESS PASS route ends at real gate instead of building centroid
ADDRESS PASS vehicle cannot use narrow foot access
ADDRESS PASS notebook only labels learned addresses
ADDRESS PASS notebook and routing share graph edges
ADDRESS PASS closed road removes route
ADDRESS PASS duplicate fictional cadastral identity rejected
ADDRESS PASS unverified access is never declared reachable
ADDRESS PASS collinear overlap is split and connected
ADDRESS PASS collinear reorder and reversal preserve complete node and edge records
ADDRESS PASS crossing at the existing half-metre height boundary remains connected
ADDRESS PASS broadphase preserves all crossing records at height 0.5
ADDRESS PASS crossing above the existing height boundary stays disconnected
ADDRESS PASS broadphase preserves all crossing records at height 0.5001
ADDRESS PASS small geometric gap is not rounded shut
ADDRESS PASS broadphase matches exhaustive records: t just beyond the endpoint
ADDRESS PASS broadphase keeps reversal and import order: t just beyond the endpoint
ADDRESS PASS exact-distance tie retains the original committed endpoint IDs and positions after reversal
ADDRESS PASS broadphase matches exhaustive records: u just beyond the endpoint
ADDRESS PASS broadphase keeps reversal and import order: u just beyond the endpoint
ADDRESS PASS broadphase matches exhaustive records: outside the parameter allowance
ADDRESS PASS broadphase keeps reversal and import order: outside the parameter allowance
ADDRESS PASS broadphase matches exhaustive records: collinear endpoint inside distance allowance
ADDRESS PASS broadphase keeps reversal and import order: collinear endpoint inside distance allowance
ADDRESS PASS broadphase matches exhaustive records: collinear endpoint outside distance allowance
ADDRESS PASS broadphase keeps reversal and import order: collinear endpoint outside distance allowance
ADDRESS PASS broadphase matches exhaustive records: ill-conditioned disjoint near-parallel pair
ADDRESS PASS broadphase keeps reversal and import order: ill-conditioned disjoint near-parallel pair
ADDRESS PASS broadphase matches exhaustive records: large-coordinate exhaustive fallback
ADDRESS PASS broadphase keeps reversal and import order: large-coordinate exhaustive fallback
ADDRESS PASS equal-distance road reversal preserves complete graph records with pinned point keys
ADDRESS PASS canonical direction cannot transfer a pinned vertex identity to the other endpoint
ADDRESS PASS unequal street-origin distance retains its previous priority over lexical point keys
ADDRESS PASS sparse 128-segment graph preserves every node and edge while opt-in records expose allocation costs
ADDRESS PASS existing graph fixture matches exhaustive builder with 2 roads and 4 nodes
ADDRESS PASS existing graph fixture matches exhaustive builder with 2 roads and 4 nodes
ADDRESS PASS existing graph fixture matches exhaustive builder with 2 roads and 4 nodes
ADDRESS PASS existing graph fixture matches exhaustive builder with 2 roads and 4 nodes
ADDRESS PASS existing graph fixture matches exhaustive builder with 2 roads and 4 nodes
ADDRESS PASS existing graph fixture matches exhaustive builder with 2 roads and 4 nodes
ADDRESS PASS complete real plate rectangle is supported
ADDRESS PASS exact footprint rejects a hole between probe samples
ADDRESS PASS full outer rim rejects an eleven-centimetre unchecked overhang
ADDRESS PASS only explicitly boarded facade accepts a five-millimetre vertical joint
ADDRESS PASS eight-millimetre board joint may cross the metal rim between supported fasteners
ADDRESS PASS a five-millimetre exterior overhang cannot masquerade as a board joint
ADDRESS PASS a fastener cannot be fixed into a narrow construction joint
ADDRESS PASS compound rear wall and glass cannot own an exterior plate
ADDRESS PASS foreground post two metres away blocks the outer rim
ADDRESS PASS post outside the full plate footprint does not block it
ADDRESS PASS native H020 access retains its exact road projection after physics probing
ADDRESS PASS shed retains authored parcel and address through repeated geometry import
ADDRESS PASS auxiliary registration cannot overwrite the primary house
ADDRESS PASS standalone shed repeat import preserves its own parcel without inventing a residential address
ADDRESS PASS non-addressable parcel access is included in validation
ADDRESS PASS verified utility access uses the same graph and parcel validation
ADDRESS PASS independent technical parcel does not leak into notebook knowledge
ADDRESS PASS non-addressable import cannot invent an address reference without its record
ADDRESS PASS retired authored 25А reserves its normalized number without a visible address record
ADDRESS PASS repeat enriched import retains infill and leaves the existing house and retired reservation unchanged
ADDRESS PASS another source cannot claim a retired authored number
ADDRESS PASS repeat physical access attachment is idempotent and preserves the authored roads
ADDRESS PASS located house receives real road context without learning other street names
ADDRESS PASS located house and real entrance remain on the map while access physics is pending
ADDRESS PASS map cannot reveal a gated shortcut or another house's computed access path
ADDRESS PASS successful access audit adds no automatic route and preserves the map's real road geometry
ADDRESS PASS empty notebook map contains no house, entrance or street-name discovery
ADDRESS PASS broadphase preserves the native double-precision access projection
ADDRESS PASS broadphase preserves repeated physical-access graph records
ADDRESS PASS broadphase preserves both street origins and notebook access graph records
userdata guard: original files and permissions restored and verified
