Godot Engine v4.7.1.stable.mono.official.a13da4feb - https://godotengine.org
Metal 4.0 - Forward+ - Using Device #0: Apple - Apple M4 Pro (Apple9)

act1-river: ice_slabs=31 blockers=29 road_gap_samples=2 bridge=broken@(15,-85)
village-chimney: /root/Act1Len01FamilyFlowSmokeTest/Act1Demo/Main/ZoneHost/Act1ConnectedWorld/Act1CoreWorldGreybox/Act1AuthoredExteriorKitPresentation/ArrivalAuthoredParcels/ArrivalForwardWestFacade/DwellingFacade_TimberPlaster/DwellingFacade_ChimneyCap_LOD0 top=(-10.2875, 4.7722464, 2.3450005)
village-chimney: /root/Act1Len01FamilyFlowSmokeTest/Act1Demo/Main/ZoneHost/Act1ConnectedWorld/Act1CoreWorldGreybox/Act1AuthoredExteriorKitPresentation/DistantPerimeterParcels/WestArrivalNearParcel/WestArrivalNearFacade/DwellingFacade_TimberPlaster/DwellingFacade_ChimneyCap_LOD0 top=(-19.730013, 3.9641316, 15.965501)
act1-terrain-room-cut: room=/root/Act1Len01FamilyFlowSmokeTest/Act1Demo/Main/ZoneHost/Act1ConnectedWorld/babay-abi-house half=(4, 3.5) affectedTriangles=48 clippedVertices=49980 publishedVertices=49980 physicsVertices=49980 visualAndPhysics=shared-published-faces
act1-apron-room-cut: mesh=/root/Act1Len01FamilyFlowSmokeTest/Act1Demo/Main/ZoneHost/Act1ConnectedWorld/Act1CoreWorldGreybox/AgentBExteriorWorld/AgentB_TerrainRoadKit/URMAN_AgentB_TerrainRoadKit/Apron_BabaiYard affectedTriangles=11 clippedVertices=123 surfaces=1 collision=existing-terrain-owner
act1-south-fence-house-junction: wallX=-33.5880 retainedMembers=13 retiredPostsAndCaps=10 supportedWestWing=2.4920m
act1-drain-bank-conform: mesh=/root/Act1Len01FamilyFlowSmokeTest/Act1Demo/Main/ZoneHost/Act1ConnectedWorld/Act1CoreWorldGreybox/AgentBExteriorWorld/AgentB_TerrainRoadKit/URMAN_AgentB_TerrainRoadKit/BabaiYard_EastFenceSwale originalTriangles=78 affectedTriangles=35 outputTriangles=3543 groundOwner=unchanged
act1-school-bank-cut: mesh=/root/Act1Len01FamilyFlowSmokeTest/Act1Demo/Main/ZoneHost/Act1ConnectedWorld/Act1CoreWorldGreybox/AgentBExteriorWorld/AgentB_TerrainRoadKit/URMAN_AgentB_TerrainRoadKit/Ditch_FieldBank_EastZirat room=/root/Act1Len01FamilyFlowSmokeTest/Act1Demo/Main/ZoneHost/Act1ConnectedWorld/Act1CoreWorldGreybox/Act1AuthoredExteriorKitPresentation/DistantPerimeterParcels/EastReturnMidParcel/EastReturnMidFacade/PublicInterior_school/MainRoom half=(2.5154998, 2.3804996) affectedTriangles=20 clippedVertices=486 publishedVertices=486 floorY=-0.0049708784 collision=unchanged-existing-terrain-and-timber-floor
act1-roadside-grounding: independent contact meshes=34; source meshes and usable footbridge preserved
act1-kit-blockers: placements=100 shapes=1719 carved_door_slabs=241 flat_slab_skipped=2473 exact_architecture_surfaces=911 hidden_skipped=7 road_clearance_skipped=0
act1-dwelling-threshold: placements=83 worst_analytic_vs_collision_delta=0.028m worst_placement=ArrivalForwardEastShed
act1-building-supports: supported foundations=137; maximum ground drop=1.136m; level entrances preserved
zone-loaded: village_day@arrival connected-world=108531814324
УРМАН Godot vertical slice ready: Painterly Low-Poly / first person
act1-smoke: background input replay; focus-loss pause isolated from this test scene
act1-window-surrounds: painted=1020
act1-legacy-sign: suppressed=1
zone-loaded: village_day@arrival connected-world=108531814324
SaveGameV3 new game session started; existing slots untouched.
arrival-intro-ui: requested=1280x720 actual=(1280, 720) textScale=1.6; source hint and panel bounds
arrival-intro-ui: requested=1920x1080 actual=(1920, 1080) textScale=1; source hint and panel bounds
act1-intro: confirmed with E
WARNING: Interaction urman.chapter1:interaction/arrival-enter-house rejected: ContentConditionRejected Content conditions rejected this action.
     at: void Urman.Godot.RuntimeBridge+<DispatchCompiledInteractionAsync>d__129.MoveNext() (res://scripts/RuntimeBridge.cs:1126)
     C# backtrace (most recent call first):
         [0] void Godot.GD.PushWarning(string) (/root/godot/modules/mono/glue/GodotSharp/GodotSharp/Core/GD.cs:396)
         [1] void Urman.Godot.RuntimeBridge+<DispatchCompiledInteractionAsync>d__129.MoveNext() (/Users/unterlantas/Documents/GitHub/URMAN/game/scripts/RuntimeBridge.cs:1126)
         [2] void System.Runtime.CompilerServices.AsyncMethodBuilderCore.Start<TStateMachine>(TStateMachine&)
         [3] void System.Runtime.CompilerServices.AsyncTaskMethodBuilder`1.Start<TStateMachine>(TStateMachine&)
         [4] System.Threading.Tasks.Task`1[System.Boolean] Urman.Godot.RuntimeBridge.DispatchCompiledInteractionAsync(Urman.Godot.CompiledInteractionContent)
         [5] void Urman.Godot.RuntimeBridge+<DispatchInteractionAsync>d__91.MoveNext() (/Users/unterlantas/Documents/GitHub/URMAN/game/scripts/RuntimeBridge.cs:521)
         [6] void System.Runtime.CompilerServices.AsyncMethodBuilderCore.Start<TStateMachine>(TStateMachine&)
         [7] void System.Runtime.CompilerServices.AsyncTaskMethodBuilder`1.Start<TStateMachine>(TStateMachine&)
         [8] System.Threading.Tasks.Task`1[System.Boolean] Urman.Godot.RuntimeBridge.DispatchInteractionAsync(string)
         [9] void Urman.Godot.Tests.Act1ArrivalFlowProof+<CompleteAsync>d__1.MoveNext() (/Users/unterlantas/Documents/GitHub/URMAN/game/tests/Act1Len01FamilyFlowSmokeTest.cs:1509)
         [10] void System.Runtime.CompilerServices.AsyncMethodBuilderCore.Start<TStateMachine>(TStateMachine&)
         [11] System.Threading.Tasks.Task Urman.Godot.Tests.Act1ArrivalFlowProof.CompleteAsync(Godot.Node, Urman.Godot.RuntimeBridge, string, bool)
         [12] void Urman.Godot.Tests.Act1Len01FamilyFlowSmokeTest+<_Ready>d__13.MoveNext() (/Users/unterlantas/Documents/GitHub/URMAN/game/tests/Act1Len01FamilyFlowSmokeTest.cs:53)
         [13] void System.Threading.ExecutionContext.RunInternal(System.Threading.ExecutionContext, System.Threading.ContextCallback, object)
         [14] void System.Runtime.CompilerServices.AsyncTaskMethodBuilder`1+AsyncStateMachineBox`1.MoveNext()
         [15] void System.Threading.Tasks.AwaitTaskContinuation.RunCallback(System.Threading.ContextCallback, object, System.Threading.Tasks.Task&)
         [16] void System.Threading.Tasks.Task.RunContinuations(object)
         [17] bool System.Threading.Tasks.Task`1.TrySetResult(TResult)
         [18] void System.Runtime.CompilerServices.AsyncTaskMethodBuilder`1.SetExistingTaskResult(System.Threading.Tasks.Task`1[TResult], TResult)
         [19] void Urman.Godot.Tests.Act1Len01FamilyFlowSmokeTest+<Frames>d__49.MoveNext() (/Users/unterlantas/Documents/GitHub/URMAN/game/tests/Act1Len01FamilyFlowSmokeTest.cs:1225)
         [20] void System.Threading.ExecutionContext.RunInternal(System.Threading.ExecutionContext, System.Threading.ContextCallback, object)
         [21] void System.Runtime.CompilerServices.AsyncTaskMethodBuilder`1+AsyncStateMachineBox`1.MoveNext()
         [22] void Godot.SignalAwaiter.SignalCallback(nint, Godot.NativeInterop.godot_variant**, int, Godot.NativeInterop.godot_bool*) (/root/godot/modules/mono/glue/GodotSharp/GodotSharp/Core/SignalAwaiter.cs:65)
SaveGameV3 written to /Users/unterlantas/Library/Application Support/Godot/app_userdata/URMAN/savegames/len01-arrival-message-only.savegame-v3.json
zone-loaded: village_day@arrival connected-world=108531814324
SaveGameV3 restored.
document-image-ui: area len01_arrival_photo_paper 1280x720 canvas=(869.3334, 369.33334) fit=(369.33334, 369.33334) logicalCanvas=(1304, 554) logicalFit=(554, 554) rootLogical=(1920, 1080) contentBase=(1920, 1080) contentFactor=1 rootVisible=(1920, 1080) window=(1280, 720) captured=not-run pixelSource=window pixelScale=(0.6666667, 0.6666667)
document-image-ui: area len01_arrival_photo_paper 1920x1080 canvas=(788, 585) fit=(585, 585) logicalCanvas=(788, 585) logicalFit=(585, 585) rootLogical=(1920, 1080) contentBase=(1920, 1080) contentFactor=1 rootVisible=(1920, 1080) window=(1920, 1080) captured=not-run pixelSource=window pixelScale=(1, 1)
document-image-ui: PASS len01_arrival_photo_paper actual=urman.chapter1:asset/photo-marat-childhood 720p-large/1080p fit/zoom/pan/text, no knowledge mutation
document-image-ui: area len01_arrival_photo_journal 1280x720 canvas=(740, 297.33334) fit=(297.33334, 297.33334) logicalCanvas=(1110, 446) logicalFit=(446, 446) rootLogical=(1920, 1080) contentBase=(1920, 1080) contentFactor=1 rootVisible=(1920, 1080) window=(1280, 720) captured=not-run pixelSource=window pixelScale=(0.6666667, 0.6666667)
document-image-ui: area len01_arrival_photo_journal 1920x1080 canvas=(774, 535) fit=(535, 535) logicalCanvas=(774, 535) logicalFit=(535, 535) rootLogical=(1920, 1080) contentBase=(1920, 1080) contentFactor=1 rootVisible=(1920, 1080) window=(1920, 1080) captured=not-run pixelSource=window pixelScale=(1, 1)
document-image-ui: PASS len01_arrival_photo_journal actual=urman.chapter1:asset/photo-marat-childhood 720p-large/1080p fit/zoom/pan/text, no knowledge mutation
SaveGameV3 written to /Users/unterlantas/Library/Application Support/Godot/app_userdata/URMAN/savegames/len01-arrival-before-reply.savegame-v3.json
zone-loaded: village_day@arrival connected-world=108531814324
SaveGameV3 restored.
SaveGameV3 written to /Users/unterlantas/Library/Application Support/Godot/app_userdata/URMAN/savegames/len01-arrival-reply-abandoned.savegame-v3.json
zone-loaded: village_day@arrival connected-world=108531814324
SaveGameV3 restored.
SaveGameV3 written to /Users/unterlantas/Library/Application Support/Godot/app_userdata/URMAN/savegames/len01-arrival-completed.savegame-v3.json
zone-loaded: village_day@arrival connected-world=108531814324
SaveGameV3 restored.
arrival-flow: source UI, remembered phrase, distinct help-babai, explicit house continuation
state-final-render-sync-begin: label=alsu-walk/alsu_invitation tick=37115 drawn=296 process=296 physics=519 windowVisible=True focus=True mode=Windowed renderLoop=True
state-final-render-sync-end: label=alsu-walk/alsu_invitation milliseconds=45 forcedScreenshotRender=False
alsu-walk-capture: /Users/unterlantas/Documents/GitHub/URMAN/docs/production/act1_takeover_evidence_2026-09-16/images-alsu-walk-06/alsu_invitation.png
SaveGameV3 written to /Users/unterlantas/Library/Application Support/Godot/app_userdata/URMAN/savegames/len01-alsu-walk-deferred.savegame-v3.json
zone-loaded: village_day@arrival connected-world=108531814324
SaveGameV3 restored.
state-final-render-sync-begin: label=alsu-walk/alsu_actual_supported_step tick=38589 drawn=346 process=346 physics=605 windowVisible=True focus=True mode=Windowed renderLoop=True
state-final-render-sync-end: label=alsu-walk/alsu_actual_supported_step milliseconds=28 forcedScreenshotRender=False
alsu-walk-capture: /Users/unterlantas/Documents/GitHub/URMAN/docs/production/act1_takeover_evidence_2026-09-16/images-alsu-walk-06/alsu_actual_supported_step.png
SaveGameV3 written to /Users/unterlantas/Library/Application Support/Godot/app_userdata/URMAN/savegames/len01-alsu-midsegment.savegame-v3.json
zone-loaded: village_day@arrival connected-world=108531814324
SaveGameV3 restored.
state-final-render-sync-begin: label=alsu-walk/alsu_midsegment_restored tick=40707 drawn=429 process=429 physics=731 windowVisible=True focus=True mode=Windowed renderLoop=True
state-final-render-sync-end: label=alsu-walk/alsu_midsegment_restored milliseconds=24 forcedScreenshotRender=False
alsu-walk-capture: /Users/unterlantas/Documents/GitHub/URMAN/docs/production/act1_takeover_evidence_2026-09-16/images-alsu-walk-06/alsu_midsegment_restored.png
zone-loaded: village_day@arrival connected-world=108531814324
ERROR: SaveGameV3 load failed: Alsu's saved travel is not on its actually walked segment.
   at: void Urman.Godot.RuntimeBridge+<LoadFromStoreAsync>d__81.MoveNext() (res://scripts/RuntimeBridge.cs:385)
   C# backtrace (most recent call first):
       [0] void Godot.GD.PushError(string) (/root/godot/modules/mono/glue/GodotSharp/GodotSharp/Core/GD.cs:366)
       [1] void Urman.Godot.RuntimeBridge+<LoadFromStoreAsync>d__81.MoveNext() (/Users/unterlantas/Documents/GitHub/URMAN/game/scripts/RuntimeBridge.cs:385)
       [2] void System.Threading.ExecutionContext.RunInternal(System.Threading.ExecutionContext, System.Threading.ContextCallback, object)
       [3] void System.Runtime.CompilerServices.AsyncTaskMethodBuilder`1+AsyncStateMachineBox`1.MoveNext()
       [4] void System.Threading.Tasks.AwaitTaskContinuation.RunCallback(System.Threading.ContextCallback, object, System.Threading.Tasks.Task&)
       [5] void System.Threading.Tasks.Task.RunContinuations(object)
       [6] bool System.Threading.Tasks.Task`1.TrySetResult(TResult)
       [7] void System.Runtime.CompilerServices.AsyncTaskMethodBuilder`1.SetExistingTaskResult(System.Threading.Tasks.Task`1[TResult], TResult)
       [8] void Urman.Core.Persistence.AtomicSaveGameStore+<LoadAsync>d__4.MoveNext() (/Users/unterlantas/Documents/GitHub/URMAN/src-dotnet/Urman.Core/Persistence/AtomicSaveGameStore.cs:85)
       [9] void System.Runtime.CompilerServices.AsyncTaskMethodBuilder`1+AsyncStateMachineBox`1.ExecutionContextCallback(object)
       [10] void System.Threading.ExecutionContext.RunInternal(System.Threading.ExecutionContext, System.Threading.ContextCallback, object)
       [11] void System.Runtime.CompilerServices.AsyncTaskMethodBuilder`1+AsyncStateMachineBox`1.MoveNext(System.Threading.Thread)
       [12] void Godot.GodotSynchronizationContext.ExecutePendingContinuations() (/root/godot/modules/mono/glue/GodotSharp/GodotSharp/Core/GodotSynchronizationContext.cs:51)
       [13] void Godot.GodotTaskScheduler.Activate() (/root/godot/modules/mono/glue/GodotSharp/GodotSharp/Core/GodotTaskScheduler.cs:76)
       [14] void Godot.Bridge.ScriptManagerBridge.FrameCallback() (/root/godot/modules/mono/glue/GodotSharp/GodotSharp/Core/Bridge/ScriptManagerBridge.cs:84)
zone-loaded: village_day@arrival connected-world=108531814324
SaveGameV3 rejected the loaded placement; the previous session was restored.
state-final-render-sync-begin: label=alsu-walk/alsu_invalid_pose_rollback tick=41060 drawn=431 process=431 physics=742 windowVisible=True focus=True mode=Windowed renderLoop=True
state-final-render-sync-end: label=alsu-walk/alsu_invalid_pose_rollback milliseconds=54 forcedScreenshotRender=False
alsu-walk-capture: /Users/unterlantas/Documents/GitHub/URMAN/docs/production/act1_takeover_evidence_2026-09-16/images-alsu-walk-06/alsu_invalid_pose_rollback.png
zone-loaded: village_day@arrival connected-world=108531814324
alsu-physical-contact: {"query":"projection","motion":"(0, 0, 0)","recoveryAsCollision":true,"actorTransform":"[X: (-0.9991051, 0, 0.04221568), Y: (0, 1, 0), Z: (-0.04221568, 0, -0.9991051), O: (0.85, -0.28935206, 2.05)]","bodyTransform":"[X: (-0.9991051, 0, 0.04221568), Y: (0, 1, 0), Z: (-0.04221568, 0, -0.9991051), O: (0.85, -0.28935206, 2.05)]","bodyPhysicsTransform":"[X: (-0.9991051, 0, 0.04221568), Y: (0, 1, 0), Z: (-0.04221568, 0, -0.9991051), O: (0.85, -0.28935206, 2.05)]","capsuleTransform":"[X: (-0.9991051, 0, 0.04221568), Y: (0, 1, 0), Z: (-0.04221568, 0, -0.9991051), O: (0.85, 0.56064796, 2.05)]","capsuleLocal":"[X: (1, 0, 0), Y: (0, 1, 0), Z: (0, 0, 1), O: (0, 0.85, 0)]","radius":0.28,"height":1.7,"contacts":[{"owner":"/root/Act1Len01FamilyFlowSmokeTest/Act1Demo/Main/Player","colliderTransform":"[X: (0.9990849, 0, -0.042675126), Y: (0, 1, 0), Z: (0.042675126, 0, 0.9990849), O: (0.79605186, -0.28591955, 2.321937)]","colliderPhysicsTransform":"[X: (0.9990849, 0, -0.042675126), Y: (0, 1, 0), Z: (0.042675126, 0, 0.9990849), O: (0.79605186, -0.28591955, 2.321937)]","shape":"/root/Act1Len01FamilyFlowSmokeTest/Act1Demo/Main/Player/CollisionShape3D","shapeTransform":"[X: (0.9990849, 0, -0.042675126), Y: (0, 1, 0), Z: (0.042675126, 0, 0.9990849), O: (0.79605186, 0.25408047, 2.321937)]","shapeSize":null,"point":"(0.864159, 0.44408047, 1.9786291)","normal":"(0.1945926, -5.093487E-08, -0.98088413)"}]}
ERROR: SaveGameV3 load failed: Alsu's saved physical body intersects an obstacle or the loaded player.
   at: void Urman.Godot.RuntimeBridge+<LoadFromStoreAsync>d__81.MoveNext() (res://scripts/RuntimeBridge.cs:385)
   C# backtrace (most recent call first):
       [0] void Godot.GD.PushError(string) (/root/godot/modules/mono/glue/GodotSharp/GodotSharp/Core/GD.cs:366)
       [1] void Urman.Godot.RuntimeBridge+<LoadFromStoreAsync>d__81.MoveNext() (/Users/unterlantas/Documents/GitHub/URMAN/game/scripts/RuntimeBridge.cs:385)
       [2] void System.Threading.ExecutionContext.RunInternal(System.Threading.ExecutionContext, System.Threading.ContextCallback, object)
       [3] void System.Runtime.CompilerServices.AsyncTaskMethodBuilder`1+AsyncStateMachineBox`1.MoveNext()
       [4] void System.Threading.Tasks.AwaitTaskContinuation.RunCallback(System.Threading.ContextCallback, object, System.Threading.Tasks.Task&)
       [5] void System.Threading.Tasks.Task.RunContinuations(object)
       [6] void System.Threading.Tasks.Task.FinishSlow(bool)
       [7] bool System.Threading.Tasks.Task.TrySetException(object)
       [8] void System.Runtime.CompilerServices.AsyncTaskMethodBuilder`1.SetException(System.Exception, System.Threading.Tasks.Task`1[TResult]&)
       [9] void Urman.Godot.RuntimeBridge+<RestoreLoadedWorldAsync>d__82.MoveNext() (/Users/unterlantas/Documents/GitHub/URMAN/game/scripts/RuntimeBridge.cs:445)
       [10] void System.Threading.ExecutionContext.RunInternal(System.Threading.ExecutionContext, System.Threading.ContextCallback, object)
       [11] void System.Threading.Tasks.AwaitTaskContinuation.RunCallback(System.Threading.ContextCallback, object, System.Threading.Tasks.Task&)
       [12] void System.Threading.Tasks.Task.RunContinuations(object)
       [13] void System.Threading.Tasks.Task.FinishSlow(bool)
       [14] bool System.Threading.Tasks.Task.TrySetException(object)
       [15] void System.Runtime.CompilerServices.AsyncTaskMethodBuilder`1.SetException(System.Exception, System.Threading.Tasks.Task`1[TResult]&)
       [16] void Urman.Godot.RuntimeBridge+<ProjectPhysicalWorldAsync>d__83.MoveNext() (/Users/unterlantas/Documents/GitHub/URMAN/game/scripts/RuntimeBridge.cs:464)
       [17] void System.Threading.ExecutionContext.RunInternal(System.Threading.ExecutionContext, System.Threading.ContextCallback, object)
       [18] void System.Threading.Tasks.AwaitTaskContinuation.RunCallback(System.Threading.ContextCallback, object, System.Threading.Tasks.Task&)
       [19] void System.Threading.Tasks.Task.RunContinuations(object)
       [20] bool System.Threading.Tasks.Task`1.TrySetResult(TResult)
       [21] void System.Runtime.CompilerServices.AsyncTaskMethodBuilder`1.SetExistingTaskResult(System.Threading.Tasks.Task`1[TResult], TResult)
       [22] void Urman.Godot.VehicleFleet+<CompleteLoadedProjectionAsync>d__44.MoveNext() (/Users/unterlantas/Documents/GitHub/URMAN/game/scripts/VehicleFleet.cs:239)
       [23] void System.Threading.ExecutionContext.RunInternal(System.Threading.ExecutionContext, System.Threading.ContextCallback, object)
       [24] void System.Runtime.CompilerServices.AsyncTaskMethodBuilder`1+AsyncStateMachineBox`1.MoveNext()
       [25] void Godot.SignalAwaiter.SignalCallback(nint, Godot.NativeInterop.godot_variant**, int, Godot.NativeInterop.godot_bool*) (/root/godot/modules/mono/glue/GodotSharp/GodotSharp/Core/SignalAwaiter.cs:65)
zone-loaded: village_day@arrival connected-world=108531814324
SaveGameV3 rejected the loaded placement; the previous session was restored.
state-final-render-sync-begin: label=alsu-walk/alsu_overlap_pose_rollback tick=41462 drawn=433 process=433 physics=760 windowVisible=True focus=True mode=Windowed renderLoop=True
state-final-render-sync-end: label=alsu-walk/alsu_overlap_pose_rollback milliseconds=40 forcedScreenshotRender=False
alsu-walk-capture: /Users/unterlantas/Documents/GitHub/URMAN/docs/production/act1_takeover_evidence_2026-09-16/images-alsu-walk-06/alsu_overlap_pose_rollback.png
zone-loaded: house_old_pc@entry connected-world=108531814324
SaveGameV3 written to /Users/unterlantas/Library/Application Support/Godot/app_userdata/URMAN/savegames/len01-alsu-midsegment-house.savegame-v3.json
zone-loaded: house_old_pc@entry connected-world=108531814324
SaveGameV3 restored.
state-final-render-sync-begin: label=alsu-walk/alsu_midsegment_loaded_inside_house tick=41830 drawn=436 process=436 physics=777 windowVisible=True focus=True mode=Windowed renderLoop=True
state-final-render-sync-end: label=alsu-walk/alsu_midsegment_loaded_inside_house milliseconds=14 forcedScreenshotRender=False
alsu-walk-capture: /Users/unterlantas/Documents/GitHub/URMAN/docs/production/act1_takeover_evidence_2026-09-16/images-alsu-walk-06/alsu_midsegment_loaded_inside_house.png
zone-loaded: village_day@from_house connected-world=108531814324
alsu-exterior-return: {"phase":"immediate","waitedPhysicsFrames":0,"expected":"(0.78108954, -0.29941392, 0.4191205)","poseDelta":0,"requested":false,"bodyLayer":0,"targetLayer":0,"targetAvailable":false,"eligibility":{"runtimeRequested":false,"localRequested":false,"arrived":false,"checkpoint":0,"pendingCheckpoint":0,"stepping":false,"saving":false,"committing":false,"physicalPending":true,"PhysicalPlacementFailure":null,"PhysicalAccessReady":false,"exterior":true,"presentationZone":"village_day","zone":"village_day","modal":false,"vehicle":false,"sessionMatchesLive":true,"sessionMatchesProjection":true,"physicsFrame":778,"validationAfterPhysicsFrame":780,"fleetPending":true,"actor":"(0.78108954, -0.29941392, 0.4191205)","player":"(-26.158367, 0.35846362, -1.2426405)","walkedMetres":1.6323347,"blocked":"none"}}
alsu-exterior-return: {"phase":"frame3","waitedPhysicsFrames":3,"expected":"(0.78108954, -0.29941392, 0.4191205)","poseDelta":0,"requested":false,"bodyLayer":0,"targetLayer":0,"targetAvailable":false,"eligibility":{"runtimeRequested":false,"localRequested":false,"arrived":false,"checkpoint":0,"pendingCheckpoint":0,"stepping":false,"saving":false,"committing":false,"physicalPending":true,"PhysicalPlacementFailure":null,"PhysicalAccessReady":false,"exterior":true,"presentationZone":"village_day","zone":"village_day","modal":false,"vehicle":false,"sessionMatchesLive":true,"sessionMatchesProjection":true,"physicsFrame":781,"validationAfterPhysicsFrame":780,"fleetPending":false,"actor":"(0.78108954, -0.29941392, 0.4191205)","player":"(-26.158367, 0.30990893, -1.2426405)","walkedMetres":1.6323347,"blocked":"none"}}
alsu-exterior-return: {"phase":"complete","waitedPhysicsFrames":4,"expected":"(0.78108954, -0.29941392, 0.4191205)","poseDelta":0,"requested":false,"bodyLayer":1,"targetLayer":4,"targetAvailable":true,"eligibility":{"runtimeRequested":false,"localRequested":false,"arrived":false,"checkpoint":0,"pendingCheckpoint":0,"stepping":false,"saving":false,"committing":false,"physicalPending":false,"PhysicalPlacementFailure":null,"PhysicalAccessReady":true,"exterior":true,"presentationZone":"village_day","zone":"village_day","modal":false,"vehicle":false,"sessionMatchesLive":true,"sessionMatchesProjection":true,"physicsFrame":782,"validationAfterPhysicsFrame":780,"fleetPending":false,"actor":"(0.78108954, -0.29941392, 0.4191205)","player":"(-26.158367, 0.30990893, -1.2426405)","walkedMetres":1.6323347,"blocked":"none"}}
alsu-walk-proof: actual partial walk -> declared existing house boundary -> indoor save/load -> actual exterior support/body validation; door traversal=separate-check
alsu-player-walk: {"phase":"stalled-input-held","leg":6,"elapsedFrames":83,"stalledFrames":30,"start":"(-26.06073, 0.2944402, 0.057221625)","goal":"(-26.05, 0.2944402, 2.6)","feet":"(-26.051947, 0.34021848, 2.3146646)","velocity":"(0, 0, 0)","remaining":0.28534195,"onFloor":true,"crouching":false,"modal":false,"zone":"village_day","input":"(0, -0.12500001)","revisionBefore":26,"revisionNow":26,"lastStepRejection":"no physical landing","stepsClimbed":0,"recentSlideContacts":["owner=/root/Act1Len01FamilyFlowSmokeTest/Act1Demo/Main/ZoneHost/Act1ConnectedWorld/Act1CoreWorldGreybox/BabaiEbiYard/BabaiYardHaystack/AuthoredKitCollisionProxy shape=/root/Act1Len01FamilyFlowSmokeTest/Act1Demo/Main/ZoneHost/Act1ConnectedWorld/Act1CoreWorldGreybox/BabaiEbiYard/BabaiYardHaystack/AuthoredKitCollisionProxy/HayPackedBody_SurfaceContact normal=(0.1987405, 0.036164127, -0.97938466) point=(-26.121496, 0.6781011, 2.6634393)","owner=/root/Act1Len01FamilyFlowSmokeTest/Act1Demo/Main/ZoneHost/Act1ConnectedWorld/Act1CoreWorldGreybox/BabaiEbiYard/BabaiYardHaystack/AuthoredKitCollisionProxy shape=/root/Act1Len01FamilyFlowSmokeTest/Act1Demo/Main/ZoneHost/Act1ConnectedWorld/Act1CoreWorldGreybox/BabaiEbiYard/BabaiYardHaystack/AuthoredKitCollisionProxy/HayPackedBody_SurfaceContact normal=(0.1987405, 0.036164127, -0.97938466) point=(-26.121496, 0.6781011, 2.6634395)","owner=/root/Act1Len01FamilyFlowSmokeTest/Act1Demo/Main/ZoneHost/Act1ConnectedWorld/Act1CoreWorldGreybox/BabaiEbiYard/BabaiYardHaystack/AuthoredKitCollisionProxy shape=/root/Act1Len01FamilyFlowSmokeTest/Act1Demo/Main/ZoneHost/Act1ConnectedWorld/Act1CoreWorldGreybox/BabaiEbiYard/BabaiYardHaystack/AuthoredKitCollisionProxy/HayPackedBody_SurfaceContact normal=(0.1987405, 0.036164127, -0.97938466) point=(-26.121496, 0.6781011, 2.6634393)"],"probeMotion":"(0.00038673895, 0, 0.056665353)","blocked":true,"sweepContacts":[{"owner":"/root/Act1Len01FamilyFlowSmokeTest/Act1Demo/Main/ZoneHost/Act1ConnectedWorld/Act1CoreWorldGreybox/BabaiEbiYard/BabaiYardHaystack/AuthoredKitCollisionProxy","shape":"/root/Act1Len01FamilyFlowSmokeTest/Act1Demo/Main/ZoneHost/Act1ConnectedWorld/Act1CoreWorldGreybox/BabaiEbiYard/BabaiYardHaystack/AuthoredKitCollisionProxy/HayPackedBody_SurfaceContact","normal":"(0.1987405, 0.036164127, -0.97938466)","point":"(-26.121452, 0.67810893, 2.6634486)"},{"owner":"/root/Act1Len01FamilyFlowSmokeTest/Act1Demo/Main/ZoneHost/Act1ConnectedWorld/Act1CoreWorldGreybox/BabaiEbiYard/BabaiYardHaystack/AuthoredKitCollisionProxy","shape":"/root/Act1Len01FamilyFlowSmokeTest/Act1Demo/Main/ZoneHost/Act1ConnectedWorld/Act1CoreWorldGreybox/BabaiEbiYard/BabaiYardHaystack/AuthoredKitCollisionProxy/HayPackedBody_SurfaceContact","normal":"(0.20065866, 0.037291907, -0.9789511)","point":"(-26.118723, 0.6797125, 2.6640606)"}]}
alsu-player-walk: {"phase":"stalled-input-held","leg":6,"elapsedFrames":143,"stalledFrames":90,"start":"(-26.06073, 0.2944402, 0.057221625)","goal":"(-26.05, 0.2944402, 2.6)","feet":"(-26.051947, 0.34021848, 2.3146646)","velocity":"(0, 0, 0)","remaining":0.28534195,"onFloor":true,"crouching":false,"modal":false,"zone":"village_day","input":"(0, -0.12500001)","revisionBefore":26,"revisionNow":26,"lastStepRejection":"no physical landing","stepsClimbed":0,"recentSlideContacts":["owner=/root/Act1Len01FamilyFlowSmokeTest/Act1Demo/Main/ZoneHost/Act1ConnectedWorld/Act1CoreWorldGreybox/BabaiEbiYard/BabaiYardHaystack/AuthoredKitCollisionProxy shape=/root/Act1Len01FamilyFlowSmokeTest/Act1Demo/Main/ZoneHost/Act1ConnectedWorld/Act1CoreWorldGreybox/BabaiEbiYard/BabaiYardHaystack/AuthoredKitCollisionProxy/HayPackedBody_SurfaceContact normal=(0.1987405, 0.036164127, -0.97938466) point=(-26.121496, 0.6781011, 2.6634393)","owner=/root/Act1Len01FamilyFlowSmokeTest/Act1Demo/Main/ZoneHost/Act1ConnectedWorld/Act1CoreWorldGreybox/BabaiEbiYard/BabaiYardHaystack/AuthoredKitCollisionProxy shape=/root/Act1Len01FamilyFlowSmokeTest/Act1Demo/Main/ZoneHost/Act1ConnectedWorld/Act1CoreWorldGreybox/BabaiEbiYard/BabaiYardHaystack/AuthoredKitCollisionProxy/HayPackedBody_SurfaceContact normal=(0.1987405, 0.036164127, -0.97938466) point=(-26.121496, 0.6781011, 2.663439)","owner=/root/Act1Len01FamilyFlowSmokeTest/Act1Demo/Main/ZoneHost/Act1ConnectedWorld/Act1CoreWorldGreybox/BabaiEbiYard/BabaiYardHaystack/AuthoredKitCollisionProxy shape=/root/Act1Len01FamilyFlowSmokeTest/Act1Demo/Main/ZoneHost/Act1ConnectedWorld/Act1CoreWorldGreybox/BabaiEbiYard/BabaiYardHaystack/AuthoredKitCollisionProxy/HayPackedBody_SurfaceContact normal=(0.1987405, 0.036164127, -0.97938466) point=(-26.121496, 0.67810106, 2.663439)","owner=/root/Act1Len01FamilyFlowSmokeTest/Act1Demo/Main/ZoneHost/Act1ConnectedWorld/Act1CoreWorldGreybox/BabaiEbiYard/BabaiYardHaystack/AuthoredKitCollisionProxy shape=/root/Act1Len01FamilyFlowSmokeTest/Act1Demo/Main/ZoneHost/Act1ConnectedWorld/Act1CoreWorldGreybox/BabaiEbiYard/BabaiYardHaystack/AuthoredKitCollisionProxy/HayPackedBody_SurfaceContact normal=(0.1987405, 0.036164127, -0.97938466) point=(-26.121496, 0.67810106, 2.6634393)","owner=/root/Act1Len01FamilyFlowSmokeTest/Act1Demo/Main/ZoneHost/Act1ConnectedWorld/Act1CoreWorldGreybox/BabaiEbiYard/BabaiYardHaystack/AuthoredKitCollisionProxy shape=/root/Act1Len01FamilyFlowSmokeTest/Act1Demo/Main/ZoneHost/Act1ConnectedWorld/Act1CoreWorldGreybox/BabaiEbiYard/BabaiYardHaystack/AuthoredKitCollisionProxy/HayPackedBody_SurfaceContact normal=(0.1987405, 0.036164127, -0.97938466) point=(-26.121498, 0.678101, 2.6634395)","owner=/root/Act1Len01FamilyFlowSmokeTest/Act1Demo/Main/ZoneHost/Act1ConnectedWorld/Act1CoreWorldGreybox/BabaiEbiYard/BabaiYardHaystack/AuthoredKitCollisionProxy shape=/root/Act1Len01FamilyFlowSmokeTest/Act1Demo/Main/ZoneHost/Act1ConnectedWorld/Act1CoreWorldGreybox/BabaiEbiYard/BabaiYardHaystack/AuthoredKitCollisionProxy/HayPackedBody_SurfaceContact normal=(0.1987405, 0.036164127, -0.97938466) point=(-26.121498, 0.678101, 2.6634393)","owner=/root/Act1Len01FamilyFlowSmokeTest/Act1Demo/Main/ZoneHost/Act1ConnectedWorld/Act1CoreWorldGreybox/BabaiEbiYard/BabaiYardHaystack/AuthoredKitCollisionProxy shape=/root/Act1Len01FamilyFlowSmokeTest/Act1Demo/Main/ZoneHost/Act1ConnectedWorld/Act1CoreWorldGreybox/BabaiEbiYard/BabaiYardHaystack/AuthoredKitCollisionProxy/HayPackedBody_SurfaceContact normal=(0.1987405, 0.036164127, -0.97938466) point=(-26.121498, 0.678101, 2.663439)","owner=/root/Act1Len01FamilyFlowSmokeTest/Act1Demo/Main/ZoneHost/Act1ConnectedWorld/Act1CoreWorldGreybox/BabaiEbiYard/BabaiYardHaystack/AuthoredKitCollisionProxy shape=/root/Act1Len01FamilyFlowSmokeTest/Act1Demo/Main/ZoneHost/Act1ConnectedWorld/Act1CoreWorldGreybox/BabaiEbiYard/BabaiYardHaystack/AuthoredKitCollisionProxy/HayPackedBody_SurfaceContact normal=(0.1987405, 0.036164127, -0.97938466) point=(-26.121498, 0.678101, 2.6634393)"],"probeMotion":"(0.00038673895, 0, 0.056665353)","blocked":true,"sweepContacts":[{"owner":"/root/Act1Len01FamilyFlowSmokeTest/Act1Demo/Main/ZoneHost/Act1ConnectedWorld/Act1CoreWorldGreybox/BabaiEbiYard/BabaiYardHaystack/AuthoredKitCollisionProxy","shape":"/root/Act1Len01FamilyFlowSmokeTest/Act1Demo/Main/ZoneHost/Act1ConnectedWorld/Act1CoreWorldGreybox/BabaiEbiYard/BabaiYardHaystack/AuthoredKitCollisionProxy/HayPackedBody_SurfaceContact","normal":"(0.1987405, 0.036164127, -0.97938466)","point":"(-26.121452, 0.6781088, 2.6634488)"},{"owner":"/root/Act1Len01FamilyFlowSmokeTest/Act1Demo/Main/ZoneHost/Act1ConnectedWorld/Act1CoreWorldGreybox/BabaiEbiYard/BabaiYardHaystack/AuthoredKitCollisionProxy","shape":"/root/Act1Len01FamilyFlowSmokeTest/Act1Demo/Main/ZoneHost/Act1ConnectedWorld/Act1CoreWorldGreybox/BabaiEbiYard/BabaiYardHaystack/AuthoredKitCollisionProxy/HayPackedBody_SurfaceContact","normal":"(0.20065866, 0.037291907, -0.9789511)","point":"(-26.118723, 0.6797124, 2.6640606)"}]}
alsu-player-walk: {"phase":"failed-after-release","leg":6,"elapsedFrames":720,"stalledFrames":667,"start":"(-26.06073, 0.2944402, 0.057221625)","goal":"(-26.05, 0.2944402, 2.6)","feet":"(-26.051947, 0.34021848, 2.3146644)","velocity":"(0, 0, 0)","remaining":0.2853422,"onFloor":true,"crouching":false,"modal":false,"zone":"village_day","input":"(0, 0)","revisionBefore":26,"revisionNow":26,"lastStepRejection":"no physical landing","stepsClimbed":0,"recentSlideContacts":["owner=/root/Act1Len01FamilyFlowSmokeTest/Act1Demo/Main/ZoneHost/Act1ConnectedWorld/Act1CoreWorldGreybox/BabaiEbiYard/BabaiYardHaystack/AuthoredKitCollisionProxy shape=/root/Act1Len01FamilyFlowSmokeTest/Act1Demo/Main/ZoneHost/Act1ConnectedWorld/Act1CoreWorldGreybox/BabaiEbiYard/BabaiYardHaystack/AuthoredKitCollisionProxy/HayPackedBody_SurfaceContact normal=(0.1987405, 0.036164127, -0.97938466) point=(-26.121498, 0.67810017, 2.6634393)","owner=/root/Act1Len01FamilyFlowSmokeTest/Act1Demo/Main/ZoneHost/Act1ConnectedWorld/Act1CoreWorldGreybox/BabaiEbiYard/BabaiYardHaystack/AuthoredKitCollisionProxy shape=/root/Act1Len01FamilyFlowSmokeTest/Act1Demo/Main/ZoneHost/Act1ConnectedWorld/Act1CoreWorldGreybox/BabaiEbiYard/BabaiYardHaystack/AuthoredKitCollisionProxy/HayPackedBody_SurfaceContact normal=(0.1987405, 0.036164127, -0.97938466) point=(-26.121498, 0.67810017, 2.663439)","owner=/root/Act1Len01FamilyFlowSmokeTest/Act1Demo/Main/ZoneHost/Act1ConnectedWorld/Act1CoreWorldGreybox/BabaiEbiYard/BabaiYardHaystack/AuthoredKitCollisionProxy shape=/root/Act1Len01FamilyFlowSmokeTest/Act1Demo/Main/ZoneHost/Act1ConnectedWorld/Act1CoreWorldGreybox/BabaiEbiYard/BabaiYardHaystack/AuthoredKitCollisionProxy/HayPackedBody_SurfaceContact normal=(0.1987405, 0.036164127, -0.97938466) point=(-26.121496, 0.67810017, 2.66344)","owner=/root/Act1Len01FamilyFlowSmokeTest/Act1Demo/Main/ZoneHost/Act1ConnectedWorld/Act1CoreWorldGreybox/BabaiEbiYard/BabaiYardHaystack/AuthoredKitCollisionProxy shape=/root/Act1Len01FamilyFlowSmokeTest/Act1Demo/Main/ZoneHost/Act1ConnectedWorld/Act1CoreWorldGreybox/BabaiEbiYard/BabaiYardHaystack/AuthoredKitCollisionProxy/HayPackedBody_SurfaceContact normal=(0.1987405, 0.036164127, -0.97938466) point=(-26.121496, 0.67810017, 2.6634398)","owner=/root/Act1Len01FamilyFlowSmokeTest/Act1Demo/Main/ZoneHost/Act1ConnectedWorld/Act1CoreWorldGreybox/BabaiEbiYard/BabaiYardHaystack/AuthoredKitCollisionProxy shape=/root/Act1Len01FamilyFlowSmokeTest/Act1Demo/Main/ZoneHost/Act1ConnectedWorld/Act1CoreWorldGreybox/BabaiEbiYard/BabaiYardHaystack/AuthoredKitCollisionProxy/HayPackedBody_SurfaceContact normal=(0.1987405, 0.036164127, -0.97938466) point=(-26.121496, 0.67810017, 2.6634395)","owner=/root/Act1Len01FamilyFlowSmokeTest/Act1Demo/Main/ZoneHost/Act1ConnectedWorld/Act1CoreWorldGreybox/BabaiEbiYard/BabaiYardHaystack/AuthoredKitCollisionProxy shape=/root/Act1Len01FamilyFlowSmokeTest/Act1Demo/Main/ZoneHost/Act1ConnectedWorld/Act1CoreWorldGreybox/BabaiEbiYard/BabaiYardHaystack/AuthoredKitCollisionProxy/HayPackedBody_SurfaceContact normal=(0.1987405, 0.036164127, -0.97938466) point=(-26.121496, 0.67810017, 2.6634398)","owner=/root/Act1Len01FamilyFlowSmokeTest/Act1Demo/Main/ZoneHost/Act1ConnectedWorld/Act1CoreWorldGreybox/BabaiEbiYard/BabaiYardHaystack/AuthoredKitCollisionProxy shape=/root/Act1Len01FamilyFlowSmokeTest/Act1Demo/Main/ZoneHost/Act1ConnectedWorld/Act1CoreWorldGreybox/BabaiEbiYard/BabaiYardHaystack/AuthoredKitCollisionProxy/HayPackedBody_SurfaceContact normal=(0.1987405, 0.036164127, -0.97938466) point=(-26.121496, 0.6781001, 2.66344)","owner=/root/Act1Len01FamilyFlowSmokeTest/Act1Demo/Main/ZoneHost/Act1ConnectedWorld/Act1CoreWorldGreybox/BabaiEbiYard/BabaiYardHaystack/AuthoredKitCollisionProxy shape=/root/Act1Len01FamilyFlowSmokeTest/Act1Demo/Main/ZoneHost/Act1ConnectedWorld/Act1CoreWorldGreybox/BabaiEbiYard/BabaiYardHaystack/AuthoredKitCollisionProxy/HayPackedBody_SurfaceContact normal=(0.1987405, 0.036164127, -0.97938466) point=(-26.121496, 0.6781001, 2.6634398)"],"probeMotion":"(0.0003867386, 0, 0.056665353)","blocked":true,"sweepContacts":[{"owner":"/root/Act1Len01FamilyFlowSmokeTest/Act1Demo/Main/ZoneHost/Act1ConnectedWorld/Act1CoreWorldGreybox/BabaiEbiYard/BabaiYardHaystack/AuthoredKitCollisionProxy","shape":"/root/Act1Len01FamilyFlowSmokeTest/Act1Demo/Main/ZoneHost/Act1ConnectedWorld/Act1CoreWorldGreybox/BabaiEbiYard/BabaiYardHaystack/AuthoredKitCollisionProxy/HayPackedBody_SurfaceContact","normal":"(0.1987405, 0.036164127, -0.97938466)","point":"(-26.12145, 0.678108, 2.663449)"},{"owner":"/root/Act1Len01FamilyFlowSmokeTest/Act1Demo/Main/ZoneHost/Act1ConnectedWorld/Act1CoreWorldGreybox/BabaiEbiYard/BabaiYardHaystack/AuthoredKitCollisionProxy","shape":"/root/Act1Len01FamilyFlowSmokeTest/Act1Demo/Main/ZoneHost/Act1ConnectedWorld/Act1CoreWorldGreybox/BabaiEbiYard/BabaiYardHaystack/AuthoredKitCollisionProxy/HayPackedBody_SurfaceContact","normal":"(0.20065866, 0.037291907, -0.9789511)","point":"(-26.118725, 0.67971164, 2.6640604)"}]}
state-final-render-sync-begin: label=alsu-walk/alsu_player_route_blocked_06 tick=54957 drawn=1957 process=1957 physics=1559 windowVisible=True focus=True mode=Windowed renderLoop=True
state-final-render-sync-end: label=alsu-walk/alsu_player_route_blocked_06 milliseconds=8 forcedScreenshotRender=False
alsu-walk-capture: /Users/unterlantas/Documents/GitHub/URMAN/docs/production/act1_takeover_evidence_2026-09-16/images-alsu-walk-06/alsu_player_route_blocked_06.png
Alsu walk proof: System.InvalidOperationException: Real walking could not reach the companion approach: (-26.05, 0.2944402, 2.6); actual=(-26.051947, 0.34021848, 2.3146644); contacts=owner=/root/Act1Len01FamilyFlowSmokeTest/Act1Demo/Main/ZoneHost/Act1ConnectedWorld/Act1CoreWorldGreybox/BabaiEbiYard/BabaiYardHaystack/AuthoredKitCollisionProxy shape=/root/Act1Len01FamilyFlowSmokeTest/Act1Demo/Main/ZoneHost/Act1ConnectedWorld/Act1CoreWorldGreybox/BabaiEbiYard/BabaiYardHaystack/AuthoredKitCollisionProxy/HayPackedBody_SurfaceContact normal=(0.1987405, 0.036164127, -0.97938466) point=(-26.121498, 0.67810017, 2.6634393) | owner=/root/Act1Len01FamilyFlowSmokeTest/Act1Demo/Main/ZoneHost/Act1ConnectedWorld/Act1CoreWorldGreybox/BabaiEbiYard/BabaiYardHaystack/AuthoredKitCollisionProxy shape=/root/Act1Len01FamilyFlowSmokeTest/Act1Demo/Main/ZoneHost/Act1ConnectedWorld/Act1CoreWorldGreybox/BabaiEbiYard/BabaiYardHaystack/AuthoredKitCollisionProxy/HayPackedBody_SurfaceContact normal=(0.1987405, 0.036164127, -0.97938466) point=(-26.121498, 0.67810017, 2.663439) | owner=/root/Act1Len01FamilyFlowSmokeTest/Act1Demo/Main/ZoneHost/Act1ConnectedWorld/Act1CoreWorldGreybox/BabaiEbiYard/BabaiYardHaystack/AuthoredKitCollisionProxy shape=/root/Act1Len01FamilyFlowSmokeTest/Act1Demo/Main/ZoneHost/Act1ConnectedWorld/Act1CoreWorldGreybox/BabaiEbiYard/BabaiYardHaystack/AuthoredKitCollisionProxy/HayPackedBody_SurfaceContact normal=(0.1987405, 0.036164127, -0.97938466) point=(-26.121496, 0.67810017, 2.66344) | owner=/root/Act1Len01FamilyFlowSmokeTest/Act1Demo/Main/ZoneHost/Act1ConnectedWorld/Act1CoreWorldGreybox/BabaiEbiYard/BabaiYardHaystack/AuthoredKitCollisionProxy shape=/root/Act1Len01FamilyFlowSmokeTest/Act1Demo/Main/ZoneHost/Act1ConnectedWorld/Act1CoreWorldGreybox/BabaiEbiYard/BabaiYardHaystack/AuthoredKitCollisionProxy/HayPackedBody_SurfaceContact normal=(0.1987405, 0.036164127, -0.97938466) point=(-26.121496, 0.67810017, 2.6634398) | owner=/root/Act1Len01FamilyFlowSmokeTest/Act1Demo/Main/ZoneHost/Act1ConnectedWorld/Act1CoreWorldGreybox/BabaiEbiYard/BabaiYardHaystack/AuthoredKitCollisionProxy shape=/root/Act1Len01FamilyFlowSmokeTest/Act1Demo/Main/ZoneHost/Act1ConnectedWorld/Act1CoreWorldGreybox/BabaiEbiYard/BabaiYardHaystack/AuthoredKitCollisionProxy/HayPackedBody_SurfaceContact normal=(0.1987405, 0.036164127, -0.97938466) point=(-26.121496, 0.67810017, 2.6634395) | owner=/root/Act1Len01FamilyFlowSmokeTest/Act1Demo/Main/ZoneHost/Act1ConnectedWorld/Act1CoreWorldGreybox/BabaiEbiYard/BabaiYardHaystack/AuthoredKitCollisionProxy shape=/root/Act1Len01FamilyFlowSmokeTest/Act1Demo/Main/ZoneHost/Act1ConnectedWorld/Act1CoreWorldGreybox/BabaiEbiYard/BabaiYardHaystack/AuthoredKitCollisionProxy/HayPackedBody_SurfaceContact normal=(0.1987405, 0.036164127, -0.97938466) point=(-26.121496, 0.67810017, 2.6634398) | owner=/root/Act1Len01FamilyFlowSmokeTest/Act1Demo/Main/ZoneHost/Act1ConnectedWorld/Act1CoreWorldGreybox/BabaiEbiYard/BabaiYardHaystack/AuthoredKitCollisionProxy shape=/root/Act1Len01FamilyFlowSmokeTest/Act1Demo/Main/ZoneHost/Act1ConnectedWorld/Act1CoreWorldGreybox/BabaiEbiYard/BabaiYardHaystack/AuthoredKitCollisionProxy/HayPackedBody_SurfaceContact normal=(0.1987405, 0.036164127, -0.97938466) point=(-26.121496, 0.6781001, 2.66344) | owner=/root/Act1Len01FamilyFlowSmokeTest/Act1Demo/Main/ZoneHost/Act1ConnectedWorld/Act1CoreWorldGreybox/BabaiEbiYard/BabaiYardHaystack/AuthoredKitCollisionProxy shape=/root/Act1Len01FamilyFlowSmokeTest/Act1Demo/Main/ZoneHost/Act1ConnectedWorld/Act1CoreWorldGreybox/BabaiEbiYard/BabaiYardHaystack/AuthoredKitCollisionProxy/HayPackedBody_SurfaceContact normal=(0.1987405, 0.036164127, -0.97938466) point=(-26.121496, 0.6781001, 2.6634398); step=no physical landing
   at Urman.Godot.Tests.Act1AlsuWalkProof.Check(Boolean condition, String message) in /Users/unterlantas/Documents/GitHub/URMAN/game/tests/Act1AlsuWalkProof.cs:line 550
   at Urman.Godot.Tests.Act1AlsuWalkProof.<>c__DisplayClass0_2.<<CompleteAsync>g__WalkTo|12>d.MoveNext() in /Users/unterlantas/Documents/GitHub/URMAN/game/tests/Act1AlsuWalkProof.cs:line 471
--- End of stack trace from previous location ---
   at Urman.Godot.Tests.Act1AlsuWalkProof.CompleteAsync(Node owner, RuntimeBridge bridge, Boolean verifyReturn) in /Users/unterlantas/Documents/GitHub/URMAN/game/tests/Act1AlsuWalkProof.cs:line 247
ERROR: act1-len01-family-flow: System.InvalidOperationException: The actual street meeting failed before the early directions.
   at Urman.Godot.Tests.Act1Len01FamilyFlowSmokeTest.Require(Boolean condition, String message) in /Users/unterlantas/Documents/GitHub/URMAN/game/tests/Act1Len01FamilyFlowSmokeTest.cs:line 1220
   at Urman.Godot.Tests.Act1Len01FamilyFlowSmokeTest.VerifyEarlyDirections() in /Users/unterlantas/Documents/GitHub/URMAN/game/tests/Act1Len01FamilyFlowSmokeTest.cs:line 712
   at Urman.Godot.Tests.Act1Len01FamilyFlowSmokeTest._Ready() in /Users/unterlantas/Documents/GitHub/URMAN/game/tests/Act1Len01FamilyFlowSmokeTest.cs:line 57
   at: void Urman.Godot.Tests.Act1Len01FamilyFlowSmokeTest+<_Ready>d__13.MoveNext() (res://tests/Act1Len01FamilyFlowSmokeTest.cs:630)
   C# backtrace (most recent call first):
       [0] void Godot.GD.PushError(string) (/root/godot/modules/mono/glue/GodotSharp/GodotSharp/Core/GD.cs:366)
       [1] void Urman.Godot.Tests.Act1Len01FamilyFlowSmokeTest+<_Ready>d__13.MoveNext() (/Users/unterlantas/Documents/GitHub/URMAN/game/tests/Act1Len01FamilyFlowSmokeTest.cs:630)
       [2] void System.Threading.ExecutionContext.RunInternal(System.Threading.ExecutionContext, System.Threading.ContextCallback, object)
       [3] void System.Threading.Tasks.AwaitTaskContinuation.RunCallback(System.Threading.ContextCallback, object, System.Threading.Tasks.Task&)
       [4] void System.Threading.Tasks.Task.RunContinuations(object)
       [5] void System.Threading.Tasks.Task.FinishSlow(bool)
       [6] bool System.Threading.Tasks.Task.TrySetException(object)
       [7] void System.Runtime.CompilerServices.AsyncTaskMethodBuilder`1.SetException(System.Exception, System.Threading.Tasks.Task`1[TResult]&)
       [8] void Urman.Godot.Tests.Act1Len01FamilyFlowSmokeTest+<VerifyEarlyDirections>d__15.MoveNext() (/Users/unterlantas/Documents/GitHub/URMAN/game/tests/Act1Len01FamilyFlowSmokeTest.cs:712)
       [9] void System.Threading.ExecutionContext.RunInternal(System.Threading.ExecutionContext, System.Threading.ContextCallback, object)
       [10] void System.Threading.Tasks.AwaitTaskContinuation.RunCallback(System.Threading.ContextCallback, object, System.Threading.Tasks.Task&)
       [11] void System.Threading.Tasks.Task.RunContinuations(object)
       [12] bool System.Threading.Tasks.Task`1.TrySetResult(TResult)
       [13] void System.Runtime.CompilerServices.AsyncTaskMethodBuilder`1.SetExistingTaskResult(System.Threading.Tasks.Task`1[TResult], TResult)
       [14] void Urman.Godot.Tests.Act1AlsuWalkProof+<CompleteAsync>d__0.MoveNext() (/Users/unterlantas/Documents/GitHub/URMAN/game/tests/Act1AlsuWalkProof.cs:547)
       [15] void System.Threading.ExecutionContext.RunInternal(System.Threading.ExecutionContext, System.Threading.ContextCallback, object)
       [16] void System.Runtime.CompilerServices.AsyncTaskMethodBuilder`1+AsyncStateMachineBox`1.MoveNext()
       [17] void System.Threading.Tasks.AwaitTaskContinuation.RunCallback(System.Threading.ContextCallback, object, System.Threading.Tasks.Task&)
       [18] void System.Threading.Tasks.Task.RunContinuations(object)
       [19] void System.Threading.Tasks.Task.FinishSlow(bool)
       [20] bool System.Threading.Tasks.Task.TrySetException(object)
       [21] void System.Runtime.CompilerServices.AsyncTaskMethodBuilder`1.SetException(System.Exception, System.Threading.Tasks.Task`1[TResult]&)
       [22] void Urman.Godot.Tests.Act1AlsuWalkProof+<>c__DisplayClass0_2+<<CompleteAsync>g__WalkTo|12>d.MoveNext() (/Users/unterlantas/Documents/GitHub/URMAN/game/tests/Act1AlsuWalkProof.cs:471)
       [23] void System.Threading.ExecutionContext.RunInternal(System.Threading.ExecutionContext, System.Threading.ContextCallback, object)
       [24] void System.Threading.Tasks.AwaitTaskContinuation.RunCallback(System.Threading.ContextCallback, object, System.Threading.Tasks.Task&)
       [25] void System.Threading.Tasks.Task.RunContinuations(object)
       [26] void System.Runtime.CompilerServices.AsyncTaskMethodBuilder.SetResult()
       [27] void Urman.Godot.Tests.Act1AlsuWalkProof+<>c__DisplayClass0_0+<<CompleteAsync>g__Capture|15>d.MoveNext() (/Users/unterlantas/Documents/GitHub/URMAN/game/tests/Act1AlsuWalkProof.cs:543)
       [28] void System.Threading.ExecutionContext.RunInternal(System.Threading.ExecutionContext, System.Threading.ContextCallback, object)
       [29] void System.Threading.Tasks.AwaitTaskContinuation.RunCallback(System.Threading.ContextCallback, object, System.Threading.Tasks.Task&)
       [30] void System.Threading.Tasks.Task.RunContinuations(object)
       [31] void System.Runtime.CompilerServices.AsyncTaskMethodBuilder.SetResult()
       [32] void Urman.Godot.Tests.Act1StateFlowProof+<WaitForRenderedFrameAsync>d__8.MoveNext() (/Users/unterlantas/Documents/GitHub/URMAN/game/tests/Act1FinalStateSmokeTest.cs:908)
       [33] void System.Threading.ExecutionContext.RunInternal(System.Threading.ExecutionContext, System.Threading.ContextCallback, object)
       [34] void System.Threading.Tasks.AwaitTaskContinuation.RunCallback(System.Threading.ContextCallback, object, System.Threading.Tasks.Task&)
       [35] void System.Threading.Tasks.Task.RunContinuations(object)
       [36] bool System.Threading.Tasks.Task`1.TrySetResult(TResult)
       [37] void System.Threading.Tasks.Task+TwoTaskWhenAnyPromise`1.Invoke(System.Threading.Tasks.Task)
       [38] void System.Threading.Tasks.Task.RunContinuations(object)
       [39] bool System.Threading.Tasks.Task`1.TrySetResult(TResult)
       [40] bool System.Threading.Tasks.TaskCompletionSource`1.TrySetResult(TResult)
       [41] void Urman.Godot.Tests.Act1StateFlowProof+<>c__DisplayClass8_0.<WaitForRenderedFrameAsync>b__1() (/Users/unterlantas/Documents/GitHub/URMAN/game/tests/Act1FinalStateSmokeTest.cs:871)
       [42] void Godot.Callable.<From>g__Trampoline|1_0(object, Godot.NativeInterop.NativeVariantPtrArgs, Godot.NativeInterop.godot_variant&) (/root/godot/modules/mono/glue/GodotSharp/GodotSharp/Core/Callable.generics.cs:39)
       [43] void Godot.DelegateUtils.InvokeWithVariantArgs(nint, System.Void*, Godot.NativeInterop.godot_variant**, int, Godot.NativeInterop.godot_variant*) (/root/godot/modules/mono/glue/GodotSharp/GodotSharp/Core/DelegateUtils.cs:86)
userdata guard: original files and permissions restored and verified
