Godot Engine v4.7.1.stable.mono.official.a13da4feb - https://godotengine.org
Metal 4.0 - Forward+ - Using Device #0: Apple - Apple M4 Pro (Apple9)

act1-river: ice_slabs=31 blockers=29 road_gap_samples=2 bridge=broken@(15,-85)
village-chimney: /root/Act1Len01FamilyFlowSmokeTest/Act1Demo/Main/ZoneHost/Act1ConnectedWorld/Act1CoreWorldGreybox/Act1AuthoredExteriorKitPresentation/ArrivalAuthoredParcels/ArrivalForwardWestFacade/DwellingFacade_TimberPlaster/DwellingFacade_ChimneyCap_LOD0 top=(-10.2875, 4.7722464, 2.3450005)
village-chimney: /root/Act1Len01FamilyFlowSmokeTest/Act1Demo/Main/ZoneHost/Act1ConnectedWorld/Act1CoreWorldGreybox/Act1AuthoredExteriorKitPresentation/DistantPerimeterParcels/WestArrivalNearParcel/WestArrivalNearFacade/DwellingFacade_TimberPlaster/DwellingFacade_ChimneyCap_LOD0 top=(-19.730013, 3.9641316, 15.965501)
act1-terrain-room-cut: room=/root/Act1Len01FamilyFlowSmokeTest/Act1Demo/Main/ZoneHost/Act1ConnectedWorld/babay-abi-house half=(4, 3.5) affectedTriangles=48 clippedVertices=49980 publishedVertices=49980 physicsVertices=49980 visualAndPhysics=shared-published-faces
act1-apron-room-cut: mesh=/root/Act1Len01FamilyFlowSmokeTest/Act1Demo/Main/ZoneHost/Act1ConnectedWorld/Act1CoreWorldGreybox/AgentBExteriorWorld/AgentB_TerrainRoadKit/URMAN_AgentB_TerrainRoadKit/Apron_BabaiYard affectedTriangles=11 clippedVertices=123 surfaces=1 collision=existing-terrain-owner
act1-south-fence-house-junction: wallX=-33.5880 retainedMembers=13 retiredPostsAndCaps=10 supportedWestWing=2.4920m
act1-drain-bank-conform: mesh=/root/Act1Len01FamilyFlowSmokeTest/Act1Demo/Main/ZoneHost/Act1ConnectedWorld/Act1CoreWorldGreybox/AgentBExteriorWorld/AgentB_TerrainRoadKit/URMAN_AgentB_TerrainRoadKit/BabaiYard_EastFenceSwale originalTriangles=78 affectedTriangles=35 outputTriangles=3543 groundOwner=unchanged
act1-mosque-terrain-cut: affectedTriangles=70 publishedVertices=49980 physicsVertices=49980 sameOwner=true
act1-school-bank-cut: mesh=/root/Act1Len01FamilyFlowSmokeTest/Act1Demo/Main/ZoneHost/Act1ConnectedWorld/Act1CoreWorldGreybox/AgentBExteriorWorld/AgentB_TerrainRoadKit/URMAN_AgentB_TerrainRoadKit/Ditch_FieldBank_EastZirat room=/root/Act1Len01FamilyFlowSmokeTest/Act1Demo/Main/ZoneHost/Act1ConnectedWorld/Act1CoreWorldGreybox/Act1AuthoredExteriorKitPresentation/DistantPerimeterParcels/EastReturnMidParcel/EastReturnMidFacade/PublicInterior_school/MainRoom half=(2.5154998, 2.3804996) affectedTriangles=20 clippedVertices=486 publishedVertices=486 floorY=-0.0049708784 collision=unchanged-existing-terrain-and-timber-floor
act1-council-fence-format: source=urman_village_exterior_kit_Cube_040 vertices=96 normals=96 uv=96 tangents=384 colors=0 uv2=0 lods=0 sourceFormat=536875031 publishedFormat=4119
act1-council-fence-format: source=urman_village_exterior_kit_FenceSegment_RailMiddle_Crooked_LOD0Mesh vertices=48 normals=48 uv=0 tangents=192 colors=0 uv2=0 lods=0 sourceFormat=536875015 publishedFormat=4103
act1-council-fence-format: source=urman_village_exterior_kit_Cube_039 vertices=96 normals=96 uv=96 tangents=384 colors=0 uv2=0 lods=0 sourceFormat=536875031 publishedFormat=4119
act1-council-fence-junction: fence=/root/Act1Len01FamilyFlowSmokeTest/Act1Demo/Main/ZoneHost/Act1ConnectedWorld/Act1CoreWorldGreybox/Act1AuthoredExteriorKitPresentation/DistantPerimeterParcels/EastStreetHorizonParcel/EastStreetHorizonFence wall=/root/Act1Len01FamilyFlowSmokeTest/Act1Demo/Main/ZoneHost/Act1ConnectedWorld/Act1CoreWorldGreybox/Act1AuthoredExteriorKitPresentation/DistantPerimeterParcels/EastStreetHorizonParcel/EastStreetHorizonFacade/VillageParcel_VariantA_TimberGable_Dwelling/VariantA_TimberGable_Dwelling_SeniRear_Wall_LOD0 localCutZ=-4.4 hiddenMembers=4 trimmedRails=3 retainedMembers=8 sourceAsset=unchanged
act1-roadside-grounding: independent contact meshes=34; source meshes and usable footbridge preserved
act1-kit-blockers: placements=100 shapes=1707 carved_door_slabs=237 flat_slab_skipped=2469 exact_architecture_surfaces=911 hidden_skipped=7 road_clearance_skipped=0
act1-dwelling-threshold: placements=83 worst_analytic_vs_collision_delta=0.028m worst_placement=ArrivalForwardEastShed
act1-building-supports: supported foundations=137; maximum ground drop=1.136m; level entrances preserved
act1-council-fence-contacts: retainedSourceContacts=0 hiddenMemberContacts=0 newBodyOwners=0
zone-loaded: village_day@arrival connected-world=109169348529
УРМАН Godot vertical slice ready: Painterly Low-Poly / first person
act1-smoke: background input replay; focus-loss pause isolated from this test scene
act1-window-surrounds: painted=1020
act1-legacy-sign: suppressed=1
zone-loaded: village_day@arrival connected-world=109169348529
SaveGameV3 new game session started; existing slots untouched.
arrival-intro-ui: requested=1280x720 actual=(1280, 720) textScale=1.6; source hint and panel bounds
arrival-intro-ui: requested=1920x1080 actual=(1920, 1080) textScale=1; source hint and panel bounds
act1-intro: confirmed with E
WARNING: Interaction urman.chapter1:interaction/arrival-enter-house rejected: ContentConditionRejected Content conditions rejected this action.
     at: void Urman.Godot.RuntimeBridge+<DispatchCompiledInteractionAsync>d__129.MoveNext() (res://scripts/RuntimeBridge.cs:1126)
     C# backtrace (most recent call first):
         [0] void Godot.GD.PushWarning(string) (/root/godot/modules/mono/glue/GodotSharp/GodotSharp/Core/GD.cs:396)
         [1] void Urman.Godot.RuntimeBridge+<DispatchCompiledInteractionAsync>d__129.MoveNext() (/Users/unterlantas/Documents/GitHub/URMAN/game/scripts/RuntimeBridge.cs:1126)
         [2] void System.Runtime.CompilerServices.AsyncMethodBuilderCore.Start<TStateMachine>(TStateMachine&)
         [3] void System.Runtime.CompilerServices.AsyncTaskMethodBuilder`1.Start<TStateMachine>(TStateMachine&)
         [4] System.Threading.Tasks.Task`1[System.Boolean] Urman.Godot.RuntimeBridge.DispatchCompiledInteractionAsync(Urman.Godot.CompiledInteractionContent)
         [5] void Urman.Godot.RuntimeBridge+<DispatchInteractionAsync>d__91.MoveNext() (/Users/unterlantas/Documents/GitHub/URMAN/game/scripts/RuntimeBridge.cs:521)
         [6] void System.Runtime.CompilerServices.AsyncMethodBuilderCore.Start<TStateMachine>(TStateMachine&)
         [7] void System.Runtime.CompilerServices.AsyncTaskMethodBuilder`1.Start<TStateMachine>(TStateMachine&)
         [8] System.Threading.Tasks.Task`1[System.Boolean] Urman.Godot.RuntimeBridge.DispatchInteractionAsync(string)
         [9] void Urman.Godot.Tests.Act1ArrivalFlowProof+<CompleteAsync>d__1.MoveNext() (/Users/unterlantas/Documents/GitHub/URMAN/game/tests/Act1Len01FamilyFlowSmokeTest.cs:1509)
         [10] void System.Runtime.CompilerServices.AsyncMethodBuilderCore.Start<TStateMachine>(TStateMachine&)
         [11] System.Threading.Tasks.Task Urman.Godot.Tests.Act1ArrivalFlowProof.CompleteAsync(Godot.Node, Urman.Godot.RuntimeBridge, string, bool)
         [12] void Urman.Godot.Tests.Act1Len01FamilyFlowSmokeTest+<_Ready>d__13.MoveNext() (/Users/unterlantas/Documents/GitHub/URMAN/game/tests/Act1Len01FamilyFlowSmokeTest.cs:53)
         [13] void System.Threading.ExecutionContext.RunInternal(System.Threading.ExecutionContext, System.Threading.ContextCallback, object)
         [14] void System.Runtime.CompilerServices.AsyncTaskMethodBuilder`1+AsyncStateMachineBox`1.MoveNext()
         [15] void System.Threading.Tasks.AwaitTaskContinuation.RunCallback(System.Threading.ContextCallback, object, System.Threading.Tasks.Task&)
         [16] void System.Threading.Tasks.Task.RunContinuations(object)
         [17] bool System.Threading.Tasks.Task`1.TrySetResult(TResult)
         [18] void System.Runtime.CompilerServices.AsyncTaskMethodBuilder`1.SetExistingTaskResult(System.Threading.Tasks.Task`1[TResult], TResult)
         [19] void Urman.Godot.Tests.Act1Len01FamilyFlowSmokeTest+<Frames>d__49.MoveNext() (/Users/unterlantas/Documents/GitHub/URMAN/game/tests/Act1Len01FamilyFlowSmokeTest.cs:1225)
         [20] void System.Threading.ExecutionContext.RunInternal(System.Threading.ExecutionContext, System.Threading.ContextCallback, object)
         [21] void System.Runtime.CompilerServices.AsyncTaskMethodBuilder`1+AsyncStateMachineBox`1.MoveNext()
         [22] void Godot.SignalAwaiter.SignalCallback(nint, Godot.NativeInterop.godot_variant**, int, Godot.NativeInterop.godot_bool*) (/root/godot/modules/mono/glue/GodotSharp/GodotSharp/Core/SignalAwaiter.cs:65)
SaveGameV3 written to /Users/unterlantas/Library/Application Support/Godot/app_userdata/URMAN/savegames/len01-arrival-message-only.savegame-v3.json
zone-loaded: village_day@arrival connected-world=109169348529
SaveGameV3 restored.
document-image-ui: area len01_arrival_photo_paper 1280x720 canvas=(869.3334, 369.33334) fit=(369.33334, 369.33334) logicalCanvas=(1304, 554) logicalFit=(554, 554) rootLogical=(1920, 1080) contentBase=(1920, 1080) contentFactor=1 rootVisible=(1920, 1080) window=(1280, 720) captured=not-run pixelSource=window pixelScale=(0.6666667, 0.6666667)
document-image-ui: area len01_arrival_photo_paper 1920x1080 canvas=(788, 585) fit=(585, 585) logicalCanvas=(788, 585) logicalFit=(585, 585) rootLogical=(1920, 1080) contentBase=(1920, 1080) contentFactor=1 rootVisible=(1920, 1080) window=(1920, 1080) captured=not-run pixelSource=window pixelScale=(1, 1)
document-image-ui: PASS len01_arrival_photo_paper actual=urman.chapter1:asset/photo-marat-childhood 720p-large/1080p fit/zoom/pan/text, no knowledge mutation
document-image-ui: area len01_arrival_photo_journal 1280x720 canvas=(740, 297.33334) fit=(297.33334, 297.33334) logicalCanvas=(1110, 446) logicalFit=(446, 446) rootLogical=(1920, 1080) contentBase=(1920, 1080) contentFactor=1 rootVisible=(1920, 1080) window=(1280, 720) captured=not-run pixelSource=window pixelScale=(0.6666667, 0.6666667)
document-image-ui: area len01_arrival_photo_journal 1920x1080 canvas=(774, 535) fit=(535, 535) logicalCanvas=(774, 535) logicalFit=(535, 535) rootLogical=(1920, 1080) contentBase=(1920, 1080) contentFactor=1 rootVisible=(1920, 1080) window=(1920, 1080) captured=not-run pixelSource=window pixelScale=(1, 1)
document-image-ui: PASS len01_arrival_photo_journal actual=urman.chapter1:asset/photo-marat-childhood 720p-large/1080p fit/zoom/pan/text, no knowledge mutation
SaveGameV3 written to /Users/unterlantas/Library/Application Support/Godot/app_userdata/URMAN/savegames/len01-arrival-before-reply.savegame-v3.json
zone-loaded: village_day@arrival connected-world=109169348529
SaveGameV3 restored.
SaveGameV3 written to /Users/unterlantas/Library/Application Support/Godot/app_userdata/URMAN/savegames/len01-arrival-reply-abandoned.savegame-v3.json
zone-loaded: village_day@arrival connected-world=109169348529
SaveGameV3 restored.
SaveGameV3 written to /Users/unterlantas/Library/Application Support/Godot/app_userdata/URMAN/savegames/len01-arrival-completed.savegame-v3.json
zone-loaded: village_day@arrival connected-world=109169348529
SaveGameV3 restored.
arrival-flow: source UI, remembered phrase, distinct help-babai, explicit house continuation
state-final-render-sync-begin: label=alsu-walk/alsu_invitation tick=37581 drawn=293 process=293 physics=516 windowVisible=True focus=True mode=Windowed renderLoop=True
state-final-render-sync-end: label=alsu-walk/alsu_invitation milliseconds=40 forcedScreenshotRender=False
alsu-walk-capture: /Users/unterlantas/Documents/GitHub/URMAN/docs/production/act1_takeover_evidence_2026-09-16/images-alsu-walk-08/alsu_invitation.png
SaveGameV3 written to /Users/unterlantas/Library/Application Support/Godot/app_userdata/URMAN/savegames/len01-alsu-walk-deferred.savegame-v3.json
zone-loaded: village_day@arrival connected-world=109169348529
SaveGameV3 restored.
state-final-render-sync-begin: label=alsu-walk/alsu_actual_supported_step tick=39050 drawn=343 process=343 physics=602 windowVisible=True focus=True mode=Windowed renderLoop=True
state-final-render-sync-end: label=alsu-walk/alsu_actual_supported_step milliseconds=23 forcedScreenshotRender=False
alsu-walk-capture: /Users/unterlantas/Documents/GitHub/URMAN/docs/production/act1_takeover_evidence_2026-09-16/images-alsu-walk-08/alsu_actual_supported_step.png
SaveGameV3 written to /Users/unterlantas/Library/Application Support/Godot/app_userdata/URMAN/savegames/len01-alsu-midsegment.savegame-v3.json
zone-loaded: village_day@arrival connected-world=109169348529
SaveGameV3 restored.
state-final-render-sync-begin: label=alsu-walk/alsu_midsegment_restored tick=41211 drawn=426 process=426 physics=730 windowVisible=True focus=True mode=Windowed renderLoop=True
state-final-render-sync-end: label=alsu-walk/alsu_midsegment_restored milliseconds=27 forcedScreenshotRender=False
alsu-walk-capture: /Users/unterlantas/Documents/GitHub/URMAN/docs/production/act1_takeover_evidence_2026-09-16/images-alsu-walk-08/alsu_midsegment_restored.png
zone-loaded: village_day@arrival connected-world=109169348529
ERROR: SaveGameV3 load failed: Alsu's saved travel is not on its actually walked segment.
   at: void Urman.Godot.RuntimeBridge+<LoadFromStoreAsync>d__81.MoveNext() (res://scripts/RuntimeBridge.cs:385)
   C# backtrace (most recent call first):
       [0] void Godot.GD.PushError(string) (/root/godot/modules/mono/glue/GodotSharp/GodotSharp/Core/GD.cs:366)
       [1] void Urman.Godot.RuntimeBridge+<LoadFromStoreAsync>d__81.MoveNext() (/Users/unterlantas/Documents/GitHub/URMAN/game/scripts/RuntimeBridge.cs:385)
       [2] void System.Threading.ExecutionContext.RunInternal(System.Threading.ExecutionContext, System.Threading.ContextCallback, object)
       [3] void System.Runtime.CompilerServices.AsyncTaskMethodBuilder`1+AsyncStateMachineBox`1.MoveNext()
       [4] void System.Threading.Tasks.AwaitTaskContinuation.RunCallback(System.Threading.ContextCallback, object, System.Threading.Tasks.Task&)
       [5] void System.Threading.Tasks.Task.RunContinuations(object)
       [6] bool System.Threading.Tasks.Task`1.TrySetResult(TResult)
       [7] void System.Runtime.CompilerServices.AsyncTaskMethodBuilder`1.SetExistingTaskResult(System.Threading.Tasks.Task`1[TResult], TResult)
       [8] void Urman.Core.Persistence.AtomicSaveGameStore+<LoadAsync>d__4.MoveNext() (/Users/unterlantas/Documents/GitHub/URMAN/src-dotnet/Urman.Core/Persistence/AtomicSaveGameStore.cs:85)
       [9] void System.Runtime.CompilerServices.AsyncTaskMethodBuilder`1+AsyncStateMachineBox`1.ExecutionContextCallback(object)
       [10] void System.Threading.ExecutionContext.RunInternal(System.Threading.ExecutionContext, System.Threading.ContextCallback, object)
       [11] void System.Runtime.CompilerServices.AsyncTaskMethodBuilder`1+AsyncStateMachineBox`1.MoveNext(System.Threading.Thread)
       [12] void Godot.GodotSynchronizationContext.ExecutePendingContinuations() (/root/godot/modules/mono/glue/GodotSharp/GodotSharp/Core/GodotSynchronizationContext.cs:51)
       [13] void Godot.GodotTaskScheduler.Activate() (/root/godot/modules/mono/glue/GodotSharp/GodotSharp/Core/GodotTaskScheduler.cs:76)
       [14] void Godot.Bridge.ScriptManagerBridge.FrameCallback() (/root/godot/modules/mono/glue/GodotSharp/GodotSharp/Core/Bridge/ScriptManagerBridge.cs:84)
zone-loaded: village_day@arrival connected-world=109169348529
SaveGameV3 rejected the loaded placement; the previous session was restored.
state-final-render-sync-begin: label=alsu-walk/alsu_invalid_pose_rollback tick=41533 drawn=427 process=427 physics=734 windowVisible=True focus=True mode=Windowed renderLoop=True
state-final-render-sync-end: label=alsu-walk/alsu_invalid_pose_rollback milliseconds=55 forcedScreenshotRender=False
alsu-walk-capture: /Users/unterlantas/Documents/GitHub/URMAN/docs/production/act1_takeover_evidence_2026-09-16/images-alsu-walk-08/alsu_invalid_pose_rollback.png
zone-loaded: village_day@arrival connected-world=109169348529
alsu-physical-contact: {"query":"projection","motion":"(0, 0, 0)","recoveryAsCollision":true,"actorTransform":"[X: (-0.9991051, 0, 0.04221568), Y: (0, 1, 0), Z: (-0.04221568, 0, -0.9991051), O: (0.85, -0.28935206, 2.05)]","bodyTransform":"[X: (-0.9991051, 0, 0.04221568), Y: (0, 1, 0), Z: (-0.04221568, 0, -0.9991051), O: (0.85, -0.28935206, 2.05)]","bodyPhysicsTransform":"[X: (-0.9991051, 0, 0.04221568), Y: (0, 1, 0), Z: (-0.04221568, 0, -0.9991051), O: (0.85, -0.28935206, 2.05)]","capsuleTransform":"[X: (-0.9991051, 0, 0.04221568), Y: (0, 1, 0), Z: (-0.04221568, 0, -0.9991051), O: (0.85, 0.56064796, 2.05)]","capsuleLocal":"[X: (1, 0, 0), Y: (0, 1, 0), Z: (0, 0, 1), O: (0, 0.85, 0)]","radius":0.28,"height":1.7,"contacts":[{"owner":"/root/Act1Len01FamilyFlowSmokeTest/Act1Demo/Main/Player","colliderTransform":"[X: (0.99908483, 0, -0.042675484), Y: (0, 1, 0), Z: (0.042675484, 0, 0.99908483), O: (0.7960519, -0.28591955, 2.3219373)]","colliderPhysicsTransform":"[X: (0.99908483, 0, -0.042675484), Y: (0, 1, 0), Z: (0.042675484, 0, 0.99908483), O: (0.7960519, -0.28591955, 2.3219373)]","shape":"/root/Act1Len01FamilyFlowSmokeTest/Act1Demo/Main/Player/CollisionShape3D","shapeTransform":"[X: (0.99908483, 0, -0.042675484), Y: (0, 1, 0), Z: (0.042675484, 0, 0.99908483), O: (0.7960519, 0.25408047, 2.3219373)]","shapeSize":null,"point":"(0.864171, 0.44408047, 1.9786319)","normal":"(0.19462681, -5.0934624E-08, -0.9808774)"}]}
ERROR: SaveGameV3 load failed: Alsu's saved physical body intersects an obstacle or the loaded player.
   at: void Urman.Godot.RuntimeBridge+<LoadFromStoreAsync>d__81.MoveNext() (res://scripts/RuntimeBridge.cs:385)
   C# backtrace (most recent call first):
       [0] void Godot.GD.PushError(string) (/root/godot/modules/mono/glue/GodotSharp/GodotSharp/Core/GD.cs:366)
       [1] void Urman.Godot.RuntimeBridge+<LoadFromStoreAsync>d__81.MoveNext() (/Users/unterlantas/Documents/GitHub/URMAN/game/scripts/RuntimeBridge.cs:385)
       [2] void System.Threading.ExecutionContext.RunInternal(System.Threading.ExecutionContext, System.Threading.ContextCallback, object)
       [3] void System.Runtime.CompilerServices.AsyncTaskMethodBuilder`1+AsyncStateMachineBox`1.MoveNext()
       [4] void System.Threading.Tasks.AwaitTaskContinuation.RunCallback(System.Threading.ContextCallback, object, System.Threading.Tasks.Task&)
       [5] void System.Threading.Tasks.Task.RunContinuations(object)
       [6] void System.Threading.Tasks.Task.FinishSlow(bool)
       [7] bool System.Threading.Tasks.Task.TrySetException(object)
       [8] void System.Runtime.CompilerServices.AsyncTaskMethodBuilder`1.SetException(System.Exception, System.Threading.Tasks.Task`1[TResult]&)
       [9] void Urman.Godot.RuntimeBridge+<RestoreLoadedWorldAsync>d__82.MoveNext() (/Users/unterlantas/Documents/GitHub/URMAN/game/scripts/RuntimeBridge.cs:445)
       [10] void System.Threading.ExecutionContext.RunInternal(System.Threading.ExecutionContext, System.Threading.ContextCallback, object)
       [11] void System.Threading.Tasks.AwaitTaskContinuation.RunCallback(System.Threading.ContextCallback, object, System.Threading.Tasks.Task&)
       [12] void System.Threading.Tasks.Task.RunContinuations(object)
       [13] void System.Threading.Tasks.Task.FinishSlow(bool)
       [14] bool System.Threading.Tasks.Task.TrySetException(object)
       [15] void System.Runtime.CompilerServices.AsyncTaskMethodBuilder`1.SetException(System.Exception, System.Threading.Tasks.Task`1[TResult]&)
       [16] void Urman.Godot.RuntimeBridge+<ProjectPhysicalWorldAsync>d__83.MoveNext() (/Users/unterlantas/Documents/GitHub/URMAN/game/scripts/RuntimeBridge.cs:464)
       [17] void System.Threading.ExecutionContext.RunInternal(System.Threading.ExecutionContext, System.Threading.ContextCallback, object)
       [18] void System.Threading.Tasks.AwaitTaskContinuation.RunCallback(System.Threading.ContextCallback, object, System.Threading.Tasks.Task&)
       [19] void System.Threading.Tasks.Task.RunContinuations(object)
       [20] bool System.Threading.Tasks.Task`1.TrySetResult(TResult)
       [21] void System.Runtime.CompilerServices.AsyncTaskMethodBuilder`1.SetExistingTaskResult(System.Threading.Tasks.Task`1[TResult], TResult)
       [22] void Urman.Godot.VehicleFleet+<CompleteLoadedProjectionAsync>d__44.MoveNext() (/Users/unterlantas/Documents/GitHub/URMAN/game/scripts/VehicleFleet.cs:239)
       [23] void System.Threading.ExecutionContext.RunInternal(System.Threading.ExecutionContext, System.Threading.ContextCallback, object)
       [24] void System.Runtime.CompilerServices.AsyncTaskMethodBuilder`1+AsyncStateMachineBox`1.MoveNext()
       [25] void Godot.SignalAwaiter.SignalCallback(nint, Godot.NativeInterop.godot_variant**, int, Godot.NativeInterop.godot_bool*) (/root/godot/modules/mono/glue/GodotSharp/GodotSharp/Core/SignalAwaiter.cs:65)
zone-loaded: village_day@arrival connected-world=109169348529
SaveGameV3 rejected the loaded placement; the previous session was restored.
state-final-render-sync-begin: label=alsu-walk/alsu_overlap_pose_rollback tick=41943 drawn=429 process=429 physics=752 windowVisible=True focus=True mode=Windowed renderLoop=True
state-final-render-sync-end: label=alsu-walk/alsu_overlap_pose_rollback milliseconds=39 forcedScreenshotRender=False
alsu-walk-capture: /Users/unterlantas/Documents/GitHub/URMAN/docs/production/act1_takeover_evidence_2026-09-16/images-alsu-walk-08/alsu_overlap_pose_rollback.png
zone-loaded: house_old_pc@entry connected-world=109169348529
SaveGameV3 written to /Users/unterlantas/Library/Application Support/Godot/app_userdata/URMAN/savegames/len01-alsu-midsegment-house.savegame-v3.json
zone-loaded: house_old_pc@entry connected-world=109169348529
SaveGameV3 restored.
state-final-render-sync-begin: label=alsu-walk/alsu_midsegment_loaded_inside_house tick=42321 drawn=432 process=432 physics=768 windowVisible=True focus=True mode=Windowed renderLoop=True
state-final-render-sync-end: label=alsu-walk/alsu_midsegment_loaded_inside_house milliseconds=14 forcedScreenshotRender=False
alsu-walk-capture: /Users/unterlantas/Documents/GitHub/URMAN/docs/production/act1_takeover_evidence_2026-09-16/images-alsu-walk-08/alsu_midsegment_loaded_inside_house.png
zone-loaded: village_day@from_house connected-world=109169348529
alsu-exterior-return: {"phase":"immediate","waitedPhysicsFrames":0,"expected":"(0.7801275, -0.29909888, 0.396352)","poseDelta":0,"requested":false,"bodyLayer":0,"targetLayer":0,"targetAvailable":false,"eligibility":{"runtimeRequested":false,"localRequested":false,"arrived":false,"checkpoint":0,"pendingCheckpoint":0,"stepping":false,"saving":false,"committing":false,"physicalPending":true,"PhysicalPlacementFailure":null,"PhysicalAccessReady":false,"exterior":true,"presentationZone":"village_day","zone":"village_day","modal":false,"vehicle":false,"sessionMatchesLive":true,"sessionMatchesProjection":true,"physicsFrame":769,"validationAfterPhysicsFrame":771,"fleetPending":true,"actor":"(0.7801275, -0.29909888, 0.396352)","player":"(-26.158367, 0.35846362, -1.2426405)","walkedMetres":1.6551235,"blocked":"none"}}
alsu-exterior-return: {"phase":"frame3","waitedPhysicsFrames":3,"expected":"(0.7801275, -0.29909888, 0.396352)","poseDelta":0,"requested":false,"bodyLayer":0,"targetLayer":0,"targetAvailable":false,"eligibility":{"runtimeRequested":false,"localRequested":false,"arrived":false,"checkpoint":0,"pendingCheckpoint":0,"stepping":false,"saving":false,"committing":false,"physicalPending":true,"PhysicalPlacementFailure":null,"PhysicalAccessReady":false,"exterior":true,"presentationZone":"village_day","zone":"village_day","modal":false,"vehicle":false,"sessionMatchesLive":true,"sessionMatchesProjection":true,"physicsFrame":772,"validationAfterPhysicsFrame":771,"fleetPending":false,"actor":"(0.7801275, -0.29909888, 0.396352)","player":"(-26.158367, 0.30990893, -1.2426405)","walkedMetres":1.6551235,"blocked":"none"}}
alsu-exterior-return: {"phase":"complete","waitedPhysicsFrames":4,"expected":"(0.7801275, -0.29909888, 0.396352)","poseDelta":0,"requested":false,"bodyLayer":1,"targetLayer":4,"targetAvailable":true,"eligibility":{"runtimeRequested":false,"localRequested":false,"arrived":false,"checkpoint":0,"pendingCheckpoint":0,"stepping":false,"saving":false,"committing":false,"physicalPending":false,"PhysicalPlacementFailure":null,"PhysicalAccessReady":true,"exterior":true,"presentationZone":"village_day","zone":"village_day","modal":false,"vehicle":false,"sessionMatchesLive":true,"sessionMatchesProjection":true,"physicsFrame":773,"validationAfterPhysicsFrame":771,"fleetPending":false,"actor":"(0.7801275, -0.29909888, 0.396352)","player":"(-26.158367, 0.30990893, -1.2426405)","walkedMetres":1.6551235,"blocked":"none"}}
alsu-walk-proof: actual partial walk -> declared existing house boundary -> indoor save/load -> actual exterior support/body validation; door traversal=separate-check
alsu-yard-turn: {"goal":"(-26.05, 0.34114826, 2.2)","standingClear":true,"standingPurpose":"yard-turn","bodyRadius":0.35,"support":"/root/Act1Len01FamilyFlowSmokeTest/Act1Demo/Main/ZoneHost/Act1ConnectedWorld/Act1CoreWorldGreybox/AgentBExteriorWorld/AgentB_TerrainCollision","chassisOwner":null,"chassisTransform":null,"chassisSize":null,"playerMoved":false,"revision":26}
alsu-player-walk: {"phase":"standing-yard-turn-reached","leg":6,"elapsedFrames":65,"stalledFrames":1,"start":"(-26.060734, 0.29497734, 0.057208724)","goal":"(-26.05, 0.34114826, 2.2)","feet":"(-26.05118, 0.32305706, 2.0536797)","velocity":"(0, 0, 0)","remaining":0.1463251,"onFloor":true,"crouching":false,"modal":false,"zone":"village_day","input":"(0, 0)","revisionBefore":26,"revisionNow":26,"lastStepRejection":"","stepsClimbed":0,"recentSlideContacts":[],"probeMotion":"(0.00045722464, 0, 0.056664832)","blocked":true,"sweepContacts":[{"owner":"/root/Act1Len01FamilyFlowSmokeTest/Act1Demo/Main/ZoneHost/Act1ConnectedWorld/Act1CoreWorldGreybox/AgentBExteriorWorld/AgentB_TerrainCollision","shape":"/root/Act1Len01FamilyFlowSmokeTest/Act1Demo/Main/ZoneHost/Act1ConnectedWorld/Act1CoreWorldGreybox/AgentBExteriorWorld/AgentB_TerrainCollision/AgentB_TerrainFaces","normal":"(-0.037933104, 0.99699736, -0.067507796)","point":"(-26.037794, 0.32424107, 2.0911324)"}]}
state-final-render-sync-begin: label=alsu-walk/alsu_yard_turn_clear_06 tick=44556 drawn=651 process=651 physics=895 windowVisible=True focus=True mode=Windowed renderLoop=True
state-final-render-sync-end: label=alsu-walk/alsu_yard_turn_clear_06 milliseconds=8 forcedScreenshotRender=False
alsu-walk-capture: /Users/unterlantas/Documents/GitHub/URMAN/docs/production/act1_takeover_evidence_2026-09-16/images-alsu-walk-08/alsu_yard_turn_clear_06.png
alsu-niva-bypass: {"goal":"(-0.1, -0.27012336, -2.8)","standingClear":true,"standingPurpose":"niva-bypass","bodyRadius":0.35,"support":"/root/Act1Len01FamilyFlowSmokeTest/Act1Demo/Main/ZoneHost/Act1ConnectedWorld/Act1CoreWorldGreybox/AgentBExteriorWorld/AgentB_TerrainCollision","chassisOwner":"/root/Act1Len01FamilyFlowSmokeTest/Act1Demo/Main/ZoneHost/Act1ConnectedWorld/VillageVehicles/babay-niva/ChassisCollision","chassisTransform":"[X: (1, 0, 0), Y: (0, 1, 0), Z: (0, 0, 1), O: (-1.65, 0.63264996, 1.025)]","chassisSize":"(1.82, 1.72, 4.2)","playerMoved":false,"revision":26}
alsu-player-walk: {"phase":"standing-niva-bypass-reached","leg":12,"elapsedFrames":88,"stalledFrames":2,"start":"(-3.64697, -0.2564923, -2.820509)","goal":"(-0.1, -0.27012336, -2.8)","feet":"(-0.24693923, -0.27812818, -2.8008432)","velocity":"(0, 0, 0)","remaining":0.14694165,"onFloor":true,"crouching":false,"modal":false,"zone":"village_day","input":"(0, 0)","revisionBefore":26,"revisionNow":26,"lastStepRejection":"","stepsClimbed":0,"recentSlideContacts":[],"probeMotion":"(0.056665737, 0, 0.00032520553)","blocked":false,"sweepContacts":[]}
state-final-render-sync-begin: label=alsu-walk/alsu_niva_bypass_clear_12 tick=55743 drawn=1562 process=1562 physics=1566 windowVisible=True focus=True mode=Windowed renderLoop=True
state-final-render-sync-end: label=alsu-walk/alsu_niva_bypass_clear_12 milliseconds=9 forcedScreenshotRender=False
alsu-walk-capture: /Users/unterlantas/Documents/GitHub/URMAN/docs/production/act1_takeover_evidence_2026-09-16/images-alsu-walk-08/alsu_niva_bypass_clear_12.png
alsu-niva-bypass: {"goal":"(-0.1, -0.29960537, 3.7)","standingClear":true,"standingPurpose":"niva-bypass","bodyRadius":0.35,"support":"/root/Act1Len01FamilyFlowSmokeTest/Act1Demo/Main/ZoneHost/Act1ConnectedWorld/Act1CoreWorldGreybox/AgentBExteriorWorld/AgentB_TerrainCollision","chassisOwner":"/root/Act1Len01FamilyFlowSmokeTest/Act1Demo/Main/ZoneHost/Act1ConnectedWorld/VillageVehicles/babay-niva/ChassisCollision","chassisTransform":"[X: (1, 0, 0), Y: (0, 1, 0), Z: (0, 0, 1), O: (-1.65, 0.63264996, 1.025)]","chassisSize":"(1.82, 1.72, 4.2)","playerMoved":false,"revision":26}
alsu-player-walk: {"phase":"standing-niva-bypass-reached","leg":13,"elapsedFrames":142,"stalledFrames":0,"start":"(-0.24693923, -0.27812818, -2.8008432)","goal":"(-0.1, -0.29960537, 3.7)","feet":"(-0.10327424, -0.3064163, 3.550723)","velocity":"(0, 0, 0)","remaining":0.14931288,"onFloor":true,"crouching":false,"modal":false,"zone":"village_day","input":"(0, 0)","revisionBefore":26,"revisionNow":26,"lastStepRejection":"","stepsClimbed":0,"recentSlideContacts":[],"probeMotion":"(0.0012426273, 0, 0.05665304)","blocked":false,"sweepContacts":[]}
state-final-render-sync-begin: label=alsu-walk/alsu_niva_bypass_clear_13 tick=58183 drawn=1819 process=1819 physics=1711 windowVisible=True focus=True mode=Windowed renderLoop=True
state-final-render-sync-end: label=alsu-walk/alsu_niva_bypass_clear_13 milliseconds=8 forcedScreenshotRender=False
alsu-walk-capture: /Users/unterlantas/Documents/GitHub/URMAN/docs/production/act1_takeover_evidence_2026-09-16/images-alsu-walk-08/alsu_niva_bypass_clear_13.png
SaveGameV3 written to /Users/unterlantas/Library/Application Support/Godot/app_userdata/URMAN/savegames/checkpoint.savegame-v3.json
state-final-render-sync-begin: label=alsu-walk/alsu_waiting_after_departure tick=65324 drawn=2369 process=2369 physics=2140 windowVisible=True focus=True mode=Windowed renderLoop=True
state-final-render-sync-end: label=alsu-walk/alsu_waiting_after_departure milliseconds=9 forcedScreenshotRender=False
alsu-walk-capture: /Users/unterlantas/Documents/GitHub/URMAN/docs/production/act1_takeover_evidence_2026-09-16/images-alsu-walk-08/alsu_waiting_after_departure.png
SaveGameV3 written to /Users/unterlantas/Library/Application Support/Godot/app_userdata/URMAN/savegames/len01-alsu-walk-partial.savegame-v3.json
zone-loaded: village_day@from_house connected-world=109169348529
SaveGameV3 restored.
state-final-render-sync-begin: label=alsu-walk/alsu_return_after_load tick=68028 drawn=2500 process=2500 physics=2301 windowVisible=True focus=True mode=Windowed renderLoop=True
state-final-render-sync-end: label=alsu-walk/alsu_return_after_load milliseconds=22 forcedScreenshotRender=False
alsu-walk-capture: /Users/unterlantas/Documents/GitHub/URMAN/docs/production/act1_takeover_evidence_2026-09-16/images-alsu-walk-08/alsu_return_after_load.png
SaveGameV3 written to /Users/unterlantas/Library/Application Support/Godot/app_userdata/URMAN/savegames/checkpoint.savegame-v3.json
SaveGameV3 written to /Users/unterlantas/Library/Application Support/Godot/app_userdata/URMAN/savegames/checkpoint.savegame-v3.json
state-final-render-sync-begin: label=alsu-walk/alsu_at_existing_turn tick=77142 drawn=2986 process=2986 physics=2846 windowVisible=True focus=True mode=Windowed renderLoop=True
state-final-render-sync-end: label=alsu-walk/alsu_at_existing_turn milliseconds=22 forcedScreenshotRender=False
alsu-walk-capture: /Users/unterlantas/Documents/GitHub/URMAN/docs/production/act1_takeover_evidence_2026-09-16/images-alsu-walk-08/alsu_at_existing_turn.png
SaveGameV3 written to /Users/unterlantas/Library/Application Support/Godot/app_userdata/URMAN/savegames/len01-alsu-walk-arrived.savegame-v3.json
zone-loaded: village_day@from_house connected-world=109169348529
SaveGameV3 restored.
alsu-walk-proof: requested, physical input, one actor/body/ray, checkpoint=3; return=True; no account until manual question; human-duration=not-run
SaveGameV3 written to /Users/unterlantas/Library/Application Support/Godot/app_userdata/URMAN/savegames/len01-early-directions.savegame-v3.json
zone-loaded: village_day@from_house connected-world=109169348529
SaveGameV3 restored.
len01-early-address: real conversation before notice; hearsay has no unread wording; repeat and load retain one address; main comparison remains required
act1-alsu-walk-only: normal arrival sources; actual companion walk/refusal/return/load; explicit sourced account/address; no first-human-duration claim.
userdata guard: original files and permissions restored and verified
