Godot Engine v4.7.1.stable.mono.official.a13da4feb - https://godotengine.org
Metal 4.0 - Forward+ - Using Device #0: Apple - Apple M4 Pro (Apple9)

act1-river: ice_slabs=31 blockers=29 road_gap_samples=2 bridge=broken@(15,-85)
village-chimney: /root/Act1CarryInteractionSmokeTest/Act1Demo/Main/ZoneHost/Act1ConnectedWorld/Act1CoreWorldGreybox/Act1AuthoredExteriorKitPresentation/ArrivalAuthoredParcels/ArrivalForwardWestFacade/DwellingFacade_TimberPlaster/DwellingFacade_ChimneyCap_LOD0 top=(-10.2875, 4.7722464, 2.3450005)
village-chimney: /root/Act1CarryInteractionSmokeTest/Act1Demo/Main/ZoneHost/Act1ConnectedWorld/Act1CoreWorldGreybox/Act1AuthoredExteriorKitPresentation/DistantPerimeterParcels/WestArrivalNearParcel/WestArrivalNearFacade/DwellingFacade_TimberPlaster/DwellingFacade_ChimneyCap_LOD0 top=(-19.730013, 3.9641316, 15.965501)
act1-terrain-room-cut: room=/root/Act1CarryInteractionSmokeTest/Act1Demo/Main/ZoneHost/Act1ConnectedWorld/babay-abi-house half=(4, 3.5) affectedTriangles=48 clippedVertices=49980 publishedVertices=49980 physicsVertices=49980 visualAndPhysics=shared-published-faces
act1-apron-room-cut: mesh=/root/Act1CarryInteractionSmokeTest/Act1Demo/Main/ZoneHost/Act1ConnectedWorld/Act1CoreWorldGreybox/AgentBExteriorWorld/AgentB_TerrainRoadKit/URMAN_AgentB_TerrainRoadKit/Apron_BabaiYard affectedTriangles=11 clippedVertices=123 surfaces=1 collision=existing-terrain-owner
act1-south-fence-house-junction: wallX=-33.5880 retainedMembers=13 retiredPostsAndCaps=10 supportedWestWing=2.4920m
act1-drain-bank-conform: mesh=/root/Act1CarryInteractionSmokeTest/Act1Demo/Main/ZoneHost/Act1ConnectedWorld/Act1CoreWorldGreybox/AgentBExteriorWorld/AgentB_TerrainRoadKit/URMAN_AgentB_TerrainRoadKit/BabaiYard_EastFenceSwale originalTriangles=78 affectedTriangles=35 outputTriangles=3543 groundOwner=unchanged
act1-mosque-terrain-cut: affectedTriangles=70 publishedVertices=49980 physicsVertices=49980 sameOwner=true
act1-school-bank-cut: mesh=/root/Act1CarryInteractionSmokeTest/Act1Demo/Main/ZoneHost/Act1ConnectedWorld/Act1CoreWorldGreybox/AgentBExteriorWorld/AgentB_TerrainRoadKit/URMAN_AgentB_TerrainRoadKit/Ditch_FieldBank_EastZirat room=/root/Act1CarryInteractionSmokeTest/Act1Demo/Main/ZoneHost/Act1ConnectedWorld/Act1CoreWorldGreybox/Act1AuthoredExteriorKitPresentation/DistantPerimeterParcels/EastReturnMidParcel/EastReturnMidFacade/PublicInterior_school/MainRoom half=(2.5154998, 2.3804996) affectedTriangles=20 clippedVertices=486 publishedVertices=486 floorY=-0.0049708784 collision=unchanged-existing-terrain-and-timber-floor
act1-council-fence-format: source=urman_village_exterior_kit_Cube_040 vertices=96 normals=96 uv=96 tangents=384 colors=0 uv2=0 lods=0 sourceFormat=536875031 publishedFormat=4119
act1-council-fence-format: source=urman_village_exterior_kit_FenceSegment_RailMiddle_Crooked_LOD0Mesh vertices=48 normals=48 uv=0 tangents=192 colors=0 uv2=0 lods=0 sourceFormat=536875015 publishedFormat=4103
act1-council-fence-format: source=urman_village_exterior_kit_Cube_039 vertices=96 normals=96 uv=96 tangents=384 colors=0 uv2=0 lods=0 sourceFormat=536875031 publishedFormat=4119
act1-council-fence-junction: fence=/root/Act1CarryInteractionSmokeTest/Act1Demo/Main/ZoneHost/Act1ConnectedWorld/Act1CoreWorldGreybox/Act1AuthoredExteriorKitPresentation/DistantPerimeterParcels/EastStreetHorizonParcel/EastStreetHorizonFence wall=/root/Act1CarryInteractionSmokeTest/Act1Demo/Main/ZoneHost/Act1ConnectedWorld/Act1CoreWorldGreybox/Act1AuthoredExteriorKitPresentation/DistantPerimeterParcels/EastStreetHorizonParcel/EastStreetHorizonFacade/VillageParcel_VariantA_TimberGable_Dwelling/VariantA_TimberGable_Dwelling_SeniRear_Wall_LOD0 localCutZ=-4.4 hiddenMembers=4 trimmedRails=3 retainedMembers=8 sourceAsset=unchanged
act1-roadside-grounding: independent contact meshes=34; source meshes and usable footbridge preserved
act1-kit-blockers: placements=100 shapes=1579 carved_door_slabs=101 flat_slab_skipped=2469 exact_architecture_surfaces=911 hidden_skipped=7 road_clearance_skipped=0
act1-dwelling-threshold: placements=83 worst_analytic_vs_collision_delta=0.028m worst_placement=ArrivalForwardEastShed
act1-building-supports: supported foundations=137; maximum ground drop=1.136m; level entrances preserved
act1-council-fence-contacts: retainedSourceContacts=0 hiddenMemberContacts=0 newBodyOwners=0
zone-loaded: village_day@arrival connected-world=109370675137
УРМАН Godot vertical slice ready: Painterly Low-Poly / first person
act1-smoke: background input replay; focus-loss pause isolated from this test scene
act1-window-surrounds: painted=1020
act1-legacy-sign: suppressed=1
zone-loaded: village_day@arrival connected-world=109370675137
SaveGameV3 new game session started; existing slots untouched.
act1-carry: check ordinary New Game
act1-intro: confirmed with E
act1-carry: check debug-off normal controls after intro
SaveGameV3 written to /Users/unterlantas/Library/Application Support/Godot/app_userdata/URMAN/savegames/carry-pristine.savegame-v3.json
act1-carry: check pristine reachable snapshot
act1-carry: check explicit local proof scope: woodpile
act1-carry: local camera fixture (-27.6, 0.21384755, -0.35000002) target=(-27.6, 0.679541, 0.9)
act1-carry: check woodpile scope picks up the actual shovel through ordinary input
act1-carry: check woodpile approach uses the existing bath stair route and actual carried item
act1-carry-woodpile-candidate: terrainFeet=(-31.6, 0.45510456, 3.0500002) direction=(0, 0, -1) terrainFits=False contacts=[/root/Act1CarryInteractionSmokeTest/Act1Demo/Main/ZoneHost/Act1ConnectedWorld/Act1CoreWorldGreybox/AgentBExteriorWorld/AgentB_ArchitectureCollision shape=834] firstSurface=/root/Act1CarryInteractionSmokeTest/Act1Demo/Main/ZoneHost/Act1ConnectedWorld/Act1CoreWorldGreybox/AgentBExteriorWorld/AgentB_TerrainCollision surfacePoint=(-31.6, 0.43012094, 3.0500002) raisedFits=False diagnosticOnly=true
act1-carry-woodpile-candidate: terrainFeet=(-31.6, 0.7531637, 5.55) direction=(0, 0, 1) terrainFits=False contacts=[/root/Act1CarryInteractionSmokeTest/Act1Demo/Main/ZoneHost/Act1ConnectedWorld/Act1CoreWorldGreybox/AgentBExteriorWorld/AgentB_ArchitectureCollision shape=129 | /root/Act1CarryInteractionSmokeTest/Act1Demo/Main/ZoneHost/Act1ConnectedWorld/Act1CoreWorldGreybox/AgentBExteriorWorld/AgentB_ArchitectureCollision shape=121 | /root/Act1CarryInteractionSmokeTest/Act1Demo/Main/ZoneHost/Act1ConnectedWorld/Act1CoreWorldGreybox/BabaiBathhouse/BathEntranceHinge/BathEntranceLeafBody shape=0 | /root/Act1CarryInteractionSmokeTest/Act1Demo/Main/ZoneHost/Act1ConnectedWorld/Act1CoreWorldGreybox/BabaiBathhouse/BathStoneFoundationBody shape=0 | /root/Act1CarryInteractionSmokeTest/Act1Demo/Main/ZoneHost/Act1ConnectedWorld/Act1CoreWorldGreybox/BabaiBathhouse/BathEntryLandingBody shape=0] firstSurface=/root/Act1CarryInteractionSmokeTest/Act1Demo/Main/ZoneHost/Act1ConnectedWorld/Act1CoreWorldGreybox/BabaiBathhouse/BathEntryLandingBody surfacePoint=(-31.6, 1.4110625, 5.5499997) raisedFits=False diagnosticOnly=true
act1-carry-woodpile-candidate: terrainFeet=(-32.85, 0.737299, 4.3) direction=(-1, 0, 0) terrainFits=False contacts=[/root/Act1CarryInteractionSmokeTest/Act1Demo/Main/ZoneHost/Act1ConnectedWorld/Act1CoreWorldGreybox/Act1AuthoredExteriorKitPresentation/BabaiYardAuthoredWoodpile/AuthoredKitCollisionProxy shape=6 | /root/Act1CarryInteractionSmokeTest/Act1Demo/Main/ZoneHost/Act1ConnectedWorld/Act1CoreWorldGreybox/Act1AuthoredExteriorKitPresentation/BabaiYardAuthoredWoodpile/AuthoredKitCollisionProxy shape=4 | /root/Act1CarryInteractionSmokeTest/Act1Demo/Main/ZoneHost/Act1ConnectedWorld/Act1CoreWorldGreybox/Act1AuthoredExteriorKitPresentation/BabaiYardAuthoredWoodpile/AuthoredKitCollisionProxy shape=2 | /root/Act1CarryInteractionSmokeTest/Act1Demo/Main/ZoneHost/Act1ConnectedWorld/Act1CoreWorldGreybox/Act1AuthoredExteriorKitPresentation/BabaiYardAuthoredWoodpile/AuthoredKitCollisionProxy shape=1 | /root/Act1CarryInteractionSmokeTest/Act1Demo/Main/ZoneHost/Act1ConnectedWorld/Act1CoreWorldGreybox/Act1AuthoredExteriorKitPresentation/BabaiYardAuthoredWoodpile/AuthoredKitCollisionProxy shape=3 | /root/Act1CarryInteractionSmokeTest/Act1Demo/Main/ZoneHost/Act1ConnectedWorld/Act1CoreWorldGreybox/Act1AuthoredExteriorKitPresentation/BabaiYardAuthoredWoodpile/AuthoredKitCollisionProxy shape=5] firstSurface=/root/Act1CarryInteractionSmokeTest/Act1Demo/Main/ZoneHost/Act1ConnectedWorld/Act1CoreWorldGreybox/Act1AuthoredExteriorKitPresentation/BabaiYardAuthoredWoodpile/AuthoredKitCollisionProxy surfacePoint=(-32.850002, 1.3942018, 4.3000016) raisedFits=False diagnosticOnly=true
act1-carry-woodpile-candidate: terrainFeet=(-30.35, 0.5157404, 4.3) direction=(1, 0, 0) terrainFits=False contacts=[/root/Act1CarryInteractionSmokeTest/Act1Demo/Main/ZoneHost/Act1ConnectedWorld/Act1CoreWorldGreybox/BabaiBathhouse/BathEntryLandingBypassBody shape=0 | /root/Act1CarryInteractionSmokeTest/Act1Demo/Main/ZoneHost/Act1ConnectedWorld/Act1CoreWorldGreybox/BabaiBathhouse/BathEntryTread1Body shape=0 | /root/Act1CarryInteractionSmokeTest/Act1Demo/Main/ZoneHost/Act1ConnectedWorld/Act1CoreWorldGreybox/BabaiBathhouse/BathEntryTread2Body shape=0] firstSurface=/root/Act1CarryInteractionSmokeTest/Act1Demo/Main/ZoneHost/Act1ConnectedWorld/Act1CoreWorldGreybox/BabaiBathhouse/BathEntryTread1Body surfacePoint=(-30.350002, 1.2594265, 4.3000007) raisedFits=True diagnosticOnly=true
act1-carry-woodpile-candidate: terrainFeet=(-32.483883, 0.6009444, 3.4161167) direction=(-0.70710677, 0, -0.70710677) terrainFits=False contacts=[/root/Act1CarryInteractionSmokeTest/Act1Demo/Main/ZoneHost/Act1ConnectedWorld/Act1CoreWorldGreybox/Act1AuthoredExteriorKitPresentation/BabaiYardAuthoredWoodpile/AuthoredKitCollisionProxy shape=6 | /root/Act1CarryInteractionSmokeTest/Act1Demo/Main/ZoneHost/Act1ConnectedWorld/Act1CoreWorldGreybox/Act1AuthoredExteriorKitPresentation/BabaiYardAuthoredWoodpile/AuthoredKitCollisionProxy shape=0] firstSurface=/root/Act1CarryInteractionSmokeTest/Act1Demo/Main/ZoneHost/Act1ConnectedWorld/Act1CoreWorldGreybox/AgentBExteriorWorld/AgentB_TerrainCollision surfacePoint=(-32.483883, 0.5759752, 3.4161167) raisedFits=False diagnosticOnly=true
act1-carry-woodpile-candidate: terrainFeet=(-30.716118, 0.4384257, 3.4161167) direction=(0.70710677, 0, -0.70710677) terrainFits=True contacts=[] firstSurface=/root/Act1CarryInteractionSmokeTest/Act1Demo/Main/ZoneHost/Act1ConnectedWorld/Act1CoreWorldGreybox/AgentBExteriorWorld/AgentB_TerrainCollision surfacePoint=(-30.716118, 0.4134338, 3.4161167) raisedFits=True diagnosticOnly=true
act1-carry-woodpile-candidate: terrainFeet=(-32.483883, 0.7950678, 5.1838837) direction=(-0.70710677, 0, 0.70710677) terrainFits=False contacts=[/root/Act1CarryInteractionSmokeTest/Act1Demo/Main/ZoneHost/Act1ConnectedWorld/Act1CoreWorldGreybox/AgentBExteriorWorld/AgentB_ArchitectureCollision shape=833] firstSurface=/root/Act1CarryInteractionSmokeTest/Act1Demo/Main/ZoneHost/Act1ConnectedWorld/Act1CoreWorldGreybox/AgentBExteriorWorld/AgentB_ArchitectureCollision surfacePoint=(-32.483883, 0.7879998, 5.1838837) raisedFits=False diagnosticOnly=true
act1-carry-woodpile-candidate: terrainFeet=(-30.716118, 0.64978075, 5.1838837) direction=(0.70710677, 0, 0.70710677) terrainFits=False contacts=[/root/Act1CarryInteractionSmokeTest/Act1Demo/Main/ZoneHost/Act1ConnectedWorld/Act1CoreWorldGreybox/AgentBExteriorWorld/AgentB_ArchitectureCollision shape=133 | /root/Act1CarryInteractionSmokeTest/Act1Demo/Main/ZoneHost/Act1ConnectedWorld/Act1CoreWorldGreybox/BabaiBathhouse/BathEntryLandingBody shape=0 | /root/Act1CarryInteractionSmokeTest/Act1Demo/Main/ZoneHost/Act1ConnectedWorld/Act1CoreWorldGreybox/BabaiBathhouse/BathEntryLandingBypassBody shape=0 | /root/Act1CarryInteractionSmokeTest/Act1Demo/Main/ZoneHost/Act1ConnectedWorld/Act1CoreWorldGreybox/BabaiBathhouse/BathEntryTread1Body shape=0 | /root/Act1CarryInteractionSmokeTest/Act1Demo/Main/ZoneHost/Act1ConnectedWorld/Act1CoreWorldGreybox/BabaiBathhouse/BathEntryTread2Body shape=0] firstSurface=/root/Act1CarryInteractionSmokeTest/Act1Demo/Main/ZoneHost/Act1ConnectedWorld/Act1CoreWorldGreybox/BabaiBathhouse/BathEntryTread1Body surfacePoint=(-30.716118, 1.2594265, 5.183883) raisedFits=False diagnosticOnly=true
act1-carry: check the named ground approach below the bath steps fits the actual standing body
act1-carry: explicit local fixture at existing bath entryApproach=(-29.133991, 0.6949753, 5.941516); upper landing reached only by walking
act1-carry: check woodpile route settles on a real support with an unobstructed standing capsule
act1-carry: check woodpile route begins on the real ground below the existing lower stair
act1-carry: check the return turn uses captured ordinary mouse input
act1-carry-ordinary-turn: feet=(-29.133991, 0.65802217, 5.941516) yawDelta=76.72229 mouseRelative=(-479.5143, 0) screenRelative=(-479.5143, 0) held=[X: (-0.10566397, 0, -0.9944019), Y: (0, 1, 0), Z: (0.9944019, 0, -0.10566397), O: (-29.133991, 1.5165222, 4.981516)]
act1-carry: FAIL System.InvalidOperationException: the normal mouse handler applied the requested return turn
   at Urman.Godot.Tests.Act1CarryInteractionSmokeTest.Check(Boolean passed, String name) in /Users/unterlantas/Documents/GitHub/URMAN/game/tests/Act1CarryInteractionSmokeTest.cs:line 1153
   at Urman.Godot.Tests.Act1CarryInteractionSmokeTest.WalkLocal(Vector3 goal, String label, Boolean ordinaryMouseLook, Boolean observeObstruction) in /Users/unterlantas/Documents/GitHub/URMAN/game/tests/Act1CarryInteractionSmokeTest.cs:line 654
   at Urman.Godot.Tests.Act1CarryInteractionSmokeTest.ApproachWoodpileFromBathSteps(Node3D target, Vector3 aimPoint, CarryableProp carried, Boolean localFixture) in /Users/unterlantas/Documents/GitHub/URMAN/game/tests/Act1CarryInteractionSmokeTest.cs:line 883
   at Urman.Godot.Tests.Act1CarryInteractionSmokeTest._Ready() in /Users/unterlantas/Documents/GitHub/URMAN/game/tests/Act1CarryInteractionSmokeTest.cs:line 61
HUD: [Q] поставить здесь · [R] повернуть
camera=(-29.133991, 2.351362, 5.70478) ray=(-0, -0, -1) hit= shape= at=(0, 0, 0) held=carry-tool-shovel busy=False registering=False registered=True heldPosition=(-29.133991, 1.509862, 4.92478) heldPoseValid=True light=False targetState= targetVisible= targetConcealed= modal=False pause=False focused=False physicsEnabled=True treePaused=False inputFrame=47/48 interactPresses=1 feedback= pickupProbe=item=carry-tool-shovel source=[X: (-0.104479425, -0.030640919, -0.9940549), Y: (-0.04023672, 0.9988371, -0.026559275), Z: (0.9937128, 0.037222613, -0.10559083), O: (-27.6, 0.22954099, 0.9)] size=(0.3, 1.18, 0.12); path=direct; accepted=(-27.6, 1.0723476, 0.60999995);
userdata guard: original files and permissions restored and verified
