Godot Engine v4.7.1.stable.mono.official.a13da4feb - https://godotengine.org
Metal 4.0 - Forward+ - Using Device #0: Apple - Apple M4 Pro (Apple9)

act1-river: ice_slabs=31 blockers=29 road_gap_samples=2 bridge=broken@(15,-85)
village-chimney: /root/Act1CarryInteractionSmokeTest/Act1Demo/Main/ZoneHost/Act1ConnectedWorld/Act1CoreWorldGreybox/Act1AuthoredExteriorKitPresentation/ArrivalAuthoredParcels/ArrivalForwardWestFacade/DwellingFacade_TimberPlaster/DwellingFacade_ChimneyCap_LOD0 top=(-10.2875, 4.7722464, 2.3450005)
village-chimney: /root/Act1CarryInteractionSmokeTest/Act1Demo/Main/ZoneHost/Act1ConnectedWorld/Act1CoreWorldGreybox/Act1AuthoredExteriorKitPresentation/DistantPerimeterParcels/WestArrivalNearParcel/WestArrivalNearFacade/DwellingFacade_TimberPlaster/DwellingFacade_ChimneyCap_LOD0 top=(-19.730013, 3.9641316, 15.965501)
act1-terrain-room-cut: room=/root/Act1CarryInteractionSmokeTest/Act1Demo/Main/ZoneHost/Act1ConnectedWorld/babay-abi-house half=(4, 3.5) affectedTriangles=48 clippedVertices=49980 publishedVertices=49980 physicsVertices=49980 visualAndPhysics=shared-published-faces
act1-apron-room-cut: mesh=/root/Act1CarryInteractionSmokeTest/Act1Demo/Main/ZoneHost/Act1ConnectedWorld/Act1CoreWorldGreybox/AgentBExteriorWorld/AgentB_TerrainRoadKit/URMAN_AgentB_TerrainRoadKit/Apron_BabaiYard affectedTriangles=11 clippedVertices=123 surfaces=1 collision=existing-terrain-owner
act1-south-fence-house-junction: wallX=-33.5880 retainedMembers=13 retiredPostsAndCaps=10 supportedWestWing=2.4920m
act1-drain-bank-conform: mesh=/root/Act1CarryInteractionSmokeTest/Act1Demo/Main/ZoneHost/Act1ConnectedWorld/Act1CoreWorldGreybox/AgentBExteriorWorld/AgentB_TerrainRoadKit/URMAN_AgentB_TerrainRoadKit/BabaiYard_EastFenceSwale originalTriangles=78 affectedTriangles=35 outputTriangles=3543 groundOwner=unchanged
act1-mosque-terrain-cut: affectedTriangles=70 publishedVertices=49980 physicsVertices=49980 sameOwner=true
act1-school-bank-cut: mesh=/root/Act1CarryInteractionSmokeTest/Act1Demo/Main/ZoneHost/Act1ConnectedWorld/Act1CoreWorldGreybox/AgentBExteriorWorld/AgentB_TerrainRoadKit/URMAN_AgentB_TerrainRoadKit/Ditch_FieldBank_EastZirat room=/root/Act1CarryInteractionSmokeTest/Act1Demo/Main/ZoneHost/Act1ConnectedWorld/Act1CoreWorldGreybox/Act1AuthoredExteriorKitPresentation/DistantPerimeterParcels/EastReturnMidParcel/EastReturnMidFacade/PublicInterior_school/MainRoom half=(2.5154998, 2.3804996) affectedTriangles=20 clippedVertices=486 publishedVertices=486 floorY=-0.0049708784 collision=unchanged-existing-terrain-and-timber-floor
act1-council-fence-format: source=urman_village_exterior_kit_Cube_040 vertices=96 normals=96 uv=96 tangents=384 colors=0 uv2=0 lods=0 sourceFormat=536875031 publishedFormat=4119
act1-council-fence-format: source=urman_village_exterior_kit_FenceSegment_RailMiddle_Crooked_LOD0Mesh vertices=48 normals=48 uv=0 tangents=192 colors=0 uv2=0 lods=0 sourceFormat=536875015 publishedFormat=4103
act1-council-fence-format: source=urman_village_exterior_kit_Cube_039 vertices=96 normals=96 uv=96 tangents=384 colors=0 uv2=0 lods=0 sourceFormat=536875031 publishedFormat=4119
act1-council-fence-junction: fence=/root/Act1CarryInteractionSmokeTest/Act1Demo/Main/ZoneHost/Act1ConnectedWorld/Act1CoreWorldGreybox/Act1AuthoredExteriorKitPresentation/DistantPerimeterParcels/EastStreetHorizonParcel/EastStreetHorizonFence wall=/root/Act1CarryInteractionSmokeTest/Act1Demo/Main/ZoneHost/Act1ConnectedWorld/Act1CoreWorldGreybox/Act1AuthoredExteriorKitPresentation/DistantPerimeterParcels/EastStreetHorizonParcel/EastStreetHorizonFacade/VillageParcel_VariantA_TimberGable_Dwelling/VariantA_TimberGable_Dwelling_SeniRear_Wall_LOD0 localCutZ=-4.4 hiddenMembers=4 trimmedRails=3 retainedMembers=8 sourceAsset=unchanged
act1-roadside-grounding: independent contact meshes=34; source meshes and usable footbridge preserved
act1-kit-blockers: placements=100 shapes=1579 carved_door_slabs=101 flat_slab_skipped=2469 exact_architecture_surfaces=911 hidden_skipped=7 road_clearance_skipped=0
act1-dwelling-threshold: placements=83 worst_analytic_vs_collision_delta=0.028m worst_placement=ArrivalForwardEastShed
act1-building-supports: supported foundations=137; maximum ground drop=1.136m; level entrances preserved
act1-council-fence-contacts: retainedSourceContacts=0 hiddenMemberContacts=0 newBodyOwners=0
zone-loaded: village_day@arrival connected-world=109404229558
УРМАН Godot vertical slice ready: Painterly Low-Poly / first person
act1-smoke: background input replay; focus-loss pause isolated from this test scene
act1-window-surrounds: painted=1020
act1-legacy-sign: suppressed=1
zone-loaded: village_day@arrival connected-world=109404229558
SaveGameV3 new game session started; existing slots untouched.
act1-carry: check ordinary New Game
act1-intro: confirmed with E
act1-carry: check debug-off normal controls after intro
SaveGameV3 written to /Users/unterlantas/Library/Application Support/Godot/app_userdata/URMAN/savegames/carry-pristine.savegame-v3.json
act1-carry: check pristine reachable snapshot
act1-carry: check explicit local proof scope: woodpile
act1-carry: local camera fixture (-27.6, 0.21384755, -0.35000002) target=(-27.6, 0.679541, 0.9)
act1-carry: check woodpile scope picks up the actual shovel through ordinary input
act1-carry: check woodpile approach uses the existing bath stair route and actual carried item
act1-carry-woodpile-candidate: terrainFeet=(-31.6, 0.45510456, 3.0500002) direction=(0, 0, -1) terrainFits=False contacts=[/root/Act1CarryInteractionSmokeTest/Act1Demo/Main/ZoneHost/Act1ConnectedWorld/Act1CoreWorldGreybox/AgentBExteriorWorld/AgentB_ArchitectureCollision shape=834] firstSurface=/root/Act1CarryInteractionSmokeTest/Act1Demo/Main/ZoneHost/Act1ConnectedWorld/Act1CoreWorldGreybox/AgentBExteriorWorld/AgentB_TerrainCollision surfacePoint=(-31.6, 0.43012094, 3.0500002) raisedFits=False diagnosticOnly=true
act1-carry-woodpile-candidate: terrainFeet=(-31.6, 0.7531637, 5.55) direction=(0, 0, 1) terrainFits=False contacts=[/root/Act1CarryInteractionSmokeTest/Act1Demo/Main/ZoneHost/Act1ConnectedWorld/Act1CoreWorldGreybox/AgentBExteriorWorld/AgentB_ArchitectureCollision shape=129 | /root/Act1CarryInteractionSmokeTest/Act1Demo/Main/ZoneHost/Act1ConnectedWorld/Act1CoreWorldGreybox/AgentBExteriorWorld/AgentB_ArchitectureCollision shape=121 | /root/Act1CarryInteractionSmokeTest/Act1Demo/Main/ZoneHost/Act1ConnectedWorld/Act1CoreWorldGreybox/BabaiBathhouse/BathEntranceHinge/BathEntranceLeafBody shape=0 | /root/Act1CarryInteractionSmokeTest/Act1Demo/Main/ZoneHost/Act1ConnectedWorld/Act1CoreWorldGreybox/BabaiBathhouse/BathStoneFoundationBody shape=0 | /root/Act1CarryInteractionSmokeTest/Act1Demo/Main/ZoneHost/Act1ConnectedWorld/Act1CoreWorldGreybox/BabaiBathhouse/BathEntryLandingBody shape=0] firstSurface=/root/Act1CarryInteractionSmokeTest/Act1Demo/Main/ZoneHost/Act1ConnectedWorld/Act1CoreWorldGreybox/BabaiBathhouse/BathEntryLandingBody surfacePoint=(-31.6, 1.4110625, 5.5499997) raisedFits=False diagnosticOnly=true
act1-carry-woodpile-candidate: terrainFeet=(-32.85, 0.737299, 4.3) direction=(-1, 0, 0) terrainFits=False contacts=[/root/Act1CarryInteractionSmokeTest/Act1Demo/Main/ZoneHost/Act1ConnectedWorld/Act1CoreWorldGreybox/Act1AuthoredExteriorKitPresentation/BabaiYardAuthoredWoodpile/AuthoredKitCollisionProxy shape=6 | /root/Act1CarryInteractionSmokeTest/Act1Demo/Main/ZoneHost/Act1ConnectedWorld/Act1CoreWorldGreybox/Act1AuthoredExteriorKitPresentation/BabaiYardAuthoredWoodpile/AuthoredKitCollisionProxy shape=4 | /root/Act1CarryInteractionSmokeTest/Act1Demo/Main/ZoneHost/Act1ConnectedWorld/Act1CoreWorldGreybox/Act1AuthoredExteriorKitPresentation/BabaiYardAuthoredWoodpile/AuthoredKitCollisionProxy shape=2 | /root/Act1CarryInteractionSmokeTest/Act1Demo/Main/ZoneHost/Act1ConnectedWorld/Act1CoreWorldGreybox/Act1AuthoredExteriorKitPresentation/BabaiYardAuthoredWoodpile/AuthoredKitCollisionProxy shape=1 | /root/Act1CarryInteractionSmokeTest/Act1Demo/Main/ZoneHost/Act1ConnectedWorld/Act1CoreWorldGreybox/Act1AuthoredExteriorKitPresentation/BabaiYardAuthoredWoodpile/AuthoredKitCollisionProxy shape=3 | /root/Act1CarryInteractionSmokeTest/Act1Demo/Main/ZoneHost/Act1ConnectedWorld/Act1CoreWorldGreybox/Act1AuthoredExteriorKitPresentation/BabaiYardAuthoredWoodpile/AuthoredKitCollisionProxy shape=5] firstSurface=/root/Act1CarryInteractionSmokeTest/Act1Demo/Main/ZoneHost/Act1ConnectedWorld/Act1CoreWorldGreybox/Act1AuthoredExteriorKitPresentation/BabaiYardAuthoredWoodpile/AuthoredKitCollisionProxy surfacePoint=(-32.850002, 1.3942018, 4.3000016) raisedFits=False diagnosticOnly=true
act1-carry-woodpile-candidate: terrainFeet=(-30.35, 0.5157404, 4.3) direction=(1, 0, 0) terrainFits=False contacts=[/root/Act1CarryInteractionSmokeTest/Act1Demo/Main/ZoneHost/Act1ConnectedWorld/Act1CoreWorldGreybox/BabaiBathhouse/BathEntryLandingBypassBody shape=0 | /root/Act1CarryInteractionSmokeTest/Act1Demo/Main/ZoneHost/Act1ConnectedWorld/Act1CoreWorldGreybox/BabaiBathhouse/BathEntryTread1Body shape=0 | /root/Act1CarryInteractionSmokeTest/Act1Demo/Main/ZoneHost/Act1ConnectedWorld/Act1CoreWorldGreybox/BabaiBathhouse/BathEntryTread2Body shape=0] firstSurface=/root/Act1CarryInteractionSmokeTest/Act1Demo/Main/ZoneHost/Act1ConnectedWorld/Act1CoreWorldGreybox/BabaiBathhouse/BathEntryTread1Body surfacePoint=(-30.350002, 1.2594265, 4.3000007) raisedFits=True diagnosticOnly=true
act1-carry-woodpile-candidate: terrainFeet=(-32.483883, 0.6009444, 3.4161167) direction=(-0.70710677, 0, -0.70710677) terrainFits=False contacts=[/root/Act1CarryInteractionSmokeTest/Act1Demo/Main/ZoneHost/Act1ConnectedWorld/Act1CoreWorldGreybox/Act1AuthoredExteriorKitPresentation/BabaiYardAuthoredWoodpile/AuthoredKitCollisionProxy shape=6 | /root/Act1CarryInteractionSmokeTest/Act1Demo/Main/ZoneHost/Act1ConnectedWorld/Act1CoreWorldGreybox/Act1AuthoredExteriorKitPresentation/BabaiYardAuthoredWoodpile/AuthoredKitCollisionProxy shape=0] firstSurface=/root/Act1CarryInteractionSmokeTest/Act1Demo/Main/ZoneHost/Act1ConnectedWorld/Act1CoreWorldGreybox/AgentBExteriorWorld/AgentB_TerrainCollision surfacePoint=(-32.483883, 0.5759752, 3.4161167) raisedFits=False diagnosticOnly=true
act1-carry-woodpile-candidate: terrainFeet=(-30.716118, 0.4384257, 3.4161167) direction=(0.70710677, 0, -0.70710677) terrainFits=True contacts=[] firstSurface=/root/Act1CarryInteractionSmokeTest/Act1Demo/Main/ZoneHost/Act1ConnectedWorld/Act1CoreWorldGreybox/AgentBExteriorWorld/AgentB_TerrainCollision surfacePoint=(-30.716118, 0.4134338, 3.4161167) raisedFits=True diagnosticOnly=true
act1-carry-woodpile-candidate: terrainFeet=(-32.483883, 0.7950678, 5.1838837) direction=(-0.70710677, 0, 0.70710677) terrainFits=False contacts=[/root/Act1CarryInteractionSmokeTest/Act1Demo/Main/ZoneHost/Act1ConnectedWorld/Act1CoreWorldGreybox/AgentBExteriorWorld/AgentB_ArchitectureCollision shape=833] firstSurface=/root/Act1CarryInteractionSmokeTest/Act1Demo/Main/ZoneHost/Act1ConnectedWorld/Act1CoreWorldGreybox/AgentBExteriorWorld/AgentB_ArchitectureCollision surfacePoint=(-32.483883, 0.7879998, 5.1838837) raisedFits=False diagnosticOnly=true
act1-carry-woodpile-candidate: terrainFeet=(-30.716118, 0.64978075, 5.1838837) direction=(0.70710677, 0, 0.70710677) terrainFits=False contacts=[/root/Act1CarryInteractionSmokeTest/Act1Demo/Main/ZoneHost/Act1ConnectedWorld/Act1CoreWorldGreybox/AgentBExteriorWorld/AgentB_ArchitectureCollision shape=133 | /root/Act1CarryInteractionSmokeTest/Act1Demo/Main/ZoneHost/Act1ConnectedWorld/Act1CoreWorldGreybox/BabaiBathhouse/BathEntryLandingBody shape=0 | /root/Act1CarryInteractionSmokeTest/Act1Demo/Main/ZoneHost/Act1ConnectedWorld/Act1CoreWorldGreybox/BabaiBathhouse/BathEntryLandingBypassBody shape=0 | /root/Act1CarryInteractionSmokeTest/Act1Demo/Main/ZoneHost/Act1ConnectedWorld/Act1CoreWorldGreybox/BabaiBathhouse/BathEntryTread1Body shape=0 | /root/Act1CarryInteractionSmokeTest/Act1Demo/Main/ZoneHost/Act1ConnectedWorld/Act1CoreWorldGreybox/BabaiBathhouse/BathEntryTread2Body shape=0] firstSurface=/root/Act1CarryInteractionSmokeTest/Act1Demo/Main/ZoneHost/Act1ConnectedWorld/Act1CoreWorldGreybox/BabaiBathhouse/BathEntryTread1Body surfacePoint=(-30.716118, 1.2594265, 5.183883) raisedFits=False diagnosticOnly=true
act1-carry: check the named ground approach below the bath steps fits the actual standing body
act1-carry: explicit local fixture at existing bath entryApproach=(-29.133991, 0.6949753, 5.941516); upper landing reached only by walking
act1-carry: check woodpile route settles on a real support with an unobstructed standing capsule
act1-carry: check woodpile route begins on the real ground below the existing lower stair
act1-carry: check the return turn uses captured ordinary mouse input
act1-carry-ordinary-turn: {"label":"carry the tool up the existing bath stair flight","ready":true,"requestedYaw":76.722275,"yawDelta":76.72229,"expectedScreenRelative":"(-479.5143, 0)","deliveredScreenTotal":"(-479.5143, 0)","delivered":1,"unhandled":1,"startedProcess":20,"startedPhysics":47,"unhandledProcess":21,"process":22,"physics":50,"frames":3,"milliseconds":44,"before":{"Position":{"X":-29.133991241455078,"Y":0.6580221652984619,"Z":5.941515922546387},"RotationDegrees":{"X":0,"Y":0,"Z":0}},"after":{"Position":{"X":-29.133991241455078,"Y":0.6580221652984619,"Z":5.941515922546387},"RotationDegrees":{"X":0,"Y":76.7222900390625,"Z":0}},"focus":true,"mouseMode":"Captured","modal":false,"vehicle":false,"treePaused":false,"canProcess":true,"held":"[X: (-0.10566397, 0, -0.9944019), Y: (0, 1, 0), Z: (0.9944019, 0, -0.10566397), O: (-30.068329, 1.5165222, 5.7210317)]","validHeld":true,"events":[{"stage":"input","relative":"(-719.2714, 0)","screenRelative":"(-479.5143, 0)","process":21,"physics":47,"yaw":0,"pitch":0},{"stage":"unhandled","relative":"(-719.2714, 0)","screenRelative":"(-479.5143, 0)","process":21,"physics":47,"yaw":76.72229,"pitch":0}]}
act1-carry: check one ordinary mouse event is delivered and applies the requested carry turn within the unchanged .15 degree tolerance
act1-carry: check carry the tool up the existing bath stair flight: actual input (-29.133991, 0.65802217, 5.941516) -> (-30.23269, 1.1050477, 5.6822443); no teleport/recovery; goal (-30.282448, 1.4110625, 5.6705036)
act1-carry: check the return turn uses captured ordinary mouse input
act1-carry-ordinary-turn: {"label":"follow the existing lower turn toward the supported side landing","ready":true,"requestedYaw":-10.754206,"yawDelta":-87.47681,"expectedScreenRelative":"(546.73004, 0)","deliveredScreenTotal":"(546.73004, 0)","delivered":1,"unhandled":1,"startedProcess":57,"startedPhysics":76,"unhandledProcess":58,"process":59,"physics":77,"frames":3,"milliseconds":32,"before":{"Position":{"X":-30.232690811157227,"Y":1.1050477027893066,"Z":5.682244300842285},"RotationDegrees":{"X":0,"Y":76.72258758544922,"Z":0}},"after":{"Position":{"X":-30.232690811157227,"Y":1.1050477027893066,"Z":5.682244300842285},"RotationDegrees":{"X":0,"Y":-10.754209518432617,"Z":0}},"focus":true,"mouseMode":"Captured","modal":false,"vehicle":false,"treePaused":false,"canProcess":true,"held":"[X: (-0.10566397, 0, -0.9944019), Y: (0, 1, 0), Z: (0.9944019, 0, -0.10566397), O: (-30.053558, 1.9456828, 4.739105)]","validHeld":true,"events":[{"stage":"input","relative":"(820.095, 0)","screenRelative":"(546.73004, 0)","process":58,"physics":76,"yaw":76.72259,"pitch":0},{"stage":"unhandled","relative":"(820.095, 0)","screenRelative":"(546.73004, 0)","process":58,"physics":76,"yaw":-10.7542095,"pitch":0}]}
act1-carry: check one ordinary mouse event is delivered and applies the requested carry turn within the unchanged .15 degree tolerance
act1-carry: check follow the existing lower turn toward the supported side landing: actual input (-30.23269, 1.1050477, 5.6822443) -> (-30.021215, 1.1070403, 4.5688753); no teleport/recovery; goal (-30.01603, 1.4110625, 4.5415125)
act1-carry: check the return turn uses captured ordinary mouse input
act1-carry-ordinary-turn: {"label":"reach the woodpile view by walking onto the actual upper landing","ready":true,"requestedYaw":75.28802,"yawDelta":86.0246,"expectedScreenRelative":"(-537.65375, 0)","deliveredScreenTotal":"(-537.65375, 0)","delivered":1,"unhandled":1,"startedProcess":77,"startedPhysics":101,"unhandledProcess":78,"process":79,"physics":103,"frames":3,"milliseconds":36,"before":{"Position":{"X":-30.021215438842773,"Y":1.107040286064148,"Z":4.568875312805176},"RotationDegrees":{"X":0,"Y":-10.736572265625,"Z":0}},"after":{"Position":{"X":-30.021215438842773,"Y":1.107040286064148,"Z":4.568875312805176},"RotationDegrees":{"X":0,"Y":75.28801727294922,"Z":0}},"focus":true,"mouseMode":"Captured","modal":false,"vehicle":false,"treePaused":false,"canProcess":true,"held":"[X: (-0.10566397, 0, -0.9944019), Y: (0, 1, 0), Z: (0.9944019, 0, -0.10566397), O: (-30.949741, 1.9653842, 4.3250732)]","validHeld":true,"events":[{"stage":"input","relative":"(-806.4805, 0)","screenRelative":"(-537.65375, 0)","process":78,"physics":101,"yaw":-10.736572,"pitch":0},{"stage":"unhandled","relative":"(-806.4805, 0)","screenRelative":"(-537.65375, 0)","process":78,"physics":101,"yaw":75.28802,"pitch":0}]}
act1-carry: check one ordinary mouse event is delivered and applies the requested carry turn within the unchanged .15 degree tolerance
act1-carry: check reach the woodpile view by walking onto the actual upper landing: actual input (-30.021215, 1.1070403, 4.5688753) -> (-31.028904, 1.4114125, 4.3042674); no teleport/recovery; goal (-31.096355, 1.4110625, 4.286577)
act1-carry: check woodpile route settles on a real support with an unobstructed standing capsule
act1-carry-woodpile-foot: offset=(-0.1,-0.18) owner=/root/Act1CarryInteractionSmokeTest/Act1Demo/Main/ZoneHost/Act1ConnectedWorld/Act1CoreWorldGreybox/BabaiBathhouse/BathEntryLandingBypassBody floor=(-31.227058, 1.4110625, 4.3602524)
act1-carry: check both feet stand on the real upper landing, not terrain beneath it or a selected roof
act1-carry-woodpile-foot: offset=(-0.1,0) owner=/root/Act1CarryInteractionSmokeTest/Act1Demo/Main/ZoneHost/Act1ConnectedWorld/Act1CoreWorldGreybox/BabaiBathhouse/BathEntryLandingBypassBody floor=(-31.051868, 1.4110625, 4.401593)
act1-carry: check both feet stand on the real upper landing, not terrain beneath it or a selected roof
act1-carry-woodpile-foot: offset=(-0.1,0.18) owner=/root/Act1CarryInteractionSmokeTest/Act1Demo/Main/ZoneHost/Act1ConnectedWorld/Act1CoreWorldGreybox/BabaiBathhouse/BathEntryLandingBypassBody floor=(-30.87668, 1.4110625, 4.442935)
act1-carry: check both feet stand on the real upper landing, not terrain beneath it or a selected roof
act1-carry-woodpile-foot: offset=(0,-0.18) owner=/root/Act1CarryInteractionSmokeTest/Act1Demo/Main/ZoneHost/Act1ConnectedWorld/Act1CoreWorldGreybox/BabaiBathhouse/BathEntryLandingBypassBody floor=(-31.20409, 1.4110625, 4.262926)
act1-carry: check both feet stand on the real upper landing, not terrain beneath it or a selected roof
act1-carry-woodpile-foot: offset=(0,0) owner=/root/Act1CarryInteractionSmokeTest/Act1Demo/Main/ZoneHost/Act1ConnectedWorld/Act1CoreWorldGreybox/BabaiBathhouse/BathEntryLandingBypassBody floor=(-31.028902, 1.4110625, 4.304268)
act1-carry: check both feet stand on the real upper landing, not terrain beneath it or a selected roof
act1-carry-woodpile-foot: offset=(0,0.18) owner=/root/Act1CarryInteractionSmokeTest/Act1Demo/Main/ZoneHost/Act1ConnectedWorld/Act1CoreWorldGreybox/BabaiBathhouse/BathEntryLandingBypassBody floor=(-30.853714, 1.4110625, 4.3456087)
act1-carry: check both feet stand on the real upper landing, not terrain beneath it or a selected roof
act1-carry-woodpile-foot: offset=(0.1,-0.18) owner=/root/Act1CarryInteractionSmokeTest/Act1Demo/Main/ZoneHost/Act1ConnectedWorld/Act1CoreWorldGreybox/BabaiBathhouse/BathEntryLandingBypassBody floor=(-31.181126, 1.4110625, 4.1655993)
act1-carry: check both feet stand on the real upper landing, not terrain beneath it or a selected roof
act1-carry-woodpile-foot: offset=(0.1,0) owner=/root/Act1CarryInteractionSmokeTest/Act1Demo/Main/ZoneHost/Act1ConnectedWorld/Act1CoreWorldGreybox/BabaiBathhouse/BathEntryLandingBypassBody floor=(-31.005938, 1.4110625, 4.20694)
act1-carry: check both feet stand on the real upper landing, not terrain beneath it or a selected roof
act1-carry-woodpile-foot: offset=(0.1,0.18) owner=/root/Act1CarryInteractionSmokeTest/Act1Demo/Main/ZoneHost/Act1ConnectedWorld/Act1CoreWorldGreybox/BabaiBathhouse/BathEntryLandingBypassBody floor=(-30.830748, 1.4110625, 4.2482815)
act1-carry: check both feet stand on the real upper landing, not terrain beneath it or a selected roof
act1-carry: check the stair approach preserves actual custody and the complete held-object pose
act1-carry-woodpile-landing: feet=(-31.028904, 1.4114125, 4.3042674) bathLocal=(3.6982746, 0.00034999847, 1.9097118) camera=[X: (0.009754579, 0, -0.99995244), Y: (-0.98782283, 0.15528439, -0.009636254), Z: (0.155277, 0.9878698, 0.0015147339), O: (-31.208895, 3.1099167, 4.3025117)] target=/root/Act1CarryInteractionSmokeTest/Act1Demo/Main/ZoneHost/Act1ConnectedWorld/CarryCoordinator/YardTool_shovel/Use_shovel_woodpile targetPoint=(-31.6, 0.6201632, 4.3) centerDistance=2.520286 rayOwner=/root/Act1CarryInteractionSmokeTest/Act1Demo/Main/ZoneHost/Act1ConnectedWorld/CarryCoordinator/YardTool_shovel/Use_shovel_woodpile held=carry-tool-shovel validHeld=True
state-final-render-sync-begin: label=carry/04a_woodpile_actual_landing tick=31367 drawn=126 process=126 physics=136 windowVisible=True focus=True mode=Windowed renderLoop=True
state-final-render-sync-end: label=carry/04a_woodpile_actual_landing milliseconds=13 forcedScreenshotRender=False
act1-carry-capture-save-begin: /Users/unterlantas/Documents/GitHub/URMAN/docs/production/act1_takeover_evidence_2026-09-16/images-carry-woodpile-02/04a_woodpile_actual_landing.png
act1-carry: check real camera capture 04a_woodpile_actual_landing
act1-carry: check the real 2.7m interaction ray from the walked landing reaches the actual snow or axe before any stair collider
state-final-render-sync-begin: label=carry/04b_snow_over_buried_axe tick=31544 drawn=127 process=127 physics=138 windowVisible=True focus=True mode=Windowed renderLoop=True
state-final-render-sync-end: label=carry/04b_snow_over_buried_axe milliseconds=29 forcedScreenshotRender=False
act1-carry-capture-save-begin: /Users/unterlantas/Documents/GitHub/URMAN/docs/production/act1_takeover_evidence_2026-09-16/images-carry-woodpile-02/04b_snow_over_buried_axe.png
act1-carry: check real camera capture 04b_snow_over_buried_axe
act1-carry: check the aimed woodpile clearing reveals its axe without clearing the other drift
state-final-render-sync-begin: label=carry/05_uncovered_axe tick=31771 drawn=128 process=128 physics=152 windowVisible=True focus=True mode=Windowed renderLoop=True
state-final-render-sync-end: label=carry/05_uncovered_axe milliseconds=14 forcedScreenshotRender=False
act1-carry-capture-save-begin: /Users/unterlantas/Documents/GitHub/URMAN/docs/production/act1_takeover_evidence_2026-09-16/images-carry-woodpile-02/05_uncovered_axe.png
act1-carry: check real camera capture 05_uncovered_axe
act1-carry: check the return turn uses captured ordinary mouse input
act1-carry-ordinary-turn: {"label":"return from the woodpile along the same supported side of the bath steps","ready":true,"requestedYaw":-103.18271,"yawDelta":167.37619,"expectedScreenRelative":"(-1046.1012, -506.66696)","deliveredScreenTotal":"(-1046.1012, -506.66696)","delivered":1,"unhandled":1,"startedProcess":128,"startedPhysics":152,"unhandledProcess":129,"process":130,"physics":163,"frames":2,"milliseconds":46,"before":{"Position":{"X":-31.02890396118164,"Y":1.4114124774932861,"Z":4.304267406463623},"RotationDegrees":{"X":-81.06671142578125,"Y":89.44109344482422,"Z":0}},"after":{"Position":{"X":-31.02890396118164,"Y":1.4114124774932861,"Z":4.304267406463623},"RotationDegrees":{"X":0,"Y":-103.1827163696289,"Z":0}},"focus":true,"mouseMode":"Captured","modal":false,"vehicle":false,"treePaused":false,"canProcess":true,"held":"[X: (-0.10566397, 0, -0.9944019), Y: (0, 1, 0), Z: (0.9944019, 0, -0.10566397), O: (-30.094202, 2.2699063, 4.5232024)]","validHeld":true,"events":[{"stage":"input","relative":"(-1569.1516, -760.00037)","screenRelative":"(-1046.1012, -506.66696)","process":129,"physics":152,"yaw":89.44109,"pitch":-81.06671142578125},{"stage":"unhandled","relative":"(-1569.1516, -760.00037)","screenRelative":"(-1046.1012, -506.66696)","process":129,"physics":152,"yaw":-103.18272,"pitch":0}]}
act1-carry: check one ordinary mouse event is delivered and applies the requested carry turn within the unchanged .15 degree tolerance
act1-carry: check return from the woodpile along the same supported side of the bath steps: actual input (-31.028904, 1.4114125, 4.3042674) -> (-30.08952, 1.1652015, 4.524298); no teleport/recovery; goal (-30.01603, 1.4110625, 4.5415125)
act1-carry: check the return turn uses captured ordinary mouse input
act1-carry-ordinary-turn: {"label":"return to the original lower stair flight with the same carried item","ready":true,"requestedYaw":170.44559,"yawDelta":-86.37146,"expectedScreenRelative":"(539.82166, 0)","deliveredScreenTotal":"(539.82166, 0)","delivered":1,"unhandled":1,"startedProcess":151,"startedPhysics":184,"unhandledProcess":152,"process":153,"physics":185,"frames":3,"milliseconds":25,"before":{"Position":{"X":-30.089519500732422,"Y":1.1652015447616577,"Z":4.524298191070557},"RotationDegrees":{"X":0,"Y":-103.18295288085938,"Z":0}},"after":{"Position":{"X":-30.089519500732422,"Y":1.1652015447616577,"Z":4.524298191070557},"RotationDegrees":{"X":0,"Y":170.44557189941406,"Z":0}},"focus":true,"mouseMode":"Captured","modal":false,"vehicle":false,"treePaused":false,"canProcess":true,"held":"[X: (-0.10566397, 0, -0.9944019), Y: (0, 1, 0), Z: (0.9944019, 0, -0.10566397), O: (-30.248863, 2.0237014, 5.4709816)]","validHeld":true,"events":[{"stage":"input","relative":"(809.7324, 0)","screenRelative":"(539.82166, 0)","process":152,"physics":184,"yaw":-103.18295,"pitch":0},{"stage":"unhandled","relative":"(809.7324, 0)","screenRelative":"(539.82166, 0)","process":152,"physics":184,"yaw":170.44557,"pitch":0}]}
act1-carry: check one ordinary mouse event is delivered and applies the requested carry turn within the unchanged .15 degree tolerance
act1-carry: check return to the original lower stair flight with the same carried item: actual input (-30.08952, 1.1652015, 4.524298) -> (-30.26452, 1.1086326, 5.58819); no teleport/recovery; goal (-30.282448, 1.4110625, 5.6705036)
act1-carry: check the return turn uses captured ordinary mouse input
act1-carry-ordinary-turn: {"label":"descend the actual bath stairs back to their ground approach","ready":true,"requestedYaw":-107.35566,"yawDelta":84.93063,"expectedScreenRelative":"(-530.81647, 0)","deliveredScreenTotal":"(-530.81647, 0)","delivered":1,"unhandled":1,"startedProcess":198,"startedPhysics":208,"unhandledProcess":199,"process":200,"physics":209,"frames":3,"milliseconds":23,"before":{"Position":{"X":-30.2645206451416,"Y":1.1086325645446777,"Z":5.588190078735352},"RotationDegrees":{"X":0,"Y":167.7136993408203,"Z":0}},"after":{"Position":{"X":-30.2645206451416,"Y":1.1086325645446777,"Z":5.588190078735352},"RotationDegrees":{"X":0,"Y":-107.35564422607422,"Z":0}},"focus":true,"mouseMode":"Captured","modal":false,"vehicle":false,"treePaused":false,"canProcess":true,"held":"[X: (-0.10566397, 0, -0.9944019), Y: (0, 1, 0), Z: (0.9944019, 0, -0.10566397), O: (-29.348228, 1.9671323, 5.87456)]","validHeld":true,"events":[{"stage":"input","relative":"(-796.2246, 0)","screenRelative":"(-530.81647, 0)","process":199,"physics":208,"yaw":167.7137,"pitch":0},{"stage":"unhandled","relative":"(-796.2246, 0)","screenRelative":"(-530.81647, 0)","process":199,"physics":208,"yaw":-107.355644,"pitch":0}]}
act1-carry: check one ordinary mouse event is delivered and applies the requested carry turn within the unchanged .15 degree tolerance
act1-carry: check descend the actual bath stairs back to their ground approach: actual input (-30.26452, 1.1086326, 5.58819) -> (-29.1773, 0.657014, 5.9279714); no teleport/recovery; goal (-29.133991, 0.6949753, 5.941516)
act1-carry: check woodpile route settles on a real support with an unobstructed standing capsule
act1-carry: check the woodpile return ends grounded with the same real item and valid full-body carry pose
act1-carry: check local snow work and the real return grant no story transition
act1-carry: PASS woodpile scope 46 local checks; axe pickup and save/load branch were not run
userdata guard: original files and permissions restored and verified
