Info: Saved as "urman_character_kit.blend"
INFO Draco mesh compression is available, use library at /Users/unterlantas/Documents/GitHub/URMAN/.tools/blender/Blender.app/Contents/Resources/4.5/scripts/addons_core/io_scene_gltf2/libextern_draco.dylib
13:27:13 | INFO: Starting glTF 2.0 export
13:27:13 | INFO: Extracting primitive: Mansur_Body_LOD0Mesh
13:27:13 | INFO: Primitives created: 1
13:27:13 | INFO: Extracting primitive: Mansur_Body_LOD0Mesh.001
13:27:13 | INFO: Primitives created: 1
13:27:13 | INFO: Extracting primitive: Mansur_BootLeft_LOD0Mesh
13:27:13 | INFO: Primitives created: 1
13:27:13 | INFO: Extracting primitive: Mansur_BootLeft_LOD0Mesh.001
13:27:13 | INFO: Primitives created: 1
13:27:13 | INFO: Extracting primitive: Mansur_BootRight_LOD0Mesh
13:27:13 | INFO: Primitives created: 1
13:27:13 | INFO: Extracting primitive: Mansur_BootRight_LOD0Mesh.001
13:27:13 | INFO: Primitives created: 1
13:27:13 | INFO: Extracting primitive: Mansur_CoatFrontPlacket_LOD0Mesh
13:27:13 | INFO: Primitives created: 1
13:27:13 | INFO: Extracting primitive: Mansur_CoatFrontPlacket_LOD0Mesh.001
13:27:13 | INFO: Primitives created: 1
13:27:13 | INFO: Extracting primitive: Cone.002
13:27:13 | INFO: Primitives created: 1
13:27:13 | INFO: Extracting primitive: Cone.032
13:27:13 | INFO: Primitives created: 1
13:27:13 | INFO: Extracting primitive: Cube.007
13:27:13 | INFO: Primitives created: 1
13:27:13 | INFO: Extracting primitive: Cube.088
13:27:13 | INFO: Primitives created: 1
13:27:13 | INFO: Extracting primitive: Cube.008
13:27:13 | INFO: Primitives created: 1
13:27:13 | INFO: Extracting primitive: Cube.089
13:27:13 | INFO: Primitives created: 1
13:27:13 | INFO: Extracting primitive: Quaternius_HairBeardMesh.001
/Users/unterlantas/Documents/GitHub/URMAN/.tools/blender/Blender.app/Contents/Resources/4.5/scripts/addons_core/io_scene_gltf2/blender/exp/primitive_extract.py:73: RuntimeWarning: divide by zero encountered in matmul
  res = np.matmul(vectors, np.array(m.transposed()))
/Users/unterlantas/Documents/GitHub/URMAN/.tools/blender/Blender.app/Contents/Resources/4.5/scripts/addons_core/io_scene_gltf2/blender/exp/primitive_extract.py:73: RuntimeWarning: overflow encountered in matmul
  res = np.matmul(vectors, np.array(m.transposed()))
/Users/unterlantas/Documents/GitHub/URMAN/.tools/blender/Blender.app/Contents/Resources/4.5/scripts/addons_core/io_scene_gltf2/blender/exp/primitive_extract.py:73: RuntimeWarning: invalid value encountered in matmul
  res = np.matmul(vectors, np.array(m.transposed()))
13:27:13 | INFO: Primitives created: 1
13:27:13 | INFO: Extracting primitive: Quaternius_HairBeardMesh.005
13:27:13 | INFO: Primitives created: 1
13:27:13 | INFO: Extracting primitive: QuaterniusMale_FaceBrowsMesh.001
13:27:13 | WARNING: The active Vertex Color will not be exported, as it is not used in the node tree of the material
13:27:13 | INFO: Primitives created: 1
13:27:13 | WARNING: Mesh QuaterniusMale_FaceBrowsMesh.007 is not valid, and may be exported wrongly
13:27:13 | INFO: Extracting primitive: QuaterniusMale_FaceBrowsMesh.007
13:27:13 | WARNING: The active Vertex Color will not be exported, as it is not used in the node tree of the material
13:27:13 | INFO: Primitives created: 1
13:27:13 | INFO: Extracting primitive: Cube.001
13:27:13 | INFO: Primitives created: 1
13:27:13 | INFO: Extracting primitive: Cube.082
13:27:13 | INFO: Primitives created: 1
13:27:13 | INFO: Extracting primitive: Cube.003
13:27:13 | INFO: Primitives created: 1
13:27:13 | INFO: Extracting primitive: Cube.084
13:27:13 | INFO: Primitives created: 1
13:27:13 | INFO: Extracting primitive: QuaterniusMale_FaceEyesMesh.001
13:27:13 | WARNING: The active Vertex Color will not be exported, as it is not used in the node tree of the material
13:27:13 | INFO: Primitives created: 1
13:27:13 | INFO: Extracting primitive: QuaterniusMale_FaceEyesMesh.007
13:27:13 | WARNING: The active Vertex Color will not be exported, as it is not used in the node tree of the material
13:27:13 | INFO: Primitives created: 1
13:27:13 | INFO: Extracting primitive: Cube
13:27:13 | INFO: Primitives created: 1
13:27:13 | INFO: Extracting primitive: Cube.081
13:27:13 | INFO: Primitives created: 1
13:27:13 | INFO: Extracting primitive: Cube.002
13:27:13 | INFO: Primitives created: 1
13:27:13 | INFO: Extracting primitive: Cube.083
13:27:13 | INFO: Primitives created: 1
13:27:13 | INFO: Extracting primitive: Cube.006
13:27:13 | INFO: Primitives created: 1
13:27:13 | INFO: Extracting primitive: Cube.087
13:27:13 | INFO: Primitives created: 1
13:27:13 | INFO: Extracting primitive: Cube.004
13:27:13 | INFO: Primitives created: 1
13:27:13 | INFO: Extracting primitive: Cube.085
13:27:13 | INFO: Primitives created: 1
13:27:13 | INFO: Extracting primitive: Cube.005
13:27:13 | INFO: Primitives created: 1
13:27:13 | INFO: Extracting primitive: Cube.086
13:27:13 | INFO: Primitives created: 1
13:27:13 | INFO: Extracting primitive: Quaternius_HairBuzzedMesh.001
13:27:13 | INFO: Primitives created: 1
13:27:13 | INFO: Extracting primitive: Quaternius_HairBuzzedMesh.005
13:27:13 | INFO: Primitives created: 1
13:27:13 | INFO: Extracting primitive: Mansur_Hat_LOD0Mesh
13:27:13 | INFO: Primitives created: 1
13:27:13 | INFO: Extracting primitive: Mansur_Hat_LOD0Mesh.001
13:27:13 | INFO: Primitives created: 1
13:27:13 | INFO: Extracting primitive: QuaterniusMale_HeadMesh.001
13:27:13 | WARNING: The active Vertex Color will not be exported, as it is not used in the node tree of the material
13:27:13 | INFO: Primitives created: 1
13:27:13 | INFO: Extracting primitive: QuaterniusMale_HeadMesh.007
13:27:13 | WARNING: The active Vertex Color will not be exported, as it is not used in the node tree of the material
13:27:13 | INFO: Primitives created: 1
13:27:13 | INFO: Extracting primitive: Mansur_HeadHandLeft_LOD0Mesh
13:27:13 | INFO: Primitives created: 1
13:27:13 | INFO: Extracting primitive: Mansur_HeadHandLeft_LOD0Mesh.001
13:27:13 | INFO: Primitives created: 1
13:27:13 | INFO: Extracting primitive: Mansur_HeadHandRight_LOD0Mesh
13:27:13 | INFO: Primitives created: 1
13:27:13 | INFO: Extracting primitive: Mansur_HeadHandRight_LOD0Mesh.001
13:27:13 | INFO: Primitives created: 1
13:27:13 | INFO: Extracting primitive: Mansur_HeadHandThumbLeft_LOD0Mesh
13:27:13 | INFO: Primitives created: 1
13:27:13 | INFO: Extracting primitive: Mansur_HeadHandThumbLeft_LOD0Mesh.001
13:27:13 | INFO: Primitives created: 1
13:27:13 | INFO: Extracting primitive: Mansur_HeadHandThumbRight_LOD0Mesh
13:27:13 | INFO: Primitives created: 1
13:27:13 | INFO: Extracting primitive: Mansur_HeadHandThumbRight_LOD0Mesh.001
13:27:13 | INFO: Primitives created: 1
13:27:13 | INFO: Extracting primitive: Mansur_ScarfBand_LOD0Mesh
13:27:13 | INFO: Primitives created: 1
13:27:13 | INFO: Extracting primitive: Mansur_ScarfBand_LOD0Mesh.001
13:27:13 | INFO: Primitives created: 1
13:27:13 | INFO: Extracting primitive: Cone
13:27:13 | INFO: Primitives created: 1
13:27:13 | INFO: Extracting primitive: Cone.030
13:27:13 | INFO: Primitives created: 1
13:27:13 | INFO: Extracting primitive: Cone.001
13:27:13 | INFO: Primitives created: 1
13:27:13 | INFO: Extracting primitive: Cone.031
13:27:13 | INFO: Primitives created: 1
13:27:13 | INFO: Extracting primitive: Mansur_SleeveLeft_LOD0Mesh
13:27:13 | INFO: Primitives created: 1
13:27:13 | INFO: Extracting primitive: Mansur_SleeveLeft_LOD0Mesh.001
13:27:13 | INFO: Primitives created: 1
13:27:13 | INFO: Extracting primitive: Mansur_SleeveRight_LOD0Mesh
13:27:13 | INFO: Primitives created: 1
13:27:13 | INFO: Extracting primitive: Mansur_SleeveRight_LOD0Mesh.001
13:27:13 | INFO: Primitives created: 1
13:27:13 | INFO: Extracting primitive: Mansur_TrouserLeft_LOD0Mesh
13:27:13 | INFO: Primitives created: 1
13:27:13 | INFO: Extracting primitive: Mansur_TrouserLeft_LOD0Mesh.001
13:27:13 | INFO: Primitives created: 1
13:27:13 | INFO: Extracting primitive: Mansur_TrouserRight_LOD0Mesh
13:27:13 | INFO: Primitives created: 1
13:27:13 | INFO: Extracting primitive: Mansur_TrouserRight_LOD0Mesh.001
13:27:13 | INFO: Primitives created: 1
13:27:13 | INFO: Extracting primitive: Cone.006
13:27:13 | INFO: Primitives created: 1
13:27:13 | INFO: Extracting primitive: Cone.036
13:27:13 | INFO: Primitives created: 1
13:27:13 | INFO: Extracting primitive: Gulsina_Body_LOD0Mesh
13:27:13 | INFO: Primitives created: 1
13:27:13 | INFO: Extracting primitive: Gulsina_Body_LOD0Mesh.001
13:27:13 | INFO: Primitives created: 1
13:27:13 | INFO: Extracting primitive: Gulsina_BootLeft_LOD0Mesh
13:27:13 | INFO: Primitives created: 1
13:27:13 | INFO: Extracting primitive: Gulsina_BootLeft_LOD0Mesh.001
13:27:13 | INFO: Primitives created: 1
13:27:13 | INFO: Extracting primitive: Gulsina_BootRight_LOD0Mesh
13:27:13 | INFO: Primitives created: 1
13:27:13 | INFO: Extracting primitive: Gulsina_BootRight_LOD0Mesh.001
13:27:13 | INFO: Primitives created: 1
13:27:13 | INFO: Extracting primitive: Cone.005
13:27:13 | INFO: Primitives created: 1
13:27:13 | INFO: Extracting primitive: Cone.035
13:27:13 | INFO: Primitives created: 1
13:27:13 | INFO: Extracting primitive: Cube.016
13:27:13 | INFO: Primitives created: 1
13:27:13 | INFO: Extracting primitive: Cube.097
13:27:13 | INFO: Primitives created: 1
13:27:13 | INFO: Extracting primitive: Cube.017
13:27:13 | INFO: Primitives created: 1
13:27:13 | INFO: Extracting primitive: Cube.098
13:27:13 | INFO: Primitives created: 1
13:27:13 | INFO: Extracting primitive: QuaterniusFemale_FaceBrowsMesh.001
13:27:13 | WARNING: The active Vertex Color will not be exported, as it is not used in the node tree of the material
13:27:13 | INFO: Primitives created: 1
13:27:13 | INFO: Extracting primitive: QuaterniusFemale_FaceBrowsMesh.004
13:27:13 | WARNING: The active Vertex Color will not be exported, as it is not used in the node tree of the material
13:27:13 | INFO: Primitives created: 1
13:27:13 | INFO: Extracting primitive: Cube.010
13:27:13 | INFO: Primitives created: 1
13:27:13 | INFO: Extracting primitive: Cube.091
13:27:13 | INFO: Primitives created: 1
13:27:13 | INFO: Extracting primitive: Cube.012
13:27:13 | INFO: Primitives created: 1
13:27:13 | INFO: Extracting primitive: Cube.093
13:27:13 | INFO: Primitives created: 1
13:27:13 | INFO: Extracting primitive: QuaterniusFemale_FaceEyesMesh.001
13:27:13 | WARNING: The active Vertex Color will not be exported, as it is not used in the node tree of the material
13:27:13 | INFO: Primitives created: 1
13:27:13 | INFO: Extracting primitive: QuaterniusFemale_FaceEyesMesh.004
13:27:13 | WARNING: The active Vertex Color will not be exported, as it is not used in the node tree of the material
13:27:13 | INFO: Primitives created: 1
13:27:13 | INFO: Extracting primitive: Cube.009
13:27:13 | INFO: Primitives created: 1
13:27:13 | INFO: Extracting primitive: Cube.090
13:27:13 | INFO: Primitives created: 1
13:27:13 | INFO: Extracting primitive: Cube.011
13:27:13 | INFO: Primitives created: 1
13:27:13 | INFO: Extracting primitive: Cube.092
13:27:13 | INFO: Primitives created: 1
13:27:13 | INFO: Extracting primitive: Cube.015
13:27:13 | INFO: Primitives created: 1
13:27:13 | INFO: Extracting primitive: Cube.096
13:27:13 | INFO: Primitives created: 1
13:27:13 | INFO: Extracting primitive: Cube.013
13:27:13 | INFO: Primitives created: 1
13:27:13 | INFO: Extracting primitive: Cube.094
13:27:13 | INFO: Primitives created: 1
13:27:13 | INFO: Extracting primitive: Cube.014
13:27:13 | INFO: Primitives created: 1
13:27:13 | INFO: Extracting primitive: Cube.095
13:27:13 | INFO: Primitives created: 1
13:27:13 | INFO: Extracting primitive: Quaternius_HairBunsMesh.001
13:27:13 | INFO: Primitives created: 1
13:27:13 | INFO: Extracting primitive: Quaternius_HairBunsMesh.003
13:27:13 | INFO: Primitives created: 1
13:27:13 | INFO: Extracting primitive: Gulsina_Hat_LOD0Mesh
13:27:13 | INFO: Primitives created: 1
13:27:13 | WARNING: Mesh Gulsina_Hat_LOD0Mesh.001 is not valid, and may be exported wrongly
13:27:13 | INFO: Extracting primitive: Gulsina_Hat_LOD0Mesh.001
13:27:13 | INFO: Primitives created: 1
13:27:13 | INFO: Extracting primitive: QuaterniusFemale_HeadMesh.001
13:27:13 | WARNING: The active Vertex Color will not be exported, as it is not used in the node tree of the material
13:27:13 | INFO: Primitives created: 1
13:27:13 | INFO: Extracting primitive: QuaterniusFemale_HeadMesh.004
13:27:13 | WARNING: The active Vertex Color will not be exported, as it is not used in the node tree of the material
13:27:13 | INFO: Primitives created: 1
13:27:13 | INFO: Extracting primitive: Gulsina_HeadHandLeft_LOD0Mesh
13:27:13 | INFO: Primitives created: 1
13:27:13 | INFO: Extracting primitive: Gulsina_HeadHandLeft_LOD0Mesh.001
13:27:13 | INFO: Primitives created: 1
13:27:13 | INFO: Extracting primitive: Gulsina_HeadHandRight_LOD0Mesh
13:27:13 | INFO: Primitives created: 1
13:27:13 | INFO: Extracting primitive: Gulsina_HeadHandRight_LOD0Mesh.001
13:27:13 | INFO: Primitives created: 1
13:27:13 | INFO: Extracting primitive: Gulsina_HeadHandThumbLeft_LOD0Mesh
13:27:13 | INFO: Primitives created: 1
13:27:13 | INFO: Extracting primitive: Gulsina_HeadHandThumbLeft_LOD0Mesh.001
13:27:13 | INFO: Primitives created: 1
13:27:13 | INFO: Extracting primitive: Gulsina_HeadHandThumbRight_LOD0Mesh
13:27:13 | INFO: Primitives created: 1
13:27:13 | INFO: Extracting primitive: Gulsina_HeadHandThumbRight_LOD0Mesh.001
13:27:13 | INFO: Primitives created: 1
13:27:13 | INFO: Extracting primitive: Gulsina_ScarfBand_LOD0Mesh
13:27:13 | INFO: Primitives created: 1
13:27:13 | INFO: Extracting primitive: Gulsina_ScarfBand_LOD0Mesh.001
13:27:13 | INFO: Primitives created: 1
13:27:13 | INFO: Extracting primitive: Cone.003
13:27:13 | INFO: Primitives created: 1
13:27:13 | INFO: Extracting primitive: Cone.033
13:27:13 | INFO: Primitives created: 1
13:27:13 | INFO: Extracting primitive: Cone.004
13:27:13 | INFO: Primitives created: 1
13:27:13 | INFO: Extracting primitive: Cone.034
13:27:13 | INFO: Primitives created: 1
13:27:13 | INFO: Extracting primitive: Gulsina_SleeveLeft_LOD0Mesh
13:27:13 | INFO: Primitives created: 1
13:27:13 | INFO: Extracting primitive: Gulsina_SleeveLeft_LOD0Mesh.001
13:27:13 | INFO: Primitives created: 1
13:27:13 | INFO: Extracting primitive: Gulsina_SleeveRight_LOD0Mesh
13:27:13 | INFO: Primitives created: 1
13:27:13 | INFO: Extracting primitive: Gulsina_SleeveRight_LOD0Mesh.001
13:27:13 | INFO: Primitives created: 1
13:27:13 | INFO: Extracting primitive: Cone.007
13:27:13 | INFO: Primitives created: 1
13:27:13 | INFO: Extracting primitive: Cone.037
13:27:13 | INFO: Primitives created: 1
13:27:13 | INFO: Extracting primitive: Gulsina_TrouserLeft_LOD0Mesh
13:27:13 | INFO: Primitives created: 1
13:27:13 | INFO: Extracting primitive: Gulsina_TrouserLeft_LOD0Mesh.001
13:27:13 | INFO: Primitives created: 1
13:27:13 | INFO: Extracting primitive: Gulsina_TrouserRight_LOD0Mesh
13:27:13 | INFO: Primitives created: 1
13:27:13 | INFO: Extracting primitive: Gulsina_TrouserRight_LOD0Mesh.001
13:27:13 | INFO: Primitives created: 1
13:27:13 | INFO: Extracting primitive: Alsu_Body_LOD0Mesh
13:27:13 | INFO: Primitives created: 1
13:27:13 | INFO: Extracting primitive: Alsu_Body_LOD0Mesh.001
13:27:13 | INFO: Primitives created: 1
13:27:13 | INFO: Extracting primitive: Alsu_BootLeft_LOD0Mesh
13:27:13 | INFO: Primitives created: 1
13:27:13 | INFO: Extracting primitive: Alsu_BootLeft_LOD0Mesh.001
13:27:13 | INFO: Primitives created: 1
13:27:13 | INFO: Extracting primitive: Alsu_BootRight_LOD0Mesh
13:27:13 | INFO: Primitives created: 1
13:27:13 | INFO: Extracting primitive: Alsu_BootRight_LOD0Mesh.001
13:27:13 | INFO: Primitives created: 1
13:27:13 | INFO: Extracting primitive: Alsu_CoatFrontPlacket_LOD0Mesh
13:27:13 | INFO: Primitives created: 1
13:27:13 | INFO: Extracting primitive: Alsu_CoatFrontPlacket_LOD0Mesh.001
13:27:13 | INFO: Primitives created: 1
13:27:13 | INFO: Extracting primitive: Cone.010
13:27:13 | INFO: Primitives created: 1
13:27:13 | INFO: Extracting primitive: Cone.040
13:27:13 | INFO: Primitives created: 1
13:27:13 | INFO: Extracting primitive: Cube.025
13:27:13 | INFO: Primitives created: 1
13:27:13 | INFO: Extracting primitive: Cube.106
13:27:13 | INFO: Primitives created: 1
13:27:13 | INFO: Extracting primitive: Cube.026
13:27:13 | INFO: Primitives created: 1
13:27:13 | INFO: Extracting primitive: Cube.107
13:27:13 | INFO: Primitives created: 1
13:27:13 | INFO: Extracting primitive: QuaterniusFemale_FaceBrowsMesh.002
13:27:13 | WARNING: The active Vertex Color will not be exported, as it is not used in the node tree of the material
13:27:13 | INFO: Primitives created: 1
13:27:13 | INFO: Extracting primitive: QuaterniusFemale_FaceBrowsMesh.005
13:27:13 | WARNING: The active Vertex Color will not be exported, as it is not used in the node tree of the material
13:27:13 | INFO: Primitives created: 1
13:27:13 | INFO: Extracting primitive: Cube.019
13:27:13 | INFO: Primitives created: 1
13:27:13 | INFO: Extracting primitive: Cube.100
13:27:13 | INFO: Primitives created: 1
13:27:13 | INFO: Extracting primitive: Cube.021
13:27:13 | INFO: Primitives created: 1
13:27:13 | INFO: Extracting primitive: Cube.102
13:27:13 | INFO: Primitives created: 1
13:27:13 | INFO: Extracting primitive: QuaterniusFemale_FaceEyesMesh.002
13:27:13 | WARNING: The active Vertex Color will not be exported, as it is not used in the node tree of the material
13:27:13 | INFO: Primitives created: 1
13:27:13 | INFO: Extracting primitive: QuaterniusFemale_FaceEyesMesh.005
13:27:13 | WARNING: The active Vertex Color will not be exported, as it is not used in the node tree of the material
13:27:13 | INFO: Primitives created: 1
13:27:13 | INFO: Extracting primitive: Cube.018
13:27:13 | INFO: Primitives created: 1
13:27:13 | INFO: Extracting primitive: Cube.099
13:27:13 | INFO: Primitives created: 1
13:27:13 | INFO: Extracting primitive: Cube.020
13:27:13 | INFO: Primitives created: 1
13:27:13 | INFO: Extracting primitive: Cube.101
13:27:13 | INFO: Primitives created: 1
13:27:13 | INFO: Extracting primitive: Cube.024
13:27:13 | INFO: Primitives created: 1
13:27:13 | INFO: Extracting primitive: Cube.105
13:27:13 | INFO: Primitives created: 1
13:27:13 | INFO: Extracting primitive: Cube.022
13:27:13 | INFO: Primitives created: 1
13:27:13 | INFO: Extracting primitive: Cube.103
13:27:13 | INFO: Primitives created: 1
13:27:13 | INFO: Extracting primitive: Cube.023
13:27:13 | INFO: Primitives created: 1
13:27:13 | INFO: Extracting primitive: Cube.104
13:27:13 | INFO: Primitives created: 1
13:27:13 | INFO: Extracting primitive: Quaternius_HairLongMesh.001
13:27:13 | INFO: Primitives created: 1
13:27:13 | INFO: Extracting primitive: Quaternius_HairLongMesh.002
13:27:13 | INFO: Primitives created: 1
13:27:13 | INFO: Extracting primitive: QuaterniusFemale_HeadMesh.002
13:27:13 | WARNING: The active Vertex Color will not be exported, as it is not used in the node tree of the material
13:27:13 | INFO: Primitives created: 1
13:27:13 | INFO: Extracting primitive: QuaterniusFemale_HeadMesh.005
13:27:13 | WARNING: The active Vertex Color will not be exported, as it is not used in the node tree of the material
13:27:13 | INFO: Primitives created: 1
13:27:13 | INFO: Extracting primitive: Alsu_HeadHandLeft_LOD0Mesh
13:27:13 | INFO: Primitives created: 1
13:27:13 | INFO: Extracting primitive: Alsu_HeadHandLeft_LOD0Mesh.001
13:27:13 | INFO: Primitives created: 1
13:27:13 | INFO: Extracting primitive: Alsu_HeadHandRight_LOD0Mesh
13:27:13 | INFO: Primitives created: 1
13:27:13 | INFO: Extracting primitive: Alsu_HeadHandRight_LOD0Mesh.001
13:27:13 | INFO: Primitives created: 1
13:27:13 | INFO: Extracting primitive: Alsu_HeadHandThumbLeft_LOD0Mesh
13:27:13 | INFO: Primitives created: 1
13:27:13 | INFO: Extracting primitive: Alsu_HeadHandThumbLeft_LOD0Mesh.001
13:27:13 | INFO: Primitives created: 1
13:27:13 | INFO: Extracting primitive: Alsu_HeadHandThumbRight_LOD0Mesh
13:27:13 | INFO: Primitives created: 1
13:27:13 | INFO: Extracting primitive: Alsu_HeadHandThumbRight_LOD0Mesh.001
13:27:13 | INFO: Primitives created: 1
13:27:13 | INFO: Extracting primitive: Alsu_ScarfBand_LOD0Mesh
13:27:13 | INFO: Primitives created: 1
13:27:13 | INFO: Extracting primitive: Alsu_ScarfBand_LOD0Mesh.001
13:27:13 | INFO: Primitives created: 1
13:27:13 | INFO: Extracting primitive: Cone.008
13:27:13 | INFO: Primitives created: 1
13:27:13 | INFO: Extracting primitive: Cone.038
13:27:13 | INFO: Primitives created: 1
13:27:13 | INFO: Extracting primitive: Cone.009
13:27:13 | INFO: Primitives created: 1
13:27:13 | INFO: Extracting primitive: Cone.039
13:27:13 | INFO: Primitives created: 1
13:27:13 | INFO: Extracting primitive: Alsu_SleeveLeft_LOD0Mesh
13:27:13 | INFO: Primitives created: 1
13:27:13 | INFO: Extracting primitive: Alsu_SleeveLeft_LOD0Mesh.001
13:27:13 | INFO: Primitives created: 1
13:27:13 | INFO: Extracting primitive: Alsu_SleeveRight_LOD0Mesh
13:27:13 | INFO: Primitives created: 1
13:27:13 | INFO: Extracting primitive: Alsu_SleeveRight_LOD0Mesh.001
13:27:13 | INFO: Primitives created: 1
13:27:13 | INFO: Extracting primitive: Alsu_TrouserLeft_LOD0Mesh
13:27:13 | INFO: Primitives created: 1
13:27:13 | INFO: Extracting primitive: Alsu_TrouserLeft_LOD0Mesh.001
13:27:13 | INFO: Primitives created: 1
13:27:13 | INFO: Extracting primitive: Alsu_TrouserRight_LOD0Mesh
13:27:13 | INFO: Primitives created: 1
13:27:13 | INFO: Extracting primitive: Alsu_TrouserRight_LOD0Mesh.001
13:27:13 | INFO: Primitives created: 1
13:27:13 | INFO: Extracting primitive: TimurHazrat_Body_LOD0Mesh
13:27:13 | INFO: Primitives created: 1
13:27:13 | INFO: Extracting primitive: TimurHazrat_Body_LOD0Mesh.001
13:27:13 | INFO: Primitives created: 1
13:27:13 | INFO: Extracting primitive: TimurHazrat_BootLeft_LOD0Mesh
13:27:13 | INFO: Primitives created: 1
13:27:13 | INFO: Extracting primitive: TimurHazrat_BootLeft_LOD0Mesh.001
13:27:13 | INFO: Primitives created: 1
13:27:13 | INFO: Extracting primitive: TimurHazrat_BootRight_LOD0Mesh
13:27:13 | INFO: Primitives created: 1
13:27:13 | INFO: Extracting primitive: TimurHazrat_BootRight_LOD0Mesh.001
13:27:13 | INFO: Primitives created: 1
13:27:13 | INFO: Extracting primitive: TimurHazrat_CoatFrontPlacket_LOD0Mesh
13:27:13 | INFO: Primitives created: 1
13:27:13 | INFO: Extracting primitive: TimurHazrat_CoatFrontPlacket_LOD0Mesh.001
13:27:13 | INFO: Primitives created: 1
13:27:13 | INFO: Extracting primitive: Cone.013
13:27:13 | INFO: Primitives created: 1
13:27:13 | INFO: Extracting primitive: Cone.043
13:27:13 | INFO: Primitives created: 1
13:27:13 | INFO: Extracting primitive: Cube.034
13:27:13 | INFO: Primitives created: 1
13:27:13 | INFO: Extracting primitive: Cube.115
13:27:13 | INFO: Primitives created: 1
13:27:13 | INFO: Extracting primitive: Cube.035
13:27:13 | INFO: Primitives created: 1
13:27:13 | INFO: Extracting primitive: Cube.116
13:27:13 | INFO: Primitives created: 1
13:27:13 | INFO: Extracting primitive: Quaternius_HairBeardMesh.002
13:27:13 | INFO: Primitives created: 1
13:27:13 | INFO: Extracting primitive: Quaternius_HairBeardMesh.006
13:27:13 | INFO: Primitives created: 1
13:27:13 | INFO: Extracting primitive: QuaterniusMale_FaceBrowsMesh.002
13:27:13 | WARNING: The active Vertex Color will not be exported, as it is not used in the node tree of the material
13:27:13 | INFO: Primitives created: 1
13:27:13 | WARNING: Mesh QuaterniusMale_FaceBrowsMesh.008 is not valid, and may be exported wrongly
13:27:13 | INFO: Extracting primitive: QuaterniusMale_FaceBrowsMesh.008
13:27:13 | WARNING: The active Vertex Color will not be exported, as it is not used in the node tree of the material
13:27:13 | INFO: Primitives created: 1
13:27:13 | INFO: Extracting primitive: Cube.028
13:27:13 | INFO: Primitives created: 1
13:27:13 | INFO: Extracting primitive: Cube.109
13:27:13 | INFO: Primitives created: 1
13:27:13 | INFO: Extracting primitive: Cube.030
13:27:13 | INFO: Primitives created: 1
13:27:13 | INFO: Extracting primitive: Cube.111
13:27:13 | INFO: Primitives created: 1
13:27:13 | INFO: Extracting primitive: QuaterniusMale_FaceEyesMesh.002
13:27:13 | WARNING: The active Vertex Color will not be exported, as it is not used in the node tree of the material
13:27:13 | INFO: Primitives created: 1
13:27:13 | INFO: Extracting primitive: QuaterniusMale_FaceEyesMesh.008
13:27:13 | WARNING: The active Vertex Color will not be exported, as it is not used in the node tree of the material
13:27:13 | INFO: Primitives created: 1
13:27:13 | INFO: Extracting primitive: Cube.027
13:27:13 | INFO: Primitives created: 1
13:27:13 | INFO: Extracting primitive: Cube.108
13:27:13 | INFO: Primitives created: 1
13:27:13 | INFO: Extracting primitive: Cube.029
13:27:13 | INFO: Primitives created: 1
13:27:13 | INFO: Extracting primitive: Cube.110
13:27:13 | INFO: Primitives created: 1
13:27:13 | INFO: Extracting primitive: Cube.033
13:27:13 | INFO: Primitives created: 1
13:27:13 | INFO: Extracting primitive: Cube.114
13:27:13 | INFO: Primitives created: 1
13:27:13 | INFO: Extracting primitive: Cube.031
13:27:13 | INFO: Primitives created: 1
13:27:13 | INFO: Extracting primitive: Cube.112
13:27:13 | INFO: Primitives created: 1
13:27:13 | INFO: Extracting primitive: Cube.032
13:27:13 | INFO: Primitives created: 1
13:27:13 | INFO: Extracting primitive: Cube.113
13:27:13 | INFO: Primitives created: 1
13:27:13 | INFO: Extracting primitive: Quaternius_HairBuzzedMesh.002
13:27:13 | INFO: Primitives created: 1
13:27:13 | INFO: Extracting primitive: Quaternius_HairBuzzedMesh.006
13:27:13 | INFO: Primitives created: 1
13:27:13 | INFO: Extracting primitive: TimurHazrat_Hat_LOD0Mesh
13:27:13 | INFO: Primitives created: 1
13:27:13 | INFO: Extracting primitive: TimurHazrat_Hat_LOD0Mesh.001
13:27:13 | INFO: Primitives created: 1
13:27:13 | INFO: Extracting primitive: QuaterniusMale_HeadMesh.002
13:27:13 | WARNING: The active Vertex Color will not be exported, as it is not used in the node tree of the material
13:27:13 | INFO: Primitives created: 1
13:27:13 | INFO: Extracting primitive: QuaterniusMale_HeadMesh.008
13:27:13 | WARNING: The active Vertex Color will not be exported, as it is not used in the node tree of the material
13:27:13 | INFO: Primitives created: 1
13:27:13 | INFO: Extracting primitive: TimurHazrat_HeadHandLeft_LOD0Mesh
13:27:13 | INFO: Primitives created: 1
13:27:13 | INFO: Extracting primitive: TimurHazrat_HeadHandLeft_LOD0Mesh.001
13:27:13 | INFO: Primitives created: 1
13:27:13 | INFO: Extracting primitive: TimurHazrat_HeadHandRight_LOD0Mesh
13:27:13 | INFO: Primitives created: 1
13:27:13 | INFO: Extracting primitive: TimurHazrat_HeadHandRight_LOD0Mesh.001
13:27:13 | INFO: Primitives created: 1
13:27:13 | INFO: Extracting primitive: TimurHazrat_HeadHandThumbLeft_LOD0Mesh
13:27:13 | INFO: Primitives created: 1
13:27:13 | INFO: Extracting primitive: TimurHazrat_HeadHandThumbLeft_LOD0Mesh.001
13:27:13 | INFO: Primitives created: 1
13:27:13 | INFO: Extracting primitive: TimurHazrat_HeadHandThumbRight_LOD0Mesh
13:27:13 | INFO: Primitives created: 1
13:27:13 | INFO: Extracting primitive: TimurHazrat_HeadHandThumbRight_LOD0Mesh.001
13:27:13 | INFO: Primitives created: 1
13:27:13 | INFO: Extracting primitive: TimurHazrat_ScarfBand_LOD0Mesh
13:27:13 | INFO: Primitives created: 1
13:27:13 | INFO: Extracting primitive: TimurHazrat_ScarfBand_LOD0Mesh.001
13:27:13 | INFO: Primitives created: 1
13:27:13 | INFO: Extracting primitive: Cone.011
13:27:13 | INFO: Primitives created: 1
13:27:13 | INFO: Extracting primitive: Cone.041
13:27:13 | INFO: Primitives created: 1
13:27:13 | INFO: Extracting primitive: Cone.012
13:27:13 | INFO: Primitives created: 1
13:27:13 | INFO: Extracting primitive: Cone.042
13:27:13 | INFO: Primitives created: 1
13:27:13 | INFO: Extracting primitive: TimurHazrat_SleeveLeft_LOD0Mesh
13:27:13 | INFO: Primitives created: 1
13:27:13 | INFO: Extracting primitive: TimurHazrat_SleeveLeft_LOD0Mesh.001
13:27:13 | INFO: Primitives created: 1
13:27:13 | INFO: Extracting primitive: TimurHazrat_SleeveRight_LOD0Mesh
13:27:13 | INFO: Primitives created: 1
13:27:13 | INFO: Extracting primitive: TimurHazrat_SleeveRight_LOD0Mesh.001
13:27:13 | INFO: Primitives created: 1
13:27:13 | INFO: Extracting primitive: TimurHazrat_TrouserLeft_LOD0Mesh
13:27:13 | INFO: Primitives created: 1
13:27:13 | INFO: Extracting primitive: TimurHazrat_TrouserLeft_LOD0Mesh.001
13:27:13 | INFO: Primitives created: 1
13:27:13 | INFO: Extracting primitive: TimurHazrat_TrouserRight_LOD0Mesh
13:27:13 | INFO: Primitives created: 1
13:27:13 | INFO: Extracting primitive: TimurHazrat_TrouserRight_LOD0Mesh.001
13:27:13 | INFO: Primitives created: 1
13:27:13 | INFO: Extracting primitive: CouncilElder_Body_LOD0Mesh
13:27:13 | INFO: Primitives created: 1
13:27:13 | INFO: Extracting primitive: CouncilElder_Body_LOD0Mesh.001
13:27:13 | INFO: Primitives created: 1
13:27:13 | INFO: Extracting primitive: CouncilElder_BootLeft_LOD0Mesh
13:27:13 | INFO: Primitives created: 1
13:27:13 | INFO: Extracting primitive: CouncilElder_BootLeft_LOD0Mesh.001
13:27:13 | INFO: Primitives created: 1
13:27:13 | INFO: Extracting primitive: CouncilElder_BootRight_LOD0Mesh
13:27:13 | INFO: Primitives created: 1
13:27:13 | INFO: Extracting primitive: CouncilElder_BootRight_LOD0Mesh.001
13:27:13 | INFO: Primitives created: 1
13:27:13 | INFO: Extracting primitive: CouncilElder_CoatFrontPlacket_LOD0Mesh
13:27:13 | INFO: Primitives created: 1
13:27:13 | INFO: Extracting primitive: CouncilElder_CoatFrontPlacket_LOD0Mesh.001
13:27:13 | INFO: Primitives created: 1
13:27:13 | INFO: Extracting primitive: Cone.016
13:27:13 | INFO: Primitives created: 1
13:27:13 | INFO: Extracting primitive: Cone.046
13:27:13 | INFO: Primitives created: 1
13:27:13 | INFO: Extracting primitive: Cube.043
13:27:13 | INFO: Primitives created: 1
13:27:13 | INFO: Extracting primitive: Cube.124
13:27:13 | INFO: Primitives created: 1
13:27:13 | INFO: Extracting primitive: Cube.044
13:27:13 | INFO: Primitives created: 1
13:27:13 | INFO: Extracting primitive: Cube.125
13:27:13 | INFO: Primitives created: 1
13:27:13 | INFO: Extracting primitive: Quaternius_HairBeardMesh.003
13:27:13 | INFO: Primitives created: 1
13:27:13 | INFO: Extracting primitive: Quaternius_HairBeardMesh.007
13:27:13 | INFO: Primitives created: 1
13:27:13 | INFO: Extracting primitive: QuaterniusMale_FaceBrowsMesh.003
13:27:13 | WARNING: The active Vertex Color will not be exported, as it is not used in the node tree of the material
13:27:13 | INFO: Primitives created: 1
13:27:13 | WARNING: Mesh QuaterniusMale_FaceBrowsMesh.009 is not valid, and may be exported wrongly
13:27:13 | INFO: Extracting primitive: QuaterniusMale_FaceBrowsMesh.009
13:27:13 | WARNING: The active Vertex Color will not be exported, as it is not used in the node tree of the material
13:27:13 | INFO: Primitives created: 1
13:27:13 | INFO: Extracting primitive: Cube.037
13:27:13 | INFO: Primitives created: 1
13:27:13 | INFO: Extracting primitive: Cube.118
13:27:13 | INFO: Primitives created: 1
13:27:13 | INFO: Extracting primitive: Cube.039
13:27:13 | INFO: Primitives created: 1
13:27:13 | INFO: Extracting primitive: Cube.120
13:27:13 | INFO: Primitives created: 1
13:27:13 | INFO: Extracting primitive: QuaterniusMale_FaceEyesMesh.003
13:27:13 | WARNING: The active Vertex Color will not be exported, as it is not used in the node tree of the material
13:27:13 | INFO: Primitives created: 1
13:27:13 | INFO: Extracting primitive: QuaterniusMale_FaceEyesMesh.009
13:27:13 | WARNING: The active Vertex Color will not be exported, as it is not used in the node tree of the material
13:27:13 | INFO: Primitives created: 1
13:27:13 | INFO: Extracting primitive: Cube.036
13:27:13 | INFO: Primitives created: 1
13:27:13 | INFO: Extracting primitive: Cube.117
13:27:13 | INFO: Primitives created: 1
13:27:13 | INFO: Extracting primitive: Cube.038
13:27:13 | INFO: Primitives created: 1
13:27:13 | INFO: Extracting primitive: Cube.119
13:27:13 | INFO: Primitives created: 1
13:27:13 | INFO: Extracting primitive: Cube.042
13:27:13 | INFO: Primitives created: 1
13:27:13 | INFO: Extracting primitive: Cube.123
13:27:13 | INFO: Primitives created: 1
13:27:13 | INFO: Extracting primitive: Cube.040
13:27:13 | INFO: Primitives created: 1
13:27:13 | INFO: Extracting primitive: Cube.121
13:27:13 | INFO: Primitives created: 1
13:27:13 | INFO: Extracting primitive: Cube.041
13:27:13 | INFO: Primitives created: 1
13:27:13 | INFO: Extracting primitive: Cube.122
13:27:13 | INFO: Primitives created: 1
13:27:13 | INFO: Extracting primitive: Quaternius_HairBuzzedMesh.003
13:27:13 | INFO: Primitives created: 1
13:27:13 | INFO: Extracting primitive: Quaternius_HairBuzzedMesh.007
13:27:13 | INFO: Primitives created: 1
13:27:13 | INFO: Extracting primitive: CouncilElder_Hat_LOD0Mesh
13:27:13 | INFO: Primitives created: 1
13:27:13 | INFO: Extracting primitive: CouncilElder_Hat_LOD0Mesh.001
13:27:13 | INFO: Primitives created: 1
13:27:13 | INFO: Extracting primitive: QuaterniusMale_HeadMesh.003
13:27:13 | WARNING: The active Vertex Color will not be exported, as it is not used in the node tree of the material
13:27:13 | INFO: Primitives created: 1
13:27:13 | INFO: Extracting primitive: QuaterniusMale_HeadMesh.009
13:27:13 | WARNING: The active Vertex Color will not be exported, as it is not used in the node tree of the material
13:27:13 | INFO: Primitives created: 1
13:27:13 | INFO: Extracting primitive: CouncilElder_HeadHandLeft_LOD0Mesh
13:27:13 | INFO: Primitives created: 1
13:27:13 | INFO: Extracting primitive: CouncilElder_HeadHandLeft_LOD0Mesh.001
13:27:13 | INFO: Primitives created: 1
13:27:13 | INFO: Extracting primitive: CouncilElder_HeadHandRight_LOD0Mesh
13:27:13 | INFO: Primitives created: 1
13:27:13 | INFO: Extracting primitive: CouncilElder_HeadHandRight_LOD0Mesh.001
13:27:13 | INFO: Primitives created: 1
13:27:13 | INFO: Extracting primitive: CouncilElder_HeadHandThumbLeft_LOD0Mesh
13:27:13 | INFO: Primitives created: 1
13:27:13 | INFO: Extracting primitive: CouncilElder_HeadHandThumbLeft_LOD0Mesh.001
13:27:13 | INFO: Primitives created: 1
13:27:13 | INFO: Extracting primitive: CouncilElder_HeadHandThumbRight_LOD0Mesh
13:27:13 | INFO: Primitives created: 1
13:27:13 | INFO: Extracting primitive: CouncilElder_HeadHandThumbRight_LOD0Mesh.001
13:27:13 | INFO: Primitives created: 1
13:27:13 | INFO: Extracting primitive: CouncilElder_ScarfBand_LOD0Mesh
13:27:13 | INFO: Primitives created: 1
13:27:13 | INFO: Extracting primitive: CouncilElder_ScarfBand_LOD0Mesh.001
13:27:13 | INFO: Primitives created: 1
13:27:13 | INFO: Extracting primitive: Cone.014
13:27:13 | INFO: Primitives created: 1
13:27:13 | INFO: Extracting primitive: Cone.044
13:27:13 | INFO: Primitives created: 1
13:27:13 | INFO: Extracting primitive: Cone.015
13:27:13 | INFO: Primitives created: 1
13:27:13 | INFO: Extracting primitive: Cone.045
13:27:13 | INFO: Primitives created: 1
13:27:13 | INFO: Extracting primitive: CouncilElder_SleeveLeft_LOD0Mesh
13:27:13 | INFO: Primitives created: 1
13:27:13 | INFO: Extracting primitive: CouncilElder_SleeveLeft_LOD0Mesh.001
13:27:13 | INFO: Primitives created: 1
13:27:13 | INFO: Extracting primitive: CouncilElder_SleeveRight_LOD0Mesh
13:27:13 | INFO: Primitives created: 1
13:27:13 | INFO: Extracting primitive: CouncilElder_SleeveRight_LOD0Mesh.001
13:27:13 | INFO: Primitives created: 1
13:27:13 | INFO: Extracting primitive: CouncilElder_TrouserLeft_LOD0Mesh
13:27:13 | INFO: Primitives created: 1
13:27:13 | INFO: Extracting primitive: CouncilElder_TrouserLeft_LOD0Mesh.001
13:27:13 | INFO: Primitives created: 1
13:27:13 | INFO: Extracting primitive: CouncilElder_TrouserRight_LOD0Mesh
13:27:13 | INFO: Primitives created: 1
13:27:14 | INFO: Extracting primitive: CouncilElder_TrouserRight_LOD0Mesh.001
13:27:14 | INFO: Primitives created: 1
13:27:14 | INFO: Extracting primitive: CouncilWitness_Body_LOD0Mesh
13:27:14 | INFO: Primitives created: 1
13:27:14 | INFO: Extracting primitive: CouncilWitness_Body_LOD0Mesh.001
13:27:14 | INFO: Primitives created: 1
13:27:14 | INFO: Extracting primitive: CouncilWitness_BootLeft_LOD0Mesh
13:27:14 | INFO: Primitives created: 1
13:27:14 | INFO: Extracting primitive: CouncilWitness_BootLeft_LOD0Mesh.001
13:27:14 | INFO: Primitives created: 1
13:27:14 | INFO: Extracting primitive: CouncilWitness_BootRight_LOD0Mesh
13:27:14 | INFO: Primitives created: 1
13:27:14 | INFO: Extracting primitive: CouncilWitness_BootRight_LOD0Mesh.001
13:27:14 | INFO: Primitives created: 1
13:27:14 | INFO: Extracting primitive: CouncilWitness_CoatFrontPlacket_LOD0Mesh
13:27:14 | INFO: Primitives created: 1
13:27:14 | INFO: Extracting primitive: CouncilWitness_CoatFrontPlacket_LOD0Mesh.001
13:27:14 | INFO: Primitives created: 1
13:27:14 | INFO: Extracting primitive: Cone.019
13:27:14 | INFO: Primitives created: 1
13:27:14 | INFO: Extracting primitive: Cone.049
13:27:14 | INFO: Primitives created: 1
13:27:14 | INFO: Extracting primitive: Cube.052
13:27:14 | INFO: Primitives created: 1
13:27:14 | INFO: Extracting primitive: Cube.133
13:27:14 | INFO: Primitives created: 1
13:27:14 | INFO: Extracting primitive: Cube.053
13:27:14 | INFO: Primitives created: 1
13:27:14 | INFO: Extracting primitive: Cube.134
13:27:14 | INFO: Primitives created: 1
13:27:14 | INFO: Extracting primitive: QuaterniusMale_FaceBrowsMesh.004
13:27:14 | WARNING: The active Vertex Color will not be exported, as it is not used in the node tree of the material
13:27:14 | INFO: Primitives created: 1
13:27:14 | WARNING: Mesh QuaterniusMale_FaceBrowsMesh.010 is not valid, and may be exported wrongly
13:27:14 | INFO: Extracting primitive: QuaterniusMale_FaceBrowsMesh.010
13:27:14 | WARNING: The active Vertex Color will not be exported, as it is not used in the node tree of the material
13:27:14 | INFO: Primitives created: 1
13:27:14 | INFO: Extracting primitive: Cube.046
13:27:14 | INFO: Primitives created: 1
13:27:14 | INFO: Extracting primitive: Cube.127
13:27:14 | INFO: Primitives created: 1
13:27:14 | INFO: Extracting primitive: Cube.048
13:27:14 | INFO: Primitives created: 1
13:27:14 | INFO: Extracting primitive: Cube.129
13:27:14 | INFO: Primitives created: 1
13:27:14 | INFO: Extracting primitive: QuaterniusMale_FaceEyesMesh.004
13:27:14 | WARNING: The active Vertex Color will not be exported, as it is not used in the node tree of the material
13:27:14 | INFO: Primitives created: 1
13:27:14 | INFO: Extracting primitive: QuaterniusMale_FaceEyesMesh.010
13:27:14 | WARNING: The active Vertex Color will not be exported, as it is not used in the node tree of the material
13:27:14 | INFO: Primitives created: 1
13:27:14 | INFO: Extracting primitive: Cube.045
13:27:14 | INFO: Primitives created: 1
13:27:14 | INFO: Extracting primitive: Cube.126
13:27:14 | INFO: Primitives created: 1
13:27:14 | INFO: Extracting primitive: Cube.047
13:27:14 | INFO: Primitives created: 1
13:27:14 | INFO: Extracting primitive: Cube.128
13:27:14 | INFO: Primitives created: 1
13:27:14 | INFO: Extracting primitive: Cube.051
13:27:14 | INFO: Primitives created: 1
13:27:14 | INFO: Extracting primitive: Cube.132
13:27:14 | INFO: Primitives created: 1
13:27:14 | INFO: Extracting primitive: Cube.049
13:27:14 | INFO: Primitives created: 1
13:27:14 | INFO: Extracting primitive: Cube.130
13:27:14 | INFO: Primitives created: 1
13:27:14 | INFO: Extracting primitive: Cube.050
13:27:14 | INFO: Primitives created: 1
13:27:14 | INFO: Extracting primitive: Cube.131
13:27:14 | INFO: Primitives created: 1
13:27:14 | INFO: Extracting primitive: Quaternius_HairSimplePartedMesh.001
13:27:14 | INFO: Primitives created: 1
13:27:14 | INFO: Extracting primitive: Quaternius_HairSimplePartedMesh.003
13:27:14 | INFO: Primitives created: 1
13:27:14 | INFO: Extracting primitive: QuaterniusMale_HeadMesh.004
13:27:14 | WARNING: The active Vertex Color will not be exported, as it is not used in the node tree of the material
13:27:14 | INFO: Primitives created: 1
13:27:14 | INFO: Extracting primitive: QuaterniusMale_HeadMesh.010
13:27:14 | WARNING: The active Vertex Color will not be exported, as it is not used in the node tree of the material
13:27:14 | INFO: Primitives created: 1
13:27:14 | INFO: Extracting primitive: CouncilWitness_HeadHandLeft_LOD0Mesh
13:27:14 | INFO: Primitives created: 1
13:27:14 | INFO: Extracting primitive: CouncilWitness_HeadHandLeft_LOD0Mesh.001
13:27:14 | INFO: Primitives created: 1
13:27:14 | INFO: Extracting primitive: CouncilWitness_HeadHandRight_LOD0Mesh
13:27:14 | INFO: Primitives created: 1
13:27:14 | INFO: Extracting primitive: CouncilWitness_HeadHandRight_LOD0Mesh.001
13:27:14 | INFO: Primitives created: 1
13:27:14 | INFO: Extracting primitive: CouncilWitness_HeadHandThumbLeft_LOD0Mesh
13:27:14 | INFO: Primitives created: 1
13:27:14 | INFO: Extracting primitive: CouncilWitness_HeadHandThumbLeft_LOD0Mesh.001
13:27:14 | INFO: Primitives created: 1
13:27:14 | INFO: Extracting primitive: CouncilWitness_HeadHandThumbRight_LOD0Mesh
13:27:14 | INFO: Primitives created: 1
13:27:14 | INFO: Extracting primitive: CouncilWitness_HeadHandThumbRight_LOD0Mesh.001
13:27:14 | INFO: Primitives created: 1
13:27:14 | INFO: Extracting primitive: CouncilWitness_ScarfBand_LOD0Mesh
13:27:14 | INFO: Primitives created: 1
13:27:14 | INFO: Extracting primitive: CouncilWitness_ScarfBand_LOD0Mesh.001
13:27:14 | INFO: Primitives created: 1
13:27:14 | INFO: Extracting primitive: Cone.017
13:27:14 | INFO: Primitives created: 1
13:27:14 | INFO: Extracting primitive: Cone.047
13:27:14 | INFO: Primitives created: 1
13:27:14 | INFO: Extracting primitive: Cone.018
13:27:14 | INFO: Primitives created: 1
13:27:14 | INFO: Extracting primitive: Cone.048
13:27:14 | INFO: Primitives created: 1
13:27:14 | INFO: Extracting primitive: CouncilWitness_SleeveLeft_LOD0Mesh
13:27:14 | INFO: Primitives created: 1
13:27:14 | INFO: Extracting primitive: CouncilWitness_SleeveLeft_LOD0Mesh.001
13:27:14 | INFO: Primitives created: 1
13:27:14 | INFO: Extracting primitive: CouncilWitness_SleeveRight_LOD0Mesh
13:27:14 | INFO: Primitives created: 1
13:27:14 | INFO: Extracting primitive: CouncilWitness_SleeveRight_LOD0Mesh.001
13:27:14 | INFO: Primitives created: 1
13:27:14 | INFO: Extracting primitive: CouncilWitness_TrouserLeft_LOD0Mesh
13:27:14 | INFO: Primitives created: 1
13:27:14 | INFO: Extracting primitive: CouncilWitness_TrouserLeft_LOD0Mesh.001
13:27:14 | INFO: Primitives created: 1
13:27:14 | INFO: Extracting primitive: CouncilWitness_TrouserRight_LOD0Mesh
13:27:14 | INFO: Primitives created: 1
13:27:14 | INFO: Extracting primitive: CouncilWitness_TrouserRight_LOD0Mesh.001
13:27:14 | INFO: Primitives created: 1
13:27:14 | INFO: Extracting primitive: Naila_Body_LOD0Mesh
13:27:14 | INFO: Primitives created: 1
13:27:14 | INFO: Extracting primitive: Naila_Body_LOD0Mesh.001
13:27:14 | INFO: Primitives created: 1
13:27:14 | INFO: Extracting primitive: Naila_BootLeft_LOD0Mesh
13:27:14 | INFO: Primitives created: 1
13:27:14 | INFO: Extracting primitive: Naila_BootLeft_LOD0Mesh.001
13:27:14 | INFO: Primitives created: 1
13:27:14 | INFO: Extracting primitive: Naila_BootRight_LOD0Mesh
13:27:14 | INFO: Primitives created: 1
13:27:14 | INFO: Extracting primitive: Naila_BootRight_LOD0Mesh.001
13:27:14 | INFO: Primitives created: 1
13:27:14 | INFO: Extracting primitive: Cone.023
13:27:14 | INFO: Primitives created: 1
13:27:14 | INFO: Extracting primitive: Cone.053
13:27:14 | INFO: Primitives created: 1
13:27:14 | INFO: Extracting primitive: Cone.022
13:27:14 | INFO: Primitives created: 1
13:27:14 | INFO: Extracting primitive: Cone.052
13:27:14 | INFO: Primitives created: 1
13:27:14 | INFO: Extracting primitive: Cube.061
13:27:14 | INFO: Primitives created: 1
13:27:14 | INFO: Extracting primitive: Cube.142
13:27:14 | INFO: Primitives created: 1
13:27:14 | INFO: Extracting primitive: Cube.062
13:27:14 | INFO: Primitives created: 1
13:27:14 | INFO: Extracting primitive: Cube.143
13:27:14 | INFO: Primitives created: 1
13:27:14 | INFO: Extracting primitive: QuaterniusFemale_FaceBrowsMesh.003
13:27:14 | WARNING: The active Vertex Color will not be exported, as it is not used in the node tree of the material
13:27:14 | INFO: Primitives created: 1
13:27:14 | INFO: Extracting primitive: QuaterniusFemale_FaceBrowsMesh.006
13:27:14 | WARNING: The active Vertex Color will not be exported, as it is not used in the node tree of the material
13:27:14 | INFO: Primitives created: 1
13:27:14 | INFO: Extracting primitive: Cube.055
13:27:14 | INFO: Primitives created: 1
13:27:14 | INFO: Extracting primitive: Cube.136
13:27:14 | INFO: Primitives created: 1
13:27:14 | INFO: Extracting primitive: Cube.057
13:27:14 | INFO: Primitives created: 1
13:27:14 | INFO: Extracting primitive: Cube.138
13:27:14 | INFO: Primitives created: 1
13:27:14 | INFO: Extracting primitive: QuaterniusFemale_FaceEyesMesh.003
13:27:14 | WARNING: The active Vertex Color will not be exported, as it is not used in the node tree of the material
13:27:14 | INFO: Primitives created: 1
13:27:14 | INFO: Extracting primitive: QuaterniusFemale_FaceEyesMesh.006
13:27:14 | WARNING: The active Vertex Color will not be exported, as it is not used in the node tree of the material
13:27:14 | INFO: Primitives created: 1
13:27:14 | INFO: Extracting primitive: Cube.054
13:27:14 | INFO: Primitives created: 1
13:27:14 | INFO: Extracting primitive: Cube.135
13:27:14 | INFO: Primitives created: 1
13:27:14 | INFO: Extracting primitive: Cube.056
13:27:14 | INFO: Primitives created: 1
13:27:14 | INFO: Extracting primitive: Cube.137
13:27:14 | INFO: Primitives created: 1
13:27:14 | INFO: Extracting primitive: Cube.060
13:27:14 | INFO: Primitives created: 1
13:27:14 | INFO: Extracting primitive: Cube.141
13:27:14 | INFO: Primitives created: 1
13:27:14 | INFO: Extracting primitive: Cube.058
13:27:14 | INFO: Primitives created: 1
13:27:14 | INFO: Extracting primitive: Cube.139
13:27:14 | INFO: Primitives created: 1
13:27:14 | INFO: Extracting primitive: Cube.059
13:27:14 | INFO: Primitives created: 1
13:27:14 | INFO: Extracting primitive: Cube.140
13:27:14 | INFO: Primitives created: 1
13:27:14 | INFO: Extracting primitive: Quaternius_HairBunsMesh.002
13:27:14 | INFO: Primitives created: 1
13:27:14 | INFO: Extracting primitive: Quaternius_HairBunsMesh.004
13:27:14 | INFO: Primitives created: 1
13:27:14 | INFO: Extracting primitive: QuaterniusFemale_HeadMesh.003
13:27:14 | WARNING: The active Vertex Color will not be exported, as it is not used in the node tree of the material
13:27:14 | INFO: Primitives created: 1
13:27:14 | INFO: Extracting primitive: QuaterniusFemale_HeadMesh.006
13:27:14 | WARNING: The active Vertex Color will not be exported, as it is not used in the node tree of the material
13:27:14 | INFO: Primitives created: 1
13:27:14 | INFO: Extracting primitive: Naila_HeadHandLeft_LOD0Mesh
13:27:14 | INFO: Primitives created: 1
13:27:14 | INFO: Extracting primitive: Naila_HeadHandLeft_LOD0Mesh.001
13:27:14 | INFO: Primitives created: 1
13:27:14 | INFO: Extracting primitive: Naila_HeadHandRight_LOD0Mesh
13:27:14 | INFO: Primitives created: 1
13:27:14 | INFO: Extracting primitive: Naila_HeadHandRight_LOD0Mesh.001
13:27:14 | INFO: Primitives created: 1
13:27:14 | INFO: Extracting primitive: Naila_HeadHandThumbLeft_LOD0Mesh
13:27:14 | INFO: Primitives created: 1
13:27:14 | INFO: Extracting primitive: Naila_HeadHandThumbLeft_LOD0Mesh.001
13:27:14 | INFO: Primitives created: 1
13:27:14 | INFO: Extracting primitive: Naila_HeadHandThumbRight_LOD0Mesh
13:27:14 | INFO: Primitives created: 1
13:27:14 | INFO: Extracting primitive: Naila_HeadHandThumbRight_LOD0Mesh.001
13:27:14 | INFO: Primitives created: 1
13:27:14 | INFO: Extracting primitive: Naila_ScarfBand_LOD0Mesh
13:27:14 | INFO: Primitives created: 1
13:27:14 | INFO: Extracting primitive: Naila_ScarfBand_LOD0Mesh.001
13:27:14 | INFO: Primitives created: 1
13:27:14 | INFO: Extracting primitive: Cone.020
13:27:14 | INFO: Primitives created: 1
13:27:14 | INFO: Extracting primitive: Cone.050
13:27:14 | INFO: Primitives created: 1
13:27:14 | INFO: Extracting primitive: Cone.021
13:27:14 | INFO: Primitives created: 1
13:27:14 | INFO: Extracting primitive: Cone.051
13:27:14 | INFO: Primitives created: 1
13:27:14 | INFO: Extracting primitive: Naila_SleeveLeft_LOD0Mesh
13:27:14 | INFO: Primitives created: 1
13:27:14 | INFO: Extracting primitive: Naila_SleeveLeft_LOD0Mesh.001
13:27:14 | INFO: Primitives created: 1
13:27:14 | INFO: Extracting primitive: Naila_SleeveRight_LOD0Mesh
13:27:14 | INFO: Primitives created: 1
13:27:14 | INFO: Extracting primitive: Naila_SleeveRight_LOD0Mesh.001
13:27:14 | INFO: Primitives created: 1
13:27:14 | INFO: Extracting primitive: Naila_TrouserLeft_LOD0Mesh
13:27:14 | INFO: Primitives created: 1
13:27:14 | INFO: Extracting primitive: Naila_TrouserLeft_LOD0Mesh.001
13:27:14 | INFO: Primitives created: 1
13:27:14 | INFO: Extracting primitive: Naila_TrouserRight_LOD0Mesh
13:27:14 | INFO: Primitives created: 1
13:27:14 | INFO: Extracting primitive: Naila_TrouserRight_LOD0Mesh.001
13:27:14 | INFO: Primitives created: 1
13:27:14 | INFO: Extracting primitive: ArchiveClerk_Body_LOD0Mesh
13:27:14 | INFO: Primitives created: 1
13:27:14 | INFO: Extracting primitive: ArchiveClerk_Body_LOD0Mesh.001
13:27:14 | INFO: Primitives created: 1
13:27:14 | INFO: Extracting primitive: ArchiveClerk_BootLeft_LOD0Mesh
13:27:14 | INFO: Primitives created: 1
13:27:14 | INFO: Extracting primitive: ArchiveClerk_BootLeft_LOD0Mesh.001
13:27:14 | INFO: Primitives created: 1
13:27:14 | INFO: Extracting primitive: ArchiveClerk_BootRight_LOD0Mesh
13:27:14 | INFO: Primitives created: 1
13:27:14 | INFO: Extracting primitive: ArchiveClerk_BootRight_LOD0Mesh.001
13:27:14 | INFO: Primitives created: 1
13:27:14 | INFO: Extracting primitive: ArchiveClerk_CoatFrontPlacket_LOD0Mesh
13:27:14 | INFO: Primitives created: 1
13:27:14 | INFO: Extracting primitive: ArchiveClerk_CoatFrontPlacket_LOD0Mesh.001
13:27:14 | INFO: Primitives created: 1
13:27:14 | INFO: Extracting primitive: Cone.026
13:27:14 | INFO: Primitives created: 1
13:27:14 | INFO: Extracting primitive: Cone.056
13:27:14 | INFO: Primitives created: 1
13:27:14 | INFO: Extracting primitive: Cube.070
13:27:14 | INFO: Primitives created: 1
13:27:14 | INFO: Extracting primitive: Cube.151
13:27:14 | INFO: Primitives created: 1
13:27:14 | INFO: Extracting primitive: Cube.071
13:27:14 | INFO: Primitives created: 1
13:27:14 | INFO: Extracting primitive: Cube.152
13:27:14 | INFO: Primitives created: 1
13:27:14 | INFO: Extracting primitive: QuaterniusMale_FaceBrowsMesh.005
13:27:14 | WARNING: The active Vertex Color will not be exported, as it is not used in the node tree of the material
13:27:14 | INFO: Primitives created: 1
13:27:14 | WARNING: Mesh QuaterniusMale_FaceBrowsMesh.011 is not valid, and may be exported wrongly
13:27:14 | INFO: Extracting primitive: QuaterniusMale_FaceBrowsMesh.011
13:27:14 | WARNING: The active Vertex Color will not be exported, as it is not used in the node tree of the material
13:27:14 | INFO: Primitives created: 1
13:27:14 | INFO: Extracting primitive: Cube.064
13:27:14 | INFO: Primitives created: 1
13:27:14 | INFO: Extracting primitive: Cube.145
13:27:14 | INFO: Primitives created: 1
13:27:14 | INFO: Extracting primitive: Cube.066
13:27:14 | INFO: Primitives created: 1
13:27:14 | INFO: Extracting primitive: Cube.147
13:27:14 | INFO: Primitives created: 1
13:27:14 | INFO: Extracting primitive: QuaterniusMale_FaceEyesMesh.005
13:27:14 | WARNING: The active Vertex Color will not be exported, as it is not used in the node tree of the material
13:27:14 | INFO: Primitives created: 1
13:27:14 | INFO: Extracting primitive: QuaterniusMale_FaceEyesMesh.011
13:27:14 | WARNING: The active Vertex Color will not be exported, as it is not used in the node tree of the material
13:27:14 | INFO: Primitives created: 1
13:27:14 | INFO: Extracting primitive: Cube.063
13:27:14 | INFO: Primitives created: 1
13:27:14 | INFO: Extracting primitive: Cube.144
13:27:14 | INFO: Primitives created: 1
13:27:14 | INFO: Extracting primitive: Cube.065
13:27:14 | INFO: Primitives created: 1
13:27:14 | INFO: Extracting primitive: Cube.146
13:27:14 | INFO: Primitives created: 1
13:27:14 | INFO: Extracting primitive: Cube.069
13:27:14 | INFO: Primitives created: 1
13:27:14 | INFO: Extracting primitive: Cube.150
13:27:14 | INFO: Primitives created: 1
13:27:14 | INFO: Extracting primitive: Cube.067
13:27:14 | INFO: Primitives created: 1
13:27:14 | INFO: Extracting primitive: Cube.148
13:27:14 | INFO: Primitives created: 1
13:27:14 | INFO: Extracting primitive: Cube.068
13:27:14 | INFO: Primitives created: 1
13:27:14 | INFO: Extracting primitive: Cube.149
13:27:14 | INFO: Primitives created: 1
13:27:14 | INFO: Extracting primitive: Quaternius_HairSimplePartedMesh.002
13:27:14 | INFO: Primitives created: 1
13:27:14 | INFO: Extracting primitive: Quaternius_HairSimplePartedMesh.004
13:27:14 | INFO: Primitives created: 1
13:27:14 | INFO: Extracting primitive: QuaterniusMale_HeadMesh.005
13:27:14 | WARNING: The active Vertex Color will not be exported, as it is not used in the node tree of the material
13:27:14 | INFO: Primitives created: 1
13:27:14 | INFO: Extracting primitive: QuaterniusMale_HeadMesh.011
13:27:14 | WARNING: The active Vertex Color will not be exported, as it is not used in the node tree of the material
13:27:14 | INFO: Primitives created: 1
13:27:14 | INFO: Extracting primitive: ArchiveClerk_HeadHandLeft_LOD0Mesh
13:27:14 | INFO: Primitives created: 1
13:27:14 | INFO: Extracting primitive: ArchiveClerk_HeadHandLeft_LOD0Mesh.001
13:27:14 | INFO: Primitives created: 1
13:27:14 | INFO: Extracting primitive: ArchiveClerk_HeadHandRight_LOD0Mesh
13:27:14 | INFO: Primitives created: 1
13:27:14 | INFO: Extracting primitive: ArchiveClerk_HeadHandRight_LOD0Mesh.001
13:27:14 | INFO: Primitives created: 1
13:27:14 | INFO: Extracting primitive: ArchiveClerk_HeadHandThumbLeft_LOD0Mesh
13:27:14 | INFO: Primitives created: 1
13:27:14 | INFO: Extracting primitive: ArchiveClerk_HeadHandThumbLeft_LOD0Mesh.001
13:27:14 | INFO: Primitives created: 1
13:27:14 | INFO: Extracting primitive: ArchiveClerk_HeadHandThumbRight_LOD0Mesh
13:27:14 | INFO: Primitives created: 1
13:27:14 | INFO: Extracting primitive: ArchiveClerk_HeadHandThumbRight_LOD0Mesh.001
13:27:14 | INFO: Primitives created: 1
13:27:14 | INFO: Extracting primitive: ArchiveClerk_ScarfBand_LOD0Mesh
13:27:14 | INFO: Primitives created: 1
13:27:14 | INFO: Extracting primitive: ArchiveClerk_ScarfBand_LOD0Mesh.001
13:27:14 | INFO: Primitives created: 1
13:27:14 | INFO: Extracting primitive: Cone.024
13:27:14 | INFO: Primitives created: 1
13:27:14 | INFO: Extracting primitive: Cone.054
13:27:14 | INFO: Primitives created: 1
13:27:14 | INFO: Extracting primitive: Cone.025
13:27:14 | INFO: Primitives created: 1
13:27:14 | INFO: Extracting primitive: Cone.055
13:27:14 | INFO: Primitives created: 1
13:27:14 | INFO: Extracting primitive: ArchiveClerk_SleeveLeft_LOD0Mesh
13:27:14 | INFO: Primitives created: 1
13:27:14 | INFO: Extracting primitive: ArchiveClerk_SleeveLeft_LOD0Mesh.001
13:27:14 | INFO: Primitives created: 1
13:27:14 | INFO: Extracting primitive: ArchiveClerk_SleeveRight_LOD0Mesh
13:27:14 | INFO: Primitives created: 1
13:27:14 | INFO: Extracting primitive: ArchiveClerk_SleeveRight_LOD0Mesh.001
13:27:14 | INFO: Primitives created: 1
13:27:14 | INFO: Extracting primitive: ArchiveClerk_TrouserLeft_LOD0Mesh
13:27:14 | INFO: Primitives created: 1
13:27:14 | INFO: Extracting primitive: ArchiveClerk_TrouserLeft_LOD0Mesh.001
13:27:14 | INFO: Primitives created: 1
13:27:14 | INFO: Extracting primitive: ArchiveClerk_TrouserRight_LOD0Mesh
13:27:14 | INFO: Primitives created: 1
13:27:14 | INFO: Extracting primitive: ArchiveClerk_TrouserRight_LOD0Mesh.001
13:27:14 | INFO: Primitives created: 1
13:27:14 | INFO: Extracting primitive: PactKeeper_Body_LOD0Mesh
13:27:14 | INFO: Primitives created: 1
13:27:14 | INFO: Extracting primitive: PactKeeper_Body_LOD0Mesh.001
13:27:14 | INFO: Primitives created: 1
13:27:14 | INFO: Extracting primitive: PactKeeper_BootLeft_LOD0Mesh
13:27:14 | INFO: Primitives created: 1
13:27:14 | INFO: Extracting primitive: PactKeeper_BootLeft_LOD0Mesh.001
13:27:14 | INFO: Primitives created: 1
13:27:14 | INFO: Extracting primitive: PactKeeper_BootRight_LOD0Mesh
13:27:14 | INFO: Primitives created: 1
13:27:14 | INFO: Extracting primitive: PactKeeper_BootRight_LOD0Mesh.001
13:27:14 | INFO: Primitives created: 1
13:27:14 | INFO: Extracting primitive: PactKeeper_CoatFrontPlacket_LOD0Mesh
13:27:14 | INFO: Primitives created: 1
13:27:14 | INFO: Extracting primitive: PactKeeper_CoatFrontPlacket_LOD0Mesh.001
13:27:14 | INFO: Primitives created: 1
13:27:14 | INFO: Extracting primitive: Cone.029
13:27:14 | INFO: Primitives created: 1
13:27:14 | INFO: Extracting primitive: Cone.059
13:27:14 | INFO: Primitives created: 1
13:27:14 | INFO: Extracting primitive: Cube.079
13:27:14 | INFO: Primitives created: 1
13:27:14 | INFO: Extracting primitive: Cube.160
13:27:14 | INFO: Primitives created: 1
13:27:14 | INFO: Extracting primitive: Cube.080
13:27:14 | INFO: Primitives created: 1
13:27:14 | INFO: Extracting primitive: Cube.161
13:27:14 | INFO: Primitives created: 1
13:27:14 | INFO: Extracting primitive: Quaternius_HairBeardMesh.004
13:27:14 | INFO: Primitives created: 1
13:27:14 | INFO: Extracting primitive: Quaternius_HairBeardMesh.008
13:27:14 | INFO: Primitives created: 1
13:27:14 | INFO: Extracting primitive: QuaterniusMale_FaceBrowsMesh.006
13:27:14 | WARNING: The active Vertex Color will not be exported, as it is not used in the node tree of the material
13:27:14 | INFO: Primitives created: 1
13:27:14 | WARNING: Mesh QuaterniusMale_FaceBrowsMesh.012 is not valid, and may be exported wrongly
13:27:14 | INFO: Extracting primitive: QuaterniusMale_FaceBrowsMesh.012
13:27:14 | WARNING: The active Vertex Color will not be exported, as it is not used in the node tree of the material
13:27:14 | INFO: Primitives created: 1
13:27:14 | INFO: Extracting primitive: Cube.073
13:27:14 | INFO: Primitives created: 1
13:27:14 | INFO: Extracting primitive: Cube.154
13:27:14 | INFO: Primitives created: 1
13:27:14 | INFO: Extracting primitive: Cube.075
13:27:14 | INFO: Primitives created: 1
13:27:14 | INFO: Extracting primitive: Cube.156
13:27:14 | INFO: Primitives created: 1
13:27:14 | INFO: Extracting primitive: QuaterniusMale_FaceEyesMesh.006
13:27:14 | WARNING: The active Vertex Color will not be exported, as it is not used in the node tree of the material
13:27:14 | INFO: Primitives created: 1
13:27:14 | INFO: Extracting primitive: QuaterniusMale_FaceEyesMesh.012
13:27:14 | WARNING: The active Vertex Color will not be exported, as it is not used in the node tree of the material
13:27:14 | INFO: Primitives created: 1
13:27:14 | INFO: Extracting primitive: Cube.072
13:27:14 | INFO: Primitives created: 1
13:27:14 | INFO: Extracting primitive: Cube.153
13:27:14 | INFO: Primitives created: 1
13:27:14 | INFO: Extracting primitive: Cube.074
13:27:14 | INFO: Primitives created: 1
13:27:14 | INFO: Extracting primitive: Cube.155
13:27:14 | INFO: Primitives created: 1
13:27:14 | INFO: Extracting primitive: Cube.078
13:27:14 | INFO: Primitives created: 1
13:27:14 | INFO: Extracting primitive: Cube.159
13:27:14 | INFO: Primitives created: 1
13:27:14 | INFO: Extracting primitive: Cube.076
13:27:14 | INFO: Primitives created: 1
13:27:14 | INFO: Extracting primitive: Cube.157
13:27:14 | INFO: Primitives created: 1
13:27:14 | INFO: Extracting primitive: Cube.077
13:27:14 | INFO: Primitives created: 1
13:27:14 | INFO: Extracting primitive: Cube.158
13:27:14 | INFO: Primitives created: 1
13:27:14 | INFO: Extracting primitive: Quaternius_HairBuzzedMesh.004
13:27:14 | INFO: Primitives created: 1
13:27:14 | INFO: Extracting primitive: Quaternius_HairBuzzedMesh.008
13:27:14 | INFO: Primitives created: 1
13:27:14 | INFO: Extracting primitive: PactKeeper_Hat_LOD0Mesh
13:27:14 | INFO: Primitives created: 1
13:27:14 | INFO: Extracting primitive: PactKeeper_Hat_LOD0Mesh.001
13:27:14 | INFO: Primitives created: 1
13:27:14 | INFO: Extracting primitive: QuaterniusMale_HeadMesh.006
13:27:14 | WARNING: The active Vertex Color will not be exported, as it is not used in the node tree of the material
13:27:14 | INFO: Primitives created: 1
13:27:14 | INFO: Extracting primitive: QuaterniusMale_HeadMesh.012
13:27:14 | WARNING: The active Vertex Color will not be exported, as it is not used in the node tree of the material
13:27:14 | INFO: Primitives created: 1
13:27:14 | INFO: Extracting primitive: PactKeeper_HeadHandLeft_LOD0Mesh
13:27:14 | INFO: Primitives created: 1
13:27:14 | INFO: Extracting primitive: PactKeeper_HeadHandLeft_LOD0Mesh.001
13:27:14 | INFO: Primitives created: 1
13:27:14 | INFO: Extracting primitive: PactKeeper_HeadHandRight_LOD0Mesh
13:27:14 | INFO: Primitives created: 1
13:27:14 | INFO: Extracting primitive: PactKeeper_HeadHandRight_LOD0Mesh.001
13:27:14 | INFO: Primitives created: 1
13:27:14 | INFO: Extracting primitive: PactKeeper_HeadHandThumbLeft_LOD0Mesh
13:27:14 | INFO: Primitives created: 1
13:27:14 | INFO: Extracting primitive: PactKeeper_HeadHandThumbLeft_LOD0Mesh.001
13:27:14 | INFO: Primitives created: 1
13:27:14 | INFO: Extracting primitive: PactKeeper_HeadHandThumbRight_LOD0Mesh
13:27:14 | INFO: Primitives created: 1
13:27:14 | INFO: Extracting primitive: PactKeeper_HeadHandThumbRight_LOD0Mesh.001
13:27:14 | INFO: Primitives created: 1
13:27:14 | INFO: Extracting primitive: PactKeeper_ScarfBand_LOD0Mesh
13:27:14 | INFO: Primitives created: 1
13:27:14 | INFO: Extracting primitive: PactKeeper_ScarfBand_LOD0Mesh.001
13:27:14 | INFO: Primitives created: 1
13:27:14 | INFO: Extracting primitive: Cone.027
13:27:14 | INFO: Primitives created: 1
13:27:14 | INFO: Extracting primitive: Cone.057
13:27:14 | INFO: Primitives created: 1
13:27:14 | INFO: Extracting primitive: Cone.028
13:27:14 | INFO: Primitives created: 1
13:27:14 | INFO: Extracting primitive: Cone.058
13:27:14 | INFO: Primitives created: 1
13:27:14 | INFO: Extracting primitive: PactKeeper_SleeveLeft_LOD0Mesh
13:27:14 | INFO: Primitives created: 1
13:27:14 | INFO: Extracting primitive: PactKeeper_SleeveLeft_LOD0Mesh.001
13:27:14 | INFO: Primitives created: 1
13:27:14 | INFO: Extracting primitive: PactKeeper_SleeveRight_LOD0Mesh
13:27:14 | INFO: Primitives created: 1
13:27:14 | INFO: Extracting primitive: PactKeeper_SleeveRight_LOD0Mesh.001
13:27:14 | INFO: Primitives created: 1
13:27:14 | INFO: Extracting primitive: PactKeeper_TrouserLeft_LOD0Mesh
13:27:14 | INFO: Primitives created: 1
13:27:14 | INFO: Extracting primitive: PactKeeper_TrouserLeft_LOD0Mesh.001
13:27:14 | INFO: Primitives created: 1
13:27:14 | INFO: Extracting primitive: PactKeeper_TrouserRight_LOD0Mesh
13:27:14 | INFO: Primitives created: 1
13:27:14 | INFO: Extracting primitive: PactKeeper_TrouserRight_LOD0Mesh.001
13:27:14 | INFO: Primitives created: 1
13:27:15 | INFO: Finished glTF 2.0 export in 2.5624749660491943 s

URMAN character kit: /Users/unterlantas/Documents/GitHub/URMAN/assets/source/blender/urman_character_kit.blend
URMAN character kit: /Users/unterlantas/Documents/GitHub/URMAN/game/assets/generated/urman_character_kit.glb
URMAN character LOD1 variants: 271
Blender 4.5.12 LTS (hash 84afd5f785f7 built 2026-07-21 01:41:35)

Blender quit
