character-face: Mansur 18 pieces in own head frame; Head binding; both LODs
character-face: Gulsina 18 pieces in own head frame; Head binding; both LODs
character-face: Alsu 18 pieces in own head frame; Head binding; both LODs
character-face: TimurHazrat 18 pieces in own head frame; Head binding; both LODs
character-face: CouncilElder 18 pieces in own head frame; Head binding; both LODs
character-face: CouncilWitness 18 pieces in own head frame; Head binding; both LODs
character-face: Naila 18 pieces in own head frame; Head binding; both LODs
character-face: ArchiveClerk 18 pieces in own head frame; Head binding; both LODs
character-face: PactKeeper 18 pieces in own head frame; Head binding; both LODs
character-fit: Mansur collar=0.097m boot=0.166x0.278m sole=0.010m
character-fit: Gulsina collar=0.091m boot=0.151x0.278m sole=0.010m
character-fit: Alsu collar=0.119m boot=0.140x0.278m sole=0.010m
character-fit: TimurHazrat collar=0.128m boot=0.154x0.278m sole=0.010m
character-fit: CouncilElder collar=0.105m boot=0.163x0.278m sole=0.010m
character-fit: CouncilWitness collar=0.128m boot=0.148x0.278m sole=0.010m
character-fit: Naila collar=0.112m boot=0.143x0.278m sole=0.010m
character-fit: ArchiveClerk collar=0.110m boot=0.148x0.278m sole=0.010m
character-fit: PactKeeper collar=0.113m boot=0.161x0.278m sole=0.010m
character-clothing-fit: Naila/LOD0 torso/placket surface gaps 0.0028..0.0073m
character-clothing-fit: TimurHazrat/LOD0 cap/scalp surface gaps 0.0024..0.0079m
character-clothing-fit: Naila/LOD1 torso/placket surface gaps -0.0009..0.0029m
character-clothing-fit: TimurHazrat/LOD1 cap/scalp surface gaps -0.0076..0.0146m
character-asset-smoke: 9 prefixes, 271 LOD0/271 LOD1 meshes; face/clothing detail; Idle/Tension clips; 542 rigid skin bindings; no collision meshes
Info: Saved as "urman_character_kit.blend"
INFO Draco mesh compression is available, use library at /Users/unterlantas/Documents/GitHub/URMAN/.tools/blender/Blender.app/Contents/Resources/4.5/scripts/addons_core/io_scene_gltf2/libextern_draco.dylib
20:10:14 | INFO: Starting glTF 2.0 export
20:10:14 | INFO: Extracting primitive: Mansur_Body_LOD0Mesh
20:10:14 | INFO: Primitives created: 1
20:10:14 | INFO: Extracting primitive: Mansur_Body_LOD0Mesh.001
20:10:14 | INFO: Primitives created: 1
20:10:14 | INFO: Extracting primitive: Mansur_BootLeft_LOD0Mesh
20:10:14 | INFO: Primitives created: 1
20:10:14 | INFO: Extracting primitive: Mansur_BootLeft_LOD0Mesh.001
20:10:14 | INFO: Primitives created: 1
20:10:14 | INFO: Extracting primitive: Mansur_BootRight_LOD0Mesh
20:10:14 | INFO: Primitives created: 1
20:10:14 | INFO: Extracting primitive: Mansur_BootRight_LOD0Mesh.001
20:10:14 | INFO: Primitives created: 1
20:10:14 | INFO: Extracting primitive: Mansur_CoatFrontPlacket_LOD0Mesh
20:10:14 | INFO: Primitives created: 1
20:10:14 | INFO: Extracting primitive: Mansur_CoatFrontPlacket_LOD0Mesh.001
20:10:14 | INFO: Primitives created: 1
20:10:14 | INFO: Extracting primitive: Cone.002
20:10:14 | INFO: Primitives created: 1
20:10:14 | INFO: Extracting primitive: Cone.031
20:10:14 | INFO: Primitives created: 1
20:10:14 | INFO: Extracting primitive: Cube.007
20:10:14 | INFO: Primitives created: 1
20:10:14 | INFO: Extracting primitive: Cube.088
20:10:14 | INFO: Primitives created: 1
20:10:14 | INFO: Extracting primitive: Cube.008
20:10:14 | INFO: Primitives created: 1
20:10:14 | INFO: Extracting primitive: Cube.089
20:10:14 | INFO: Primitives created: 1
20:10:14 | INFO: Extracting primitive: Quaternius_HairBeardMesh.001
/Users/unterlantas/Documents/GitHub/URMAN/.tools/blender/Blender.app/Contents/Resources/4.5/scripts/addons_core/io_scene_gltf2/blender/exp/primitive_extract.py:73: RuntimeWarning: divide by zero encountered in matmul
  res = np.matmul(vectors, np.array(m.transposed()))
/Users/unterlantas/Documents/GitHub/URMAN/.tools/blender/Blender.app/Contents/Resources/4.5/scripts/addons_core/io_scene_gltf2/blender/exp/primitive_extract.py:73: RuntimeWarning: overflow encountered in matmul
  res = np.matmul(vectors, np.array(m.transposed()))
/Users/unterlantas/Documents/GitHub/URMAN/.tools/blender/Blender.app/Contents/Resources/4.5/scripts/addons_core/io_scene_gltf2/blender/exp/primitive_extract.py:73: RuntimeWarning: invalid value encountered in matmul
  res = np.matmul(vectors, np.array(m.transposed()))
20:10:14 | INFO: Primitives created: 1
20:10:14 | INFO: Extracting primitive: Quaternius_HairBeardMesh.005
20:10:14 | INFO: Primitives created: 1
20:10:14 | INFO: Extracting primitive: QuaterniusMale_FaceBrowsMesh.001
20:10:14 | WARNING: The active Vertex Color will not be exported, as it is not used in the node tree of the material
20:10:14 | INFO: Primitives created: 1
20:10:14 | WARNING: Mesh QuaterniusMale_FaceBrowsMesh.007 is not valid, and may be exported wrongly
20:10:14 | INFO: Extracting primitive: QuaterniusMale_FaceBrowsMesh.007
20:10:14 | WARNING: The active Vertex Color will not be exported, as it is not used in the node tree of the material
20:10:14 | INFO: Primitives created: 1
20:10:14 | INFO: Extracting primitive: Cube.001
20:10:14 | INFO: Primitives created: 1
20:10:14 | INFO: Extracting primitive: Cube.082
20:10:14 | INFO: Primitives created: 1
20:10:14 | INFO: Extracting primitive: Cube.003
20:10:14 | INFO: Primitives created: 1
20:10:14 | INFO: Extracting primitive: Cube.084
20:10:14 | INFO: Primitives created: 1
20:10:14 | INFO: Extracting primitive: QuaterniusMale_FaceEyesMesh.001
20:10:14 | WARNING: The active Vertex Color will not be exported, as it is not used in the node tree of the material
20:10:14 | INFO: Primitives created: 1
20:10:14 | INFO: Extracting primitive: QuaterniusMale_FaceEyesMesh.007
20:10:14 | WARNING: The active Vertex Color will not be exported, as it is not used in the node tree of the material
20:10:14 | INFO: Primitives created: 1
20:10:14 | INFO: Extracting primitive: Cube
20:10:14 | INFO: Primitives created: 1
20:10:14 | INFO: Extracting primitive: Cube.081
20:10:14 | INFO: Primitives created: 1
20:10:14 | INFO: Extracting primitive: Cube.002
20:10:14 | INFO: Primitives created: 1
20:10:14 | INFO: Extracting primitive: Cube.083
20:10:14 | INFO: Primitives created: 1
20:10:14 | INFO: Extracting primitive: Cube.006
20:10:14 | INFO: Primitives created: 1
20:10:14 | INFO: Extracting primitive: Cube.087
20:10:14 | INFO: Primitives created: 1
20:10:14 | INFO: Extracting primitive: Cube.004
20:10:14 | INFO: Primitives created: 1
20:10:14 | INFO: Extracting primitive: Cube.085
20:10:14 | INFO: Primitives created: 1
20:10:14 | INFO: Extracting primitive: Cube.005
20:10:14 | INFO: Primitives created: 1
20:10:14 | INFO: Extracting primitive: Cube.086
20:10:14 | INFO: Primitives created: 1
20:10:14 | INFO: Extracting primitive: Quaternius_HairBuzzedMesh.001
20:10:14 | INFO: Primitives created: 1
20:10:14 | INFO: Extracting primitive: Quaternius_HairBuzzedMesh.005
20:10:14 | INFO: Primitives created: 1
20:10:14 | INFO: Extracting primitive: Mansur_Hat_LOD0Mesh
20:10:14 | INFO: Primitives created: 1
20:10:14 | INFO: Extracting primitive: Mansur_Hat_LOD0Mesh.001
20:10:14 | INFO: Primitives created: 1
20:10:14 | INFO: Extracting primitive: QuaterniusMale_HeadMesh.001
20:10:14 | WARNING: The active Vertex Color will not be exported, as it is not used in the node tree of the material
20:10:14 | INFO: Primitives created: 1
20:10:14 | INFO: Extracting primitive: QuaterniusMale_HeadMesh.007
20:10:14 | WARNING: The active Vertex Color will not be exported, as it is not used in the node tree of the material
20:10:14 | INFO: Primitives created: 1
20:10:14 | INFO: Extracting primitive: Mansur_HeadHandLeft_LOD0Mesh
20:10:14 | INFO: Primitives created: 1
20:10:14 | INFO: Extracting primitive: Mansur_HeadHandLeft_LOD0Mesh.001
20:10:14 | INFO: Primitives created: 1
20:10:14 | INFO: Extracting primitive: Mansur_HeadHandRight_LOD0Mesh
20:10:14 | INFO: Primitives created: 1
20:10:14 | INFO: Extracting primitive: Mansur_HeadHandRight_LOD0Mesh.001
20:10:14 | INFO: Primitives created: 1
20:10:14 | INFO: Extracting primitive: Mansur_HeadHandThumbLeft_LOD0Mesh
20:10:14 | INFO: Primitives created: 1
20:10:14 | INFO: Extracting primitive: Mansur_HeadHandThumbLeft_LOD0Mesh.001
20:10:14 | INFO: Primitives created: 1
20:10:14 | INFO: Extracting primitive: Mansur_HeadHandThumbRight_LOD0Mesh
20:10:14 | INFO: Primitives created: 1
20:10:14 | INFO: Extracting primitive: Mansur_HeadHandThumbRight_LOD0Mesh.001
20:10:14 | INFO: Primitives created: 1
20:10:14 | INFO: Extracting primitive: Mansur_ScarfBand_LOD0Mesh
20:10:14 | INFO: Primitives created: 1
20:10:14 | INFO: Extracting primitive: Mansur_ScarfBand_LOD0Mesh.001
20:10:14 | INFO: Primitives created: 1
20:10:14 | INFO: Extracting primitive: Cone
20:10:14 | INFO: Primitives created: 1
20:10:14 | INFO: Extracting primitive: Cone.029
20:10:14 | INFO: Primitives created: 1
20:10:14 | INFO: Extracting primitive: Cone.001
20:10:14 | INFO: Primitives created: 1
20:10:14 | INFO: Extracting primitive: Cone.030
20:10:14 | INFO: Primitives created: 1
20:10:14 | INFO: Extracting primitive: Mansur_SleeveLeft_LOD0Mesh
20:10:14 | INFO: Primitives created: 1
20:10:14 | INFO: Extracting primitive: Mansur_SleeveLeft_LOD0Mesh.001
20:10:14 | INFO: Primitives created: 1
20:10:14 | INFO: Extracting primitive: Mansur_SleeveRight_LOD0Mesh
20:10:14 | INFO: Primitives created: 1
20:10:14 | INFO: Extracting primitive: Mansur_SleeveRight_LOD0Mesh.001
20:10:14 | INFO: Primitives created: 1
20:10:14 | INFO: Extracting primitive: Mansur_TrouserLeft_LOD0Mesh
20:10:14 | INFO: Primitives created: 1
20:10:14 | INFO: Extracting primitive: Mansur_TrouserLeft_LOD0Mesh.001
20:10:14 | INFO: Primitives created: 1
20:10:14 | INFO: Extracting primitive: Mansur_TrouserRight_LOD0Mesh
20:10:14 | INFO: Primitives created: 1
20:10:14 | INFO: Extracting primitive: Mansur_TrouserRight_LOD0Mesh.001
20:10:14 | INFO: Primitives created: 1
20:10:14 | INFO: Extracting primitive: Cone.006
20:10:14 | INFO: Primitives created: 1
20:10:14 | INFO: Extracting primitive: Cone.035
20:10:14 | INFO: Primitives created: 1
20:10:14 | INFO: Extracting primitive: Gulsina_Body_LOD0Mesh
20:10:14 | INFO: Primitives created: 1
20:10:14 | INFO: Extracting primitive: Gulsina_Body_LOD0Mesh.001
20:10:14 | INFO: Primitives created: 1
20:10:14 | INFO: Extracting primitive: Gulsina_BootLeft_LOD0Mesh
20:10:14 | INFO: Primitives created: 1
20:10:14 | INFO: Extracting primitive: Gulsina_BootLeft_LOD0Mesh.001
20:10:14 | INFO: Primitives created: 1
20:10:14 | INFO: Extracting primitive: Gulsina_BootRight_LOD0Mesh
20:10:14 | INFO: Primitives created: 1
20:10:14 | INFO: Extracting primitive: Gulsina_BootRight_LOD0Mesh.001
20:10:14 | INFO: Primitives created: 1
20:10:14 | INFO: Extracting primitive: Cone.005
20:10:14 | INFO: Primitives created: 1
20:10:14 | INFO: Extracting primitive: Cone.034
20:10:14 | INFO: Primitives created: 1
20:10:14 | INFO: Extracting primitive: Cube.016
20:10:14 | INFO: Primitives created: 1
20:10:14 | INFO: Extracting primitive: Cube.097
20:10:14 | INFO: Primitives created: 1
20:10:14 | INFO: Extracting primitive: Cube.017
20:10:14 | INFO: Primitives created: 1
20:10:14 | INFO: Extracting primitive: Cube.098
20:10:14 | INFO: Primitives created: 1
20:10:14 | INFO: Extracting primitive: QuaterniusFemale_FaceBrowsMesh.001
20:10:14 | WARNING: The active Vertex Color will not be exported, as it is not used in the node tree of the material
20:10:14 | INFO: Primitives created: 1
20:10:14 | INFO: Extracting primitive: QuaterniusFemale_FaceBrowsMesh.004
20:10:14 | WARNING: The active Vertex Color will not be exported, as it is not used in the node tree of the material
20:10:14 | INFO: Primitives created: 1
20:10:14 | INFO: Extracting primitive: Cube.010
20:10:14 | INFO: Primitives created: 1
20:10:14 | INFO: Extracting primitive: Cube.091
20:10:14 | INFO: Primitives created: 1
20:10:14 | INFO: Extracting primitive: Cube.012
20:10:14 | INFO: Primitives created: 1
20:10:14 | INFO: Extracting primitive: Cube.093
20:10:14 | INFO: Primitives created: 1
20:10:14 | INFO: Extracting primitive: QuaterniusFemale_FaceEyesMesh.001
20:10:14 | WARNING: The active Vertex Color will not be exported, as it is not used in the node tree of the material
20:10:14 | INFO: Primitives created: 1
20:10:14 | INFO: Extracting primitive: QuaterniusFemale_FaceEyesMesh.004
20:10:14 | WARNING: The active Vertex Color will not be exported, as it is not used in the node tree of the material
20:10:14 | INFO: Primitives created: 1
20:10:14 | INFO: Extracting primitive: Cube.009
20:10:14 | INFO: Primitives created: 1
20:10:14 | INFO: Extracting primitive: Cube.090
20:10:14 | INFO: Primitives created: 1
20:10:14 | INFO: Extracting primitive: Cube.011
20:10:14 | INFO: Primitives created: 1
20:10:14 | INFO: Extracting primitive: Cube.092
20:10:14 | INFO: Primitives created: 1
20:10:14 | INFO: Extracting primitive: Cube.015
20:10:14 | INFO: Primitives created: 1
20:10:14 | INFO: Extracting primitive: Cube.096
20:10:14 | INFO: Primitives created: 1
20:10:14 | INFO: Extracting primitive: Cube.013
20:10:14 | INFO: Primitives created: 1
20:10:14 | INFO: Extracting primitive: Cube.094
20:10:14 | INFO: Primitives created: 1
20:10:14 | INFO: Extracting primitive: Cube.014
20:10:14 | INFO: Primitives created: 1
20:10:14 | INFO: Extracting primitive: Cube.095
20:10:14 | INFO: Primitives created: 1
20:10:14 | INFO: Extracting primitive: Quaternius_HairBunsMesh.001
20:10:14 | INFO: Primitives created: 1
20:10:14 | INFO: Extracting primitive: Quaternius_HairBunsMesh.003
20:10:14 | INFO: Primitives created: 1
20:10:14 | INFO: Extracting primitive: Gulsina_Hat_LOD0Mesh
20:10:14 | INFO: Primitives created: 1
20:10:14 | WARNING: Mesh Gulsina_Hat_LOD0Mesh.001 is not valid, and may be exported wrongly
20:10:14 | INFO: Extracting primitive: Gulsina_Hat_LOD0Mesh.001
20:10:14 | INFO: Primitives created: 1
20:10:14 | INFO: Extracting primitive: QuaterniusFemale_HeadMesh.001
20:10:14 | WARNING: The active Vertex Color will not be exported, as it is not used in the node tree of the material
20:10:14 | INFO: Primitives created: 1
20:10:14 | INFO: Extracting primitive: QuaterniusFemale_HeadMesh.004
20:10:14 | WARNING: The active Vertex Color will not be exported, as it is not used in the node tree of the material
20:10:14 | INFO: Primitives created: 1
20:10:14 | INFO: Extracting primitive: Gulsina_HeadHandLeft_LOD0Mesh
20:10:14 | INFO: Primitives created: 1
20:10:14 | INFO: Extracting primitive: Gulsina_HeadHandLeft_LOD0Mesh.001
20:10:14 | INFO: Primitives created: 1
20:10:14 | INFO: Extracting primitive: Gulsina_HeadHandRight_LOD0Mesh
20:10:14 | INFO: Primitives created: 1
20:10:14 | INFO: Extracting primitive: Gulsina_HeadHandRight_LOD0Mesh.001
20:10:14 | INFO: Primitives created: 1
20:10:14 | INFO: Extracting primitive: Gulsina_HeadHandThumbLeft_LOD0Mesh
20:10:14 | INFO: Primitives created: 1
20:10:14 | INFO: Extracting primitive: Gulsina_HeadHandThumbLeft_LOD0Mesh.001
20:10:14 | INFO: Primitives created: 1
20:10:14 | INFO: Extracting primitive: Gulsina_HeadHandThumbRight_LOD0Mesh
20:10:14 | INFO: Primitives created: 1
20:10:14 | INFO: Extracting primitive: Gulsina_HeadHandThumbRight_LOD0Mesh.001
20:10:14 | INFO: Primitives created: 1
20:10:14 | INFO: Extracting primitive: Gulsina_ScarfBand_LOD0Mesh
20:10:14 | INFO: Primitives created: 1
20:10:14 | INFO: Extracting primitive: Gulsina_ScarfBand_LOD0Mesh.001
20:10:14 | INFO: Primitives created: 1
20:10:14 | INFO: Extracting primitive: Cone.003
20:10:14 | INFO: Primitives created: 1
20:10:14 | INFO: Extracting primitive: Cone.032
20:10:14 | INFO: Primitives created: 1
20:10:14 | INFO: Extracting primitive: Cone.004
20:10:14 | INFO: Primitives created: 1
20:10:14 | INFO: Extracting primitive: Cone.033
20:10:14 | INFO: Primitives created: 1
20:10:14 | INFO: Extracting primitive: Gulsina_SleeveLeft_LOD0Mesh
20:10:14 | INFO: Primitives created: 1
20:10:14 | INFO: Extracting primitive: Gulsina_SleeveLeft_LOD0Mesh.001
20:10:14 | INFO: Primitives created: 1
20:10:14 | INFO: Extracting primitive: Gulsina_SleeveRight_LOD0Mesh
20:10:14 | INFO: Primitives created: 1
20:10:14 | INFO: Extracting primitive: Gulsina_SleeveRight_LOD0Mesh.001
20:10:14 | INFO: Primitives created: 1
20:10:14 | INFO: Extracting primitive: Cone.007
20:10:14 | INFO: Primitives created: 1
20:10:14 | INFO: Extracting primitive: Cone.036
20:10:14 | INFO: Primitives created: 1
20:10:14 | INFO: Extracting primitive: Gulsina_TrouserLeft_LOD0Mesh
20:10:14 | INFO: Primitives created: 1
20:10:14 | INFO: Extracting primitive: Gulsina_TrouserLeft_LOD0Mesh.001
20:10:14 | INFO: Primitives created: 1
20:10:14 | INFO: Extracting primitive: Gulsina_TrouserRight_LOD0Mesh
20:10:14 | INFO: Primitives created: 1
20:10:14 | INFO: Extracting primitive: Gulsina_TrouserRight_LOD0Mesh.001
20:10:14 | INFO: Primitives created: 1
20:10:14 | INFO: Extracting primitive: Alsu_Body_LOD0Mesh
20:10:14 | INFO: Primitives created: 1
20:10:14 | INFO: Extracting primitive: Alsu_Body_LOD0Mesh.001
20:10:14 | INFO: Primitives created: 1
20:10:14 | INFO: Extracting primitive: Alsu_BootLeft_LOD0Mesh
20:10:14 | INFO: Primitives created: 1
20:10:14 | INFO: Extracting primitive: Alsu_BootLeft_LOD0Mesh.001
20:10:14 | INFO: Primitives created: 1
20:10:14 | INFO: Extracting primitive: Alsu_BootRight_LOD0Mesh
20:10:14 | INFO: Primitives created: 1
20:10:14 | INFO: Extracting primitive: Alsu_BootRight_LOD0Mesh.001
20:10:14 | INFO: Primitives created: 1
20:10:14 | INFO: Extracting primitive: Alsu_CoatFrontPlacket_LOD0Mesh
20:10:14 | INFO: Primitives created: 1
20:10:14 | INFO: Extracting primitive: Alsu_CoatFrontPlacket_LOD0Mesh.001
20:10:14 | INFO: Primitives created: 1
20:10:14 | INFO: Extracting primitive: Cone.010
20:10:14 | INFO: Primitives created: 1
20:10:14 | INFO: Extracting primitive: Cone.039
20:10:14 | INFO: Primitives created: 1
20:10:14 | INFO: Extracting primitive: Cube.025
20:10:14 | INFO: Primitives created: 1
20:10:14 | INFO: Extracting primitive: Cube.106
20:10:14 | INFO: Primitives created: 1
20:10:14 | INFO: Extracting primitive: Cube.026
20:10:14 | INFO: Primitives created: 1
20:10:14 | INFO: Extracting primitive: Cube.107
20:10:14 | INFO: Primitives created: 1
20:10:14 | INFO: Extracting primitive: QuaterniusFemale_FaceBrowsMesh.002
20:10:14 | WARNING: The active Vertex Color will not be exported, as it is not used in the node tree of the material
20:10:14 | INFO: Primitives created: 1
20:10:14 | INFO: Extracting primitive: QuaterniusFemale_FaceBrowsMesh.005
20:10:14 | WARNING: The active Vertex Color will not be exported, as it is not used in the node tree of the material
20:10:14 | INFO: Primitives created: 1
20:10:14 | INFO: Extracting primitive: Cube.019
20:10:14 | INFO: Primitives created: 1
20:10:14 | INFO: Extracting primitive: Cube.100
20:10:14 | INFO: Primitives created: 1
20:10:14 | INFO: Extracting primitive: Cube.021
20:10:14 | INFO: Primitives created: 1
20:10:14 | INFO: Extracting primitive: Cube.102
20:10:14 | INFO: Primitives created: 1
20:10:14 | INFO: Extracting primitive: QuaterniusFemale_FaceEyesMesh.002
20:10:14 | WARNING: The active Vertex Color will not be exported, as it is not used in the node tree of the material
20:10:14 | INFO: Primitives created: 1
20:10:14 | INFO: Extracting primitive: QuaterniusFemale_FaceEyesMesh.005
20:10:14 | WARNING: The active Vertex Color will not be exported, as it is not used in the node tree of the material
20:10:14 | INFO: Primitives created: 1
20:10:14 | INFO: Extracting primitive: Cube.018
20:10:14 | INFO: Primitives created: 1
20:10:14 | INFO: Extracting primitive: Cube.099
20:10:14 | INFO: Primitives created: 1
20:10:14 | INFO: Extracting primitive: Cube.020
20:10:14 | INFO: Primitives created: 1
20:10:14 | INFO: Extracting primitive: Cube.101
20:10:14 | INFO: Primitives created: 1
20:10:14 | INFO: Extracting primitive: Cube.024
20:10:14 | INFO: Primitives created: 1
20:10:14 | INFO: Extracting primitive: Cube.105
20:10:14 | INFO: Primitives created: 1
20:10:14 | INFO: Extracting primitive: Cube.022
20:10:14 | INFO: Primitives created: 1
20:10:14 | INFO: Extracting primitive: Cube.103
20:10:14 | INFO: Primitives created: 1
20:10:14 | INFO: Extracting primitive: Cube.023
20:10:14 | INFO: Primitives created: 1
20:10:14 | INFO: Extracting primitive: Cube.104
20:10:14 | INFO: Primitives created: 1
20:10:14 | INFO: Extracting primitive: Quaternius_HairLongMesh.001
20:10:14 | INFO: Primitives created: 1
20:10:14 | INFO: Extracting primitive: Quaternius_HairLongMesh.002
20:10:14 | INFO: Primitives created: 1
20:10:14 | INFO: Extracting primitive: QuaterniusFemale_HeadMesh.002
20:10:14 | WARNING: The active Vertex Color will not be exported, as it is not used in the node tree of the material
20:10:14 | INFO: Primitives created: 1
20:10:14 | INFO: Extracting primitive: QuaterniusFemale_HeadMesh.005
20:10:14 | WARNING: The active Vertex Color will not be exported, as it is not used in the node tree of the material
20:10:14 | INFO: Primitives created: 1
20:10:14 | INFO: Extracting primitive: Alsu_HeadHandLeft_LOD0Mesh
20:10:14 | INFO: Primitives created: 1
20:10:14 | INFO: Extracting primitive: Alsu_HeadHandLeft_LOD0Mesh.001
20:10:14 | INFO: Primitives created: 1
20:10:14 | INFO: Extracting primitive: Alsu_HeadHandRight_LOD0Mesh
20:10:14 | INFO: Primitives created: 1
20:10:14 | INFO: Extracting primitive: Alsu_HeadHandRight_LOD0Mesh.001
20:10:14 | INFO: Primitives created: 1
20:10:14 | INFO: Extracting primitive: Alsu_HeadHandThumbLeft_LOD0Mesh
20:10:14 | INFO: Primitives created: 1
20:10:14 | INFO: Extracting primitive: Alsu_HeadHandThumbLeft_LOD0Mesh.001
20:10:14 | INFO: Primitives created: 1
20:10:14 | INFO: Extracting primitive: Alsu_HeadHandThumbRight_LOD0Mesh
20:10:14 | INFO: Primitives created: 1
20:10:14 | INFO: Extracting primitive: Alsu_HeadHandThumbRight_LOD0Mesh.001
20:10:14 | INFO: Primitives created: 1
20:10:14 | INFO: Extracting primitive: Alsu_ScarfBand_LOD0Mesh
20:10:14 | INFO: Primitives created: 1
20:10:14 | INFO: Extracting primitive: Alsu_ScarfBand_LOD0Mesh.001
20:10:14 | INFO: Primitives created: 1
20:10:14 | INFO: Extracting primitive: Cone.008
20:10:14 | INFO: Primitives created: 1
20:10:14 | INFO: Extracting primitive: Cone.037
20:10:14 | INFO: Primitives created: 1
20:10:14 | INFO: Extracting primitive: Cone.009
20:10:14 | INFO: Primitives created: 1
20:10:14 | INFO: Extracting primitive: Cone.038
20:10:14 | INFO: Primitives created: 1
20:10:14 | INFO: Extracting primitive: Alsu_SleeveLeft_LOD0Mesh
20:10:14 | INFO: Primitives created: 1
20:10:14 | INFO: Extracting primitive: Alsu_SleeveLeft_LOD0Mesh.001
20:10:14 | INFO: Primitives created: 1
20:10:14 | INFO: Extracting primitive: Alsu_SleeveRight_LOD0Mesh
20:10:14 | INFO: Primitives created: 1
20:10:14 | INFO: Extracting primitive: Alsu_SleeveRight_LOD0Mesh.001
20:10:14 | INFO: Primitives created: 1
20:10:14 | INFO: Extracting primitive: Alsu_TrouserLeft_LOD0Mesh
20:10:14 | INFO: Primitives created: 1
20:10:14 | INFO: Extracting primitive: Alsu_TrouserLeft_LOD0Mesh.001
20:10:14 | INFO: Primitives created: 1
20:10:14 | INFO: Extracting primitive: Alsu_TrouserRight_LOD0Mesh
20:10:14 | INFO: Primitives created: 1
20:10:14 | INFO: Extracting primitive: Alsu_TrouserRight_LOD0Mesh.001
20:10:14 | INFO: Primitives created: 1
20:10:14 | INFO: Extracting primitive: TimurHazrat_Body_LOD0Mesh
20:10:14 | INFO: Primitives created: 1
20:10:14 | INFO: Extracting primitive: TimurHazrat_Body_LOD0Mesh.001
20:10:14 | INFO: Primitives created: 1
20:10:14 | INFO: Extracting primitive: TimurHazrat_BootLeft_LOD0Mesh
20:10:14 | INFO: Primitives created: 1
20:10:14 | INFO: Extracting primitive: TimurHazrat_BootLeft_LOD0Mesh.001
20:10:14 | INFO: Primitives created: 1
20:10:14 | INFO: Extracting primitive: TimurHazrat_BootRight_LOD0Mesh
20:10:14 | INFO: Primitives created: 1
20:10:14 | INFO: Extracting primitive: TimurHazrat_BootRight_LOD0Mesh.001
20:10:14 | INFO: Primitives created: 1
20:10:14 | INFO: Extracting primitive: TimurHazrat_CoatFrontPlacket_LOD0Mesh
20:10:14 | INFO: Primitives created: 1
20:10:14 | INFO: Extracting primitive: TimurHazrat_CoatFrontPlacket_LOD0Mesh.001
20:10:14 | INFO: Primitives created: 1
20:10:14 | INFO: Extracting primitive: Cone.013
20:10:14 | INFO: Primitives created: 1
20:10:14 | INFO: Extracting primitive: Cone.042
20:10:14 | INFO: Primitives created: 1
20:10:14 | INFO: Extracting primitive: Cube.034
20:10:14 | INFO: Primitives created: 1
20:10:14 | INFO: Extracting primitive: Cube.115
20:10:14 | INFO: Primitives created: 1
20:10:14 | INFO: Extracting primitive: Cube.035
20:10:14 | INFO: Primitives created: 1
20:10:14 | INFO: Extracting primitive: Cube.116
20:10:14 | INFO: Primitives created: 1
20:10:14 | INFO: Extracting primitive: Quaternius_HairBeardMesh.002
20:10:14 | INFO: Primitives created: 1
20:10:14 | INFO: Extracting primitive: Quaternius_HairBeardMesh.006
20:10:14 | INFO: Primitives created: 1
20:10:14 | INFO: Extracting primitive: QuaterniusMale_FaceBrowsMesh.002
20:10:14 | WARNING: The active Vertex Color will not be exported, as it is not used in the node tree of the material
20:10:14 | INFO: Primitives created: 1
20:10:14 | WARNING: Mesh QuaterniusMale_FaceBrowsMesh.008 is not valid, and may be exported wrongly
20:10:14 | INFO: Extracting primitive: QuaterniusMale_FaceBrowsMesh.008
20:10:14 | WARNING: The active Vertex Color will not be exported, as it is not used in the node tree of the material
20:10:14 | INFO: Primitives created: 1
20:10:14 | INFO: Extracting primitive: Cube.028
20:10:14 | INFO: Primitives created: 1
20:10:14 | INFO: Extracting primitive: Cube.109
20:10:14 | INFO: Primitives created: 1
20:10:14 | INFO: Extracting primitive: Cube.030
20:10:14 | INFO: Primitives created: 1
20:10:14 | INFO: Extracting primitive: Cube.111
20:10:14 | INFO: Primitives created: 1
20:10:14 | INFO: Extracting primitive: QuaterniusMale_FaceEyesMesh.002
20:10:14 | WARNING: The active Vertex Color will not be exported, as it is not used in the node tree of the material
20:10:14 | INFO: Primitives created: 1
20:10:14 | INFO: Extracting primitive: QuaterniusMale_FaceEyesMesh.008
20:10:14 | WARNING: The active Vertex Color will not be exported, as it is not used in the node tree of the material
20:10:14 | INFO: Primitives created: 1
20:10:14 | INFO: Extracting primitive: Cube.027
20:10:14 | INFO: Primitives created: 1
20:10:14 | INFO: Extracting primitive: Cube.108
20:10:14 | INFO: Primitives created: 1
20:10:14 | INFO: Extracting primitive: Cube.029
20:10:14 | INFO: Primitives created: 1
20:10:14 | INFO: Extracting primitive: Cube.110
20:10:14 | INFO: Primitives created: 1
20:10:14 | INFO: Extracting primitive: Cube.033
20:10:14 | INFO: Primitives created: 1
20:10:14 | INFO: Extracting primitive: Cube.114
20:10:14 | INFO: Primitives created: 1
20:10:14 | INFO: Extracting primitive: Cube.031
20:10:14 | INFO: Primitives created: 1
20:10:14 | INFO: Extracting primitive: Cube.112
20:10:14 | INFO: Primitives created: 1
20:10:14 | INFO: Extracting primitive: Cube.032
20:10:14 | INFO: Primitives created: 1
20:10:14 | INFO: Extracting primitive: Cube.113
20:10:14 | INFO: Primitives created: 1
20:10:14 | INFO: Extracting primitive: Quaternius_HairBuzzedMesh.002
20:10:14 | INFO: Primitives created: 1
20:10:14 | INFO: Extracting primitive: Quaternius_HairBuzzedMesh.006
20:10:14 | INFO: Primitives created: 1
20:10:14 | INFO: Extracting primitive: TimurHazrat_Hat_LOD0Mesh
20:10:14 | INFO: Primitives created: 1
20:10:14 | INFO: Extracting primitive: TimurHazrat_Hat_LOD0Mesh.001
20:10:14 | INFO: Primitives created: 1
20:10:14 | INFO: Extracting primitive: QuaterniusMale_HeadMesh.002
20:10:14 | WARNING: The active Vertex Color will not be exported, as it is not used in the node tree of the material
20:10:14 | INFO: Primitives created: 1
20:10:14 | INFO: Extracting primitive: QuaterniusMale_HeadMesh.008
20:10:14 | WARNING: The active Vertex Color will not be exported, as it is not used in the node tree of the material
20:10:14 | INFO: Primitives created: 1
20:10:14 | INFO: Extracting primitive: TimurHazrat_HeadHandLeft_LOD0Mesh
20:10:14 | INFO: Primitives created: 1
20:10:14 | INFO: Extracting primitive: TimurHazrat_HeadHandLeft_LOD0Mesh.001
20:10:14 | INFO: Primitives created: 1
20:10:14 | INFO: Extracting primitive: TimurHazrat_HeadHandRight_LOD0Mesh
20:10:14 | INFO: Primitives created: 1
20:10:14 | INFO: Extracting primitive: TimurHazrat_HeadHandRight_LOD0Mesh.001
20:10:14 | INFO: Primitives created: 1
20:10:14 | INFO: Extracting primitive: TimurHazrat_HeadHandThumbLeft_LOD0Mesh
20:10:14 | INFO: Primitives created: 1
20:10:14 | INFO: Extracting primitive: TimurHazrat_HeadHandThumbLeft_LOD0Mesh.001
20:10:14 | INFO: Primitives created: 1
20:10:14 | INFO: Extracting primitive: TimurHazrat_HeadHandThumbRight_LOD0Mesh
20:10:14 | INFO: Primitives created: 1
20:10:14 | INFO: Extracting primitive: TimurHazrat_HeadHandThumbRight_LOD0Mesh.001
20:10:14 | INFO: Primitives created: 1
20:10:14 | INFO: Extracting primitive: TimurHazrat_ScarfBand_LOD0Mesh
20:10:14 | INFO: Primitives created: 1
20:10:14 | INFO: Extracting primitive: TimurHazrat_ScarfBand_LOD0Mesh.001
20:10:14 | INFO: Primitives created: 1
20:10:14 | INFO: Extracting primitive: Cone.011
20:10:14 | INFO: Primitives created: 1
20:10:14 | INFO: Extracting primitive: Cone.040
20:10:14 | INFO: Primitives created: 1
20:10:14 | INFO: Extracting primitive: Cone.012
20:10:14 | INFO: Primitives created: 1
20:10:14 | INFO: Extracting primitive: Cone.041
20:10:14 | INFO: Primitives created: 1
20:10:14 | INFO: Extracting primitive: TimurHazrat_SleeveLeft_LOD0Mesh
20:10:14 | INFO: Primitives created: 1
20:10:14 | INFO: Extracting primitive: TimurHazrat_SleeveLeft_LOD0Mesh.001
20:10:14 | INFO: Primitives created: 1
20:10:14 | INFO: Extracting primitive: TimurHazrat_SleeveRight_LOD0Mesh
20:10:14 | INFO: Primitives created: 1
20:10:14 | INFO: Extracting primitive: TimurHazrat_SleeveRight_LOD0Mesh.001
20:10:14 | INFO: Primitives created: 1
20:10:14 | INFO: Extracting primitive: TimurHazrat_TrouserLeft_LOD0Mesh
20:10:14 | INFO: Primitives created: 1
20:10:14 | INFO: Extracting primitive: TimurHazrat_TrouserLeft_LOD0Mesh.001
20:10:14 | INFO: Primitives created: 1
20:10:14 | INFO: Extracting primitive: TimurHazrat_TrouserRight_LOD0Mesh
20:10:14 | INFO: Primitives created: 1
20:10:14 | INFO: Extracting primitive: TimurHazrat_TrouserRight_LOD0Mesh.001
20:10:14 | INFO: Primitives created: 1
20:10:14 | INFO: Extracting primitive: CouncilElder_Body_LOD0Mesh
20:10:14 | INFO: Primitives created: 1
20:10:14 | INFO: Extracting primitive: CouncilElder_Body_LOD0Mesh.001
20:10:14 | INFO: Primitives created: 1
20:10:14 | INFO: Extracting primitive: CouncilElder_BootLeft_LOD0Mesh
20:10:14 | INFO: Primitives created: 1
20:10:14 | INFO: Extracting primitive: CouncilElder_BootLeft_LOD0Mesh.001
20:10:14 | INFO: Primitives created: 1
20:10:14 | INFO: Extracting primitive: CouncilElder_BootRight_LOD0Mesh
20:10:14 | INFO: Primitives created: 1
20:10:14 | INFO: Extracting primitive: CouncilElder_BootRight_LOD0Mesh.001
20:10:14 | INFO: Primitives created: 1
20:10:14 | INFO: Extracting primitive: CouncilElder_CoatFrontPlacket_LOD0Mesh
20:10:14 | INFO: Primitives created: 1
20:10:14 | INFO: Extracting primitive: CouncilElder_CoatFrontPlacket_LOD0Mesh.001
20:10:14 | INFO: Primitives created: 1
20:10:14 | INFO: Extracting primitive: Cone.016
20:10:14 | INFO: Primitives created: 1
20:10:14 | INFO: Extracting primitive: Cone.045
20:10:14 | INFO: Primitives created: 1
20:10:14 | INFO: Extracting primitive: Cube.043
20:10:14 | INFO: Primitives created: 1
20:10:14 | INFO: Extracting primitive: Cube.124
20:10:14 | INFO: Primitives created: 1
20:10:14 | INFO: Extracting primitive: Cube.044
20:10:14 | INFO: Primitives created: 1
20:10:14 | INFO: Extracting primitive: Cube.125
20:10:14 | INFO: Primitives created: 1
20:10:14 | INFO: Extracting primitive: Quaternius_HairBeardMesh.003
20:10:14 | INFO: Primitives created: 1
20:10:14 | INFO: Extracting primitive: Quaternius_HairBeardMesh.007
20:10:14 | INFO: Primitives created: 1
20:10:14 | INFO: Extracting primitive: QuaterniusMale_FaceBrowsMesh.003
20:10:14 | WARNING: The active Vertex Color will not be exported, as it is not used in the node tree of the material
20:10:14 | INFO: Primitives created: 1
20:10:14 | WARNING: Mesh QuaterniusMale_FaceBrowsMesh.009 is not valid, and may be exported wrongly
20:10:14 | INFO: Extracting primitive: QuaterniusMale_FaceBrowsMesh.009
20:10:14 | WARNING: The active Vertex Color will not be exported, as it is not used in the node tree of the material
20:10:14 | INFO: Primitives created: 1
20:10:14 | INFO: Extracting primitive: Cube.037
20:10:14 | INFO: Primitives created: 1
20:10:14 | INFO: Extracting primitive: Cube.118
20:10:14 | INFO: Primitives created: 1
20:10:14 | INFO: Extracting primitive: Cube.039
20:10:14 | INFO: Primitives created: 1
20:10:14 | INFO: Extracting primitive: Cube.120
20:10:14 | INFO: Primitives created: 1
20:10:14 | INFO: Extracting primitive: QuaterniusMale_FaceEyesMesh.003
20:10:14 | WARNING: The active Vertex Color will not be exported, as it is not used in the node tree of the material
20:10:14 | INFO: Primitives created: 1
20:10:14 | INFO: Extracting primitive: QuaterniusMale_FaceEyesMesh.009
20:10:14 | WARNING: The active Vertex Color will not be exported, as it is not used in the node tree of the material
20:10:14 | INFO: Primitives created: 1
20:10:14 | INFO: Extracting primitive: Cube.036
20:10:14 | INFO: Primitives created: 1
20:10:14 | INFO: Extracting primitive: Cube.117
20:10:14 | INFO: Primitives created: 1
20:10:14 | INFO: Extracting primitive: Cube.038
20:10:14 | INFO: Primitives created: 1
20:10:14 | INFO: Extracting primitive: Cube.119
20:10:14 | INFO: Primitives created: 1
20:10:14 | INFO: Extracting primitive: Cube.042
20:10:14 | INFO: Primitives created: 1
20:10:14 | INFO: Extracting primitive: Cube.123
20:10:14 | INFO: Primitives created: 1
20:10:14 | INFO: Extracting primitive: Cube.040
20:10:14 | INFO: Primitives created: 1
20:10:14 | INFO: Extracting primitive: Cube.121
20:10:14 | INFO: Primitives created: 1
20:10:14 | INFO: Extracting primitive: Cube.041
20:10:14 | INFO: Primitives created: 1
20:10:14 | INFO: Extracting primitive: Cube.122
20:10:14 | INFO: Primitives created: 1
20:10:14 | INFO: Extracting primitive: Quaternius_HairBuzzedMesh.003
20:10:14 | INFO: Primitives created: 1
20:10:14 | INFO: Extracting primitive: Quaternius_HairBuzzedMesh.007
20:10:14 | INFO: Primitives created: 1
20:10:14 | INFO: Extracting primitive: CouncilElder_Hat_LOD0Mesh
20:10:14 | INFO: Primitives created: 1
20:10:14 | INFO: Extracting primitive: CouncilElder_Hat_LOD0Mesh.001
20:10:14 | INFO: Primitives created: 1
20:10:14 | INFO: Extracting primitive: QuaterniusMale_HeadMesh.003
20:10:14 | WARNING: The active Vertex Color will not be exported, as it is not used in the node tree of the material
20:10:14 | INFO: Primitives created: 1
20:10:14 | INFO: Extracting primitive: QuaterniusMale_HeadMesh.009
20:10:14 | WARNING: The active Vertex Color will not be exported, as it is not used in the node tree of the material
20:10:14 | INFO: Primitives created: 1
20:10:14 | INFO: Extracting primitive: CouncilElder_HeadHandLeft_LOD0Mesh
20:10:14 | INFO: Primitives created: 1
20:10:14 | INFO: Extracting primitive: CouncilElder_HeadHandLeft_LOD0Mesh.001
20:10:14 | INFO: Primitives created: 1
20:10:14 | INFO: Extracting primitive: CouncilElder_HeadHandRight_LOD0Mesh
20:10:14 | INFO: Primitives created: 1
20:10:14 | INFO: Extracting primitive: CouncilElder_HeadHandRight_LOD0Mesh.001
20:10:14 | INFO: Primitives created: 1
20:10:14 | INFO: Extracting primitive: CouncilElder_HeadHandThumbLeft_LOD0Mesh
20:10:14 | INFO: Primitives created: 1
20:10:14 | INFO: Extracting primitive: CouncilElder_HeadHandThumbLeft_LOD0Mesh.001
20:10:14 | INFO: Primitives created: 1
20:10:14 | INFO: Extracting primitive: CouncilElder_HeadHandThumbRight_LOD0Mesh
20:10:14 | INFO: Primitives created: 1
20:10:14 | INFO: Extracting primitive: CouncilElder_HeadHandThumbRight_LOD0Mesh.001
20:10:14 | INFO: Primitives created: 1
20:10:14 | INFO: Extracting primitive: CouncilElder_ScarfBand_LOD0Mesh
20:10:14 | INFO: Primitives created: 1
20:10:14 | INFO: Extracting primitive: CouncilElder_ScarfBand_LOD0Mesh.001
20:10:14 | INFO: Primitives created: 1
20:10:14 | INFO: Extracting primitive: Cone.014
20:10:14 | INFO: Primitives created: 1
20:10:14 | INFO: Extracting primitive: Cone.043
20:10:14 | INFO: Primitives created: 1
20:10:14 | INFO: Extracting primitive: Cone.015
20:10:14 | INFO: Primitives created: 1
20:10:14 | INFO: Extracting primitive: Cone.044
20:10:14 | INFO: Primitives created: 1
20:10:14 | INFO: Extracting primitive: CouncilElder_SleeveLeft_LOD0Mesh
20:10:14 | INFO: Primitives created: 1
20:10:14 | INFO: Extracting primitive: CouncilElder_SleeveLeft_LOD0Mesh.001
20:10:14 | INFO: Primitives created: 1
20:10:15 | INFO: Extracting primitive: CouncilElder_SleeveRight_LOD0Mesh
20:10:15 | INFO: Primitives created: 1
20:10:15 | INFO: Extracting primitive: CouncilElder_SleeveRight_LOD0Mesh.001
20:10:15 | INFO: Primitives created: 1
20:10:15 | INFO: Extracting primitive: CouncilElder_TrouserLeft_LOD0Mesh
20:10:15 | INFO: Primitives created: 1
20:10:15 | INFO: Extracting primitive: CouncilElder_TrouserLeft_LOD0Mesh.001
20:10:15 | INFO: Primitives created: 1
20:10:15 | INFO: Extracting primitive: CouncilElder_TrouserRight_LOD0Mesh
20:10:15 | INFO: Primitives created: 1
20:10:15 | INFO: Extracting primitive: CouncilElder_TrouserRight_LOD0Mesh.001
20:10:15 | INFO: Primitives created: 1
20:10:15 | INFO: Extracting primitive: CouncilWitness_Body_LOD0Mesh
20:10:15 | INFO: Primitives created: 1
20:10:15 | INFO: Extracting primitive: CouncilWitness_Body_LOD0Mesh.001
20:10:15 | INFO: Primitives created: 1
20:10:15 | INFO: Extracting primitive: CouncilWitness_BootLeft_LOD0Mesh
20:10:15 | INFO: Primitives created: 1
20:10:15 | INFO: Extracting primitive: CouncilWitness_BootLeft_LOD0Mesh.001
20:10:15 | INFO: Primitives created: 1
20:10:15 | INFO: Extracting primitive: CouncilWitness_BootRight_LOD0Mesh
20:10:15 | INFO: Primitives created: 1
20:10:15 | INFO: Extracting primitive: CouncilWitness_BootRight_LOD0Mesh.001
20:10:15 | INFO: Primitives created: 1
20:10:15 | INFO: Extracting primitive: CouncilWitness_CoatFrontPlacket_LOD0Mesh
20:10:15 | INFO: Primitives created: 1
20:10:15 | INFO: Extracting primitive: CouncilWitness_CoatFrontPlacket_LOD0Mesh.001
20:10:15 | INFO: Primitives created: 1
20:10:15 | INFO: Extracting primitive: Cone.019
20:10:15 | INFO: Primitives created: 1
20:10:15 | INFO: Extracting primitive: Cone.048
20:10:15 | INFO: Primitives created: 1
20:10:15 | INFO: Extracting primitive: Cube.052
20:10:15 | INFO: Primitives created: 1
20:10:15 | INFO: Extracting primitive: Cube.133
20:10:15 | INFO: Primitives created: 1
20:10:15 | INFO: Extracting primitive: Cube.053
20:10:15 | INFO: Primitives created: 1
20:10:15 | INFO: Extracting primitive: Cube.134
20:10:15 | INFO: Primitives created: 1
20:10:15 | INFO: Extracting primitive: QuaterniusMale_FaceBrowsMesh.004
20:10:15 | WARNING: The active Vertex Color will not be exported, as it is not used in the node tree of the material
20:10:15 | INFO: Primitives created: 1
20:10:15 | WARNING: Mesh QuaterniusMale_FaceBrowsMesh.010 is not valid, and may be exported wrongly
20:10:15 | INFO: Extracting primitive: QuaterniusMale_FaceBrowsMesh.010
20:10:15 | WARNING: The active Vertex Color will not be exported, as it is not used in the node tree of the material
20:10:15 | INFO: Primitives created: 1
20:10:15 | INFO: Extracting primitive: Cube.046
20:10:15 | INFO: Primitives created: 1
20:10:15 | INFO: Extracting primitive: Cube.127
20:10:15 | INFO: Primitives created: 1
20:10:15 | INFO: Extracting primitive: Cube.048
20:10:15 | INFO: Primitives created: 1
20:10:15 | INFO: Extracting primitive: Cube.129
20:10:15 | INFO: Primitives created: 1
20:10:15 | INFO: Extracting primitive: QuaterniusMale_FaceEyesMesh.004
20:10:15 | WARNING: The active Vertex Color will not be exported, as it is not used in the node tree of the material
20:10:15 | INFO: Primitives created: 1
20:10:15 | INFO: Extracting primitive: QuaterniusMale_FaceEyesMesh.010
20:10:15 | WARNING: The active Vertex Color will not be exported, as it is not used in the node tree of the material
20:10:15 | INFO: Primitives created: 1
20:10:15 | INFO: Extracting primitive: Cube.045
20:10:15 | INFO: Primitives created: 1
20:10:15 | INFO: Extracting primitive: Cube.126
20:10:15 | INFO: Primitives created: 1
20:10:15 | INFO: Extracting primitive: Cube.047
20:10:15 | INFO: Primitives created: 1
20:10:15 | INFO: Extracting primitive: Cube.128
20:10:15 | INFO: Primitives created: 1
20:10:15 | INFO: Extracting primitive: Cube.051
20:10:15 | INFO: Primitives created: 1
20:10:15 | INFO: Extracting primitive: Cube.132
20:10:15 | INFO: Primitives created: 1
20:10:15 | INFO: Extracting primitive: Cube.049
20:10:15 | INFO: Primitives created: 1
20:10:15 | INFO: Extracting primitive: Cube.130
20:10:15 | INFO: Primitives created: 1
20:10:15 | INFO: Extracting primitive: Cube.050
20:10:15 | INFO: Primitives created: 1
20:10:15 | INFO: Extracting primitive: Cube.131
20:10:15 | INFO: Primitives created: 1
20:10:15 | INFO: Extracting primitive: Quaternius_HairSimplePartedMesh.001
20:10:15 | INFO: Primitives created: 1
20:10:15 | INFO: Extracting primitive: Quaternius_HairSimplePartedMesh.003
20:10:15 | INFO: Primitives created: 1
20:10:15 | INFO: Extracting primitive: QuaterniusMale_HeadMesh.004
20:10:15 | WARNING: The active Vertex Color will not be exported, as it is not used in the node tree of the material
20:10:15 | INFO: Primitives created: 1
20:10:15 | INFO: Extracting primitive: QuaterniusMale_HeadMesh.010
20:10:15 | WARNING: The active Vertex Color will not be exported, as it is not used in the node tree of the material
20:10:15 | INFO: Primitives created: 1
20:10:15 | INFO: Extracting primitive: CouncilWitness_HeadHandLeft_LOD0Mesh
20:10:15 | INFO: Primitives created: 1
20:10:15 | INFO: Extracting primitive: CouncilWitness_HeadHandLeft_LOD0Mesh.001
20:10:15 | INFO: Primitives created: 1
20:10:15 | INFO: Extracting primitive: CouncilWitness_HeadHandRight_LOD0Mesh
20:10:15 | INFO: Primitives created: 1
20:10:15 | INFO: Extracting primitive: CouncilWitness_HeadHandRight_LOD0Mesh.001
20:10:15 | INFO: Primitives created: 1
20:10:15 | INFO: Extracting primitive: CouncilWitness_HeadHandThumbLeft_LOD0Mesh
20:10:15 | INFO: Primitives created: 1
20:10:15 | INFO: Extracting primitive: CouncilWitness_HeadHandThumbLeft_LOD0Mesh.001
20:10:15 | INFO: Primitives created: 1
20:10:15 | INFO: Extracting primitive: CouncilWitness_HeadHandThumbRight_LOD0Mesh
20:10:15 | INFO: Primitives created: 1
20:10:15 | INFO: Extracting primitive: CouncilWitness_HeadHandThumbRight_LOD0Mesh.001
20:10:15 | INFO: Primitives created: 1
20:10:15 | INFO: Extracting primitive: CouncilWitness_ScarfBand_LOD0Mesh
20:10:15 | INFO: Primitives created: 1
20:10:15 | INFO: Extracting primitive: CouncilWitness_ScarfBand_LOD0Mesh.001
20:10:15 | INFO: Primitives created: 1
20:10:15 | INFO: Extracting primitive: Cone.017
20:10:15 | INFO: Primitives created: 1
20:10:15 | INFO: Extracting primitive: Cone.046
20:10:15 | INFO: Primitives created: 1
20:10:15 | INFO: Extracting primitive: Cone.018
20:10:15 | INFO: Primitives created: 1
20:10:15 | INFO: Extracting primitive: Cone.047
20:10:15 | INFO: Primitives created: 1
20:10:15 | INFO: Extracting primitive: CouncilWitness_SleeveLeft_LOD0Mesh
20:10:15 | INFO: Primitives created: 1
20:10:15 | INFO: Extracting primitive: CouncilWitness_SleeveLeft_LOD0Mesh.001
20:10:15 | INFO: Primitives created: 1
20:10:15 | INFO: Extracting primitive: CouncilWitness_SleeveRight_LOD0Mesh
20:10:15 | INFO: Primitives created: 1
20:10:15 | INFO: Extracting primitive: CouncilWitness_SleeveRight_LOD0Mesh.001
20:10:15 | INFO: Primitives created: 1
20:10:15 | INFO: Extracting primitive: CouncilWitness_TrouserLeft_LOD0Mesh
20:10:15 | INFO: Primitives created: 1
20:10:15 | INFO: Extracting primitive: CouncilWitness_TrouserLeft_LOD0Mesh.001
20:10:15 | INFO: Primitives created: 1
20:10:15 | INFO: Extracting primitive: CouncilWitness_TrouserRight_LOD0Mesh
20:10:15 | INFO: Primitives created: 1
20:10:15 | INFO: Extracting primitive: CouncilWitness_TrouserRight_LOD0Mesh.001
20:10:15 | INFO: Primitives created: 1
20:10:15 | INFO: Extracting primitive: Naila_Body_LOD0Mesh
20:10:15 | INFO: Primitives created: 1
20:10:15 | INFO: Extracting primitive: Naila_Body_LOD0Mesh.001
20:10:15 | INFO: Primitives created: 1
20:10:15 | INFO: Extracting primitive: Naila_BootLeft_LOD0Mesh
20:10:15 | INFO: Primitives created: 1
20:10:15 | INFO: Extracting primitive: Naila_BootLeft_LOD0Mesh.001
20:10:15 | INFO: Primitives created: 1
20:10:15 | INFO: Extracting primitive: Naila_BootRight_LOD0Mesh
20:10:15 | INFO: Primitives created: 1
20:10:15 | INFO: Extracting primitive: Naila_BootRight_LOD0Mesh.001
20:10:15 | INFO: Primitives created: 1
20:10:15 | INFO: Extracting primitive: Naila_CardiganPlacket_LOD0Mesh
20:10:15 | INFO: Primitives created: 1
20:10:15 | INFO: Extracting primitive: Naila_CardiganPlacket_LOD0Mesh.001
20:10:15 | INFO: Primitives created: 1
20:10:15 | INFO: Extracting primitive: Cone.022
20:10:15 | INFO: Primitives created: 1
20:10:15 | INFO: Extracting primitive: Cone.051
20:10:15 | INFO: Primitives created: 1
20:10:15 | INFO: Extracting primitive: Cube.061
20:10:15 | INFO: Primitives created: 1
20:10:15 | INFO: Extracting primitive: Cube.142
20:10:15 | INFO: Primitives created: 1
20:10:15 | INFO: Extracting primitive: Cube.062
20:10:15 | INFO: Primitives created: 1
20:10:15 | INFO: Extracting primitive: Cube.143
20:10:15 | INFO: Primitives created: 1
20:10:15 | INFO: Extracting primitive: QuaterniusFemale_FaceBrowsMesh.003
20:10:15 | WARNING: The active Vertex Color will not be exported, as it is not used in the node tree of the material
20:10:15 | INFO: Primitives created: 1
20:10:15 | INFO: Extracting primitive: QuaterniusFemale_FaceBrowsMesh.006
20:10:15 | WARNING: The active Vertex Color will not be exported, as it is not used in the node tree of the material
20:10:15 | INFO: Primitives created: 1
20:10:15 | INFO: Extracting primitive: Cube.055
20:10:15 | INFO: Primitives created: 1
20:10:15 | INFO: Extracting primitive: Cube.136
20:10:15 | INFO: Primitives created: 1
20:10:15 | INFO: Extracting primitive: Cube.057
20:10:15 | INFO: Primitives created: 1
20:10:15 | INFO: Extracting primitive: Cube.138
20:10:15 | INFO: Primitives created: 1
20:10:15 | INFO: Extracting primitive: QuaterniusFemale_FaceEyesMesh.003
20:10:15 | WARNING: The active Vertex Color will not be exported, as it is not used in the node tree of the material
20:10:15 | INFO: Primitives created: 1
20:10:15 | INFO: Extracting primitive: QuaterniusFemale_FaceEyesMesh.006
20:10:15 | WARNING: The active Vertex Color will not be exported, as it is not used in the node tree of the material
20:10:15 | INFO: Primitives created: 1
20:10:15 | INFO: Extracting primitive: Cube.054
20:10:15 | INFO: Primitives created: 1
20:10:15 | INFO: Extracting primitive: Cube.135
20:10:15 | INFO: Primitives created: 1
20:10:15 | INFO: Extracting primitive: Cube.056
20:10:15 | INFO: Primitives created: 1
20:10:15 | INFO: Extracting primitive: Cube.137
20:10:15 | INFO: Primitives created: 1
20:10:15 | INFO: Extracting primitive: Cube.060
20:10:15 | INFO: Primitives created: 1
20:10:15 | INFO: Extracting primitive: Cube.141
20:10:15 | INFO: Primitives created: 1
20:10:15 | INFO: Extracting primitive: Cube.058
20:10:15 | INFO: Primitives created: 1
20:10:15 | INFO: Extracting primitive: Cube.139
20:10:15 | INFO: Primitives created: 1
20:10:15 | INFO: Extracting primitive: Cube.059
20:10:15 | INFO: Primitives created: 1
20:10:15 | INFO: Extracting primitive: Cube.140
20:10:15 | INFO: Primitives created: 1
20:10:15 | INFO: Extracting primitive: Quaternius_HairBunsMesh.002
20:10:15 | INFO: Primitives created: 1
20:10:15 | INFO: Extracting primitive: Quaternius_HairBunsMesh.004
20:10:15 | INFO: Primitives created: 1
20:10:15 | INFO: Extracting primitive: QuaterniusFemale_HeadMesh.003
20:10:15 | WARNING: The active Vertex Color will not be exported, as it is not used in the node tree of the material
20:10:15 | INFO: Primitives created: 1
20:10:15 | INFO: Extracting primitive: QuaterniusFemale_HeadMesh.006
20:10:15 | WARNING: The active Vertex Color will not be exported, as it is not used in the node tree of the material
20:10:15 | INFO: Primitives created: 1
20:10:15 | INFO: Extracting primitive: Naila_HeadHandLeft_LOD0Mesh
20:10:15 | INFO: Primitives created: 1
20:10:15 | INFO: Extracting primitive: Naila_HeadHandLeft_LOD0Mesh.001
20:10:15 | INFO: Primitives created: 1
20:10:15 | INFO: Extracting primitive: Naila_HeadHandRight_LOD0Mesh
20:10:15 | INFO: Primitives created: 1
20:10:15 | INFO: Extracting primitive: Naila_HeadHandRight_LOD0Mesh.001
20:10:15 | INFO: Primitives created: 1
20:10:15 | INFO: Extracting primitive: Naila_HeadHandThumbLeft_LOD0Mesh
20:10:15 | INFO: Primitives created: 1
20:10:15 | INFO: Extracting primitive: Naila_HeadHandThumbLeft_LOD0Mesh.001
20:10:15 | INFO: Primitives created: 1
20:10:15 | INFO: Extracting primitive: Naila_HeadHandThumbRight_LOD0Mesh
20:10:15 | INFO: Primitives created: 1
20:10:15 | INFO: Extracting primitive: Naila_HeadHandThumbRight_LOD0Mesh.001
20:10:15 | INFO: Primitives created: 1
20:10:15 | INFO: Extracting primitive: Naila_ScarfBand_LOD0Mesh
20:10:15 | INFO: Primitives created: 1
20:10:15 | INFO: Extracting primitive: Naila_ScarfBand_LOD0Mesh.001
20:10:15 | INFO: Primitives created: 1
20:10:15 | INFO: Extracting primitive: Cone.020
20:10:15 | INFO: Primitives created: 1
20:10:15 | INFO: Extracting primitive: Cone.049
20:10:15 | INFO: Primitives created: 1
20:10:15 | INFO: Extracting primitive: Cone.021
20:10:15 | INFO: Primitives created: 1
20:10:15 | INFO: Extracting primitive: Cone.050
20:10:15 | INFO: Primitives created: 1
20:10:15 | INFO: Extracting primitive: Naila_SleeveLeft_LOD0Mesh
20:10:15 | INFO: Primitives created: 1
20:10:15 | INFO: Extracting primitive: Naila_SleeveLeft_LOD0Mesh.001
20:10:15 | INFO: Primitives created: 1
20:10:15 | INFO: Extracting primitive: Naila_SleeveRight_LOD0Mesh
20:10:15 | INFO: Primitives created: 1
20:10:15 | INFO: Extracting primitive: Naila_SleeveRight_LOD0Mesh.001
20:10:15 | INFO: Primitives created: 1
20:10:15 | INFO: Extracting primitive: Naila_TrouserLeft_LOD0Mesh
20:10:15 | INFO: Primitives created: 1
20:10:15 | INFO: Extracting primitive: Naila_TrouserLeft_LOD0Mesh.001
20:10:15 | INFO: Primitives created: 1
20:10:15 | INFO: Extracting primitive: Naila_TrouserRight_LOD0Mesh
20:10:15 | INFO: Primitives created: 1
20:10:15 | INFO: Extracting primitive: Naila_TrouserRight_LOD0Mesh.001
20:10:15 | INFO: Primitives created: 1
20:10:15 | INFO: Extracting primitive: ArchiveClerk_Body_LOD0Mesh
20:10:15 | INFO: Primitives created: 1
20:10:15 | INFO: Extracting primitive: ArchiveClerk_Body_LOD0Mesh.001
20:10:15 | INFO: Primitives created: 1
20:10:15 | INFO: Extracting primitive: ArchiveClerk_BootLeft_LOD0Mesh
20:10:15 | INFO: Primitives created: 1
20:10:15 | INFO: Extracting primitive: ArchiveClerk_BootLeft_LOD0Mesh.001
20:10:15 | INFO: Primitives created: 1
20:10:15 | INFO: Extracting primitive: ArchiveClerk_BootRight_LOD0Mesh
20:10:15 | INFO: Primitives created: 1
20:10:15 | INFO: Extracting primitive: ArchiveClerk_BootRight_LOD0Mesh.001
20:10:15 | INFO: Primitives created: 1
20:10:15 | INFO: Extracting primitive: ArchiveClerk_CoatFrontPlacket_LOD0Mesh
20:10:15 | INFO: Primitives created: 1
20:10:15 | INFO: Extracting primitive: ArchiveClerk_CoatFrontPlacket_LOD0Mesh.001
20:10:15 | INFO: Primitives created: 1
20:10:15 | INFO: Extracting primitive: Cone.025
20:10:15 | INFO: Primitives created: 1
20:10:15 | INFO: Extracting primitive: Cone.054
20:10:15 | INFO: Primitives created: 1
20:10:15 | INFO: Extracting primitive: Cube.070
20:10:15 | INFO: Primitives created: 1
20:10:15 | INFO: Extracting primitive: Cube.151
20:10:15 | INFO: Primitives created: 1
20:10:15 | INFO: Extracting primitive: Cube.071
20:10:15 | INFO: Primitives created: 1
20:10:15 | INFO: Extracting primitive: Cube.152
20:10:15 | INFO: Primitives created: 1
20:10:15 | INFO: Extracting primitive: QuaterniusMale_FaceBrowsMesh.005
20:10:15 | WARNING: The active Vertex Color will not be exported, as it is not used in the node tree of the material
20:10:15 | INFO: Primitives created: 1
20:10:15 | WARNING: Mesh QuaterniusMale_FaceBrowsMesh.011 is not valid, and may be exported wrongly
20:10:15 | INFO: Extracting primitive: QuaterniusMale_FaceBrowsMesh.011
20:10:15 | WARNING: The active Vertex Color will not be exported, as it is not used in the node tree of the material
20:10:15 | INFO: Primitives created: 1
20:10:15 | INFO: Extracting primitive: Cube.064
20:10:15 | INFO: Primitives created: 1
20:10:15 | INFO: Extracting primitive: Cube.145
20:10:15 | INFO: Primitives created: 1
20:10:15 | INFO: Extracting primitive: Cube.066
20:10:15 | INFO: Primitives created: 1
20:10:15 | INFO: Extracting primitive: Cube.147
20:10:15 | INFO: Primitives created: 1
20:10:15 | INFO: Extracting primitive: QuaterniusMale_FaceEyesMesh.005
20:10:15 | WARNING: The active Vertex Color will not be exported, as it is not used in the node tree of the material
20:10:15 | INFO: Primitives created: 1
20:10:15 | INFO: Extracting primitive: QuaterniusMale_FaceEyesMesh.011
20:10:15 | WARNING: The active Vertex Color will not be exported, as it is not used in the node tree of the material
20:10:15 | INFO: Primitives created: 1
20:10:15 | INFO: Extracting primitive: Cube.063
20:10:15 | INFO: Primitives created: 1
20:10:15 | INFO: Extracting primitive: Cube.144
20:10:15 | INFO: Primitives created: 1
20:10:15 | INFO: Extracting primitive: Cube.065
20:10:15 | INFO: Primitives created: 1
20:10:15 | INFO: Extracting primitive: Cube.146
20:10:15 | INFO: Primitives created: 1
20:10:15 | INFO: Extracting primitive: Cube.069
20:10:15 | INFO: Primitives created: 1
20:10:15 | INFO: Extracting primitive: Cube.150
20:10:15 | INFO: Primitives created: 1
20:10:15 | INFO: Extracting primitive: Cube.067
20:10:15 | INFO: Primitives created: 1
20:10:15 | INFO: Extracting primitive: Cube.148
20:10:15 | INFO: Primitives created: 1
20:10:15 | INFO: Extracting primitive: Cube.068
20:10:15 | INFO: Primitives created: 1
20:10:15 | INFO: Extracting primitive: Cube.149
20:10:15 | INFO: Primitives created: 1
20:10:15 | INFO: Extracting primitive: Quaternius_HairSimplePartedMesh.002
20:10:15 | INFO: Primitives created: 1
20:10:15 | INFO: Extracting primitive: Quaternius_HairSimplePartedMesh.004
20:10:15 | INFO: Primitives created: 1
20:10:15 | INFO: Extracting primitive: QuaterniusMale_HeadMesh.005
20:10:15 | WARNING: The active Vertex Color will not be exported, as it is not used in the node tree of the material
20:10:15 | INFO: Primitives created: 1
20:10:15 | INFO: Extracting primitive: QuaterniusMale_HeadMesh.011
20:10:15 | WARNING: The active Vertex Color will not be exported, as it is not used in the node tree of the material
20:10:15 | INFO: Primitives created: 1
20:10:15 | INFO: Extracting primitive: ArchiveClerk_HeadHandLeft_LOD0Mesh
20:10:15 | INFO: Primitives created: 1
20:10:15 | INFO: Extracting primitive: ArchiveClerk_HeadHandLeft_LOD0Mesh.001
20:10:15 | INFO: Primitives created: 1
20:10:15 | INFO: Extracting primitive: ArchiveClerk_HeadHandRight_LOD0Mesh
20:10:15 | INFO: Primitives created: 1
20:10:15 | INFO: Extracting primitive: ArchiveClerk_HeadHandRight_LOD0Mesh.001
20:10:15 | INFO: Primitives created: 1
20:10:15 | INFO: Extracting primitive: ArchiveClerk_HeadHandThumbLeft_LOD0Mesh
20:10:15 | INFO: Primitives created: 1
20:10:15 | INFO: Extracting primitive: ArchiveClerk_HeadHandThumbLeft_LOD0Mesh.001
20:10:15 | INFO: Primitives created: 1
20:10:15 | INFO: Extracting primitive: ArchiveClerk_HeadHandThumbRight_LOD0Mesh
20:10:15 | INFO: Primitives created: 1
20:10:15 | INFO: Extracting primitive: ArchiveClerk_HeadHandThumbRight_LOD0Mesh.001
20:10:15 | INFO: Primitives created: 1
20:10:15 | INFO: Extracting primitive: ArchiveClerk_ScarfBand_LOD0Mesh
20:10:15 | INFO: Primitives created: 1
20:10:15 | INFO: Extracting primitive: ArchiveClerk_ScarfBand_LOD0Mesh.001
20:10:15 | INFO: Primitives created: 1
20:10:15 | INFO: Extracting primitive: Cone.023
20:10:15 | INFO: Primitives created: 1
20:10:15 | INFO: Extracting primitive: Cone.052
20:10:15 | INFO: Primitives created: 1
20:10:15 | INFO: Extracting primitive: Cone.024
20:10:15 | INFO: Primitives created: 1
20:10:15 | INFO: Extracting primitive: Cone.053
20:10:15 | INFO: Primitives created: 1
20:10:15 | INFO: Extracting primitive: ArchiveClerk_SleeveLeft_LOD0Mesh
20:10:15 | INFO: Primitives created: 1
20:10:15 | INFO: Extracting primitive: ArchiveClerk_SleeveLeft_LOD0Mesh.001
20:10:15 | INFO: Primitives created: 1
20:10:15 | INFO: Extracting primitive: ArchiveClerk_SleeveRight_LOD0Mesh
20:10:15 | INFO: Primitives created: 1
20:10:15 | INFO: Extracting primitive: ArchiveClerk_SleeveRight_LOD0Mesh.001
20:10:15 | INFO: Primitives created: 1
20:10:15 | INFO: Extracting primitive: ArchiveClerk_TrouserLeft_LOD0Mesh
20:10:15 | INFO: Primitives created: 1
20:10:15 | INFO: Extracting primitive: ArchiveClerk_TrouserLeft_LOD0Mesh.001
20:10:15 | INFO: Primitives created: 1
20:10:15 | INFO: Extracting primitive: ArchiveClerk_TrouserRight_LOD0Mesh
20:10:15 | INFO: Primitives created: 1
20:10:15 | INFO: Extracting primitive: ArchiveClerk_TrouserRight_LOD0Mesh.001
20:10:15 | INFO: Primitives created: 1
20:10:15 | INFO: Extracting primitive: PactKeeper_Body_LOD0Mesh
20:10:15 | INFO: Primitives created: 1
20:10:15 | INFO: Extracting primitive: PactKeeper_Body_LOD0Mesh.001
20:10:15 | INFO: Primitives created: 1
20:10:15 | INFO: Extracting primitive: PactKeeper_BootLeft_LOD0Mesh
20:10:15 | INFO: Primitives created: 1
20:10:15 | INFO: Extracting primitive: PactKeeper_BootLeft_LOD0Mesh.001
20:10:15 | INFO: Primitives created: 1
20:10:15 | INFO: Extracting primitive: PactKeeper_BootRight_LOD0Mesh
20:10:15 | INFO: Primitives created: 1
20:10:15 | INFO: Extracting primitive: PactKeeper_BootRight_LOD0Mesh.001
20:10:15 | INFO: Primitives created: 1
20:10:15 | INFO: Extracting primitive: PactKeeper_CoatFrontPlacket_LOD0Mesh
20:10:15 | INFO: Primitives created: 1
20:10:15 | INFO: Extracting primitive: PactKeeper_CoatFrontPlacket_LOD0Mesh.001
20:10:15 | INFO: Primitives created: 1
20:10:15 | INFO: Extracting primitive: Cone.028
20:10:15 | INFO: Primitives created: 1
20:10:15 | INFO: Extracting primitive: Cone.057
20:10:15 | INFO: Primitives created: 1
20:10:15 | INFO: Extracting primitive: Cube.079
20:10:15 | INFO: Primitives created: 1
20:10:15 | INFO: Extracting primitive: Cube.160
20:10:15 | INFO: Primitives created: 1
20:10:15 | INFO: Extracting primitive: Cube.080
20:10:15 | INFO: Primitives created: 1
20:10:15 | INFO: Extracting primitive: Cube.161
20:10:15 | INFO: Primitives created: 1
20:10:15 | INFO: Extracting primitive: Quaternius_HairBeardMesh.004
20:10:15 | INFO: Primitives created: 1
20:10:15 | INFO: Extracting primitive: Quaternius_HairBeardMesh.008
20:10:15 | INFO: Primitives created: 1
20:10:15 | INFO: Extracting primitive: QuaterniusMale_FaceBrowsMesh.006
20:10:15 | WARNING: The active Vertex Color will not be exported, as it is not used in the node tree of the material
20:10:15 | INFO: Primitives created: 1
20:10:15 | WARNING: Mesh QuaterniusMale_FaceBrowsMesh.012 is not valid, and may be exported wrongly
20:10:15 | INFO: Extracting primitive: QuaterniusMale_FaceBrowsMesh.012
20:10:15 | WARNING: The active Vertex Color will not be exported, as it is not used in the node tree of the material
20:10:15 | INFO: Primitives created: 1
20:10:15 | INFO: Extracting primitive: Cube.073
20:10:15 | INFO: Primitives created: 1
20:10:15 | INFO: Extracting primitive: Cube.154
20:10:15 | INFO: Primitives created: 1
20:10:15 | INFO: Extracting primitive: Cube.075
20:10:15 | INFO: Primitives created: 1
20:10:15 | INFO: Extracting primitive: Cube.156
20:10:15 | INFO: Primitives created: 1
20:10:15 | INFO: Extracting primitive: QuaterniusMale_FaceEyesMesh.006
20:10:15 | WARNING: The active Vertex Color will not be exported, as it is not used in the node tree of the material
20:10:15 | INFO: Primitives created: 1
20:10:15 | INFO: Extracting primitive: QuaterniusMale_FaceEyesMesh.012
20:10:15 | WARNING: The active Vertex Color will not be exported, as it is not used in the node tree of the material
20:10:15 | INFO: Primitives created: 1
20:10:15 | INFO: Extracting primitive: Cube.072
20:10:15 | INFO: Primitives created: 1
20:10:15 | INFO: Extracting primitive: Cube.153
20:10:15 | INFO: Primitives created: 1
20:10:15 | INFO: Extracting primitive: Cube.074
20:10:15 | INFO: Primitives created: 1
20:10:15 | INFO: Extracting primitive: Cube.155
20:10:15 | INFO: Primitives created: 1
20:10:15 | INFO: Extracting primitive: Cube.078
20:10:15 | INFO: Primitives created: 1
20:10:15 | INFO: Extracting primitive: Cube.159
20:10:15 | INFO: Primitives created: 1
20:10:15 | INFO: Extracting primitive: Cube.076
20:10:15 | INFO: Primitives created: 1
20:10:15 | INFO: Extracting primitive: Cube.157
20:10:15 | INFO: Primitives created: 1
20:10:15 | INFO: Extracting primitive: Cube.077
20:10:15 | INFO: Primitives created: 1
20:10:15 | INFO: Extracting primitive: Cube.158
20:10:15 | INFO: Primitives created: 1
20:10:15 | INFO: Extracting primitive: Quaternius_HairBuzzedMesh.004
20:10:15 | INFO: Primitives created: 1
20:10:15 | INFO: Extracting primitive: Quaternius_HairBuzzedMesh.008
20:10:15 | INFO: Primitives created: 1
20:10:15 | INFO: Extracting primitive: PactKeeper_Hat_LOD0Mesh
20:10:15 | INFO: Primitives created: 1
20:10:15 | INFO: Extracting primitive: PactKeeper_Hat_LOD0Mesh.001
20:10:15 | INFO: Primitives created: 1
20:10:15 | INFO: Extracting primitive: QuaterniusMale_HeadMesh.006
20:10:15 | WARNING: The active Vertex Color will not be exported, as it is not used in the node tree of the material
20:10:15 | INFO: Primitives created: 1
20:10:15 | INFO: Extracting primitive: QuaterniusMale_HeadMesh.012
20:10:15 | WARNING: The active Vertex Color will not be exported, as it is not used in the node tree of the material
20:10:15 | INFO: Primitives created: 1
20:10:15 | INFO: Extracting primitive: PactKeeper_HeadHandLeft_LOD0Mesh
20:10:15 | INFO: Primitives created: 1
20:10:15 | INFO: Extracting primitive: PactKeeper_HeadHandLeft_LOD0Mesh.001
20:10:15 | INFO: Primitives created: 1
20:10:15 | INFO: Extracting primitive: PactKeeper_HeadHandRight_LOD0Mesh
20:10:15 | INFO: Primitives created: 1
20:10:15 | INFO: Extracting primitive: PactKeeper_HeadHandRight_LOD0Mesh.001
20:10:15 | INFO: Primitives created: 1
20:10:15 | INFO: Extracting primitive: PactKeeper_HeadHandThumbLeft_LOD0Mesh
20:10:15 | INFO: Primitives created: 1
20:10:15 | INFO: Extracting primitive: PactKeeper_HeadHandThumbLeft_LOD0Mesh.001
20:10:15 | INFO: Primitives created: 1
20:10:15 | INFO: Extracting primitive: PactKeeper_HeadHandThumbRight_LOD0Mesh
20:10:15 | INFO: Primitives created: 1
20:10:15 | INFO: Extracting primitive: PactKeeper_HeadHandThumbRight_LOD0Mesh.001
20:10:15 | INFO: Primitives created: 1
20:10:15 | INFO: Extracting primitive: PactKeeper_ScarfBand_LOD0Mesh
20:10:15 | INFO: Primitives created: 1
20:10:15 | INFO: Extracting primitive: PactKeeper_ScarfBand_LOD0Mesh.001
20:10:15 | INFO: Primitives created: 1
20:10:15 | INFO: Extracting primitive: Cone.026
20:10:15 | INFO: Primitives created: 1
20:10:15 | INFO: Extracting primitive: Cone.055
20:10:15 | INFO: Primitives created: 1
20:10:15 | INFO: Extracting primitive: Cone.027
20:10:15 | INFO: Primitives created: 1
20:10:15 | INFO: Extracting primitive: Cone.056
20:10:15 | INFO: Primitives created: 1
20:10:15 | INFO: Extracting primitive: PactKeeper_SleeveLeft_LOD0Mesh
20:10:15 | INFO: Primitives created: 1
20:10:15 | INFO: Extracting primitive: PactKeeper_SleeveLeft_LOD0Mesh.001
20:10:15 | INFO: Primitives created: 1
20:10:15 | INFO: Extracting primitive: PactKeeper_SleeveRight_LOD0Mesh
20:10:15 | INFO: Primitives created: 1
20:10:15 | INFO: Extracting primitive: PactKeeper_SleeveRight_LOD0Mesh.001
20:10:15 | INFO: Primitives created: 1
20:10:15 | INFO: Extracting primitive: PactKeeper_TrouserLeft_LOD0Mesh
20:10:15 | INFO: Primitives created: 1
20:10:15 | INFO: Extracting primitive: PactKeeper_TrouserLeft_LOD0Mesh.001
20:10:15 | INFO: Primitives created: 1
20:10:15 | INFO: Extracting primitive: PactKeeper_TrouserRight_LOD0Mesh
20:10:15 | INFO: Primitives created: 1
20:10:15 | INFO: Extracting primitive: PactKeeper_TrouserRight_LOD0Mesh.001
20:10:15 | INFO: Primitives created: 1
20:10:16 | INFO: Finished glTF 2.0 export in 2.3970842361450195 s

URMAN character kit: /Users/unterlantas/Documents/GitHub/URMAN/assets/source/blender/urman_character_kit.blend
URMAN character kit: /Users/unterlantas/Documents/GitHub/URMAN/game/assets/generated/urman_character_kit.glb
URMAN character LOD1 variants: 271
Blender 4.5.12 LTS (hash 84afd5f785f7 built 2026-07-21 01:41:35)

Blender quit
userdata guard: original files and permissions restored and verified
