Godot Engine v4.7.1.stable.mono.official.a13da4feb - https://godotengine.org
Metal 4.0 - Forward+ - Using Device #0: Apple - Apple M4 Pro (Apple9)

act1-facilities: facility proof uses a real native game window
act1-river: ice_slabs=31 blockers=29 road_gap_samples=2 bridge=broken@(15,-85)
village-chimney: /root/Act1FacilitiesSmokeTest/Act1Demo/Main/ZoneHost/Act1ConnectedWorld/Act1CoreWorldGreybox/Act1AuthoredExteriorKitPresentation/ArrivalAuthoredParcels/ArrivalForwardWestFacade/DwellingFacade_TimberPlaster/DwellingFacade_ChimneyCap_LOD0 top=(-10.2875, 4.7722464, 2.3450005)
village-chimney: /root/Act1FacilitiesSmokeTest/Act1Demo/Main/ZoneHost/Act1ConnectedWorld/Act1CoreWorldGreybox/Act1AuthoredExteriorKitPresentation/DistantPerimeterParcels/WestArrivalNearParcel/WestArrivalNearFacade/DwellingFacade_TimberPlaster/DwellingFacade_ChimneyCap_LOD0 top=(-19.730013, 3.9641316, 15.965501)
act1-terrain-room-cut: room=/root/Act1FacilitiesSmokeTest/Act1Demo/Main/ZoneHost/Act1ConnectedWorld/babay-abi-house half=(4, 3.5) affectedTriangles=48 clippedVertices=49980 publishedVertices=49980 physicsVertices=49980 visualAndPhysics=shared-published-faces
act1-apron-room-cut: mesh=/root/Act1FacilitiesSmokeTest/Act1Demo/Main/ZoneHost/Act1ConnectedWorld/Act1CoreWorldGreybox/AgentBExteriorWorld/AgentB_TerrainRoadKit/URMAN_AgentB_TerrainRoadKit/Apron_BabaiYard affectedTriangles=11 clippedVertices=123 surfaces=1 collision=existing-terrain-owner
act1-south-fence-house-junction: wallX=-33.5880 retainedMembers=13 retiredPostsAndCaps=10 supportedWestWing=2.4920m
act1-drain-bank-conform: mesh=/root/Act1FacilitiesSmokeTest/Act1Demo/Main/ZoneHost/Act1ConnectedWorld/Act1CoreWorldGreybox/AgentBExteriorWorld/AgentB_TerrainRoadKit/URMAN_AgentB_TerrainRoadKit/BabaiYard_EastFenceSwale originalTriangles=78 affectedTriangles=35 outputTriangles=3543 groundOwner=unchanged
act1-school-bank-cut: mesh=/root/Act1FacilitiesSmokeTest/Act1Demo/Main/ZoneHost/Act1ConnectedWorld/Act1CoreWorldGreybox/AgentBExteriorWorld/AgentB_TerrainRoadKit/URMAN_AgentB_TerrainRoadKit/Ditch_FieldBank_EastZirat room=/root/Act1FacilitiesSmokeTest/Act1Demo/Main/ZoneHost/Act1ConnectedWorld/Act1CoreWorldGreybox/Act1AuthoredExteriorKitPresentation/DistantPerimeterParcels/EastReturnMidParcel/EastReturnMidFacade/PublicInterior_school/MainRoom half=(2.5154998, 2.3804996) affectedTriangles=20 clippedVertices=486 publishedVertices=486 floorY=-0.0049708784 collision=unchanged-existing-terrain-and-timber-floor
act1-roadside-grounding: independent contact meshes=34; source meshes and usable footbridge preserved
act1-kit-blockers: placements=100 shapes=1719 carved_door_slabs=241 flat_slab_skipped=2473 exact_architecture_surfaces=911 hidden_skipped=7 road_clearance_skipped=0
act1-dwelling-threshold: placements=83 worst_analytic_vs_collision_delta=0.028m worst_placement=ArrivalForwardEastShed
act1-building-supports: supported foundations=137; maximum ground drop=1.136m; level entrances preserved
zone-loaded: village_day@arrival connected-world=108531814330
УРМАН Godot vertical slice ready: Painterly Low-Poly / first person
act1-smoke: background input replay; focus-loss pause isolated from this test scene
act1-window-surrounds: painted=1020
act1-legacy-sign: suppressed=1
zone-loaded: village_day@arrival connected-world=108531814330
SaveGameV3 new game session started; existing slots untouched.
act1-facilities: production main menu starts an ordinary New Game
act1-intro: confirmed with E
act1-facilities: native window has actual focus; background input alone does not advance facility time or door animation; camera=(0, 1.1606874, 8.82) ray=(-0, -0, -1) hit= shape= at=(0, 0, 0) held= busy=False registering=False registered=True heldPosition= heldPoseValid=False light= targetState= targetVisible= targetConcealed= modal=False pause=False focused=True physicsEnabled=True treePaused=False inputFrame=31/32 interactPresses=0 feedback= pickupProbe=
act1-facilities: ordinary exterior controls are active
act1-facilities: arrival cannot inspect either distant interior
SaveGameV3 written to /Users/unterlantas/Library/Application Support/Godot/app_userdata/URMAN/savegames/facilities-pristine.savegame-v3.json
act1-facilities: save the actual New Game before local fixtures
act1-facilities: the actual Facilities06 indoor birch is covered by the bath roof rule
act1-facilities: the roof-overlapping plant retains its identity with all LODs hidden
act1-facilities: every recorded stem belonging to that plant is disabled
act1-facilities: the known indoor birch retains its exact paired stem while the shared scenery body remains active
act1-facilities: the roof-overlapping plant retains its identity with all LODs hidden
act1-facilities: every recorded stem belonging to that plant is disabled
act1-facilities: six terrain-resting carry items use the shared authored support owner
act1-facilities: carry-log authored full body is clear of terrain, woodpile and neighbouring solids: ; pose=[X: (0.90124553, -0.16354421, -0.40126038), Y: (0.12671697, 0.9850308, -0.11686417), Z: (0.41436628, 0.05447681, 0.9084784), O: (-32.17394, 0.67658806, 4.706752)]
act1-facilities: carry-log has actual ground support across 9 footprint samples, gaps 0.0030–0.0030m
act1-facilities: carry-crate authored full body is clear of terrain, woodpile and neighbouring solids: ; pose=[X: (0.9776721, 0.031176694, 0.20781063), Y: (-0.011615854, 0.9954389, -0.09469197), Z: (-0.20981497, 0.0901638, 0.973575), O: (-27.5, 0.3315878, 2.8)]
act1-facilities: carry-crate has actual ground support across 12 footprint samples, gaps 0.0030–0.0059m
act1-facilities: carry-bucket authored full body is clear of terrain, woodpile and neighbouring solids: ; pose=[X: (0.98839056, 0.061550256, -0.13890925), Y: (-0.05954554, 0.9980533, 0.018545846), Z: (0.13978034, -0.010059113, 0.9901315), O: (-26.6, 0.26607022, 0.2)]
act1-facilities: carry-bucket has actual ground support across 9 footprint samples, gaps 0.0030–0.0069m
act1-facilities: carry-axe authored full body is clear of terrain, woodpile and neighbouring solids: ; pose=[X: (0.46482128, -0.14040194, -0.8742016), Y: (0.06272975, 0.99008816, -0.12566002), Z: (0.88317955, 0.0035709962, 0.46902144), O: (-31.6, 0.5715371, 4.3)]
act1-facilities: carry-axe has actual ground support across 9 footprint samples, gaps 0.0030–0.0033m
act1-facilities: carry-tool-shovel authored full body is clear of terrain, woodpile and neighbouring solids: ; pose=[X: (-0.104479425, -0.030640919, -0.9940549), Y: (-0.04023672, 0.9988371, -0.026559275), Z: (0.9937128, 0.037222613, -0.10559083), O: (-27.6, 0.22954099, 0.9)]
act1-facilities: carry-tool-shovel has actual ground support across 9 footprint samples, gaps 0.0030–0.0030m
act1-facilities: carry-tool-pole authored full body is clear of terrain, woodpile and neighbouring solids: ; pose=[X: (0.97797006, -0.019051604, -0.20787396), Y: (-0.002224457, 0.99481875, -0.10164018), Z: (0.20873332, 0.09986346, 0.9728606), O: (-28.1, 0.45865598, 4.2)]
act1-facilities: carry-tool-pole has actual ground support across 30 footprint samples, gaps 0.0030–0.0050m
act1-facilities: new bath steps preserve the previously authored loose log position
act1-facilities: existing loose log retains a supported unobstructed pickup approach beside the repaired steps
act1-facilities: supported local start fits standing capsule: outside existing Babai bathhouse footprint
act1-facilities: local start settles on real support: outside existing Babai bathhouse footprint
state-final-render-sync-begin: label=facility/01_bathhouse_approach tick=29231 drawn=11 process=11 physics=47 windowVisible=True focus=True mode=Windowed renderLoop=True
state-final-render-sync-end: label=facility/01_bathhouse_approach milliseconds=35 forcedScreenshotRender=False
act1-facility-camera: {"kind":"native-game-camera","file":"/Users/unterlantas/Documents/GitHub/URMAN/docs/production/act1_takeover_evidence_2026-09-16/images-facilities-08/01_bathhouse_approach.png","focus":true,"intendedAim":null,"cameraBefore":"[X: (1, 0, 0), Y: (0, 1, 0), Z: (0, 0, 1), O: (-29.133991, 2.3580222, 5.761516)]","cameraAfter":"[X: (1, 0, 0), Y: (0, 1, 0), Z: (0, 0, 1), O: (-29.133991, 2.3580222, 5.761516)]","cameraUnchangedDuringRender":true,"cameraTravel":0,"cameraForwardDot":1,"frameBefore":11,"frameAfter":11,"intendedAimDot":null,"humanArtReview":"not-run"}
act1-facilities: climb the new lower flight along the clear yard side; actual=(-30.232725, 1.1050161, 5.682237), expected=(-30.282448, 1.4110625, 5.6705036)
act1-facilities: turn on the real upper landing toward the closed bath door; actual=(-31.586863, 1.4110732, 5.362688), expected=(-31.625557, 1.4110625, 5.353557)
act1-facilities: previous facility action finishes; camera=(-31.76205, 3.1091208, 5.3213477) ray=(-0.973269, -0, -0.22966827) hit= shape= at=(0, 0, 0) held= busy=False registering=False registered=True heldPosition= heldPoseValid=False light= targetState= targetVisible= targetConcealed= modal=False pause=False focused=True physicsEnabled=True treePaused=False inputFrame=103/104 interactPresses=0 feedback= pickupProbe=
act1-facilities: actual available aim at BathEntranceUse; layer=4; camera=(-31.640097, 3.1099434, 5.534636) ray=(-0.13926303, -0.88219297, 0.44982365) hit=/root/Act1FacilitiesSmokeTest/Act1Demo/Main/ZoneHost/Act1ConnectedWorld/village-main-road/BathEntranceUse shape=/root/Act1FacilitiesSmokeTest/Act1Demo/Main/ZoneHost/Act1ConnectedWorld/village-main-road/BathEntranceUse/SurfaceRay at=(-31.725449, 2.5692616, 5.810325) held= busy=False registering=False registered=True heldPosition= heldPoseValid=False light= targetState= targetVisible= targetConcealed= modal=False pause=False focused=True physicsEnabled=True treePaused=False inputFrame=106/107 interactPresses=0 feedback= pickupProbe=
act1-facility-door: {"kind":"door-input-probe","phase":"before-input","target":"urman.chapter1:local/bathhouse/entrance","feet":"(-31.586863, 1.4110732, 5.362688)","velocity":"(0, 0, 0)","forward":0,"backward":0,"left":0,"right":0,"interact":0,"focus":true,"modal":false,"sessionReady":true,"noticeActive":false,"focusedInteraction":"urman.chapter1:local/bathhouse/entrance","transformRevision":4,"angle":3.1415927,"actionNumber":0,"action":"not-called","result":"not-called","sweep":"not-called","aim":"camera=(-31.640097, 3.1099434, 5.534636) ray=(-0.13926303, -0.88219297, 0.44982365) hit=/root/Act1FacilitiesSmokeTest/Act1Demo/Main/ZoneHost/Act1ConnectedWorld/village-main-road/BathEntranceUse shape=/root/Act1FacilitiesSmokeTest/Act1Demo/Main/ZoneHost/Act1ConnectedWorld/village-main-road/BathEntranceUse/SurfaceRay at=(-31.725449, 2.5692616, 5.810325) held= busy=False registering=False registered=True heldPosition= heldPoseValid=False light= targetState= targetVisible= targetConcealed= modal=False pause=False focused=True physicsEnabled=True treePaused=False inputFrame=106/107 interactPresses=0 feedback= pickupProbe="}
act1-facilities: BathEntranceUse: passive focus follows the actual door during a result notice
act1-facility-door: {"kind":"door-input-probe","phase":"after-input","target":"urman.chapter1:local/bathhouse/entrance","feet":"(-31.586863, 1.4110732, 5.362688)","velocity":"(0, 0, 0)","forward":0,"backward":0,"left":0,"right":0,"interact":0,"focus":true,"modal":false,"sessionReady":true,"noticeActive":true,"focusedInteraction":"urman.chapter1:local/bathhouse/entrance","transformRevision":4,"angle":3.1415927,"actionNumber":1,"action":"{\u0022phase\u0022:\u0022received\u0022,\u0022key\u0022:\u0022bathhouse/entrance\u0022,\u0022busy\u0022:false,\u0022sessionReady\u0022:true,\u0022feet\u0022:\u0022(-31.586863, 1.4110732, 5.362688)\u0022,\u0022focus\u0022:true,\u0022forward\u0022:0,\u0022backward\u0022:0,\u0022left\u0022:0,\u0022right\u0022:0}","result":"blocked-by-full-shape-sweep","sweep":"{\u0022clear\u0022:false,\u0022sample\u0022:15,\u0022samples\u0022:105,\u0022yaw\u0022:2.8972466,\u0022size\u0022:\u0022(0.065, 2.0879998, 1.1)\u0022,\u0022pose\u0022:\u0022[X: (-0.458304, 0, 0.88879555), Y: (0, 1, 0), Z: (-0.88879555, 0, -0.458304), O: (-31.689943, 2.4670625, 5.7410717)]\u0022,\u0022collider\u0022:\u0022/root/Act1FacilitiesSmokeTest/Act1Demo/Main/Player\u0022,\u0022shapeIndex\u0022:0,\u0022shapePath\u0022:\u0022/root/Act1FacilitiesSmokeTest/Act1Demo/Main/Player/CollisionShape3D\u0022,\u0022authoredSourceMesh\u0022:null}","aim":"camera=(-31.640097, 3.110619, 5.534636) ray=(-0.13926303, -0.88219297, 0.44982365) hit=/root/Act1FacilitiesSmokeTest/Act1Demo/Main/ZoneHost/Act1ConnectedWorld/village-main-road/BathEntranceUse shape=/root/Act1FacilitiesSmokeTest/Act1Demo/Main/ZoneHost/Act1ConnectedWorld/village-main-road/BathEntranceUse/SurfaceRay at=(-31.725449, 2.5699372, 5.810325) held= busy=False registering=False registered=True heldPosition= heldPoseValid=False light= targetState= targetVisible= targetConcealed= modal=False pause=False focused=True physicsEnabled=True treePaused=False inputFrame=108/112 interactPresses=1 feedback= pickupProbe="}
act1-facilities: BathEntranceUse: one deliberate mapped press reaches exactly one door callback
act1-facilities: facility transaction and existing checkpoint save finish; camera=(-31.640097, 3.110619, 5.534636) ray=(-0.13926303, -0.88219297, 0.44982365) hit=/root/Act1FacilitiesSmokeTest/Act1Demo/Main/ZoneHost/Act1ConnectedWorld/village-main-road/BathEntranceUse shape=/root/Act1FacilitiesSmokeTest/Act1Demo/Main/ZoneHost/Act1ConnectedWorld/village-main-road/BathEntranceUse/SurfaceRay at=(-31.725449, 2.5699372, 5.810325) held= busy=False registering=False registered=True heldPosition= heldPoseValid=False light= targetState= targetVisible= targetConcealed= modal=False pause=False focused=True physicsEnabled=True treePaused=False inputFrame=108/112 interactPresses=1 feedback= pickupProbe=
act1-facility-door: {"kind":"door-input-probe","phase":"after-transaction","target":"urman.chapter1:local/bathhouse/entrance","feet":"(-31.586863, 1.4110732, 5.362688)","velocity":"(0, 0, 0)","forward":0,"backward":0,"left":0,"right":0,"interact":0,"focus":true,"modal":false,"sessionReady":true,"noticeActive":true,"focusedInteraction":"urman.chapter1:local/bathhouse/entrance","transformRevision":4,"angle":3.1415927,"actionNumber":1,"action":"{\u0022phase\u0022:\u0022received\u0022,\u0022key\u0022:\u0022bathhouse/entrance\u0022,\u0022busy\u0022:false,\u0022sessionReady\u0022:true,\u0022feet\u0022:\u0022(-31.586863, 1.4110732, 5.362688)\u0022,\u0022focus\u0022:true,\u0022forward\u0022:0,\u0022backward\u0022:0,\u0022left\u0022:0,\u0022right\u0022:0}","result":"blocked-by-full-shape-sweep","sweep":"{\u0022clear\u0022:false,\u0022sample\u0022:15,\u0022samples\u0022:105,\u0022yaw\u0022:2.8972466,\u0022size\u0022:\u0022(0.065, 2.0879998, 1.1)\u0022,\u0022pose\u0022:\u0022[X: (-0.458304, 0, 0.88879555), Y: (0, 1, 0), Z: (-0.88879555, 0, -0.458304), O: (-31.689943, 2.4670625, 5.7410717)]\u0022,\u0022collider\u0022:\u0022/root/Act1FacilitiesSmokeTest/Act1Demo/Main/Player\u0022,\u0022shapeIndex\u0022:0,\u0022shapePath\u0022:\u0022/root/Act1FacilitiesSmokeTest/Act1Demo/Main/Player/CollisionShape3D\u0022,\u0022authoredSourceMesh\u0022:null}","aim":"camera=(-31.640097, 3.1108105, 5.534636) ray=(-0.13926303, -0.88219297, 0.44982365) hit=/root/Act1FacilitiesSmokeTest/Act1Demo/Main/ZoneHost/Act1ConnectedWorld/village-main-road/BathEntranceUse shape=/root/Act1FacilitiesSmokeTest/Act1Demo/Main/ZoneHost/Act1ConnectedWorld/village-main-road/BathEntranceUse/SurfaceRay at=(-31.725449, 2.5701287, 5.810325) held= busy=False registering=False registered=True heldPosition= heldPoseValid=False light= targetState= targetVisible= targetConcealed= modal=False pause=False focused=True physicsEnabled=True treePaused=False inputFrame=108/115 interactPresses=1 feedback= pickupProbe="}
act1-facilities: player in the opening sweep causes refusal without state or angle changes
act1-facilities: the first door refusal is specifically the actual player collision; static obstructions cannot masquerade as this case
state-final-render-sync-begin: label=facility/02_bath_door_player_refusal tick=30415 drawn=100 process=100 physics=115 windowVisible=True focus=True mode=Windowed renderLoop=True
state-final-render-sync-end: label=facility/02_bath_door_player_refusal milliseconds=8 forcedScreenshotRender=False
act1-facility-camera: {"kind":"native-game-camera","file":"/Users/unterlantas/Documents/GitHub/URMAN/docs/production/act1_takeover_evidence_2026-09-16/images-facilities-08/02_bath_door_player_refusal.png","focus":true,"intendedAim":null,"cameraBefore":"[X: (-0.9552668, 0, -0.29574555), Y: (-0.26090467, 0.47088802, 0.8427297), Z: (0.13926303, 0.88219297, -0.44982365), O: (-31.640097, 3.1108105, 5.534636)]","cameraAfter":"[X: (-0.9552668, 0, -0.29574555), Y: (-0.26090467, 0.47088802, 0.8427297), Z: (0.13926303, 0.88219297, -0.44982365), O: (-31.640097, 3.1108541, 5.534636)]","cameraUnchangedDuringRender":false,"cameraTravel":4.36306E-05,"cameraForwardDot":1,"frameBefore":100,"frameAfter":100,"intendedAimDot":null,"humanArtReview":"not-run"}
act1-facilities: step out of the door sweep; actual=(-30.307096, 1.107898, 5.664687), expected=(-30.282448, 1.4110625, 5.6705036)
act1-facilities: previous facility action finishes; camera=(-30.131908, 2.8078966, 5.706026) ray=(0.9732706, -0, 0.2296613) hit= shape= at=(0, 0, 0) held= busy=False registering=False registered=True heldPosition= heldPoseValid=False light= targetState= targetVisible= targetConcealed= modal=False pause=False focused=True physicsEnabled=True treePaused=False inputFrame=108/143 interactPresses=1 feedback= pickupProbe=
act1-facilities: actual available aim at BathEntranceUse; layer=4; camera=(-30.485323, 2.807897, 5.6898923) ray=(-0.9548284, -0.2647048, 0.13503397) hit=/root/Act1FacilitiesSmokeTest/Act1Demo/Main/ZoneHost/Act1ConnectedWorld/village-main-road/BathEntranceUse shape=/root/Act1FacilitiesSmokeTest/Act1Demo/Main/ZoneHost/Act1ConnectedWorld/village-main-road/BathEntranceUse/SurfaceRay at=(-31.57985, 2.5044634, 5.844683) held= busy=False registering=False registered=True heldPosition= heldPoseValid=False light= targetState= targetVisible= targetConcealed= modal=False pause=False focused=True physicsEnabled=True treePaused=False inputFrame=108/146 interactPresses=1 feedback= pickupProbe=
act1-facility-door: {"kind":"door-input-probe","phase":"before-input","target":"urman.chapter1:local/bathhouse/entrance","feet":"(-30.307096, 1.107898, 5.664687)","velocity":"(0, 0, 0)","forward":0,"backward":0,"left":0,"right":0,"interact":0,"focus":true,"modal":false,"sessionReady":true,"noticeActive":true,"focusedInteraction":"urman.chapter1:local/bathhouse/entrance","transformRevision":4,"angle":3.1415927,"actionNumber":1,"action":"{\u0022phase\u0022:\u0022received\u0022,\u0022key\u0022:\u0022bathhouse/entrance\u0022,\u0022busy\u0022:false,\u0022sessionReady\u0022:true,\u0022feet\u0022:\u0022(-31.586863, 1.4110732, 5.362688)\u0022,\u0022focus\u0022:true,\u0022forward\u0022:0,\u0022backward\u0022:0,\u0022left\u0022:0,\u0022right\u0022:0}","result":"blocked-by-full-shape-sweep","sweep":"{\u0022clear\u0022:false,\u0022sample\u0022:15,\u0022samples\u0022:105,\u0022yaw\u0022:2.8972466,\u0022size\u0022:\u0022(0.065, 2.0879998, 1.1)\u0022,\u0022pose\u0022:\u0022[X: (-0.458304, 0, 0.88879555), Y: (0, 1, 0), Z: (-0.88879555, 0, -0.458304), O: (-31.689943, 2.4670625, 5.7410717)]\u0022,\u0022collider\u0022:\u0022/root/Act1FacilitiesSmokeTest/Act1Demo/Main/Player\u0022,\u0022shapeIndex\u0022:0,\u0022shapePath\u0022:\u0022/root/Act1FacilitiesSmokeTest/Act1Demo/Main/Player/CollisionShape3D\u0022,\u0022authoredSourceMesh\u0022:null}","aim":"camera=(-30.485323, 2.807897, 5.6898923) ray=(-0.9548284, -0.2647048, 0.13503397) hit=/root/Act1FacilitiesSmokeTest/Act1Demo/Main/ZoneHost/Act1ConnectedWorld/village-main-road/BathEntranceUse shape=/root/Act1FacilitiesSmokeTest/Act1Demo/Main/ZoneHost/Act1ConnectedWorld/village-main-road/BathEntranceUse/SurfaceRay at=(-31.57985, 2.5044634, 5.844683) held= busy=False registering=False registered=True heldPosition= heldPoseValid=False light= targetState= targetVisible= targetConcealed= modal=False pause=False focused=True physicsEnabled=True treePaused=False inputFrame=108/146 interactPresses=1 feedback= pickupProbe="}
act1-facilities: BathEntranceUse: passive focus follows the actual door during a result notice
SaveGameV3 written to /Users/unterlantas/Library/Application Support/Godot/app_userdata/URMAN/savegames/checkpoint.savegame-v3.json
act1-facility-door: {"kind":"door-input-probe","phase":"after-input","target":"urman.chapter1:local/bathhouse/entrance","feet":"(-30.307096, 1.107898, 5.664687)","velocity":"(0, 0, 0)","forward":0,"backward":0,"left":0,"right":0,"interact":0,"focus":true,"modal":false,"sessionReady":true,"noticeActive":true,"focusedInteraction":"urman.chapter1:local/bathhouse/entrance","transformRevision":4,"angle":3.0015929,"actionNumber":2,"action":"{\u0022phase\u0022:\u0022received\u0022,\u0022key\u0022:\u0022bathhouse/entrance\u0022,\u0022busy\u0022:false,\u0022sessionReady\u0022:true,\u0022feet\u0022:\u0022(-30.307096, 1.107898, 5.664687)\u0022,\u0022focus\u0022:true,\u0022forward\u0022:0,\u0022backward\u0022:0,\u0022left\u0022:0,\u0022right\u0022:0}","result":"committed","sweep":"{\u0022clear\u0022:true,\u0022samples\u0022:105,\u0022from\u0022:3.1415927,\u0022to\u0022:1.43117}","aim":"camera=(-30.485323, 2.8078976, 5.6898923) ray=(-0.9548284, -0.2647048, 0.13503397) hit=/root/Act1FacilitiesSmokeTest/Act1Demo/Main/ZoneHost/Act1ConnectedWorld/village-main-road/BathEntranceUse shape=/root/Act1FacilitiesSmokeTest/Act1Demo/Main/ZoneHost/Act1ConnectedWorld/village-main-road/BathEntranceUse/SurfaceRay at=(-31.465187, 2.5362523, 5.8284674) held= busy=False registering=False registered=True heldPosition= heldPoseValid=False light= targetState= targetVisible= targetConcealed= modal=False pause=False focused=True physicsEnabled=True treePaused=False inputFrame=147/151 interactPresses=2 feedback= pickupProbe="}
act1-facilities: BathEntranceUse: one deliberate mapped press reaches exactly one door callback
act1-facilities: facility transaction and existing checkpoint save finish; camera=(-30.485323, 2.8078976, 5.6898923) ray=(-0.9548284, -0.2647048, 0.13503397) hit=/root/Act1FacilitiesSmokeTest/Act1Demo/Main/ZoneHost/Act1ConnectedWorld/village-main-road/BathEntranceUse shape=/root/Act1FacilitiesSmokeTest/Act1Demo/Main/ZoneHost/Act1ConnectedWorld/village-main-road/BathEntranceUse/SurfaceRay at=(-31.465187, 2.5362523, 5.8284674) held= busy=False registering=False registered=True heldPosition= heldPoseValid=False light= targetState= targetVisible= targetConcealed= modal=False pause=False focused=True physicsEnabled=True treePaused=False inputFrame=147/151 interactPresses=2 feedback= pickupProbe=
act1-facility-door: {"kind":"door-input-probe","phase":"after-transaction","target":"urman.chapter1:local/bathhouse/entrance","feet":"(-30.307096, 1.107898, 5.664687)","velocity":"(0, 0, 0)","forward":0,"backward":0,"left":0,"right":0,"interact":0,"focus":true,"modal":false,"sessionReady":true,"noticeActive":true,"focusedInteraction":"urman.chapter1:local/bathhouse/entrance","transformRevision":4,"angle":2.861593,"actionNumber":2,"action":"{\u0022phase\u0022:\u0022received\u0022,\u0022key\u0022:\u0022bathhouse/entrance\u0022,\u0022busy\u0022:false,\u0022sessionReady\u0022:true,\u0022feet\u0022:\u0022(-30.307096, 1.107898, 5.664687)\u0022,\u0022focus\u0022:true,\u0022forward\u0022:0,\u0022backward\u0022:0,\u0022left\u0022:0,\u0022right\u0022:0}","result":"committed","sweep":"{\u0022clear\u0022:true,\u0022samples\u0022:105,\u0022from\u0022:3.1415927,\u0022to\u0022:1.43117}","aim":"camera=(-30.485323, 2.8078978, 5.6898923) ray=(-0.9548284, -0.2647048, 0.13503397) hit=/root/Act1FacilitiesSmokeTest/Act1Demo/Main/ZoneHost/Act1ConnectedWorld/village-main-road/BathEntranceUse shape=/root/Act1FacilitiesSmokeTest/Act1Demo/Main/ZoneHost/Act1ConnectedWorld/village-main-road/BathEntranceUse/SurfaceRay at=(-31.394644, 2.5558088, 5.818491) held= busy=False registering=False registered=True heldPosition= heldPoseValid=False light= targetState= targetVisible= targetConcealed= modal=False pause=False focused=True physicsEnabled=True treePaused=False inputFrame=147/154 interactPresses=2 feedback= pickupProbe="}
act1-facility-door: {"kind":"door-input-probe","phase":"waiting-angle","target":"urman.chapter1:local/bathhouse/entrance","feet":"(-30.307096, 1.107898, 5.664687)","velocity":"(0, 0, 0)","forward":0,"backward":0,"left":0,"right":0,"interact":0,"focus":true,"modal":false,"sessionReady":true,"noticeActive":true,"focusedInteraction":"urman.chapter1:local/bathhouse/entrance","transformRevision":4,"angle":1.43117,"actionNumber":2,"action":"{\u0022phase\u0022:\u0022received\u0022,\u0022key\u0022:\u0022bathhouse/entrance\u0022,\u0022busy\u0022:false,\u0022sessionReady\u0022:true,\u0022feet\u0022:\u0022(-30.307096, 1.107898, 5.664687)\u0022,\u0022focus\u0022:true,\u0022forward\u0022:0,\u0022backward\u0022:0,\u0022left\u0022:0,\u0022right\u0022:0}","result":"committed","sweep":"{\u0022clear\u0022:true,\u0022samples\u0022:105,\u0022from\u0022:3.1415927,\u0022to\u0022:1.43117}","aim":"camera=(-30.485323, 2.8078978, 5.6898923) ray=(-0.9548284, -0.2647048, 0.13503397) hit=/root/Act1FacilitiesSmokeTest/Act1Demo/Main/ZoneHost/Act1ConnectedWorld/village-main-road/BathEntranceUse shape=/root/Act1FacilitiesSmokeTest/Act1Demo/Main/ZoneHost/Act1ConnectedWorld/village-main-road/BathEntranceUse/SurfaceRay at=(-31.052544, 2.6506493, 5.770108) held= busy=False registering=False registered=True heldPosition= heldPoseValid=False light= targetState= targetVisible= targetConcealed= modal=False pause=False focused=True physicsEnabled=True treePaused=False inputFrame=147/185 interactPresses=2 feedback= pickupProbe="}
act1-facility-door: {"kind":"door-input-probe","phase":"finished-angle-wait","target":"urman.chapter1:local/bathhouse/entrance","feet":"(-30.307096, 1.107898, 5.664687)","velocity":"(0, 0, 0)","forward":0,"backward":0,"left":0,"right":0,"interact":0,"focus":true,"modal":false,"sessionReady":true,"noticeActive":true,"focusedInteraction":"urman.chapter1:local/bathhouse/entrance","transformRevision":4,"angle":1.43117,"actionNumber":2,"action":"{\u0022phase\u0022:\u0022received\u0022,\u0022key\u0022:\u0022bathhouse/entrance\u0022,\u0022busy\u0022:false,\u0022sessionReady\u0022:true,\u0022feet\u0022:\u0022(-30.307096, 1.107898, 5.664687)\u0022,\u0022focus\u0022:true,\u0022forward\u0022:0,\u0022backward\u0022:0,\u0022left\u0022:0,\u0022right\u0022:0}","result":"committed","sweep":"{\u0022clear\u0022:true,\u0022samples\u0022:105,\u0022from\u0022:3.1415927,\u0022to\u0022:1.43117}","aim":"camera=(-30.485323, 2.8078978, 5.6898923) ray=(-0.9548284, -0.2647048, 0.13503397) hit=/root/Act1FacilitiesSmokeTest/Act1Demo/Main/ZoneHost/Act1ConnectedWorld/village-main-road/BathEntranceUse shape=/root/Act1FacilitiesSmokeTest/Act1Demo/Main/ZoneHost/Act1ConnectedWorld/village-main-road/BathEntranceUse/SurfaceRay at=(-31.052544, 2.6506493, 5.770108) held= busy=False registering=False registered=True heldPosition= heldPoseValid=False light= targetState= targetVisible= targetConcealed= modal=False pause=False focused=True physicsEnabled=True treePaused=False inputFrame=147/185 interactPresses=2 feedback= pickupProbe="}
act1-facilities: bath entrance opens its full 98-degree outward arc after clearing the player
act1-facilities: saving a door action keeps the stove interaction ray present
act1-facilities: bath door bypass has a real flat landing support
act1-facilities: bath bypass stands on its authored upper landing, not terrain underneath it
act1-facilities: both feet retain a complete level support beside the trimmed axe clearance
act1-facilities: both feet retain a complete level support beside the trimmed axe clearance
act1-facilities: both feet retain a complete level support beside the trimmed axe clearance
act1-facilities: both feet retain a complete level support beside the trimmed axe clearance
act1-facilities: both feet retain a complete level support beside the trimmed axe clearance
act1-facilities: both feet retain a complete level support beside the trimmed axe clearance
act1-facilities: both feet retain a complete level support beside the trimmed axe clearance
act1-facilities: both feet retain a complete level support beside the trimmed axe clearance
act1-facilities: both feet retain a complete level support beside the trimmed axe clearance
act1-facilities: full standing capsule fits beside the open leaf and the preserved shelter
act1-facilities: bath door bypass has a real flat landing support
act1-facilities: bath bypass stands on its authored upper landing, not terrain underneath it
act1-facilities: both feet retain a complete level support beside the trimmed axe clearance
act1-facilities: both feet retain a complete level support beside the trimmed axe clearance
act1-facilities: both feet retain a complete level support beside the trimmed axe clearance
act1-facilities: both feet retain a complete level support beside the trimmed axe clearance
act1-facilities: both feet retain a complete level support beside the trimmed axe clearance
act1-facilities: both feet retain a complete level support beside the trimmed axe clearance
act1-facilities: both feet retain a complete level support beside the trimmed axe clearance
act1-facilities: both feet retain a complete level support beside the trimmed axe clearance
act1-facilities: both feet retain a complete level support beside the trimmed axe clearance
act1-facilities: full standing capsule fits beside the open leaf and the preserved shelter
act1-facilities: bath door bypass has a real flat landing support
act1-facilities: bath bypass stands on its authored upper landing, not terrain underneath it
act1-facilities: both feet retain a complete level support beside the trimmed axe clearance
act1-facilities: both feet retain a complete level support beside the trimmed axe clearance
act1-facilities: both feet retain a complete level support beside the trimmed axe clearance
act1-facilities: both feet retain a complete level support beside the trimmed axe clearance
act1-facilities: both feet retain a complete level support beside the trimmed axe clearance
act1-facilities: both feet retain a complete level support beside the trimmed axe clearance
act1-facilities: both feet retain a complete level support beside the trimmed axe clearance
act1-facilities: both feet retain a complete level support beside the trimmed axe clearance
act1-facilities: both feet retain a complete level support beside the trimmed axe clearance
act1-facilities: full standing capsule fits beside the open leaf and the preserved shelter
act1-facilities: walk on the supported side of the fully open bath leaf; actual=(-30.037003, 1.107898, 4.6224504), expected=(-30.01603, 1.4110625, 4.5415125)
act1-facilities: walk on the supported side of the fully open bath leaf; actual=(-31.03329, 1.4111726, 4.306521), expected=(-31.096355, 1.4110625, 4.286577)
act1-facilities: walk on the supported side of the fully open bath leaf; actual=(-31.208178, 1.4111726, 4.7855983), expected=(-31.224972, 1.4110625, 4.8316073)
act1-facilities: reach the original landing from the clear side of the open leaf; actual=(-31.577295, 1.4111726, 5.2878866), expected=(-31.625557, 1.4110625, 5.353557)
state-final-render-sync-begin: label=facility/02b_bath_open_door_bypass tick=32832 drawn=304 process=304 physics=260 windowVisible=True focus=True mode=Windowed renderLoop=True
state-final-render-sync-end: label=facility/02b_bath_open_door_bypass milliseconds=13 forcedScreenshotRender=False
act1-facility-camera: {"kind":"native-game-camera","file":"/Users/unterlantas/Documents/GitHub/URMAN/docs/production/act1_takeover_evidence_2026-09-16/images-facilities-08/02b_bath_open_door_bypass.png","focus":true,"intendedAim":null,"cameraBefore":"[X: (0.6664958, 0, 0.7455088), Y: (0.65177166, 0.4854504, -0.58269346), Z: (-0.36190754, 0.87426424, 0.32355067), O: (-31.443104, 3.1111453, 5.1679177)]","cameraAfter":"[X: (0.6664958, 0, 0.7455088), Y: (0.65177166, 0.4854504, -0.58269346), Z: (-0.36190754, 0.87426424, 0.32355067), O: (-31.443104, 3.1111498, 5.1679177)]","cameraUnchangedDuringRender":false,"cameraTravel":4.529953E-06,"cameraForwardDot":1.0000001,"frameBefore":304,"frameAfter":304,"intendedAimDot":null,"humanArtReview":"not-run"}
state-final-render-sync-begin: label=facility/02d_bath_handle_attachment tick=32975 drawn=304 process=304 physics=260 windowVisible=True focus=True mode=Windowed renderLoop=True
state-final-render-sync-end: label=facility/02d_bath_handle_attachment milliseconds=26 forcedScreenshotRender=False
act1-facility-camera: {"kind":"native-game-camera","file":"/Users/unterlantas/Documents/GitHub/URMAN/docs/production/act1_takeover_evidence_2026-09-16/images-facilities-08/02d_bath_handle_attachment.png","focus":true,"intendedAim":null,"cameraBefore":"[X: (0.1638127, 0, 0.9864915), Y: (0.73198193, 0.67039406, -0.12154989), Z: (-0.661338, 0.7420053, 0.10981905), O: (-31.399727, 3.1111498, 5.2584004)]","cameraAfter":"[X: (0.1638127, 0, 0.9864915), Y: (0.73198193, 0.67039406, -0.12154989), Z: (-0.661338, 0.7420053, 0.10981905), O: (-31.399727, 3.1111665, 5.2584004)]","cameraUnchangedDuringRender":false,"cameraTravel":1.66893E-05,"cameraForwardDot":1,"frameBefore":304,"frameAfter":305,"intendedAimDot":null,"humanArtReview":"not-run"}
act1-facilities: walk through the actual exterior bath doorway; actual=(-31.866442, 1.4111726, 6.3837156), expected=(-31.887383, 1.4110625, 6.4630833)
act1-facilities: predbannik is recognized from the actual player position
act1-facilities: physical room presentation follows the actual player; camera=(-31.912363, 3.1111724, 6.557759) ray=(-0.2551231, -0, 0.9669086) hit= shape= at=(0, 0, 0) held= busy=False registering=False registered=True heldPosition= heldPoseValid=False light= targetState= targetVisible= targetConcealed= modal=False pause=False focused=True physicsEnabled=True treePaused=False inputFrame=291/292 interactPresses=2 feedback= pickupProbe=
act1-facilities: actual snow emission and visibility follow shelter: bathhouse
act1-facilities: existing two-player ambience owner selects the indoor bed and returns to the village bed
act1-facilities: ambient crossfade reaches one active native playback without an extra owner; camera=(-31.912363, 3.1111724, 6.557759) ray=(-0.2551231, -0, 0.9669086) hit= shape= at=(0, 0, 0) held= busy=False registering=False registered=True heldPosition= heldPoseValid=False light= targetState= targetVisible= targetConcealed= modal=False pause=False focused=True physicsEnabled=True treePaused=False inputFrame=318/319 interactPresses=2 feedback= pickupProbe=
act1-facilities: walk within the changing room; actual=(-32.297897, 1.4111726, 7.1811447), expected=(-32.32592, 1.4110625, 7.232943)
state-final-render-sync-begin: label=facility/02c_bath_partition_before_open tick=34210 drawn=421 process=421 physics=339 windowVisible=True focus=True mode=Windowed renderLoop=True
state-final-render-sync-end: label=facility/02c_bath_partition_before_open milliseconds=20 forcedScreenshotRender=False
act1-visible-surface: facility/02c_bath_partition_before_open/left-visible-owner pixel=(0.03, 0.85) distance=2.816 point=(-33.610714, 1.4110626, 9.0858) mesh=/root/Act1FacilitiesSmokeTest/Act1Demo/Main/ZoneHost/Act1ConnectedWorld/Act1CoreWorldGreybox/BabaiBathhouse/BathFloor triangle=9 vertices=[(-31.763126, 1.4110625, 9.985789);(-36.629467, 1.4110625, 8.837433);(-35.71078, 1.4110625, 4.94436)] shader= snow=0.0
act1-visible-surface: facility/02c_bath_partition_before_open/left-visible-owner pixel=(0.03, 0.85) distance=2.841 point=(-33.620766, 1.3960168, 9.1029415) mesh=/root/Act1FacilitiesSmokeTest/Act1Demo/Main/ZoneHost/Act1ConnectedWorld/Act1CoreWorldGreybox/BabaiBathhouse/BathStoneFoundation triangle=9 vertices=[(-31.696201, 1.396017, 10.094053);(-36.737732, 1.396017, 8.904356);(-35.777706, 1.396017, 4.8360953)] shader= snow=0.5
act1-visible-surface: facility/02c_bath_partition_before_open/left-visible-owner pixel=(0.03, 0.85) distance=3.205 point=(-33.767414, 1.1764932, 9.353034) mesh=/root/Act1FacilitiesSmokeTest/Act1Demo/Main/ZoneHost/Act1ConnectedWorld/Act1CoreWorldGreybox/AgentBExteriorWorld/AgentB_TerrainRoadKit/URMAN_AgentB_TerrainRoadKit/BabaiYard_WestDepthBank triangle=42 vertices=[(-34.5803, 1.2049999, 9.066999);(-32.454998, 1.1998999, 9.1329);(-32.7986, 1.1137999, 9.976)] shader= snow=0.0
act1-visible-surface: facility/02c_bath_partition_before_open/left-visible-owner pixel=(0.03, 0.85) distance=3.359 point=(-33.82944, 1.0836403, 9.458817) mesh=/root/Act1FacilitiesSmokeTest/Act1Demo/Main/ZoneHost/Act1ConnectedWorld/Act1CoreWorldGreybox/AgentBExteriorWorld/AgentB_TerrainRoadKit/URMAN_AgentB_TerrainRoadKit/Terrain_Main triangle=10450 vertices=[(-34.118797, 1.0911, 7.9873);(-32.0414, 0.99729997, 9.9661);(-34.0042, 1.0956, 10.1605)] shader= snow=0.0
act1-visible-surface: facility/02c_bath_partition_before_open/left-visible-owner pixel=(0.08, 0.8) distance=2.568 point=(-33.625572, 1.5391788, 8.821775) mesh=/root/Act1FacilitiesSmokeTest/Act1Demo/Main/ZoneHost/Act1ConnectedWorld/Act1CoreWorldGreybox/BabaiBathhouse/BathPartitionLeft triangle=1 vertices=[(-33.32818, 3.9610624, 7.561537);(-33.32818, 1.4110624, 7.561537);(-33.78752, 1.4110624, 9.508074)] shader= snow=0.0
act1-visible-surface: facility/02c_bath_partition_before_open/left-visible-owner pixel=(0.08, 0.8) distance=2.777 point=(-33.719345, 1.4110626, 8.95811) mesh=/root/Act1FacilitiesSmokeTest/Act1Demo/Main/ZoneHost/Act1ConnectedWorld/Act1CoreWorldGreybox/BabaiBathhouse/BathFloor triangle=9 vertices=[(-31.763126, 1.4110625, 9.985789);(-36.629467, 1.4110625, 8.837433);(-35.71078, 1.4110625, 4.94436)] shader= snow=0.0
act1-visible-surface: facility/02c_bath_partition_before_open/left-visible-owner pixel=(0.08, 0.8) distance=2.802 point=(-33.730354, 1.396017, 8.97412) mesh=/root/Act1FacilitiesSmokeTest/Act1Demo/Main/ZoneHost/Act1ConnectedWorld/Act1CoreWorldGreybox/BabaiBathhouse/BathStoneFoundation triangle=9 vertices=[(-31.696201, 1.396017, 10.094053);(-36.737732, 1.396017, 8.904356);(-35.777706, 1.396017, 4.8360953)] shader= snow=0.5
act1-visible-surface: facility/02c_bath_partition_before_open/left-visible-owner pixel=(0.08, 0.8) distance=3.133 point=(-33.878956, 1.1929908, 9.190169) mesh=/root/Act1FacilitiesSmokeTest/Act1Demo/Main/ZoneHost/Act1ConnectedWorld/Act1CoreWorldGreybox/AgentBExteriorWorld/AgentB_TerrainRoadKit/URMAN_AgentB_TerrainRoadKit/BabaiYard_WestDepthBank triangle=42 vertices=[(-34.5803, 1.2049999, 9.066999);(-32.454998, 1.1998999, 9.1329);(-32.7986, 1.1137999, 9.976)] shader= snow=0.0
act1-visible-surface: facility/02c_bath_partition_before_open/left-visible-owner pixel=(0.08, 0.8) distance=3.303 point=(-33.954975, 1.0891278, 9.300694) mesh=/root/Act1FacilitiesSmokeTest/Act1Demo/Main/ZoneHost/Act1ConnectedWorld/Act1CoreWorldGreybox/AgentBExteriorWorld/AgentB_TerrainRoadKit/URMAN_AgentB_TerrainRoadKit/Terrain_Main triangle=10450 vertices=[(-34.118797, 1.0911, 7.9873);(-32.0414, 0.99729997, 9.9661);(-34.0042, 1.0956, 10.1605)] shader= snow=0.0
act1-facility-camera: {"kind":"native-game-camera","file":"/Users/unterlantas/Documents/GitHub/URMAN/docs/production/act1_takeover_evidence_2026-09-16/images-facilities-08/02c_bath_partition_before_open.png","focus":true,"intendedAim":null,"cameraBefore":"[X: (0.17887138, 0, -0.9838725), Y: (-0.5971079, 0.7947816, -0.108556256), Z: (0.78196377, 0.6068956, 0.1421637), O: (-32.474995, 3.1111724, 7.1489477)]","cameraAfter":"[X: (0.17887138, 0, -0.9838725), Y: (-0.5971079, 0.7947816, -0.108556256), Z: (0.78196377, 0.6068956, 0.1421637), O: (-32.474995, 3.1111724, 7.1489477)]","cameraUnchangedDuringRender":true,"cameraTravel":0,"cameraForwardDot":1.0000001,"frameBefore":421,"frameAfter":421,"intendedAimDot":null,"humanArtReview":"not-run"}
act1-facilities: previous facility action finishes; camera=(-32.474995, 3.1111724, 7.1489477) ray=(-0.78196377, -0.60689557, -0.14216368) hit=/root/Act1FacilitiesSmokeTest/Act1Demo/Main/ZoneHost/Act1ConnectedWorld/village-main-road/BathWetRoomDoorUse shape=/root/Act1FacilitiesSmokeTest/Act1Demo/Main/ZoneHost/Act1ConnectedWorld/village-main-road/BathWetRoomDoorUse/SurfaceRay at=(-33.32041, 2.4550304, 6.9952483) held= busy=False registering=False registered=True heldPosition= heldPoseValid=False light= targetState= targetVisible= targetConcealed= modal=False pause=False focused=True physicsEnabled=True treePaused=False inputFrame=339/339 interactPresses=2 feedback= pickupProbe=
act1-facilities: actual available aim at BathWetRoomDoorUse; layer=4; camera=(-32.47499, 3.1111724, 7.1489396) ray=(-0.7819571, -0.60689545, -0.1422009) hit=/root/Act1FacilitiesSmokeTest/Act1Demo/Main/ZoneHost/Act1ConnectedWorld/village-main-road/BathWetRoomDoorUse shape=/root/Act1FacilitiesSmokeTest/Act1Demo/Main/ZoneHost/Act1ConnectedWorld/village-main-road/BathWetRoomDoorUse/SurfaceRay at=(-33.3204, 2.455031, 6.9952) held= busy=False registering=False registered=True heldPosition= heldPoseValid=False light= targetState= targetVisible= targetConcealed= modal=False pause=False focused=True physicsEnabled=True treePaused=False inputFrame=341/342 interactPresses=2 feedback= pickupProbe=
act1-facility-door: {"kind":"door-input-probe","phase":"before-input","target":"urman.chapter1:local/bathhouse/wet-door","feet":"(-32.297897, 1.4111726, 7.1811447)","velocity":"(0, 0, 0)","forward":0,"backward":0,"left":0,"right":0,"interact":0,"focus":true,"modal":false,"sessionReady":true,"noticeActive":false,"focusedInteraction":"urman.chapter1:local/bathhouse/wet-door","transformRevision":4,"angle":1.5707964,"actionNumber":0,"action":"not-called","result":"not-called","sweep":"not-called","aim":"camera=(-32.47499, 3.1111724, 7.1489396) ray=(-0.7819571, -0.60689545, -0.1422009) hit=/root/Act1FacilitiesSmokeTest/Act1Demo/Main/ZoneHost/Act1ConnectedWorld/village-main-road/BathWetRoomDoorUse shape=/root/Act1FacilitiesSmokeTest/Act1Demo/Main/ZoneHost/Act1ConnectedWorld/village-main-road/BathWetRoomDoorUse/SurfaceRay at=(-33.3204, 2.455031, 6.9952) held= busy=False registering=False registered=True heldPosition= heldPoseValid=False light= targetState= targetVisible= targetConcealed= modal=False pause=False focused=True physicsEnabled=True treePaused=False inputFrame=341/342 interactPresses=2 feedback= pickupProbe="}
act1-facilities: BathWetRoomDoorUse: passive focus follows the actual door during a result notice
act1-facility-door: {"kind":"door-input-probe","phase":"after-input","target":"urman.chapter1:local/bathhouse/wet-door","feet":"(-32.297897, 1.4111726, 7.1811447)","velocity":"(0, 0, 0)","forward":0,"backward":0,"left":0,"right":0,"interact":0,"focus":true,"modal":false,"sessionReady":true,"noticeActive":true,"focusedInteraction":"urman.chapter1:local/bathhouse/wet-door","transformRevision":4,"angle":1.7107962,"actionNumber":1,"action":"{\u0022phase\u0022:\u0022received\u0022,\u0022key\u0022:\u0022bathhouse/wet-door\u0022,\u0022busy\u0022:false,\u0022sessionReady\u0022:true,\u0022feet\u0022:\u0022(-32.297897, 1.4111726, 7.1811447)\u0022,\u0022focus\u0022:true,\u0022forward\u0022:0,\u0022backward\u0022:0,\u0022left\u0022:0,\u0022right\u0022:0}","result":"received","sweep":"{\u0022clear\u0022:true,\u0022samples\u0022:102,\u0022from\u0022:1.5707964,\u0022to\u0022:3.2288592}","aim":"camera=(-32.47499, 3.1111724, 7.1489396) ray=(-0.7819571, -0.60689545, -0.1422009) hit=/root/Act1FacilitiesSmokeTest/Act1Demo/Main/ZoneHost/Act1ConnectedWorld/village-main-road/BathWetRoomDoorUse shape=/root/Act1FacilitiesSmokeTest/Act1Demo/Main/ZoneHost/Act1ConnectedWorld/village-main-road/BathWetRoomDoorUse/SurfaceRay at=(-33.39606, 2.396305, 6.98144) held= busy=False registering=False registered=True heldPosition= heldPoseValid=False light= targetState= targetVisible= targetConcealed= modal=False pause=False focused=True physicsEnabled=True treePaused=False inputFrame=343/347 interactPresses=3 feedback= pickupProbe="}
act1-facilities: BathWetRoomDoorUse: one deliberate mapped press reaches exactly one door callback
SaveGameV3 written to /Users/unterlantas/Library/Application Support/Godot/app_userdata/URMAN/savegames/checkpoint.savegame-v3.json
act1-facilities: facility transaction and existing checkpoint save finish; camera=(-32.47499, 3.1111724, 7.1489396) ray=(-0.7819571, -0.60689545, -0.1422009) hit=/root/Act1FacilitiesSmokeTest/Act1Demo/Main/ZoneHost/Act1ConnectedWorld/village-main-road/BathWetRoomDoorUse shape=/root/Act1FacilitiesSmokeTest/Act1Demo/Main/ZoneHost/Act1ConnectedWorld/village-main-road/BathWetRoomDoorUse/SurfaceRay at=(-33.421303, 2.3767169, 6.9768496) held= busy=False registering=False registered=True heldPosition= heldPoseValid=False light= targetState= targetVisible= targetConcealed= modal=False pause=False focused=True physicsEnabled=True treePaused=False inputFrame=343/348 interactPresses=3 feedback= pickupProbe=
act1-facility-door: {"kind":"door-input-probe","phase":"after-transaction","target":"urman.chapter1:local/bathhouse/wet-door","feet":"(-32.297897, 1.4111726, 7.1811447)","velocity":"(0, 0, 0)","forward":0,"backward":0,"left":0,"right":0,"interact":0,"focus":true,"modal":false,"sessionReady":true,"noticeActive":true,"focusedInteraction":"urman.chapter1:local/bathhouse/wet-door","transformRevision":4,"angle":1.8974627,"actionNumber":1,"action":"{\u0022phase\u0022:\u0022received\u0022,\u0022key\u0022:\u0022bathhouse/wet-door\u0022,\u0022busy\u0022:false,\u0022sessionReady\u0022:true,\u0022feet\u0022:\u0022(-32.297897, 1.4111726, 7.1811447)\u0022,\u0022focus\u0022:true,\u0022forward\u0022:0,\u0022backward\u0022:0,\u0022left\u0022:0,\u0022right\u0022:0}","result":"committed","sweep":"{\u0022clear\u0022:true,\u0022samples\u0022:102,\u0022from\u0022:1.5707964,\u0022to\u0022:3.2288592}","aim":"camera=(-32.47499, 3.1111724, 7.1489396) ray=(-0.7819571, -0.60689545, -0.1422009) hit=/root/Act1FacilitiesSmokeTest/Act1Demo/Main/ZoneHost/Act1ConnectedWorld/village-main-road/BathWetRoomDoorUse shape=/root/Act1FacilitiesSmokeTest/Act1Demo/Main/ZoneHost/Act1ConnectedWorld/village-main-road/BathWetRoomDoorUse/SurfaceRay at=(-33.49868, 2.3166604, 6.962778) held= busy=False registering=False registered=True heldPosition= heldPoseValid=False light= targetState= targetVisible= targetConcealed= modal=False pause=False focused=True physicsEnabled=True treePaused=False inputFrame=343/351 interactPresses=3 feedback= pickupProbe="}
act1-facility-door: {"kind":"door-input-probe","phase":"finished-angle-wait","target":"urman.chapter1:local/bathhouse/wet-door","feet":"(-32.297897, 1.4111726, 7.1811447)","velocity":"(0, 0, 0)","forward":0,"backward":0,"left":0,"right":0,"interact":0,"focus":true,"modal":false,"sessionReady":true,"noticeActive":true,"focusedInteraction":"","transformRevision":4,"angle":3.2288592,"actionNumber":1,"action":"{\u0022phase\u0022:\u0022received\u0022,\u0022key\u0022:\u0022bathhouse/wet-door\u0022,\u0022busy\u0022:false,\u0022sessionReady\u0022:true,\u0022feet\u0022:\u0022(-32.297897, 1.4111726, 7.1811447)\u0022,\u0022focus\u0022:true,\u0022forward\u0022:0,\u0022backward\u0022:0,\u0022left\u0022:0,\u0022right\u0022:0}","result":"committed","sweep":"{\u0022clear\u0022:true,\u0022samples\u0022:102,\u0022from\u0022:1.5707964,\u0022to\u0022:3.2288592}","aim":"camera=(-32.47499, 3.1111724, 7.1489396) ray=(-0.7819571, -0.60689545, -0.1422009) hit= shape= at=(0, 0, 0) held= busy=False registering=False registered=True heldPosition= heldPoseValid=False light= targetState= targetVisible= targetConcealed= modal=False pause=False focused=True physicsEnabled=True treePaused=False inputFrame=343/380 interactPresses=3 feedback= pickupProbe="}
act1-facilities: inner bath door opens from its real narrow room
act1-facilities: walk through the second doorway into the wet room; actual=(-33.964386, 1.4111726, 6.8450794), expected=(-33.999943, 1.4110625, 6.8379083)
act1-facilities: stand beyond the wet door's complete swept arc; actual=(-34.847076, 1.4111726, 6.637903), expected=(-34.924545, 1.4110625, 6.6197205)
act1-facilities: previous facility action finishes; camera=(-35.022312, 3.1111724, 6.596773) ray=(-0.97354376, -0, -0.22850071) hit=/root/Act1FacilitiesSmokeTest/Act1Demo/Main/ZoneHost/Act1ConnectedWorld/village-main-road/BathCondensationRead shape=/root/Act1FacilitiesSmokeTest/Act1Demo/Main/ZoneHost/Act1ConnectedWorld/village-main-road/BathCondensationRead/SurfaceRay at=(-35.990578, 3.1111724, 6.36951) held= busy=False registering=False registered=True heldPosition= heldPoseValid=False light= targetState= targetVisible= targetConcealed= modal=False pause=False focused=True physicsEnabled=True treePaused=False inputFrame=343/434 interactPresses=3 feedback= pickupProbe=
act1-facilities: actual available aim at BathWetRoomDoorUse; layer=4; camera=(-34.720093, 3.1111724, 6.7654753) ray=(0.5685803, -0.5919757, 0.5712103) hit=/root/Act1FacilitiesSmokeTest/Act1Demo/Main/ZoneHost/Act1ConnectedWorld/village-main-road/BathWetRoomDoorUse shape=/root/Act1FacilitiesSmokeTest/Act1Demo/Main/ZoneHost/Act1ConnectedWorld/village-main-road/BathWetRoomDoorUse/SurfaceRay at=(-34.115303, 2.4814982, 7.3730617) held= busy=False registering=False registered=True heldPosition= heldPoseValid=False light= targetState= targetVisible= targetConcealed= modal=False pause=False focused=True physicsEnabled=True treePaused=False inputFrame=343/437 interactPresses=3 feedback= pickupProbe=
act1-facility-door: {"kind":"door-input-probe","phase":"before-input","target":"urman.chapter1:local/bathhouse/wet-door","feet":"(-34.847076, 1.4111726, 6.637903)","velocity":"(0, 0, 0)","forward":0,"backward":0,"left":0,"right":0,"interact":0,"focus":true,"modal":false,"sessionReady":true,"noticeActive":true,"focusedInteraction":"urman.chapter1:local/bathhouse/wet-door","transformRevision":4,"angle":3.2288592,"actionNumber":1,"action":"{\u0022phase\u0022:\u0022received\u0022,\u0022key\u0022:\u0022bathhouse/wet-door\u0022,\u0022busy\u0022:false,\u0022sessionReady\u0022:true,\u0022feet\u0022:\u0022(-32.297897, 1.4111726, 7.1811447)\u0022,\u0022focus\u0022:true,\u0022forward\u0022:0,\u0022backward\u0022:0,\u0022left\u0022:0,\u0022right\u0022:0}","result":"committed","sweep":"{\u0022clear\u0022:true,\u0022samples\u0022:102,\u0022from\u0022:1.5707964,\u0022to\u0022:3.2288592}","aim":"camera=(-34.720093, 3.1111724, 6.7654753) ray=(0.5685803, -0.5919757, 0.5712103) hit=/root/Act1FacilitiesSmokeTest/Act1Demo/Main/ZoneHost/Act1ConnectedWorld/village-main-road/BathWetRoomDoorUse shape=/root/Act1FacilitiesSmokeTest/Act1Demo/Main/ZoneHost/Act1ConnectedWorld/village-main-road/BathWetRoomDoorUse/SurfaceRay at=(-34.115303, 2.4814982, 7.3730617) held= busy=False registering=False registered=True heldPosition= heldPoseValid=False light= targetState= targetVisible= targetConcealed= modal=False pause=False focused=True physicsEnabled=True treePaused=False inputFrame=343/437 interactPresses=3 feedback= pickupProbe="}
act1-facilities: BathWetRoomDoorUse: passive focus follows the actual door during a result notice
SaveGameV3 written to /Users/unterlantas/Library/Application Support/Godot/app_userdata/URMAN/savegames/checkpoint.savegame-v3.json
act1-facility-door: {"kind":"door-input-probe","phase":"after-input","target":"urman.chapter1:local/bathhouse/wet-door","feet":"(-34.847076, 1.4111726, 6.637903)","velocity":"(0, 0, 0)","forward":0,"backward":0,"left":0,"right":0,"interact":0,"focus":true,"modal":false,"sessionReady":true,"noticeActive":true,"focusedInteraction":"urman.chapter1:local/bathhouse/wet-door","transformRevision":4,"angle":3.0888593,"actionNumber":2,"action":"{\u0022phase\u0022:\u0022received\u0022,\u0022key\u0022:\u0022bathhouse/wet-door\u0022,\u0022busy\u0022:false,\u0022sessionReady\u0022:true,\u0022feet\u0022:\u0022(-34.847076, 1.4111726, 6.637903)\u0022,\u0022focus\u0022:true,\u0022forward\u0022:0,\u0022backward\u0022:0,\u0022left\u0022:0,\u0022right\u0022:0}","result":"committed","sweep":"{\u0022clear\u0022:true,\u0022samples\u0022:102,\u0022from\u0022:3.2288592,\u0022to\u0022:1.5707964}","aim":"camera=(-34.720093, 3.1111724, 6.7654753) ray=(0.5685803, -0.5919757, 0.5712103) hit=/root/Act1FacilitiesSmokeTest/Act1Demo/Main/ZoneHost/Act1ConnectedWorld/village-main-road/BathWetRoomDoorUse shape=/root/Act1FacilitiesSmokeTest/Act1Demo/Main/ZoneHost/Act1ConnectedWorld/village-main-road/BathWetRoomDoorUse/SurfaceRay at=(-34.24406, 2.6155543, 7.2437077) held= busy=False registering=False registered=True heldPosition= heldPoseValid=False light= targetState= targetVisible= targetConcealed= modal=False pause=False focused=True physicsEnabled=True treePaused=False inputFrame=438/442 interactPresses=4 feedback= pickupProbe="}
act1-facilities: BathWetRoomDoorUse: one deliberate mapped press reaches exactly one door callback
act1-facilities: facility transaction and existing checkpoint save finish; camera=(-34.720093, 3.1111724, 6.7654753) ray=(0.5685803, -0.5919757, 0.5712103) hit=/root/Act1FacilitiesSmokeTest/Act1Demo/Main/ZoneHost/Act1ConnectedWorld/village-main-road/BathWetRoomDoorUse shape=/root/Act1FacilitiesSmokeTest/Act1Demo/Main/ZoneHost/Act1ConnectedWorld/village-main-road/BathWetRoomDoorUse/SurfaceRay at=(-34.24406, 2.6155543, 7.2437077) held= busy=False registering=False registered=True heldPosition= heldPoseValid=False light= targetState= targetVisible= targetConcealed= modal=False pause=False focused=True physicsEnabled=True treePaused=False inputFrame=438/442 interactPresses=4 feedback= pickupProbe=
act1-facility-door: {"kind":"door-input-probe","phase":"after-transaction","target":"urman.chapter1:local/bathhouse/wet-door","feet":"(-34.847076, 1.4111726, 6.637903)","velocity":"(0, 0, 0)","forward":0,"backward":0,"left":0,"right":0,"interact":0,"focus":true,"modal":false,"sessionReady":true,"noticeActive":true,"focusedInteraction":"urman.chapter1:local/bathhouse/wet-door","transformRevision":4,"angle":2.9488595,"actionNumber":2,"action":"{\u0022phase\u0022:\u0022received\u0022,\u0022key\u0022:\u0022bathhouse/wet-door\u0022,\u0022busy\u0022:false,\u0022sessionReady\u0022:true,\u0022feet\u0022:\u0022(-34.847076, 1.4111726, 6.637903)\u0022,\u0022focus\u0022:true,\u0022forward\u0022:0,\u0022backward\u0022:0,\u0022left\u0022:0,\u0022right\u0022:0}","result":"committed","sweep":"{\u0022clear\u0022:true,\u0022samples\u0022:102,\u0022from\u0022:3.2288592,\u0022to\u0022:1.5707964}","aim":"camera=(-34.720093, 3.1111724, 6.7654753) ray=(0.5685803, -0.5919757, 0.5712103) hit=/root/Act1FacilitiesSmokeTest/Act1Demo/Main/ZoneHost/Act1ConnectedWorld/village-main-road/BathWetRoomDoorUse shape=/root/Act1FacilitiesSmokeTest/Act1Demo/Main/ZoneHost/Act1ConnectedWorld/village-main-road/BathWetRoomDoorUse/SurfaceRay at=(-34.463665, 2.844192, 7.0230913) held= busy=False registering=False registered=True heldPosition= heldPoseValid=False light= targetState= targetVisible= targetConcealed= modal=False pause=False focused=True physicsEnabled=True treePaused=False inputFrame=438/445 interactPresses=4 feedback= pickupProbe="}
act1-facility-door: {"kind":"door-input-probe","phase":"finished-angle-wait","target":"urman.chapter1:local/bathhouse/wet-door","feet":"(-34.847076, 1.4111726, 6.637903)","velocity":"(0, 0, 0)","forward":0,"backward":0,"left":0,"right":0,"interact":0,"focus":true,"modal":false,"sessionReady":true,"noticeActive":true,"focusedInteraction":"","transformRevision":4,"angle":1.5707964,"actionNumber":2,"action":"{\u0022phase\u0022:\u0022received\u0022,\u0022key\u0022:\u0022bathhouse/wet-door\u0022,\u0022busy\u0022:false,\u0022sessionReady\u0022:true,\u0022feet\u0022:\u0022(-34.847076, 1.4111726, 6.637903)\u0022,\u0022focus\u0022:true,\u0022forward\u0022:0,\u0022backward\u0022:0,\u0022left\u0022:0,\u0022right\u0022:0}","result":"committed","sweep":"{\u0022clear\u0022:true,\u0022samples\u0022:102,\u0022from\u0022:3.2288592,\u0022to\u0022:1.5707964}","aim":"camera=(-34.720093, 3.1111724, 6.7654753) ray=(0.5685803, -0.5919757, 0.5712103) hit=/root/Act1FacilitiesSmokeTest/Act1Demo/Main/ZoneHost/Act1ConnectedWorld/Act1CoreWorldGreybox/BabaiBathhouse/BathPartitionLeftBody shape=/root/Act1FacilitiesSmokeTest/Act1Demo/Main/ZoneHost/Act1ConnectedWorld/Act1CoreWorldGreybox/BabaiBathhouse/BathPartitionLeftBody/Contact at=(-33.55935, 1.9026693, 7.9315867) held= busy=False registering=False registered=True heldPosition= heldPoseValid=False light= targetState= targetVisible= targetConcealed= modal=False pause=False focused=True physicsEnabled=True treePaused=False inputFrame=438/475 interactPresses=4 feedback= pickupProbe="}
act1-facilities: manually close the wet room before tending the stove
act1-facilities: approach the heater after closing the real inner leaf; actual=(-34.07499, 1.4111726, 6.820191), expected=(-33.999943, 1.4110625, 6.8379083)
act1-facilities: previous facility action finishes; camera=(-33.899807, 3.1111724, 6.86155) ray=(0.97324425, -0, 0.22977315) hit=/root/Act1FacilitiesSmokeTest/Act1Demo/Main/ZoneHost/Act1ConnectedWorld/village-main-road/BathWetRoomDoorUse shape=/root/Act1FacilitiesSmokeTest/Act1Demo/Main/ZoneHost/Act1ConnectedWorld/village-main-road/BathWetRoomDoorUse/SurfaceRay at=(-33.433025, 3.1111724, 6.9717526) held= busy=False registering=False registered=True heldPosition= heldPoseValid=False light= targetState= targetVisible= targetConcealed= modal=False pause=False focused=True physicsEnabled=True treePaused=False inputFrame=438/493 interactPresses=4 feedback= pickupProbe=
act1-facilities: actual available aim at BathSteamUse; layer=4; camera=(-34.163853, 3.1111724, 6.976725) ray=(-0.4648403, -0.33685067, 0.8188132) hit=/root/Act1FacilitiesSmokeTest/Act1Demo/Main/ZoneHost/Act1ConnectedWorld/village-main-road/BathSteamUse shape=/root/Act1FacilitiesSmokeTest/Act1Demo/Main/ZoneHost/Act1ConnectedWorld/village-main-road/BathSteamUse/SurfaceRay at=(-34.92298, 2.5610623, 8.313928) held= busy=False registering=False registered=True heldPosition= heldPoseValid=False light= targetState= targetVisible= targetConcealed= modal=False pause=False focused=True physicsEnabled=True treePaused=False inputFrame=438/496 interactPresses=4 feedback= pickupProbe=
act1-facilities: facility transaction and existing checkpoint save finish; camera=(-34.163853, 3.1111724, 6.976725) ray=(-0.4648403, -0.33685067, 0.8188132) hit=/root/Act1FacilitiesSmokeTest/Act1Demo/Main/ZoneHost/Act1ConnectedWorld/village-main-road/BathSteamUse shape=/root/Act1FacilitiesSmokeTest/Act1Demo/Main/ZoneHost/Act1ConnectedWorld/village-main-road/BathSteamUse/SurfaceRay at=(-34.92298, 2.5610623, 8.313928) held= busy=False registering=False registered=True heldPosition= heldPoseValid=False light= targetState= targetVisible= targetConcealed= modal=False pause=False focused=True physicsEnabled=True treePaused=False inputFrame=497/501 interactPresses=5 feedback= pickupProbe=
act1-facilities: water on cold stones gives a refusal with no resource or knowledge effect
act1-facility-ignition: {"kind":"bath-ignition-state","phase":"before-first-ignition","playSeconds":7.965266333333375,"playBlocks":"None","logsRemaining":5,"visibleLogs":5,"burnUntil":0,"heatUntil":0,"props":"{\u0022bathhouse/entrance\u0022:\u0022{\\u0022open\\u0022:true,\\u0022angle\\u0022:1.43117,\\u0022geometryVersion\\u0022:2}\u0022,\u0022bathhouse/wet-door\u0022:\u0022{\\u0022open\\u0022:false,\\u0022angle\\u0022:3.2288592}\u0022}","physicalPredicate":true,"actualFireboxVisible":true,"interactionCarrierVisible":false,"targetAvailable":true,"actionNumber":0,"result":"not-called","aim":"camera=(-34.163853, 3.1111724, 6.976725) ray=(-0.4648403, -0.33685067, 0.8188132) hit=/root/Act1FacilitiesSmokeTest/Act1Demo/Main/ZoneHost/Act1ConnectedWorld/village-main-road/BathSteamUse shape=/root/Act1FacilitiesSmokeTest/Act1Demo/Main/ZoneHost/Act1ConnectedWorld/village-main-road/BathSteamUse/SurfaceRay at=(-34.92298, 2.5610623, 8.313928) held= busy=False registering=False registered=True heldPosition= heldPoseValid=False light= targetState= targetVisible= targetConcealed= modal=False pause=False focused=True physicsEnabled=True treePaused=False inputFrame=497/504 interactPresses=5 feedback= pickupProbe="}
act1-facilities: previous facility action finishes; camera=(-34.163853, 3.1111724, 6.976725) ray=(-0.4648403, -0.33685067, 0.8188132) hit=/root/Act1FacilitiesSmokeTest/Act1Demo/Main/ZoneHost/Act1ConnectedWorld/village-main-road/BathSteamUse shape=/root/Act1FacilitiesSmokeTest/Act1Demo/Main/ZoneHost/Act1ConnectedWorld/village-main-road/BathSteamUse/SurfaceRay at=(-34.92298, 2.5610623, 8.313928) held= busy=False registering=False registered=True heldPosition= heldPoseValid=False light= targetState= targetVisible= targetConcealed= modal=False pause=False focused=True physicsEnabled=True treePaused=False inputFrame=497/504 interactPresses=5 feedback= pickupProbe=
act1-facilities: actual available aim at BathStoveUse; layer=4; camera=(-34.119324, 3.1111724, 6.994645) ray=(-0.2065733, -0.5446218, 0.81284344) hit=/root/Act1FacilitiesSmokeTest/Act1Demo/Main/ZoneHost/Act1ConnectedWorld/village-main-road/BathStoveUse shape=/root/Act1FacilitiesSmokeTest/Act1Demo/Main/ZoneHost/Act1ConnectedWorld/village-main-road/BathStoveUse/SurfaceRay at=(-34.47653, 2.1694136, 8.400213) held= busy=False registering=False registered=True heldPosition= heldPoseValid=False light= targetState= targetVisible= targetConcealed= modal=False pause=False focused=True physicsEnabled=True treePaused=False inputFrame=497/507 interactPresses=5 feedback= pickupProbe=
SaveGameV3 written to /Users/unterlantas/Library/Application Support/Godot/app_userdata/URMAN/savegames/checkpoint.savegame-v3.json
checkpoint: auto-saved at urman.chapter1:scene/arrival_vehicle_dusk
act1-facilities: facility transaction and existing checkpoint save finish; camera=(-34.119324, 3.1111724, 6.994645) ray=(-0.2065733, -0.5446218, 0.81284344) hit=/root/Act1FacilitiesSmokeTest/Act1Demo/Main/ZoneHost/Act1ConnectedWorld/village-main-road/BathStoveUse shape=/root/Act1FacilitiesSmokeTest/Act1Demo/Main/ZoneHost/Act1ConnectedWorld/village-main-road/BathStoveUse/SurfaceRay at=(-34.47653, 2.1694136, 8.400213) held= busy=False registering=False registered=True heldPosition= heldPoseValid=False light= targetState= targetVisible= targetConcealed= modal=False pause=False focused=True physicsEnabled=True treePaused=False inputFrame=508/512 interactPresses=6 feedback= pickupProbe=
act1-facility-ignition: {"kind":"bath-ignition-state","phase":"after-first-ignition","playSeconds":8.179399666666706,"playBlocks":"None","logsRemaining":4,"visibleLogs":4,"burnUntil":188.06026933333337,"heatUntil":608.0602693333334,"props":"{\u0022bathhouse/entrance\u0022:\u0022{\\u0022open\\u0022:true,\\u0022angle\\u0022:1.43117,\\u0022geometryVersion\\u0022:2}\u0022,\u0022bathhouse/stove\u0022:\u0022{\\u0022logsRemaining\\u0022:4,\\u0022burnUntil\\u0022:188.06026933333337,\\u0022heatUntil\\u0022:608.0602693333334}\u0022,\u0022bathhouse/wet-door\u0022:\u0022{\\u0022open\\u0022:false,\\u0022angle\\u0022:1.5707964}\u0022}","physicalPredicate":false,"actualFireboxVisible":true,"interactionCarrierVisible":false,"targetAvailable":true,"actionNumber":1,"result":"committed-family-matches","aim":"camera=(-34.119324, 3.1111724, 6.994645) ray=(-0.2065733, -0.5446218, 0.81284344) hit=/root/Act1FacilitiesSmokeTest/Act1Demo/Main/ZoneHost/Act1ConnectedWorld/village-main-road/BathStoveUse shape=/root/Act1FacilitiesSmokeTest/Act1Demo/Main/ZoneHost/Act1ConnectedWorld/village-main-road/BathStoveUse/SurfaceRay at=(-34.47653, 2.1694136, 8.400213) held= busy=False registering=False registered=True heldPosition= heldPoseValid=False light= targetState= targetVisible= targetConcealed= modal=False pause=False focused=True physicsEnabled=True treePaused=False inputFrame=508/515 interactPresses=6 feedback= pickupProbe="}
act1-facilities: actual ignition consumes one of five visible logs and leaves physical heat
act1-facilities: previous facility action finishes; camera=(-34.119324, 3.1111724, 6.994645) ray=(-0.2065733, -0.5446218, 0.81284344) hit=/root/Act1FacilitiesSmokeTest/Act1Demo/Main/ZoneHost/Act1ConnectedWorld/village-main-road/BathStoveUse shape=/root/Act1FacilitiesSmokeTest/Act1Demo/Main/ZoneHost/Act1ConnectedWorld/village-main-road/BathStoveUse/SurfaceRay at=(-34.47653, 2.1694136, 8.400213) held= busy=False registering=False registered=True heldPosition= heldPoseValid=False light= targetState= targetVisible= targetConcealed= modal=False pause=False focused=True physicsEnabled=True treePaused=False inputFrame=508/515 interactPresses=6 feedback= pickupProbe=
act1-facilities: actual available aim at BathStoveUse; layer=4; camera=(-34.119324, 3.1111724, 6.994645) ray=(-0.2065733, -0.5446218, 0.81284344) hit=/root/Act1FacilitiesSmokeTest/Act1Demo/Main/ZoneHost/Act1ConnectedWorld/village-main-road/BathStoveUse shape=/root/Act1FacilitiesSmokeTest/Act1Demo/Main/ZoneHost/Act1ConnectedWorld/village-main-road/BathStoveUse/SurfaceRay at=(-34.47653, 2.1694136, 8.400213) held= busy=False registering=False registered=True heldPosition= heldPoseValid=False light= targetState= targetVisible= targetConcealed= modal=False pause=False focused=True physicsEnabled=True treePaused=False inputFrame=508/518 interactPresses=6 feedback= pickupProbe=
act1-facilities: facility transaction and existing checkpoint save finish; camera=(-34.119324, 3.1111724, 6.994645) ray=(-0.2065733, -0.5446218, 0.81284344) hit=/root/Act1FacilitiesSmokeTest/Act1Demo/Main/ZoneHost/Act1ConnectedWorld/village-main-road/BathStoveUse shape=/root/Act1FacilitiesSmokeTest/Act1Demo/Main/ZoneHost/Act1ConnectedWorld/village-main-road/BathStoveUse/SurfaceRay at=(-34.47653, 2.1694136, 8.400213) held= busy=False registering=False registered=True heldPosition= heldPoseValid=False light= targetState= targetVisible= targetConcealed= modal=False pause=False focused=True physicsEnabled=True treePaused=False inputFrame=519/523 interactPresses=7 feedback= pickupProbe=
act1-facilities: repeat ignition while a log burns does not consume another log
act1-facilities: previous facility action finishes; camera=(-34.119324, 3.1111724, 6.994645) ray=(-0.2065733, -0.5446218, 0.81284344) hit=/root/Act1FacilitiesSmokeTest/Act1Demo/Main/ZoneHost/Act1ConnectedWorld/village-main-road/BathStoveUse shape=/root/Act1FacilitiesSmokeTest/Act1Demo/Main/ZoneHost/Act1ConnectedWorld/village-main-road/BathStoveUse/SurfaceRay at=(-34.47653, 2.1694136, 8.400213) held= busy=False registering=False registered=True heldPosition= heldPoseValid=False light= targetState= targetVisible= targetConcealed= modal=False pause=False focused=True physicsEnabled=True treePaused=False inputFrame=519/526 interactPresses=7 feedback= pickupProbe=
act1-facilities: actual available aim at BathSteamUse; layer=4; camera=(-34.163853, 3.1111724, 6.976725) ray=(-0.4648419, -0.3368505, 0.81881243) hit=/root/Act1FacilitiesSmokeTest/Act1Demo/Main/ZoneHost/Act1ConnectedWorld/village-main-road/BathSteamUse shape=/root/Act1FacilitiesSmokeTest/Act1Demo/Main/ZoneHost/Act1ConnectedWorld/village-main-road/BathSteamUse/SurfaceRay at=(-34.92298, 2.5610623, 8.313928) held= busy=False registering=False registered=True heldPosition= heldPoseValid=False light= targetState= targetVisible= targetConcealed= modal=False pause=False focused=True physicsEnabled=True treePaused=False inputFrame=519/529 interactPresses=7 feedback= pickupProbe=
SaveGameV3 written to /Users/unterlantas/Library/Application Support/Godot/app_userdata/URMAN/savegames/checkpoint.savegame-v3.json
act1-facilities: facility transaction and existing checkpoint save finish; camera=(-34.163853, 3.1111724, 6.976725) ray=(-0.4648419, -0.3368505, 0.81881243) hit=/root/Act1FacilitiesSmokeTest/Act1Demo/Main/ZoneHost/Act1ConnectedWorld/village-main-road/BathSteamUse shape=/root/Act1FacilitiesSmokeTest/Act1Demo/Main/ZoneHost/Act1ConnectedWorld/village-main-road/BathSteamUse/SurfaceRay at=(-34.92298, 2.5610623, 8.313928) held= busy=False registering=False registered=True heldPosition= heldPoseValid=False light= targetState= targetVisible= targetConcealed= modal=False pause=False focused=True physicsEnabled=True treePaused=False inputFrame=530/534 interactPresses=8 feedback= pickupProbe=
act1-facilities: one real ladle atomically creates steam and visible condensation
state-final-render-sync-begin: label=facility/03_bath_stove_and_steam tick=37656 drawn=665 process=665 physics=537 windowVisible=True focus=True mode=Windowed renderLoop=True
state-final-render-sync-end: label=facility/03_bath_stove_and_steam milliseconds=9 forcedScreenshotRender=False
act1-facility-camera: {"kind":"native-game-camera","file":"/Users/unterlantas/Documents/GitHub/URMAN/docs/production/act1_takeover_evidence_2026-09-16/images-facilities-08/03_bath_stove_and_steam.png","focus":true,"intendedAim":null,"cameraBefore":"[X: (-0.8696355, 0, -0.4936943), Y: (-0.16630116, 0.9415582, 0.29293716), Z: (0.4648419, 0.3368505, -0.81881243), O: (-34.163853, 3.1111724, 6.976725)]","cameraAfter":"[X: (-0.8696355, 0, -0.4936943), Y: (-0.16630116, 0.9415582, 0.29293716), Z: (0.4648419, 0.3368505, -0.81881243), O: (-34.163853, 3.1111724, 6.976725)]","cameraUnchangedDuringRender":true,"cameraTravel":0,"cameraForwardDot":1,"frameBefore":665,"frameAfter":665,"intendedAimDot":null,"humanArtReview":"not-run"}
act1-facilities: previous facility action finishes; camera=(-34.163853, 3.1111724, 6.976725) ray=(-0.4648419, -0.3368505, 0.81881243) hit=/root/Act1FacilitiesSmokeTest/Act1Demo/Main/ZoneHost/Act1ConnectedWorld/village-main-road/BathSteamUse shape=/root/Act1FacilitiesSmokeTest/Act1Demo/Main/ZoneHost/Act1ConnectedWorld/village-main-road/BathSteamUse/SurfaceRay at=(-34.92298, 2.5610623, 8.313928) held= busy=False registering=False registered=True heldPosition= heldPoseValid=False light= targetState= targetVisible= targetConcealed= modal=False pause=False focused=True physicsEnabled=True treePaused=False inputFrame=530/537 interactPresses=8 feedback= pickupProbe=
act1-facilities: actual available aim at BathSteamUse; layer=4; camera=(-34.163853, 3.1111724, 6.976725) ray=(-0.4648419, -0.33685052, 0.81881243) hit=/root/Act1FacilitiesSmokeTest/Act1Demo/Main/ZoneHost/Act1ConnectedWorld/village-main-road/BathSteamUse shape=/root/Act1FacilitiesSmokeTest/Act1Demo/Main/ZoneHost/Act1ConnectedWorld/village-main-road/BathSteamUse/SurfaceRay at=(-34.92298, 2.5610623, 8.313928) held= busy=False registering=False registered=True heldPosition= heldPoseValid=False light= targetState= targetVisible= targetConcealed= modal=False pause=False focused=True physicsEnabled=True treePaused=False inputFrame=530/540 interactPresses=8 feedback= pickupProbe=
act1-facilities: facility transaction and existing checkpoint save finish; camera=(-34.163853, 3.1111724, 6.976725) ray=(-0.4648419, -0.33685052, 0.81881243) hit=/root/Act1FacilitiesSmokeTest/Act1Demo/Main/ZoneHost/Act1ConnectedWorld/village-main-road/BathSteamUse shape=/root/Act1FacilitiesSmokeTest/Act1Demo/Main/ZoneHost/Act1ConnectedWorld/village-main-road/BathSteamUse/SurfaceRay at=(-34.92298, 2.5610623, 8.313928) held= busy=False registering=False registered=True heldPosition= heldPoseValid=False light= targetState= targetVisible= targetConcealed= modal=False pause=False focused=True physicsEnabled=True treePaused=False inputFrame=541/545 interactPresses=9 feedback= pickupProbe=
act1-facilities: repeat water during this steam pulse is refused without double consumption
act1-facilities: approach the actual wet window; actual=(-35.06774, 1.4111726, 6.5859303), expected=(-35.1192, 1.4110625, 6.5737863)
act1-facilities: condensation makes the physical observation available inside the wet room
state-final-render-sync-begin: label=facility/04_bath_condensation_before_observation tick=38232 drawn=711 process=711 physics=570 windowVisible=True focus=True mode=Windowed renderLoop=True
state-final-render-sync-end: label=facility/04_bath_condensation_before_observation milliseconds=14 forcedScreenshotRender=False
act1-facility-camera: {"kind":"native-game-camera","file":"/Users/unterlantas/Documents/GitHub/URMAN/docs/production/act1_takeover_evidence_2026-09-16/images-facilities-08/04_bath_condensation_before_observation.png","focus":true,"intendedAim":null,"cameraBefore":"[X: (0.32846764, 0, -0.9445152), Y: (-0.17566557, 0.98255265, -0.061090022), Z: (0.9280359, 0.18598491, 0.32273674), O: (-35.237755, 3.1111724, 6.5268064)]","cameraAfter":"[X: (0.32846764, 0, -0.9445152), Y: (-0.17566557, 0.98255265, -0.061090022), Z: (0.9280359, 0.18598491, 0.32273674), O: (-35.237755, 3.1111724, 6.5268064)]","cameraUnchangedDuringRender":true,"cameraTravel":0,"cameraForwardDot":1,"frameBefore":711,"frameAfter":711,"intendedAimDot":null,"humanArtReview":"not-run"}
act1-facilities: previous facility action finishes; camera=(-35.237755, 3.1111724, 6.5268064) ray=(-0.9280359, -0.1859849, -0.3227367) hit=/root/Act1FacilitiesSmokeTest/Act1Demo/Main/ZoneHost/Act1ConnectedWorld/Act1CoreWorldGreybox/BabaiBathhouse/BathWindow/Mullion0Body shape=/root/Act1FacilitiesSmokeTest/Act1Demo/Main/ZoneHost/Act1ConnectedWorld/Act1CoreWorldGreybox/BabaiBathhouse/BathWindow/Mullion0Body/Contact at=(-35.95354, 2.9677236, 6.277882) held= busy=False registering=False registered=True heldPosition= heldPoseValid=False light= targetState= targetVisible= targetConcealed= modal=False pause=False focused=True physicsEnabled=True treePaused=False inputFrame=541/570 interactPresses=9 feedback= pickupProbe=
act1-facilities: FAIL System.InvalidOperationException: actual available aim at BathCondensationRead; layer=4; camera=(-35.23775, 3.1111724, 6.5268044) ray=(-0.928032, -0.18598412, -0.32274842) hit=/root/Act1FacilitiesSmokeTest/Act1Demo/Main/ZoneHost/Act1ConnectedWorld/Act1CoreWorldGreybox/BabaiBathhouse/BathWindow/Mullion0Body shape=/root/Act1FacilitiesSmokeTest/Act1Demo/Main/ZoneHost/Act1ConnectedWorld/Act1CoreWorldGreybox/BabaiBathhouse/BathWindow/Mullion0Body/Contact at=(-35.95354, 2.9677234, 6.2778707) held= busy=False registering=False registered=True heldPosition= heldPoseValid=False light= targetState= targetVisible= targetConcealed= modal=False pause=False focused=True physicsEnabled=True treePaused=False inputFrame=541/573 interactPresses=9 feedback= pickupProbe=
   at Urman.Godot.Tests.Act1FacilitiesSmokeTest.Check(Boolean condition, String label) in /Users/unterlantas/Documents/GitHub/URMAN/game/tests/Act1FacilitiesSmokeTest.cs:line 923
   at Urman.Godot.Tests.Act1FacilitiesSmokeTest.Use(InteractionTarget target) in /Users/unterlantas/Documents/GitHub/URMAN/game/tests/Act1FacilitiesSmokeTest.cs:line 631
   at Urman.Godot.Tests.Act1FacilitiesSmokeTest.CheckBathhouse() in /Users/unterlantas/Documents/GitHub/URMAN/game/tests/Act1FacilitiesSmokeTest.cs:line 202
   at Urman.Godot.Tests.Act1FacilitiesSmokeTest._Ready() in /Users/unterlantas/Documents/GitHub/URMAN/game/tests/Act1FacilitiesSmokeTest.cs:line 67
camera=(-35.23775, 3.1111724, 6.5268044) ray=(-0.928032, -0.18598412, -0.32274842) hit=/root/Act1FacilitiesSmokeTest/Act1Demo/Main/ZoneHost/Act1ConnectedWorld/Act1CoreWorldGreybox/BabaiBathhouse/BathWindow/Mullion0Body shape=/root/Act1FacilitiesSmokeTest/Act1Demo/Main/ZoneHost/Act1ConnectedWorld/Act1CoreWorldGreybox/BabaiBathhouse/BathWindow/Mullion0Body/Contact at=(-35.95354, 2.9677234, 6.2778707) held= busy=False registering=False registered=True heldPosition= heldPoseValid=False light= targetState= targetVisible= targetConcealed= modal=False pause=False focused=True physicsEnabled=True treePaused=False inputFrame=541/573 interactPresses=9 feedback= pickupProbe=
state-final-render-sync-begin: label=facility/failure tick=38420 drawn=712 process=712 physics=573 windowVisible=True focus=True mode=Windowed renderLoop=True
state-final-render-sync-end: label=facility/failure milliseconds=28 forcedScreenshotRender=False
act1-visible-surface: facility/failure/left-visible-owner pixel=(0.03, 0.85) distance=1.228 point=(-36.13729, 2.599541, 7.1871495) mesh=/root/Act1FacilitiesSmokeTest/Act1Demo/Main/ZoneHost/Act1ConnectedWorld/Act1CoreWorldGreybox/BabaiBathhouse/BathRearBelowWindow triangle=0 vertices=[(-36.53214, 2.6360624, 8.8604);(-35.613453, 2.6360624, 4.967327);(-36.53214, 1.4110625, 8.8604)] shader= snow=0.44999998807907
act1-visible-surface: facility/failure/left-visible-owner pixel=(0.03, 0.85) distance=4.313 point=(-38.39804, 1.3136895, 8.846754) mesh=/root/Act1FacilitiesSmokeTest/Act1Demo/Main/ZoneHost/Act1ConnectedWorld/Act1CoreWorldGreybox/AgentBExteriorWorld/AgentB_TerrainRoadKit/URMAN_AgentB_TerrainRoadKit/Terrain_Main triangle=10445 vertices=[(-39.9175, 1.3719, 8.0939);(-37.8844, 1.2873, 8.1648);(-38.0265, 1.3076999, 10.1811)] shader= snow=0.0
act1-visible-surface: facility/failure/left-visible-owner pixel=(0.08, 0.8) distance=1.139 point=(-36.114677, 2.6536653, 7.0913315) mesh=/root/Act1FacilitiesSmokeTest/Act1Demo/Main/ZoneHost/Act1ConnectedWorld/Act1CoreWorldGreybox/BabaiBathhouse/BathRearWindowLeft triangle=1 vertices=[(-36.00964, 3.2860625, 6.6462145);(-36.00964, 2.6360624, 6.6462145);(-36.532143, 2.6360624, 8.860399)] shader= snow=0.44999998807907
act1-visible-surface: facility/failure/left-visible-owner pixel=(0.08, 0.8) distance=1.183 point=(-36.14842, 2.6360624, 7.113052) mesh=/root/Act1FacilitiesSmokeTest/Act1Demo/Main/ZoneHost/Act1ConnectedWorld/Act1CoreWorldGreybox/BabaiBathhouse/BathRearBelowWindow triangle=8 vertices=[(-35.613453, 2.6360624, 4.967327);(-36.53214, 2.6360624, 8.8604);(-35.80811, 2.6360624, 4.9213924)] shader= snow=0.44999998807907
act1-visible-surface: facility/failure/left-visible-owner pixel=(0.08, 0.8) distance=4.449 point=(-38.663364, 1.3239743, 8.732063) mesh=/root/Act1FacilitiesSmokeTest/Act1Demo/Main/ZoneHost/Act1ConnectedWorld/Act1CoreWorldGreybox/AgentBExteriorWorld/AgentB_TerrainRoadKit/URMAN_AgentB_TerrainRoadKit/Terrain_Main triangle=10445 vertices=[(-39.9175, 1.3719, 8.0939);(-37.8844, 1.2873, 8.1648);(-38.0265, 1.3076999, 10.1811)] shader= snow=0.0
act1-facility-camera: {"kind":"native-game-camera","file":"/Users/unterlantas/Documents/GitHub/URMAN/docs/production/act1_takeover_evidence_2026-09-16/images-facilities-08/failure.png","focus":true,"intendedAim":null,"cameraBefore":"[X: (0.32847947, 0, -0.9445111), Y: (-0.17566405, 0.98255277, -0.06109196), Z: (0.928032, 0.1859841, 0.32274842), O: (-35.23775, 3.1111724, 6.5268044)]","cameraAfter":"[X: (0.32847947, 0, -0.9445111), Y: (-0.17566405, 0.98255277, -0.06109196), Z: (0.928032, 0.1859841, 0.32274842), O: (-35.23775, 3.1111724, 6.5268044)]","cameraUnchangedDuringRender":true,"cameraTravel":0,"cameraForwardDot":1,"frameBefore":712,"frameAfter":712,"intendedAimDot":null,"humanArtReview":"not-run"}
userdata guard: original files and permissions restored and verified
