fap-pass: root=URMAN_FapClinicKit components=12 facade_meshes=56 porch_meshes=18 shed_meshes=17 interior_meshes=218 interior_lod1=28 interior_triangles=6696 interior_lod1_triangles=488 meshes=440 triangles=14406 cameras=0 lights=0 images=0
Info: Saved as "urman_fap_clinic_kit.blend"
INFO Draco mesh compression is available, use library at /Users/unterlantas/Documents/GitHub/URMAN/.tools/blender/Blender.app/Contents/Resources/4.5/scripts/addons_core/io_scene_gltf2/libextern_draco.dylib
13:34:19 | INFO: Starting glTF 2.0 export
13:34:19 | INFO: Extracting primitive: FapBench_Arm_L_LOD0Mesh
13:34:19 | INFO: Primitives created: 1
13:34:19 | INFO: Extracting primitive: FapBench_Arm_R_LOD0Mesh
13:34:19 | INFO: Primitives created: 1
13:34:19 | INFO: Extracting primitive: FapBench_Back_LOD0Mesh
13:34:19 | INFO: Primitives created: 1
13:34:19 | INFO: Extracting primitive: FapBench_Leg_L_LOD0Mesh
13:34:19 | INFO: Primitives created: 1
13:34:19 | INFO: Extracting primitive: FapBench_Leg_R_LOD0Mesh
13:34:19 | INFO: Primitives created: 1
13:34:19 | INFO: Extracting primitive: FapBench_LowerBrace_LOD0Mesh
13:34:19 | INFO: Primitives created: 1
13:34:19 | INFO: Extracting primitive: FapBench_Seat_LOD0Mesh
13:34:19 | INFO: Primitives created: 1
13:34:19 | INFO: Extracting primitive: FapBirchShrubMass_BarkMark_00_0_LOD0Mesh
13:34:19 | INFO: Primitives created: 1
13:34:19 | INFO: Extracting primitive: FapBirchShrubMass_BarkMark_00_1_LOD0Mesh
13:34:19 | INFO: Primitives created: 1
13:34:19 | INFO: Extracting primitive: FapBirchShrubMass_BarkMark_01_0_LOD0Mesh
13:34:19 | INFO: Primitives created: 1
13:34:19 | INFO: Extracting primitive: FapBirchShrubMass_BarkMark_01_1_LOD0Mesh
13:34:19 | INFO: Primitives created: 1
13:34:19 | INFO: Extracting primitive: FapBirchShrubMass_BarkMark_02_0_LOD0Mesh
13:34:19 | INFO: Primitives created: 1
13:34:19 | INFO: Extracting primitive: FapBirchShrubMass_BarkMark_02_1_LOD0Mesh
13:34:19 | INFO: Primitives created: 1
13:34:19 | INFO: Extracting primitive: FapBirchShrubMass_Branch_00_LOD0Mesh
13:34:19 | INFO: Primitives created: 1
13:34:19 | INFO: Extracting primitive: FapBirchShrubMass_Branch_01_LOD0Mesh
13:34:19 | INFO: Primitives created: 1
13:34:19 | INFO: Extracting primitive: FapBirchShrubMass_Branch_02_LOD0Mesh
13:34:19 | INFO: Primitives created: 1
13:34:19 | INFO: Extracting primitive: Icosphere.004
13:34:19 | INFO: Primitives created: 1
13:34:19 | INFO: Extracting primitive: Icosphere.006
13:34:19 | INFO: Primitives created: 1
13:34:19 | INFO: Extracting primitive: Icosphere.008
13:34:19 | INFO: Primitives created: 1
13:34:19 | INFO: Extracting primitive: Icosphere.005
13:34:19 | INFO: Primitives created: 1
13:34:19 | INFO: Extracting primitive: Icosphere.007
13:34:19 | INFO: Primitives created: 1
13:34:19 | INFO: Extracting primitive: Icosphere.009
13:34:19 | INFO: Primitives created: 1
13:34:19 | INFO: Extracting primitive: Cylinder.003
13:34:19 | INFO: Primitives created: 1
13:34:19 | INFO: Extracting primitive: Cylinder.004
13:34:19 | INFO: Primitives created: 1
13:34:19 | INFO: Extracting primitive: Cylinder.005
13:34:19 | INFO: Primitives created: 1
13:34:19 | INFO: Extracting primitive: Icosphere.010
13:34:19 | INFO: Primitives created: 1
13:34:19 | INFO: Extracting primitive: Icosphere.011
13:34:19 | INFO: Primitives created: 1
13:34:19 | INFO: Extracting primitive: Icosphere.012
13:34:19 | INFO: Primitives created: 1
13:34:19 | INFO: Extracting primitive: Icosphere.013
13:34:19 | INFO: Primitives created: 1
13:34:19 | INFO: Extracting primitive: FapEntryPorch_BraceLeft_LOD0Mesh
13:34:19 | INFO: Primitives created: 1
13:34:19 | INFO: Extracting primitive: FapEntryPorch_BraceRight_LOD0Mesh
13:34:19 | INFO: Primitives created: 1
13:34:19 | INFO: Extracting primitive: FapEntryPorch_CanopyFascia_LOD0Mesh
13:34:19 | INFO: Primitives created: 1
13:34:19 | INFO: Extracting primitive: FapEntryPorch_Deck_LOD0Mesh
13:34:19 | INFO: Primitives created: 1
13:34:19 | INFO: Extracting primitive: FapEntryPorch_DoorHeaderPlaque_LOD0Mesh
13:34:19 | INFO: Primitives created: 1
13:34:19 | INFO: Extracting primitive: FapEntryPorch_Post_L_LOD0Mesh
13:34:19 | INFO: Primitives created: 1
13:34:19 | INFO: Extracting primitive: FapEntryPorch_Post_R_LOD0Mesh
13:34:19 | INFO: Primitives created: 1
13:34:19 | INFO: Extracting primitive: FapEntryPorch_PostCap_L_LOD0Mesh
13:34:19 | INFO: Primitives created: 1
13:34:19 | INFO: Extracting primitive: FapEntryPorch_PostCap_R_LOD0Mesh
13:34:19 | INFO: Primitives created: 1
13:34:19 | INFO: Extracting primitive: FapEntryPorch_Rail_L_LOD0Mesh
13:34:19 | INFO: Primitives created: 1
13:34:19 | INFO: Extracting primitive: FapEntryPorch_Rail_R_LOD0Mesh
13:34:19 | INFO: Primitives created: 1
13:34:19 | INFO: Extracting primitive: FapEntryPorch_RailPost_L_LOD0Mesh
13:34:19 | INFO: Primitives created: 1
13:34:19 | INFO: Extracting primitive: FapEntryPorch_RailPost_R_LOD0Mesh
13:34:19 | INFO: Primitives created: 1
13:34:19 | INFO: Extracting primitive: FapEntryPorch_RainCanopy_LOD0Mesh
13:34:19 | INFO: Primitives created: 1
13:34:19 | INFO: Extracting primitive: FapEntryPorch_Step_00_LOD0Mesh
13:34:19 | INFO: Primitives created: 1
13:34:19 | INFO: Extracting primitive: FapEntryPorch_Step_01_LOD0Mesh
13:34:19 | INFO: Primitives created: 1
13:34:19 | INFO: Extracting primitive: FapEntryPorch_Step_02_LOD0Mesh
13:34:19 | INFO: Primitives created: 1
13:34:19 | INFO: Extracting primitive: FapEntryPorch_Threshold_LOD0Mesh
13:34:19 | INFO: Primitives created: 1
13:34:19 | INFO: Extracting primitive: FapFacade_BackCornerPost_L_LOD0Mesh
13:34:19 | INFO: Primitives created: 1
13:34:19 | INFO: Extracting primitive: FapFacade_BackCornerPost_R_LOD0Mesh
13:34:19 | INFO: Primitives created: 1
13:34:19 | INFO: Extracting primitive: FapFacade_BackCourse_LOD0Mesh
13:34:19 | INFO: Primitives created: 1
13:34:19 | INFO: Extracting primitive: FapFacade_Body_LOD0Mesh
13:34:19 | INFO: Primitives created: 1
13:34:19 | INFO: Extracting primitive: FapFacade_CornerPost_L_LOD0Mesh
13:34:19 | INFO: Primitives created: 1
13:34:19 | INFO: Extracting primitive: FapFacade_CornerPost_R_LOD0Mesh
13:34:19 | INFO: Primitives created: 1
13:34:19 | INFO: Extracting primitive: FapFacade_DoorFrameLeft_LOD0Mesh
13:34:19 | INFO: Primitives created: 1
13:34:19 | INFO: Extracting primitive: FapFacade_DoorFrameRight_LOD0Mesh
13:34:19 | INFO: Primitives created: 1
13:34:19 | INFO: Extracting primitive: FapFacade_DoorFrameTop_LOD0Mesh
13:34:19 | INFO: Primitives created: 1
13:34:19 | INFO: Extracting primitive: FapFacade_DoorHandle_LOD0Mesh
13:34:19 | INFO: Primitives created: 1
13:34:19 | INFO: Extracting primitive: FapFacade_DoorPanel_LOD0Mesh
13:34:19 | INFO: Primitives created: 1
13:34:19 | INFO: Extracting primitive: FapFacade_DoorPanelInset_LOD0Mesh
13:34:19 | INFO: Primitives created: 1
13:34:19 | INFO: Extracting primitive: FapFacade_Foundation_LOD0Mesh
13:34:19 | INFO: Primitives created: 1
13:34:19 | INFO: Extracting primitive: FapFacade_FrontCourse_LOD0Mesh
13:34:19 | INFO: Primitives created: 1
13:34:19 | INFO: Extracting primitive: FapFacade_FrontPlinth_LOD0Mesh
13:34:19 | INFO: Primitives created: 1
13:34:19 | INFO: Extracting primitive: FapFacade_Gable_LOD0Mesh
13:34:19 | INFO: Primitives created: 2
13:34:19 | INFO: Extracting primitive: FapFacade_GableVent_LOD0Mesh
13:34:19 | INFO: Primitives created: 1
13:34:19 | INFO: Extracting primitive: FapFacade_RidgeCap_LOD0Mesh
13:34:19 | INFO: Primitives created: 1
13:34:19 | INFO: Extracting primitive: FapFacade_Roof_LOD0Mesh
13:34:19 | INFO: Primitives created: 2
13:34:19 | INFO: Extracting primitive: FapFacade_RoofEdge_L_LOD0Mesh
13:34:19 | INFO: Primitives created: 1
13:34:19 | INFO: Extracting primitive: FapFacade_RoofEdge_R_LOD0Mesh
13:34:19 | INFO: Primitives created: 1
13:34:19 | INFO: Extracting primitive: FapFacade_RoofEdgeBack_L_LOD0Mesh
13:34:19 | INFO: Primitives created: 1
13:34:19 | INFO: Extracting primitive: FapFacade_RoofEdgeBack_R_LOD0Mesh
13:34:19 | INFO: Primitives created: 1
13:34:19 | INFO: Extracting primitive: FapFacade_ServiceDoor_LOD0Mesh
13:34:19 | INFO: Primitives created: 1
13:34:19 | INFO: Extracting primitive: FapFacade_ServiceDoorFrame_LOD0Mesh
13:34:19 | INFO: Primitives created: 1
13:34:19 | INFO: Extracting primitive: FapFacade_SideBand_0_7_LOD0Mesh
13:34:19 | INFO: Primitives created: 1
13:34:19 | INFO: Extracting primitive: FapFacade_SideBand_1_95_LOD0Mesh
13:34:19 | INFO: Primitives created: 1
13:34:19 | INFO: Extracting primitive: FapFacade_SideWindowLeft_Glass_LOD0Mesh
13:34:19 | INFO: Primitives created: 1
13:34:19 | INFO: Extracting primitive: FapFacade_SideWindowLeft_MuntinHorizontal_LOD0Mesh
13:34:19 | INFO: Primitives created: 1
13:34:19 | INFO: Extracting primitive: FapFacade_SideWindowLeft_MuntinVertical_LOD0Mesh
13:34:19 | INFO: Primitives created: 1
13:34:19 | INFO: Extracting primitive: FapFacade_SideWindowLeft_TrimBottom_LOD0Mesh
13:34:19 | INFO: Primitives created: 1
13:34:19 | INFO: Extracting primitive: FapFacade_SideWindowLeft_TrimLeft_LOD0Mesh
13:34:19 | INFO: Primitives created: 1
13:34:19 | INFO: Extracting primitive: FapFacade_SideWindowLeft_TrimRight_LOD0Mesh
13:34:19 | INFO: Primitives created: 1
13:34:19 | INFO: Extracting primitive: FapFacade_SideWindowLeft_TrimTop_LOD0Mesh
13:34:19 | INFO: Primitives created: 1
13:34:19 | INFO: Extracting primitive: FapFacade_SideWindowRight_Glass_LOD0Mesh
13:34:19 | INFO: Primitives created: 1
13:34:19 | INFO: Extracting primitive: FapFacade_SideWindowRight_MuntinHorizontal_LOD0Mesh
13:34:19 | INFO: Primitives created: 1
13:34:19 | INFO: Extracting primitive: FapFacade_SideWindowRight_MuntinVertical_LOD0Mesh
13:34:19 | INFO: Primitives created: 1
13:34:19 | INFO: Extracting primitive: FapFacade_SideWindowRight_TrimBottom_LOD0Mesh
13:34:19 | INFO: Primitives created: 1
13:34:19 | INFO: Extracting primitive: FapFacade_SideWindowRight_TrimLeft_LOD0Mesh
13:34:19 | INFO: Primitives created: 1
13:34:19 | INFO: Extracting primitive: FapFacade_SideWindowRight_TrimRight_LOD0Mesh
13:34:19 | INFO: Primitives created: 1
13:34:19 | INFO: Extracting primitive: FapFacade_SideWindowRight_TrimTop_LOD0Mesh
13:34:19 | INFO: Primitives created: 1
13:34:19 | INFO: Extracting primitive: FapFacade_WindowLeft_Glass_LOD0Mesh
13:34:19 | INFO: Primitives created: 1
13:34:19 | INFO: Extracting primitive: FapFacade_WindowLeft_MuntinHorizontal_LOD0Mesh
13:34:19 | INFO: Primitives created: 1
13:34:19 | INFO: Extracting primitive: FapFacade_WindowLeft_MuntinVertical_LOD0Mesh
13:34:19 | INFO: Primitives created: 1
13:34:19 | INFO: Extracting primitive: FapFacade_WindowLeft_TrimBottom_LOD0Mesh
13:34:19 | INFO: Primitives created: 1
13:34:19 | INFO: Extracting primitive: FapFacade_WindowLeft_TrimLeft_LOD0Mesh
13:34:19 | INFO: Primitives created: 1
13:34:19 | INFO: Extracting primitive: FapFacade_WindowLeft_TrimRight_LOD0Mesh
13:34:19 | INFO: Primitives created: 1
13:34:19 | INFO: Extracting primitive: FapFacade_WindowLeft_TrimTop_LOD0Mesh
13:34:19 | INFO: Primitives created: 1
13:34:19 | INFO: Extracting primitive: FapFacade_WindowRight_Glass_LOD0Mesh
13:34:19 | INFO: Primitives created: 1
13:34:19 | INFO: Extracting primitive: FapFacade_WindowRight_MuntinHorizontal_LOD0Mesh
13:34:19 | INFO: Primitives created: 1
13:34:19 | INFO: Extracting primitive: FapFacade_WindowRight_MuntinVertical_LOD0Mesh
13:34:19 | INFO: Primitives created: 1
13:34:19 | INFO: Extracting primitive: FapFacade_WindowRight_TrimBottom_LOD0Mesh
13:34:19 | INFO: Primitives created: 1
13:34:19 | INFO: Extracting primitive: FapFacade_WindowRight_TrimLeft_LOD0Mesh
13:34:19 | INFO: Primitives created: 1
13:34:19 | INFO: Extracting primitive: FapFacade_WindowRight_TrimRight_LOD0Mesh
13:34:19 | INFO: Primitives created: 1
13:34:19 | INFO: Extracting primitive: FapFacade_WindowRight_TrimTop_LOD0Mesh
13:34:19 | INFO: Primitives created: 1
13:34:19 | INFO: Extracting primitive: FapFacade_WindowRight_WarmInset_LOD0Mesh
13:34:19 | INFO: Primitives created: 1
13:34:19 | INFO: Extracting primitive: FapFenceRun_Picket_0_1_LOD0Mesh
13:34:19 | INFO: Primitives created: 1
13:34:19 | INFO: Extracting primitive: FapFenceRun_Picket_0_2_LOD0Mesh
13:34:19 | INFO: Primitives created: 1
13:34:19 | INFO: Extracting primitive: FapFenceRun_Picket_0_3_LOD0Mesh
13:34:19 | INFO: Primitives created: 1
13:34:19 | INFO: Extracting primitive: FapFenceRun_Picket_1_1_LOD0Mesh
13:34:19 | INFO: Primitives created: 1
13:34:19 | INFO: Extracting primitive: FapFenceRun_Picket_1_2_LOD0Mesh
13:34:19 | INFO: Primitives created: 1
13:34:19 | INFO: Extracting primitive: FapFenceRun_Picket_1_3_LOD0Mesh
13:34:19 | INFO: Primitives created: 1
13:34:19 | INFO: Extracting primitive: FapFenceRun_Post_0_0_LOD0Mesh
13:34:19 | INFO: Primitives created: 1
13:34:19 | INFO: Extracting primitive: FapFenceRun_Post_0_1_LOD0Mesh
13:34:19 | INFO: Primitives created: 1
13:34:19 | INFO: Extracting primitive: FapFenceRun_Post_0_2_LOD0Mesh
13:34:19 | INFO: Primitives created: 1
13:34:19 | INFO: Extracting primitive: FapFenceRun_Post_0_3_LOD0Mesh
13:34:19 | INFO: Primitives created: 1
13:34:19 | INFO: Extracting primitive: FapFenceRun_Post_0_4_LOD0Mesh
13:34:19 | INFO: Primitives created: 1
13:34:19 | INFO: Extracting primitive: FapFenceRun_Post_1_0_LOD0Mesh
13:34:19 | INFO: Primitives created: 1
13:34:19 | INFO: Extracting primitive: FapFenceRun_Post_1_1_LOD0Mesh
13:34:19 | INFO: Primitives created: 1
13:34:19 | INFO: Extracting primitive: FapFenceRun_Post_1_2_LOD0Mesh
13:34:19 | INFO: Primitives created: 1
13:34:19 | INFO: Extracting primitive: FapFenceRun_Post_1_3_LOD0Mesh
13:34:19 | INFO: Primitives created: 1
13:34:19 | INFO: Extracting primitive: FapFenceRun_Post_1_4_LOD0Mesh
13:34:19 | INFO: Primitives created: 1
13:34:19 | INFO: Extracting primitive: FapFenceRun_Rail_0_0_LOD0Mesh
13:34:19 | INFO: Primitives created: 1
13:34:19 | INFO: Extracting primitive: FapFenceRun_Rail_0_1_LOD0Mesh
13:34:19 | INFO: Primitives created: 1
13:34:19 | INFO: Extracting primitive: FapFenceRun_Rail_1_0_LOD0Mesh
13:34:19 | INFO: Primitives created: 1
13:34:19 | INFO: Extracting primitive: FapFenceRun_Rail_1_1_LOD0Mesh
13:34:19 | INFO: Primitives created: 1
13:34:19 | INFO: Extracting primitive: FapFenceRun_ReturnPost_LOD0Mesh
13:34:19 | INFO: Primitives created: 1
13:34:19 | INFO: Extracting primitive: FapFenceRun_ReturnRail_LOD0Mesh
13:34:19 | INFO: Primitives created: 1
13:34:19 | INFO: Extracting primitive: FapGate_Brace_0_LOD0Mesh
13:34:19 | INFO: Primitives created: 1
13:34:19 | INFO: Extracting primitive: FapGate_Brace_1_LOD0Mesh
13:34:19 | INFO: Primitives created: 1
13:34:19 | INFO: Extracting primitive: FapGate_Header_LOD0Mesh
13:34:19 | INFO: Primitives created: 1
13:34:19 | INFO: Extracting primitive: FapGate_Leaf_0_LOD0Mesh
13:34:19 | INFO: Primitives created: 1
13:34:19 | INFO: Extracting primitive: FapGate_Leaf_1_LOD0Mesh
13:34:19 | INFO: Primitives created: 1
13:34:19 | INFO: Extracting primitive: FapGate_Picket_0_-0_33_LOD0Mesh
13:34:19 | INFO: Primitives created: 1
13:34:19 | INFO: Extracting primitive: FapGate_Picket_0_0_0_LOD0Mesh
13:34:19 | INFO: Primitives created: 1
13:34:19 | INFO: Extracting primitive: FapGate_Picket_0_0_33_LOD0Mesh
13:34:19 | INFO: Primitives created: 1
13:34:19 | INFO: Extracting primitive: FapGate_Picket_1_-0_33_LOD0Mesh
13:34:19 | INFO: Primitives created: 1
13:34:19 | INFO: Extracting primitive: FapGate_Picket_1_0_0_LOD0Mesh
13:34:19 | INFO: Primitives created: 1
13:34:19 | INFO: Extracting primitive: FapGate_Picket_1_0_33_LOD0Mesh
13:34:19 | INFO: Primitives created: 1
13:34:19 | INFO: Extracting primitive: FapGate_Post_L_LOD0Mesh
13:34:19 | INFO: Primitives created: 1
13:34:19 | INFO: Extracting primitive: FapGate_Post_R_LOD0Mesh
13:34:19 | INFO: Primitives created: 1
13:34:19 | INFO: Extracting primitive: FapGate_PostCap_L_LOD0Mesh
13:34:19 | INFO: Primitives created: 1
13:34:19 | INFO: Extracting primitive: FapGate_PostCap_R_LOD0Mesh
13:34:19 | INFO: Primitives created: 1
13:34:19 | INFO: Extracting primitive: FapInteriorBench_ArmLeft_LOD0Mesh
13:34:19 | INFO: Primitives created: 1
13:34:19 | INFO: Extracting primitive: FapInteriorBench_ArmRight_LOD0Mesh
13:34:19 | INFO: Primitives created: 1
13:34:19 | INFO: Extracting primitive: FapInteriorBench_Back_LOD0Mesh
13:34:19 | INFO: Primitives created: 1
13:34:19 | INFO: Extracting primitive: FapInteriorBench_BackRail_LOD0Mesh
13:34:19 | INFO: Primitives created: 1
13:34:19 | INFO: Extracting primitive: FapInteriorBench_BackRail_LOD0Mesh.001
13:34:19 | INFO: Primitives created: 1
13:34:19 | INFO: Extracting primitive: FapInteriorBench_FootRail_LOD0Mesh
13:34:19 | INFO: Primitives created: 1
13:34:19 | INFO: Extracting primitive: FapInteriorBench_LegBackLeft_LOD0Mesh
13:34:19 | INFO: Primitives created: 1
13:34:19 | INFO: Extracting primitive: FapInteriorBench_LegBackRight_LOD0Mesh
13:34:19 | INFO: Primitives created: 1
13:34:19 | INFO: Extracting primitive: FapInteriorBench_LegFrontLeft_LOD0Mesh
13:34:19 | INFO: Primitives created: 1
13:34:19 | INFO: Extracting primitive: FapInteriorBench_LegFrontRight_LOD0Mesh
13:34:19 | INFO: Primitives created: 1
13:34:19 | INFO: Extracting primitive: FapInteriorBench_LowerBrace_LOD0Mesh
13:34:19 | INFO: Primitives created: 1
13:34:19 | INFO: Extracting primitive: FapInteriorBench_Seat_LOD0Mesh
13:34:19 | INFO: Primitives created: 1
13:34:19 | INFO: Extracting primitive: FapInteriorCabinet_Body_LOD0Mesh
13:34:19 | INFO: Primitives created: 1
13:34:19 | INFO: Extracting primitive: FapInteriorCabinet_DoorLeft_LOD0Mesh
13:34:19 | INFO: Primitives created: 1
13:34:19 | INFO: Extracting primitive: FapInteriorCabinet_DoorRight_LOD0Mesh
13:34:19 | INFO: Primitives created: 1
13:34:19 | INFO: Extracting primitive: FapInteriorCabinet_HandleLeft_LOD0Mesh
13:34:19 | INFO: Primitives created: 1
13:34:19 | INFO: Extracting primitive: FapInteriorCabinet_HandleRight_LOD0Mesh
13:34:19 | INFO: Primitives created: 1
13:34:19 | INFO: Extracting primitive: FapInteriorCabinet_InsetLeft_LOD0Mesh
13:34:19 | INFO: Primitives created: 1
13:34:19 | INFO: Extracting primitive: FapInteriorCabinet_InsetRight_LOD0Mesh
13:34:19 | INFO: Primitives created: 1
13:34:19 | INFO: Extracting primitive: FapInteriorCabinet_TopShelf_LOD0Mesh
13:34:19 | INFO: Primitives created: 1
13:34:19 | INFO: Extracting primitive: FapInteriorCeilingBeam_Entry_LOD0Mesh
13:34:19 | INFO: Primitives created: 1
13:34:19 | INFO: Extracting primitive: FapInteriorCeilingBeam_Entry_LOD0Mesh.001
13:34:19 | INFO: Primitives created: 1
13:34:19 | INFO: Extracting primitive: FapInteriorCoatHookCenter_LOD0Mesh
13:34:19 | INFO: Primitives created: 1
13:34:19 | INFO: Extracting primitive: FapInteriorCoatHookLeft_LOD0Mesh
13:34:19 | INFO: Primitives created: 1
13:34:19 | INFO: Extracting primitive: FapInteriorCoatHookRail_LOD0Mesh
13:34:19 | INFO: Primitives created: 1
13:34:19 | INFO: Extracting primitive: FapInteriorCoatHookRight_LOD0Mesh
13:34:19 | INFO: Primitives created: 1
13:34:19 | INFO: Extracting primitive: FapInteriorCot_Backboard_LOD0Mesh
13:34:19 | INFO: Primitives created: 1
13:34:19 | INFO: Extracting primitive: FapInteriorCot_Backboard_LOD0Mesh.001
13:34:19 | INFO: Primitives created: 1
13:34:19 | INFO: Extracting primitive: FapInteriorCot_FootRail_LOD0Mesh
13:34:19 | INFO: Primitives created: 1
13:34:19 | INFO: Extracting primitive: FapInteriorCot_Frame_LOD0Mesh
13:34:19 | INFO: Primitives created: 1
13:34:19 | INFO: Extracting primitive: FapInteriorCot_HeadRail_LOD0Mesh
13:34:19 | INFO: Primitives created: 1
13:34:19 | INFO: Extracting primitive: FapInteriorCot_InstrumentShelf_LOD0Mesh
13:34:19 | INFO: Primitives created: 1
13:34:19 | INFO: Extracting primitive: FapInteriorCot_InstrumentShelf_LOD0Mesh.001
13:34:19 | INFO: Primitives created: 1
13:34:19 | INFO: Extracting primitive: FapInteriorCot_LegBackLeft_LOD0Mesh
13:34:19 | INFO: Primitives created: 1
13:34:19 | INFO: Extracting primitive: FapInteriorCot_LegBackRight_LOD0Mesh
13:34:19 | INFO: Primitives created: 1
13:34:19 | INFO: Extracting primitive: FapInteriorCot_LegFrontLeft_LOD0Mesh
13:34:19 | INFO: Primitives created: 1
13:34:19 | INFO: Extracting primitive: FapInteriorCot_LegFrontRight_LOD0Mesh
13:34:19 | INFO: Primitives created: 1
13:34:19 | INFO: Extracting primitive: FapInteriorCot_LowerBrace_LOD0Mesh
13:34:19 | INFO: Primitives created: 1
13:34:19 | INFO: Extracting primitive: FapInteriorCot_Mattress_LOD0Mesh
13:34:19 | INFO: Primitives created: 1
13:34:19 | INFO: Extracting primitive: FapInteriorCot_Pillow_LOD0Mesh
13:34:19 | INFO: Primitives created: 1
13:34:19 | INFO: Extracting primitive: FapInteriorCot_UnderShelf_LOD0Mesh
13:34:19 | INFO: Primitives created: 1
13:34:19 | INFO: Extracting primitive: FapInteriorExamChart_FrameBottom_LOD0Mesh
13:34:19 | INFO: Primitives created: 1
13:34:19 | INFO: Extracting primitive: FapInteriorExamChart_FrameLeft_LOD0Mesh
13:34:19 | INFO: Primitives created: 1
13:34:19 | INFO: Extracting primitive: FapInteriorExamChart_FrameRight_LOD0Mesh
13:34:19 | INFO: Primitives created: 1
13:34:19 | INFO: Extracting primitive: FapInteriorExamChart_FrameTop_LOD0Mesh
13:34:19 | INFO: Primitives created: 1
13:34:19 | INFO: Extracting primitive: FapInteriorExamChart_Panel_LOD0Mesh
13:34:19 | INFO: Primitives created: 1
13:34:19 | INFO: Extracting primitive: FapInteriorFloor_EntryRunner_LOD0Mesh
13:34:19 | INFO: Primitives created: 1
13:34:19 | INFO: Extracting primitive: FapInteriorFloor_EntryRunner_LOD0Mesh.001
13:34:19 | INFO: Primitives created: 1
13:34:19 | INFO: Extracting primitive: FapInteriorFloor_ExamMat_LOD0Mesh
13:34:19 | INFO: Primitives created: 1
13:34:19 | INFO: Extracting primitive: FapInteriorFloor_ExamMat_LOD0Mesh.001
13:34:19 | INFO: Primitives created: 1
13:34:19 | INFO: Extracting primitive: FapInteriorFloor_RecordsMat_LOD0Mesh
13:34:19 | INFO: Primitives created: 1
13:34:19 | INFO: Extracting primitive: FapInteriorFloor_RecordsMat_LOD0Mesh.001
13:34:19 | INFO: Primitives created: 1
13:34:19 | INFO: Extracting primitive: FapInteriorFloor_WaitingMat_LOD0Mesh
13:34:19 | INFO: Primitives created: 1
13:34:19 | INFO: Extracting primitive: FapInteriorFloor_WaitingMat_LOD0Mesh.001
13:34:19 | INFO: Primitives created: 1
13:34:19 | INFO: Extracting primitive: FapInteriorNoticeBoard_CardA_LOD0Mesh
13:34:19 | INFO: Primitives created: 1
13:34:19 | INFO: Extracting primitive: FapInteriorNoticeBoard_CardA_LOD0Mesh.001
13:34:19 | INFO: Primitives created: 1
13:34:19 | INFO: Extracting primitive: FapInteriorNoticeBoard_CardB_LOD0Mesh
13:34:19 | INFO: Primitives created: 1
13:34:19 | INFO: Extracting primitive: FapInteriorNoticeBoard_CardB_LOD0Mesh.001
13:34:19 | INFO: Primitives created: 1
13:34:19 | INFO: Extracting primitive: FapInteriorNoticeBoard_Panel_LOD0Mesh
13:34:19 | INFO: Primitives created: 1
13:34:19 | INFO: Extracting primitive: FapInteriorNoticeBoard_Panel_LOD0Mesh.001
13:34:19 | INFO: Primitives created: 1
13:34:19 | INFO: Extracting primitive: FapInteriorNoticeBoard_Rail_LOD0Mesh
13:34:19 | INFO: Primitives created: 1
13:34:19 | INFO: Extracting primitive: FapInteriorNoticeBoard_Rail_LOD0Mesh.001
13:34:19 | INFO: Primitives created: 1
13:34:19 | INFO: Extracting primitive: FapInteriorNoticeBoard_RailBottom_LOD0Mesh
13:34:19 | INFO: Primitives created: 1
13:34:19 | INFO: Extracting primitive: FapInteriorNoticeBoard_RailLeft_LOD0Mesh
13:34:19 | INFO: Primitives created: 1
13:34:19 | INFO: Extracting primitive: FapInteriorNoticeBoard_RailRight_LOD0Mesh
13:34:19 | INFO: Primitives created: 1
13:34:19 | INFO: Extracting primitive: FapInteriorPartition_Panel_LOD0Mesh
13:34:19 | INFO: Primitives created: 1
13:34:19 | INFO: Extracting primitive: FapInteriorPartition_PostBack_LOD0Mesh
13:34:19 | INFO: Primitives created: 1
13:34:19 | INFO: Extracting primitive: FapInteriorPartition_PostFront_LOD0Mesh
13:34:19 | INFO: Primitives created: 1
13:34:19 | INFO: Extracting primitive: FapInteriorPartition_RailBottom_LOD0Mesh
13:34:19 | INFO: Primitives created: 1
13:34:19 | INFO: Extracting primitive: FapInteriorPartition_RailTop_LOD0Mesh
13:34:19 | INFO: Primitives created: 1
13:34:19 | INFO: Extracting primitive: FapInteriorRadiator_Body_LOD0Mesh
13:34:19 | INFO: Primitives created: 1
13:34:19 | INFO: Extracting primitive: FapInteriorRadiator_PipeLeft_LOD0Mesh
13:34:19 | INFO: Primitives created: 1
13:34:19 | INFO: Extracting primitive: FapInteriorRadiator_PipeRight_LOD0Mesh
13:34:19 | INFO: Primitives created: 1
13:34:19 | INFO: Extracting primitive: FapInteriorRadiator_RibCenter_LOD0Mesh
13:34:19 | INFO: Primitives created: 1
13:34:19 | INFO: Extracting primitive: FapInteriorRadiator_RibLeft_LOD0Mesh
13:34:19 | INFO: Primitives created: 1
13:34:19 | INFO: Extracting primitive: FapInteriorRadiator_RibRight_LOD0Mesh
13:34:19 | INFO: Primitives created: 1
13:34:19 | INFO: Extracting primitive: FapInteriorReceptionCounter_Base_LOD0Mesh
13:34:19 | INFO: Primitives created: 1
13:34:19 | INFO: Extracting primitive: FapInteriorReceptionCounter_Body_LOD0Mesh
13:34:19 | INFO: Primitives created: 1
13:34:19 | INFO: Extracting primitive: FapInteriorReceptionCounter_DrawerBand_LOD0Mesh
13:34:19 | INFO: Primitives created: 1
13:34:19 | INFO: Extracting primitive: FapInteriorReceptionCounter_EndPanelLeft_LOD0Mesh
13:34:19 | INFO: Primitives created: 1
13:34:19 | INFO: Extracting primitive: FapInteriorReceptionCounter_EndPanelRight_LOD0Mesh
13:34:19 | INFO: Primitives created: 1
13:34:19 | INFO: Extracting primitive: FapInteriorReceptionCounter_KickPanel_LOD0Mesh
13:34:19 | INFO: Primitives created: 1
13:34:19 | INFO: Extracting primitive: FapInteriorReceptionCounter_ServiceShelf_LOD0Mesh
13:34:19 | INFO: Primitives created: 1
13:34:19 | INFO: Extracting primitive: FapInteriorReceptionCounter_ServiceShelf_LOD0Mesh.001
13:34:19 | INFO: Primitives created: 1
13:34:19 | INFO: Extracting primitive: FapInteriorReceptionCounter_Top_LOD0Mesh
13:34:19 | INFO: Primitives created: 1
13:34:19 | INFO: Extracting primitive: FapInteriorRecordsDesk_BackRail_LOD0Mesh
13:34:19 | INFO: Primitives created: 1
13:34:19 | INFO: Extracting primitive: FapInteriorRecordsDesk_Base_LOD0Mesh
13:34:19 | INFO: Primitives created: 1
13:34:19 | INFO: Extracting primitive: FapInteriorRecordsDesk_Body_LOD0Mesh
13:34:19 | INFO: Primitives created: 1
13:34:19 | INFO: Extracting primitive: FapInteriorRecordsDesk_CubbyBody_LOD0Mesh
13:34:19 | INFO: Primitives created: 1
13:34:19 | INFO: Extracting primitive: FapInteriorRecordsDesk_CubbyBody_LOD0Mesh.001
13:34:19 | INFO: Primitives created: 1
13:34:19 | INFO: Extracting primitive: FapInteriorRecordsDesk_CubbyShelfHigh_LOD0Mesh
13:34:19 | INFO: Primitives created: 1
13:34:19 | INFO: Extracting primitive: FapInteriorRecordsDesk_CubbyShelfHigh_LOD0Mesh.001
13:34:19 | INFO: Primitives created: 1
13:34:19 | INFO: Extracting primitive: FapInteriorRecordsDesk_CubbyShelfLow_LOD0Mesh
13:34:19 | INFO: Primitives created: 1
13:34:19 | INFO: Extracting primitive: FapInteriorRecordsDesk_CubbyShelfLow_LOD0Mesh.001
13:34:19 | INFO: Primitives created: 1
13:34:19 | INFO: Extracting primitive: FapInteriorRecordsDesk_DrawerBand_LOD0Mesh
13:34:19 | INFO: Primitives created: 1
13:34:19 | INFO: Extracting primitive: FapInteriorRecordsDesk_FrontApron_LOD0Mesh
13:34:19 | INFO: Primitives created: 1
13:34:19 | INFO: Extracting primitive: FapInteriorRecordsDesk_FrontLegLeft_LOD0Mesh
13:34:19 | INFO: Primitives created: 1
13:34:19 | INFO: Extracting primitive: FapInteriorRecordsDesk_FrontLegRight_LOD0Mesh
13:34:19 | INFO: Primitives created: 1
13:34:19 | INFO: Extracting primitive: FapInteriorRecordsDesk_PaperStack_LOD0Mesh
13:34:19 | INFO: Primitives created: 1
13:34:19 | INFO: Extracting primitive: FapInteriorRecordsDesk_RecordTray_LOD0Mesh
13:34:19 | INFO: Primitives created: 1
13:34:19 | INFO: Extracting primitive: FapInteriorRecordsDesk_Top_LOD0Mesh
13:34:19 | INFO: Primitives created: 1
13:34:19 | INFO: Extracting primitive: FapInteriorScreen_PanelCenter_LOD0Mesh
13:34:19 | INFO: Primitives created: 2
13:34:19 | INFO: Extracting primitive: FapInteriorScreen_PanelLeft_LOD0Mesh
13:34:19 | INFO: Primitives created: 2
13:34:19 | INFO: Extracting primitive: FapInteriorScreen_PanelRight_LOD0Mesh
13:34:19 | INFO: Primitives created: 2
13:34:19 | INFO: Extracting primitive: FapInteriorScreen_PostCenter_LOD0Mesh
13:34:19 | INFO: Primitives created: 1
13:34:19 | INFO: Extracting primitive: FapInteriorScreen_PostLeft_LOD0Mesh
13:34:19 | INFO: Primitives created: 1
13:34:19 | INFO: Extracting primitive: FapInteriorScreen_PostRight_LOD0Mesh
13:34:19 | INFO: Primitives created: 1
13:34:19 | INFO: Extracting primitive: FapInteriorScreen_RailBottomCenter_LOD0Mesh
13:34:19 | INFO: Primitives created: 1
13:34:19 | INFO: Extracting primitive: FapInteriorScreen_RailBottomLeft_LOD0Mesh
13:34:19 | INFO: Primitives created: 1
13:34:19 | INFO: Extracting primitive: FapInteriorScreen_RailBottomRight_LOD0Mesh
13:34:19 | INFO: Primitives created: 1
13:34:19 | INFO: Extracting primitive: FapInteriorScreen_RailTopCenter_LOD0Mesh
13:34:19 | INFO: Primitives created: 1
13:34:19 | INFO: Extracting primitive: FapInteriorScreen_RailTopLeft_LOD0Mesh
13:34:19 | INFO: Primitives created: 1
13:34:19 | INFO: Extracting primitive: FapInteriorScreen_RailTopRight_LOD0Mesh
13:34:19 | INFO: Primitives created: 1
13:34:19 | INFO: Extracting primitive: FapInteriorShell_BackWall_LOD0Mesh
13:34:19 | INFO: Primitives created: 1
13:34:19 | INFO: Extracting primitive: FapInteriorShell_BaseCapBack_LOD0Mesh
13:34:19 | INFO: Primitives created: 1
13:34:19 | INFO: Extracting primitive: FapInteriorShell_BaseCapFrontLeft_LOD0Mesh
13:34:19 | INFO: Primitives created: 1
13:34:19 | INFO: Extracting primitive: FapInteriorShell_BaseCapFrontRight_LOD0Mesh
13:34:19 | INFO: Primitives created: 1
13:34:19 | INFO: Extracting primitive: FapInteriorShell_BaseCapLeft_LOD0Mesh
13:34:19 | INFO: Primitives created: 1
13:34:19 | INFO: Extracting primitive: FapInteriorShell_BaseCapRight_LOD0Mesh
13:34:19 | INFO: Primitives created: 1
13:34:19 | INFO: Extracting primitive: FapInteriorShell_Ceiling_LOD0Mesh
13:34:19 | INFO: Primitives created: 1
13:34:19 | INFO: Extracting primitive: FapInteriorShell_CeilingCorniceBack_LOD0Mesh
13:34:19 | INFO: Primitives created: 1
13:34:19 | INFO: Extracting primitive: FapInteriorShell_CeilingCorniceFrontLeft_LOD0Mesh
13:34:19 | INFO: Primitives created: 1
13:34:19 | INFO: Extracting primitive: FapInteriorShell_CeilingCorniceFrontRight_LOD0Mesh
13:34:19 | INFO: Primitives created: 1
13:34:19 | INFO: Extracting primitive: FapInteriorShell_CeilingCorniceLeft_LOD0Mesh
13:34:19 | INFO: Primitives created: 1
13:34:19 | INFO: Extracting primitive: FapInteriorShell_CeilingCorniceRight_LOD0Mesh
13:34:19 | INFO: Primitives created: 1
13:34:19 | INFO: Extracting primitive: FapInteriorShell_CeilingFixtureHousing_LOD0Mesh
13:34:19 | INFO: Primitives created: 1
13:34:19 | INFO: Extracting primitive: FapInteriorShell_CeilingFixtureLens_LOD0Mesh
13:34:19 | INFO: Primitives created: 1
13:34:19 | INFO: Extracting primitive: FapInteriorShell_CornerPostBackLeft_LOD0Mesh
13:34:19 | INFO: Primitives created: 1
13:34:19 | INFO: Extracting primitive: FapInteriorShell_CornerPostBackRight_LOD0Mesh
13:34:19 | INFO: Primitives created: 1
13:34:19 | INFO: Extracting primitive: FapInteriorShell_CornerPostFrontLeft_LOD0Mesh
13:34:19 | INFO: Primitives created: 1
13:34:19 | INFO: Extracting primitive: FapInteriorShell_CornerPostFrontRight_LOD0Mesh
13:34:19 | INFO: Primitives created: 1
13:34:19 | INFO: Extracting primitive: FapInteriorShell_DoorFrameLeft_LOD0Mesh
13:34:19 | INFO: Primitives created: 1
13:34:19 | INFO: Extracting primitive: FapInteriorShell_DoorFrameRight_LOD0Mesh
13:34:19 | INFO: Primitives created: 1
13:34:19 | INFO: Extracting primitive: FapInteriorShell_DoorFrameTop_LOD0Mesh
13:34:19 | INFO: Primitives created: 1
13:34:19 | INFO: Extracting primitive: FapInteriorShell_DoorHandle_LOD0Mesh
13:34:19 | INFO: Primitives created: 1
13:34:19 | INFO: Extracting primitive: FapInteriorShell_DoorInset_LOD0Mesh
13:34:19 | INFO: Primitives created: 1
13:34:19 | INFO: Extracting primitive: FapInteriorShell_EntryMat_LOD0Mesh
13:34:19 | INFO: Primitives created: 1
13:34:19 | INFO: Extracting primitive: FapInteriorShell_Floor_LOD0Mesh
13:34:19 | INFO: Primitives created: 1
13:34:19 | INFO: Extracting primitive: FapInteriorShell_FrontWallHeader_LOD0Mesh
13:34:19 | INFO: Primitives created: 1
13:34:19 | INFO: Extracting primitive: FapInteriorShell_FrontWallLeft_LOD0Mesh
13:34:19 | INFO: Primitives created: 1
13:34:19 | INFO: Extracting primitive: FapInteriorShell_FrontWallRight_LOD0Mesh
13:34:19 | INFO: Primitives created: 1
13:34:19 | INFO: Extracting primitive: FapInteriorShell_LeftWall_LOD0Mesh
13:34:19 | INFO: Primitives created: 1
13:34:19 | INFO: Extracting primitive: FapInteriorShell_LowerBandBack_LOD0Mesh
13:34:19 | INFO: Primitives created: 1
13:34:19 | INFO: Extracting primitive: FapInteriorShell_LowerBandFrontLeft_LOD0Mesh
13:34:19 | INFO: Primitives created: 1
13:34:19 | INFO: Extracting primitive: FapInteriorShell_LowerBandFrontRight_LOD0Mesh
13:34:19 | INFO: Primitives created: 1
13:34:19 | INFO: Extracting primitive: FapInteriorShell_LowerBandLeft_LOD0Mesh
13:34:19 | INFO: Primitives created: 1
13:34:19 | INFO: Extracting primitive: FapInteriorShell_LowerBandRight_LOD0Mesh
13:34:19 | INFO: Primitives created: 1
13:34:19 | INFO: Extracting primitive: FapInteriorShell_RevealLeftBack_LOD0Mesh
13:34:19 | INFO: Primitives created: 1
13:34:19 | INFO: Extracting primitive: FapInteriorShell_RevealLeftFront_LOD0Mesh
13:34:19 | INFO: Primitives created: 1
13:34:19 | INFO: Extracting primitive: FapInteriorShell_RevealLeftSill_LOD0Mesh
13:34:19 | INFO: Primitives created: 1
13:34:19 | INFO: Extracting primitive: FapInteriorShell_RevealRightBack_LOD0Mesh
13:34:19 | INFO: Primitives created: 1
13:34:19 | INFO: Extracting primitive: FapInteriorShell_RevealRightFront_LOD0Mesh
13:34:19 | INFO: Primitives created: 1
13:34:19 | INFO: Extracting primitive: FapInteriorShell_RevealRightSill_LOD0Mesh
13:34:19 | INFO: Primitives created: 1
13:34:19 | INFO: Extracting primitive: FapInteriorShell_RightWall_LOD0Mesh
13:34:19 | INFO: Primitives created: 1
13:34:19 | INFO: Extracting primitive: FapInteriorShell_ServiceDoorHandle_LOD0Mesh
13:34:19 | INFO: Primitives created: 1
13:34:19 | INFO: Extracting primitive: FapInteriorShell_ServiceDoorHeader_LOD0Mesh
13:34:19 | INFO: Primitives created: 1
13:34:19 | INFO: Extracting primitive: FapInteriorShell_ServiceDoorJambBack_LOD0Mesh
13:34:19 | INFO: Primitives created: 1
13:34:19 | INFO: Extracting primitive: FapInteriorShell_ServiceDoorJambFront_LOD0Mesh
13:34:19 | INFO: Primitives created: 1
13:34:19 | INFO: Extracting primitive: FapInteriorShell_ServiceDoorPanel_LOD0Mesh
13:34:19 | INFO: Primitives created: 1
13:34:19 | INFO: Extracting primitive: FapInteriorShell_Threshold_LOD0Mesh
13:34:19 | INFO: Primitives created: 1
13:34:19 | INFO: Extracting primitive: FapInteriorShell_WindowFrontLeftGlass_LOD0Mesh
13:34:19 | INFO: Primitives created: 1
13:34:19 | INFO: Extracting primitive: FapInteriorShell_WindowFrontLeftMuntinHorizontal_LOD0Mesh
13:34:19 | INFO: Primitives created: 1
13:34:19 | INFO: Extracting primitive: FapInteriorShell_WindowFrontLeftMuntinVertical_LOD0Mesh
13:34:19 | INFO: Primitives created: 1
13:34:19 | INFO: Extracting primitive: FapInteriorShell_WindowFrontLeftTrimBottom_LOD0Mesh
13:34:19 | INFO: Primitives created: 1
13:34:19 | INFO: Extracting primitive: FapInteriorShell_WindowFrontLeftTrimLeft_LOD0Mesh
13:34:19 | INFO: Primitives created: 1
13:34:19 | INFO: Extracting primitive: FapInteriorShell_WindowFrontLeftTrimRight_LOD0Mesh
13:34:19 | INFO: Primitives created: 1
13:34:19 | INFO: Extracting primitive: FapInteriorShell_WindowFrontLeftTrimTop_LOD0Mesh
13:34:19 | INFO: Primitives created: 1
13:34:19 | INFO: Extracting primitive: FapInteriorShell_WindowFrontRightGlass_LOD0Mesh
13:34:19 | INFO: Primitives created: 1
13:34:19 | INFO: Extracting primitive: FapInteriorShell_WindowFrontRightMuntinHorizontal_LOD0Mesh
13:34:19 | INFO: Primitives created: 1
13:34:19 | INFO: Extracting primitive: FapInteriorShell_WindowFrontRightMuntinVertical_LOD0Mesh
13:34:19 | INFO: Primitives created: 1
13:34:19 | INFO: Extracting primitive: FapInteriorShell_WindowFrontRightTrimBottom_LOD0Mesh
13:34:19 | INFO: Primitives created: 1
13:34:19 | INFO: Extracting primitive: FapInteriorShell_WindowFrontRightTrimLeft_LOD0Mesh
13:34:19 | INFO: Primitives created: 1
13:34:19 | INFO: Extracting primitive: FapInteriorShell_WindowFrontRightTrimRight_LOD0Mesh
13:34:19 | INFO: Primitives created: 1
13:34:19 | INFO: Extracting primitive: FapInteriorShell_WindowFrontRightTrimTop_LOD0Mesh
13:34:19 | INFO: Primitives created: 1
13:34:19 | INFO: Extracting primitive: FapInteriorShell_WindowLeftGlass_LOD0Mesh
13:34:19 | INFO: Primitives created: 1
13:34:19 | INFO: Extracting primitive: FapInteriorShell_WindowLeftTrimBack_LOD0Mesh
13:34:19 | INFO: Primitives created: 1
13:34:19 | INFO: Extracting primitive: FapInteriorShell_WindowLeftTrimBottom_LOD0Mesh
13:34:19 | INFO: Primitives created: 1
13:34:19 | INFO: Extracting primitive: FapInteriorShell_WindowLeftTrimFront_LOD0Mesh
13:34:19 | INFO: Primitives created: 1
13:34:19 | INFO: Extracting primitive: FapInteriorShell_WindowLeftTrimTop_LOD0Mesh
13:34:19 | INFO: Primitives created: 1
13:34:19 | INFO: Extracting primitive: FapInteriorShell_WindowRightGlass_LOD0Mesh
13:34:19 | INFO: Primitives created: 1
13:34:19 | INFO: Extracting primitive: FapInteriorShell_WindowRightTrimBack_LOD0Mesh
13:34:19 | INFO: Primitives created: 1
13:34:19 | INFO: Extracting primitive: FapInteriorShell_WindowRightTrimBottom_LOD0Mesh
13:34:19 | INFO: Primitives created: 1
13:34:19 | INFO: Extracting primitive: FapInteriorShell_WindowRightTrimFront_LOD0Mesh
13:34:19 | INFO: Primitives created: 1
13:34:19 | INFO: Extracting primitive: FapInteriorShell_WindowRightTrimTop_LOD0Mesh
13:34:19 | INFO: Primitives created: 1
13:34:19 | INFO: Extracting primitive: FapInteriorStool_Base_LOD0Mesh
13:34:19 | INFO: Primitives created: 1
13:34:19 | INFO: Extracting primitive: FapInteriorStool_Base_LOD0Mesh.001
13:34:19 | INFO: Primitives created: 1
13:34:19 | INFO: Extracting primitive: FapInteriorStool_FootRing_LOD0Mesh
13:34:19 | INFO: Primitives created: 1
13:34:19 | INFO: Extracting primitive: FapInteriorStool_FootRing_LOD0Mesh.001
13:34:19 | INFO: Primitives created: 1
13:34:19 | INFO: Extracting primitive: FapInteriorStool_Seat_LOD0Mesh
13:34:19 | INFO: Primitives created: 1
13:34:19 | INFO: Extracting primitive: FapInteriorStool_Seat_LOD0Mesh.001
13:34:19 | INFO: Primitives created: 1
13:34:19 | INFO: Extracting primitive: FapInteriorStool_Stem_LOD0Mesh
13:34:19 | INFO: Primitives created: 1
13:34:19 | INFO: Extracting primitive: FapInteriorStool_Stem_LOD0Mesh.001
13:34:19 | INFO: Primitives created: 1
13:34:19 | INFO: Extracting primitive: FapInteriorSupplyBottle_A_LOD0Mesh
13:34:19 | INFO: Primitives created: 1
13:34:19 | INFO: Extracting primitive: FapInteriorSupplyBottle_B_LOD0Mesh
13:34:19 | INFO: Primitives created: 1
13:34:19 | INFO: Extracting primitive: FapInteriorSupplyBottle_D_LOD0Mesh
13:34:19 | INFO: Primitives created: 1
13:34:19 | INFO: Extracting primitive: FapInteriorSupplyBottle_E_LOD0Mesh
13:34:19 | INFO: Primitives created: 1
13:34:19 | INFO: Extracting primitive: FapInteriorSupplyShelf_BackPanel_LOD0Mesh
13:34:19 | INFO: Primitives created: 1
13:34:19 | INFO: Extracting primitive: FapInteriorSupplyShelf_FrontLipLow_LOD0Mesh
13:34:19 | INFO: Primitives created: 1
13:34:19 | INFO: Extracting primitive: FapInteriorSupplyShelf_FrontLipMid_LOD0Mesh
13:34:19 | INFO: Primitives created: 1
13:34:19 | INFO: Extracting primitive: FapInteriorSupplyShelf_FrontLipTop_LOD0Mesh
13:34:19 | INFO: Primitives created: 1
13:34:19 | INFO: Extracting primitive: FapInteriorSupplyShelf_Low_LOD0Mesh
13:34:19 | INFO: Primitives created: 1
13:34:19 | INFO: Extracting primitive: FapInteriorSupplyShelf_Mid_LOD0Mesh
13:34:19 | INFO: Primitives created: 1
13:34:19 | INFO: Extracting primitive: FapInteriorSupplyShelf_SideLeft_LOD0Mesh
13:34:19 | INFO: Primitives created: 1
13:34:19 | INFO: Extracting primitive: FapInteriorSupplyShelf_SideRight_LOD0Mesh
13:34:19 | INFO: Primitives created: 1
13:34:19 | INFO: Extracting primitive: FapInteriorSupplyShelf_Top_LOD0Mesh
13:34:19 | INFO: Primitives created: 1
13:34:19 | INFO: Extracting primitive: FapInteriorSupplyTin_C_LOD0Mesh
13:34:19 | INFO: Primitives created: 1
13:34:19 | INFO: Extracting primitive: FapInteriorTallStorage_Base_LOD0Mesh
13:34:19 | INFO: Primitives created: 1
13:34:19 | INFO: Extracting primitive: FapInteriorTallStorage_Body_LOD0Mesh
13:34:19 | INFO: Primitives created: 1
13:34:19 | INFO: Extracting primitive: FapInteriorTallStorage_DoorLeft_LOD0Mesh
13:34:19 | INFO: Primitives created: 1
13:34:19 | INFO: Extracting primitive: FapInteriorTallStorage_DoorRight_LOD0Mesh
13:34:19 | INFO: Primitives created: 1
13:34:19 | INFO: Extracting primitive: FapInteriorTallStorage_HandleLeft_LOD0Mesh
13:34:19 | INFO: Primitives created: 1
13:34:19 | INFO: Extracting primitive: FapInteriorTallStorage_HandleRight_LOD0Mesh
13:34:19 | INFO: Primitives created: 1
13:34:19 | INFO: Extracting primitive: FapInteriorTallStorage_TopCap_LOD0Mesh
13:34:19 | INFO: Primitives created: 1
13:34:19 | INFO: Extracting primitive: FapInteriorTrolley_Basin_LOD0Mesh
13:34:19 | INFO: Primitives created: 1
13:34:19 | INFO: Extracting primitive: FapInteriorTrolley_BasinInset_LOD0Mesh
13:34:19 | INFO: Primitives created: 1
13:34:19 | INFO: Extracting primitive: FapInteriorTrolley_Handle_LOD0Mesh
13:34:19 | INFO: Primitives created: 1
13:34:19 | INFO: Extracting primitive: FapInteriorTrolley_LegBackLeft_LOD0Mesh
13:34:19 | INFO: Primitives created: 1
13:34:19 | INFO: Extracting primitive: FapInteriorTrolley_LegBackRight_LOD0Mesh
13:34:19 | INFO: Primitives created: 1
13:34:19 | INFO: Extracting primitive: FapInteriorTrolley_LegFrontLeft_LOD0Mesh
13:34:19 | INFO: Primitives created: 1
13:34:19 | INFO: Extracting primitive: FapInteriorTrolley_LegFrontRight_LOD0Mesh
13:34:19 | INFO: Primitives created: 1
13:34:19 | INFO: Extracting primitive: FapInteriorTrolley_LowerShelf_LOD0Mesh
13:34:19 | INFO: Primitives created: 1
13:34:19 | INFO: Extracting primitive: FapInteriorTrolley_TopTray_LOD0Mesh
13:34:19 | INFO: Primitives created: 1
13:34:19 | INFO: Extracting primitive: FapInteriorTrolley_WheelBackLeft_LOD0Mesh
13:34:19 | INFO: Primitives created: 1
13:34:19 | INFO: Extracting primitive: FapInteriorTrolley_WheelBackRight_LOD0Mesh
13:34:19 | INFO: Primitives created: 1
13:34:19 | INFO: Extracting primitive: FapInteriorTrolley_WheelFrontLeft_LOD0Mesh
13:34:19 | INFO: Primitives created: 1
13:34:19 | INFO: Extracting primitive: FapInteriorTrolley_WheelFrontRight_LOD0Mesh
13:34:19 | INFO: Primitives created: 1
13:34:19 | INFO: Extracting primitive: FapInteriorWallPanel_LeftEntry_LOD0Mesh
13:34:19 | INFO: Primitives created: 1
13:34:19 | INFO: Extracting primitive: FapInteriorWallPanel_LeftEntry_LOD0Mesh.001
13:34:19 | INFO: Primitives created: 1
13:34:19 | INFO: Extracting primitive: FapInteriorWallPanel_RightEntry_LOD0Mesh
13:34:19 | INFO: Primitives created: 1
13:34:19 | INFO: Extracting primitive: FapInteriorWallPanel_RightEntry_LOD0Mesh.001
13:34:19 | INFO: Primitives created: 1
13:34:19 | INFO: Extracting primitive: FapInteriorWashUnit_Basin_LOD0Mesh
13:34:19 | INFO: Primitives created: 1
13:34:19 | INFO: Extracting primitive: FapInteriorWashUnit_Basin_LOD0Mesh.001
13:34:19 | INFO: Primitives created: 1
13:34:19 | INFO: Extracting primitive: FapInteriorWashUnit_BasinInset_LOD0Mesh
13:34:19 | INFO: Primitives created: 1
13:34:19 | INFO: Extracting primitive: FapInteriorWashUnit_BasinInset_LOD0Mesh.001
13:34:19 | INFO: Primitives created: 1
13:34:19 | INFO: Extracting primitive: FapInteriorWashUnit_Body_LOD0Mesh
13:34:19 | INFO: Primitives created: 1
13:34:19 | INFO: Extracting primitive: FapInteriorWashUnit_Body_LOD0Mesh.001
13:34:19 | INFO: Primitives created: 1
13:34:19 | INFO: Extracting primitive: FapInteriorWashUnit_FaucetSpout_LOD0Mesh
13:34:19 | INFO: Primitives created: 1
13:34:19 | INFO: Extracting primitive: FapInteriorWashUnit_FaucetStem_LOD0Mesh
13:34:19 | INFO: Primitives created: 1
13:34:19 | INFO: Extracting primitive: FapInteriorWashUnit_FootBack_LOD0Mesh
13:34:19 | INFO: Primitives created: 1
13:34:19 | INFO: Extracting primitive: FapInteriorWashUnit_FootFront_LOD0Mesh
13:34:19 | INFO: Primitives created: 1
13:34:19 | INFO: Extracting primitive: FapInteriorWashUnit_Splash_LOD0Mesh
13:34:19 | INFO: Primitives created: 1
13:34:19 | INFO: Extracting primitive: FapInteriorWashUnit_Splash_LOD0Mesh.001
13:34:19 | INFO: Primitives created: 1
13:34:19 | INFO: Extracting primitive: FapInteriorWashUnit_Towel_LOD0Mesh
13:34:19 | INFO: Primitives created: 1
13:34:19 | INFO: Extracting primitive: FapInteriorWashUnit_Towel_LOD0Mesh.001
13:34:19 | INFO: Primitives created: 1
13:34:19 | INFO: Extracting primitive: FapInteriorWashUnit_TowelRail_LOD0Mesh
13:34:19 | INFO: Primitives created: 1
13:34:19 | INFO: Extracting primitive: FapInteriorWashUnit_TowelRail_LOD0Mesh.001
13:34:19 | INFO: Primitives created: 1
13:34:19 | INFO: Extracting primitive: FapNoticeBoard_FaceBlank_LOD0Mesh
13:34:19 | INFO: Primitives created: 1
13:34:19 | INFO: Extracting primitive: FapNoticeBoard_Frame_L_LOD0Mesh
13:34:19 | INFO: Primitives created: 1
13:34:19 | INFO: Extracting primitive: FapNoticeBoard_Frame_R_LOD0Mesh
13:34:19 | INFO: Primitives created: 1
13:34:19 | INFO: Extracting primitive: FapNoticeBoard_FrameBottom_LOD0Mesh
13:34:19 | INFO: Primitives created: 1
13:34:19 | INFO: Extracting primitive: FapNoticeBoard_FrameTop_LOD0Mesh
13:34:19 | INFO: Primitives created: 1
13:34:19 | INFO: Extracting primitive: FapNoticeBoard_LowerFoot_LOD0Mesh
13:34:19 | INFO: Primitives created: 1
13:34:19 | INFO: Extracting primitive: FapNoticeBoard_Post_L_LOD0Mesh
13:34:19 | INFO: Primitives created: 1
13:34:19 | INFO: Extracting primitive: FapNoticeBoard_Post_R_LOD0Mesh
13:34:19 | INFO: Primitives created: 1
13:34:19 | INFO: Extracting primitive: FapNoticeBoard_TopCap_LOD0Mesh
13:34:19 | INFO: Primitives created: 1
13:34:19 | INFO: Extracting primitive: Icosphere
13:34:19 | INFO: Primitives created: 1
13:34:19 | INFO: Extracting primitive: Icosphere.001
13:34:19 | INFO: Primitives created: 1
13:34:19 | INFO: Extracting primitive: Icosphere.002
13:34:19 | INFO: Primitives created: 1
13:34:19 | INFO: Extracting primitive: Icosphere.003
13:34:19 | INFO: Primitives created: 1
13:34:19 | INFO: Extracting primitive: FapPathPuddleCluster_PathCore_LOD0Mesh
13:34:19 | INFO: Primitives created: 1
13:34:19 | INFO: Extracting primitive: FapPathPuddleCluster_PathFork_LOD0Mesh
13:34:19 | INFO: Primitives created: 1
13:34:19 | INFO: Extracting primitive: FapPathPuddleCluster_Puddle_00_LOD0Mesh
13:34:19 | INFO: Primitives created: 1
13:34:19 | INFO: Extracting primitive: FapPathPuddleCluster_Puddle_01_LOD0Mesh
13:34:19 | INFO: Primitives created: 1
13:34:19 | INFO: Extracting primitive: FapPathPuddleCluster_Puddle_02_LOD0Mesh
13:34:19 | INFO: Primitives created: 1
13:34:19 | INFO: Extracting primitive: FapPathPuddleCluster_Puddle_03_LOD0Mesh
13:34:19 | INFO: Primitives created: 1
13:34:19 | INFO: Extracting primitive: FapPathPuddleCluster_Puddle_04_LOD0Mesh
13:34:19 | INFO: Primitives created: 1
13:34:19 | INFO: Extracting primitive: FapRainAwning_Brace_L_LOD0Mesh
13:34:19 | INFO: Primitives created: 1
13:34:19 | INFO: Extracting primitive: FapRainAwning_Brace_R_LOD0Mesh
13:34:19 | INFO: Primitives created: 1
13:34:19 | INFO: Extracting primitive: FapRainAwning_Canopy_LOD0Mesh
13:34:19 | INFO: Primitives created: 1
13:34:19 | INFO: Extracting primitive: Cylinder.002
13:34:19 | INFO: Primitives created: 1
13:34:19 | INFO: Extracting primitive: FapRainAwning_DrainFoot_LOD0Mesh
13:34:19 | INFO: Primitives created: 1
13:34:19 | INFO: Extracting primitive: FapRainAwning_Fascia_LOD0Mesh
13:34:19 | INFO: Primitives created: 1
13:34:19 | INFO: Extracting primitive: Cylinder.001
13:34:19 | INFO: Primitives created: 1
13:34:19 | INFO: Extracting primitive: FapServiceShed_Body_LOD0Mesh
13:34:19 | INFO: Primitives created: 1
13:34:19 | INFO: Extracting primitive: FapServiceShed_Door_LOD0Mesh
13:34:19 | INFO: Primitives created: 1
13:34:19 | INFO: Extracting primitive: FapServiceShed_DoorFrame_L_LOD0Mesh
13:34:19 | INFO: Primitives created: 1
13:34:19 | INFO: Extracting primitive: FapServiceShed_DoorFrame_R_LOD0Mesh
13:34:19 | INFO: Primitives created: 1
13:34:19 | INFO: Extracting primitive: FapServiceShed_DoorFrameTop_LOD0Mesh
13:34:19 | INFO: Primitives created: 1
13:34:19 | INFO: Extracting primitive: FapServiceShed_Foundation_LOD0Mesh
13:34:19 | INFO: Primitives created: 1
13:34:19 | INFO: Extracting primitive: FapServiceShed_FrontBatten_-0_42_LOD0Mesh
13:34:19 | INFO: Primitives created: 1
13:34:19 | INFO: Extracting primitive: FapServiceShed_FrontBatten_-1_25_LOD0Mesh
13:34:19 | INFO: Primitives created: 1
13:34:19 | INFO: Extracting primitive: FapServiceShed_FrontBatten_0_42_LOD0Mesh
13:34:19 | INFO: Primitives created: 1
13:34:19 | INFO: Extracting primitive: FapServiceShed_FrontBatten_1_25_LOD0Mesh
13:34:19 | INFO: Primitives created: 1
13:34:19 | INFO: Extracting primitive: FapServiceShed_Roof_LOD0Mesh
13:34:19 | INFO: Primitives created: 2
13:34:19 | INFO: Extracting primitive: FapServiceShed_RoofEdge_L_LOD0Mesh
13:34:19 | INFO: Primitives created: 1
13:34:19 | INFO: Extracting primitive: FapServiceShed_RoofEdge_R_LOD0Mesh
13:34:19 | INFO: Primitives created: 1
13:34:19 | INFO: Extracting primitive: FapServiceShed_Vent_LOD0Mesh
13:34:19 | INFO: Primitives created: 1
13:34:19 | INFO: Extracting primitive: FapServiceShed_VentSlat_2_06_LOD0Mesh
13:34:19 | INFO: Primitives created: 1
13:34:19 | INFO: Extracting primitive: FapServiceShed_VentSlat_2_15_LOD0Mesh
13:34:19 | INFO: Primitives created: 1
13:34:19 | INFO: Extracting primitive: FapServiceShed_VentSlat_2_24_LOD0Mesh
13:34:19 | INFO: Primitives created: 1
13:34:19 | INFO: Extracting primitive: FapWayfindingBoard_FaceBlank_LOD0Mesh
13:34:19 | INFO: Primitives created: 1
13:34:19 | INFO: Extracting primitive: FapWayfindingBoard_Foot_L_LOD0Mesh
13:34:19 | INFO: Primitives created: 1
13:34:19 | INFO: Extracting primitive: FapWayfindingBoard_Foot_R_LOD0Mesh
13:34:19 | INFO: Primitives created: 1
13:34:19 | INFO: Extracting primitive: FapWayfindingBoard_Frame_L_LOD0Mesh
13:34:19 | INFO: Primitives created: 1
13:34:19 | INFO: Extracting primitive: FapWayfindingBoard_Frame_R_LOD0Mesh
13:34:19 | INFO: Primitives created: 1
13:34:19 | INFO: Extracting primitive: FapWayfindingBoard_FrameBottom_LOD0Mesh
13:34:19 | INFO: Primitives created: 1
13:34:19 | INFO: Extracting primitive: FapWayfindingBoard_FrameTop_LOD0Mesh
13:34:19 | INFO: Primitives created: 1
13:34:19 | INFO: Extracting primitive: FapWayfindingBoard_Post_L_LOD0Mesh
13:34:19 | INFO: Primitives created: 1
13:34:19 | INFO: Extracting primitive: FapWayfindingBoard_Post_R_LOD0Mesh
13:34:19 | INFO: Primitives created: 1
13:34:19 | INFO: Extracting primitive: FapWayfindingBoard_TopCap_LOD0Mesh
13:34:19 | INFO: Primitives created: 1
13:34:19 | INFO: Finished glTF 2.0 export in 0.18440818786621094 s

fap-pass: saved /Users/unterlantas/Documents/GitHub/URMAN/assets/source/blender/act1/urman_fap_clinic_kit.blend
fap-pass: exported /Users/unterlantas/Documents/GitHub/URMAN/game/assets/models/act1/urman_fap_clinic_kit.glb
Blender 4.5.12 LTS (hash 84afd5f785f7 built 2026-07-21 01:41:35)
Read blend: "/Users/unterlantas/Documents/GitHub/URMAN/assets/source/blender/act1/urman_fap_clinic_kit.blend"

Blender quit
