
compile-content
  Urman.Core -> /Users/unterlantas/Documents/GitHub/URMAN/src-dotnet/Urman.Core/bin/Debug/net10.0/Urman.Core.dll
  Urman.Content -> /Users/unterlantas/Documents/GitHub/URMAN/src-dotnet/Urman.Content/bin/Debug/net10.0/Urman.Content.dll
  Urman.ContentCli -> /Users/unterlantas/Documents/GitHub/URMAN/tools-dotnet/Urman.ContentCli/bin/Debug/net10.0/Urman.ContentCli.dll

Build succeeded.
    0 Warning(s)
    0 Error(s)

Time Elapsed 00:00:00.47
document-image: game/assets/images/arrival_marat_childhood_existing_v1.png sha256=c4647904f1aad0ea492858547e3f3493c9356c6ef87270d34d244f4fb882ac20
document-image: game/assets/images/council-sabantuy-2005.png sha256=5847783c6f7e9127bac529c803fc606b4ab53ed29fad64fa83ecd97db2390617
document-image: game/assets/images/first_snow_existing_v1.png sha256=8c31f2105170e876e36c02a790c2476cf3aa7d1769c20c98c5ab2ce5c72a0d7b
document-image: game/assets/images/kara_urman_edge_sketch_candidate_v1.png sha256=04b129ef18b34cc6ef49ee839bdc82e2a4c61f5e9567c1b742d69557079ee92a
document-image: game/assets/images/school-class-2005.png sha256=e1bb3bc6b854c5fdeddabdf7fa6777d7b5b6255221aa677eda24a2628bcfef3c
document-images: 5 declared raster files packaged

csharp
  Urman.Core -> /Users/unterlantas/Documents/GitHub/URMAN/src-dotnet/Urman.Core/bin/Debug/net10.0/Urman.Core.dll
  Urman.Content -> /Users/unterlantas/Documents/GitHub/URMAN/src-dotnet/Urman.Content/bin/Debug/net10.0/Urman.Content.dll
  Urman.Game -> /Users/unterlantas/Documents/GitHub/URMAN/game/.godot/mono/temp/bin/Debug/Urman.Game.dll

Build succeeded.
    0 Warning(s)
    0 Error(s)

Time Elapsed 00:00:05.83

godot-import
Godot Engine v4.7.1.stable.mono.official.a13da4feb - https://godotengine.org

ERROR: .NET Sdk not found. The required version is '10.0.10'.
   at: void GodotTools.GodotSharpEditor._EnablePlugin() (/root/godot/modules/mono/editor/GodotTools/GodotTools/GodotSharpEditor.cs:484)
   C# backtrace (most recent call first):
       [0] void Godot.GD.PushError(string) (/root/godot/modules/mono/glue/GodotSharp/GodotSharp/Core/GD.cs:366)
       [1] void GodotTools.GodotSharpEditor._EnablePlugin() (/root/godot/modules/mono/editor/GodotTools/GodotTools/GodotSharpEditor.cs:484)
       [2] bool Godot.EditorPlugin.InvokeGodotClassMethod(Godot.NativeInterop.godot_string_name&, Godot.NativeInterop.NativeVariantPtrArgs, Godot.NativeInterop.godot_variant&) (/root/godot/modules/mono/glue/GodotSharp/GodotSharpEditor/Generated/GodotObjects/EditorPlugin.cs:1444)
       [3] bool GodotTools.GodotSharpEditor.InvokeGodotClassMethod(Godot.NativeInterop.godot_string_name&, Godot.NativeInterop.NativeVariantPtrArgs, Godot.NativeInterop.godot_variant&) (/root/godot/modules/mono/editor/GodotTools/GodotTools/Godot.SourceGenerators/Godot.SourceGenerators.ScriptMethodsGenerator/GodotTools.GodotSharpEditor_ScriptMethods.generated.cs:210)
       [4] Godot.NativeInterop.godot_bool Godot.Bridge.CSharpInstanceBridge.Call(nint, Godot.NativeInterop.godot_string_name*, Godot.NativeInterop.godot_variant**, int, Godot.NativeInterop.godot_variant_call_error*, Godot.NativeInterop.godot_variant*) (/root/godot/modules/mono/glue/GodotSharp/GodotSharp/Core/Bridge/CSharpInstanceBridge.cs:24)
ERROR: System.IO.FileNotFoundException: Could not load file or assembly 'Microsoft.Build, Version=15.1.0.0, Culture=neutral, PublicKeyToken=b03f5f7f11d50a3a'. The system cannot find the file specified.

File name: 'Microsoft.Build, Version=15.1.0.0, Culture=neutral, PublicKeyToken=b03f5f7f11d50a3a'
   at GodotTools.ProjectEditor.ProjectUtils.Open(String path) in /root/godot/modules/mono/editor/GodotTools/GodotTools.ProjectEditor/ProjectUtils.cs:line 56
   at GodotTools.GodotSharpEditor.ApplyNecessaryChangesToSolution() in /root/godot/modules/mono/editor/GodotTools/GodotTools/GodotSharpEditor.cs:line 440
   at: void GodotTools.GodotSharpEditor.ApplyNecessaryChangesToSolution() (/root/godot/modules/mono/editor/GodotTools/GodotTools/GodotSharpEditor.cs:440)
   C# backtrace (most recent call first):
       [0] void Godot.GD.PushError(string) (/root/godot/modules/mono/glue/GodotSharp/GodotSharp/Core/GD.cs:366)
       [1] void GodotTools.GodotSharpEditor.ApplyNecessaryChangesToSolution() (/root/godot/modules/mono/editor/GodotTools/GodotTools/GodotSharpEditor.cs:440)
       [2] void GodotTools.GodotSharpEditor._EnablePlugin() (/root/godot/modules/mono/editor/GodotTools/GodotTools/GodotSharpEditor.cs:540)
       [3] bool Godot.EditorPlugin.InvokeGodotClassMethod(Godot.NativeInterop.godot_string_name&, Godot.NativeInterop.NativeVariantPtrArgs, Godot.NativeInterop.godot_variant&) (/root/godot/modules/mono/glue/GodotSharp/GodotSharpEditor/Generated/GodotObjects/EditorPlugin.cs:1444)
       [4] bool GodotTools.GodotSharpEditor.InvokeGodotClassMethod(Godot.NativeInterop.godot_string_name&, Godot.NativeInterop.NativeVariantPtrArgs, Godot.NativeInterop.godot_variant&) (/root/godot/modules/mono/editor/GodotTools/GodotTools/Godot.SourceGenerators/Godot.SourceGenerators.ScriptMethodsGenerator/GodotTools.GodotSharpEditor_ScriptMethods.generated.cs:210)
       [5] Godot.NativeInterop.godot_bool Godot.Bridge.CSharpInstanceBridge.Call(nint, Godot.NativeInterop.godot_string_name*, Godot.NativeInterop.godot_variant**, int, Godot.NativeInterop.godot_variant_call_error*, Godot.NativeInterop.godot_variant*) (/root/godot/modules/mono/glue/GodotSharp/GodotSharp/Core/Bridge/CSharpInstanceBridge.cs:24)
[   0% ] [90m[1mfirst_scan_filesystem[22m | Started Инициализация проекта (5 steps)[39m[0m
[   0% ] [90m[1mfirst_scan_filesystem[22m | Сканирование структуры файлов…[39m[0m
[  16% ] [90m[1mfirst_scan_filesystem[22m | Загрузка глобальных имен классов…[39m[0m
[  33% ] [90m[1mfirst_scan_filesystem[22m | Проверка GDExtensions…[39m[0m
[  50% ] [90m[1mfirst_scan_filesystem[22m | Создание скриптов автозагрузки…[39m[0m
[  66% ] [90m[1mfirst_scan_filesystem[22m | Инициализация плагинов…[39m[0m
[  83% ] [90m[1mfirst_scan_filesystem[22m | Начало сканирование файлов…[39m[0m
[92m[ DONE ][39m [1mfirst_scan_filesystem[22m
[0m
[   0% ] [90m[1mupdate_scripts_classes[22m | Started Регистрация глобальных классов… (27 steps)[39m[0m
[   0% ] [90m[1mupdate_scripts_classes[22m | [39m[0m
[   3% ] [90m[1mupdate_scripts_classes[22m | [39m[0m
[   7% ] [90m[1mupdate_scripts_classes[22m | [39m[0m
[  10% ] [90m[1mupdate_scripts_classes[22m | [39m[0m
[  14% ] [90m[1mupdate_scripts_classes[22m | [39m[0m
[  17% ] [90m[1mupdate_scripts_classes[22m | [39m[0m
[  21% ] [90m[1mupdate_scripts_classes[22m | [39m[0m
[  25% ] [90m[1mupdate_scripts_classes[22m | [39m[0m
[  28% ] [90m[1mupdate_scripts_classes[22m | [39m[0m
[  32% ] [90m[1mupdate_scripts_classes[22m | [39m[0m
[  35% ] [90m[1mupdate_scripts_classes[22m | [39m[0m
[  39% ] [90m[1mupdate_scripts_classes[22m | [39m[0m
[  42% ] [90m[1mupdate_scripts_classes[22m | [39m[0m
[  46% ] [90m[1mupdate_scripts_classes[22m | [39m[0m
[  50% ] [90m[1mupdate_scripts_classes[22m | [39m[0m
[  53% ] [90m[1mupdate_scripts_classes[22m | [39m[0m
[  57% ] [90m[1mupdate_scripts_classes[22m | [39m[0m
[  60% ] [90m[1mupdate_scripts_classes[22m | [39m[0m
[  64% ] [90m[1mupdate_scripts_classes[22m | [39m[0m
[  67% ] [90m[1mupdate_scripts_classes[22m | [39m[0m
[  71% ] [90m[1mupdate_scripts_classes[22m | [39m[0m
[  75% ] [90m[1mupdate_scripts_classes[22m | [39m[0m
[  78% ] [90m[1mupdate_scripts_classes[22m | [39m[0m
[  82% ] [90m[1mupdate_scripts_classes[22m | [39m[0m
[  85% ] [90m[1mupdate_scripts_classes[22m | [39m[0m
[  89% ] [90m[1mupdate_scripts_classes[22m | [39m[0m
[  92% ] [90m[1mupdate_scripts_classes[22m | [39m[0m
[92m[ DONE ][39m [1mupdate_scripts_classes[22m
[0m
[   0% ] [90m[1mloading_editor_layout[22m | Started Загрузка редактора (5 steps)[39m[0m
[   0% ] [90m[1mloading_editor_layout[22m | Загрузка макета редактора…[39m[0m
[  16% ] [90m[1mloading_editor_layout[22m | Загрузка док-панели…[39m[0m
[92m[ DONE ][39m [1mloading_editor_layout[22m
[0m
userdata guard: original files and permissions restored and verified
