URMAN household LOD cage: HouseInterior_TableKettle_LOD1; adjusted=8; max_delta=0.000079408m
URMAN household LOD cage: HouseInterior_TableKettleLid_LOD1; adjusted=15; max_delta=0.000055939m
URMAN household LOD cage: OldPc_Keyboard_LOD1; adjusted=0; max_delta=0.000000000m
Info: Saved as "urman_modular_kit.blend"
INFO Draco mesh compression is available, use library at /Users/unterlantas/Documents/GitHub/URMAN/.tools/blender/Blender.app/Contents/Resources/4.5/scripts/addons_core/io_scene_gltf2/libextern_draco.dylib
04:56:14 | INFO: Starting glTF 2.0 export
04:56:14 | INFO: Extracting primitive: Cube
04:56:14 | INFO: Primitives created: 1
04:56:14 | INFO: Extracting primitive: HouseA_Roof_LOD0Mesh
04:56:14 | INFO: Primitives created: 1
04:56:14 | INFO: Extracting primitive: Cube.001
04:56:14 | INFO: Primitives created: 1
04:56:14 | INFO: Extracting primitive: Cube.002
04:56:14 | INFO: Primitives created: 1
04:56:14 | INFO: Extracting primitive: Cube.003
04:56:14 | INFO: Primitives created: 1
04:56:14 | INFO: Extracting primitive: Cube.004
04:56:14 | INFO: Primitives created: 1
04:56:14 | INFO: Extracting primitive: Cube.005
04:56:14 | INFO: Primitives created: 1
04:56:14 | INFO: Extracting primitive: Cube.006
04:56:14 | INFO: Primitives created: 1
04:56:14 | INFO: Extracting primitive: Cube.007
04:56:14 | INFO: Primitives created: 1
04:56:14 | INFO: Extracting primitive: Cube.008
04:56:14 | INFO: Primitives created: 1
04:56:14 | INFO: Extracting primitive: Cube.009
04:56:14 | INFO: Primitives created: 1
04:56:14 | INFO: Extracting primitive: Cube.010
04:56:14 | INFO: Primitives created: 1
04:56:14 | INFO: Extracting primitive: Cube.011
04:56:14 | INFO: Primitives created: 1
04:56:14 | INFO: Extracting primitive: Cube.012
04:56:14 | INFO: Primitives created: 1
04:56:14 | INFO: Extracting primitive: Cube.013
04:56:14 | INFO: Primitives created: 1
04:56:14 | INFO: Extracting primitive: Cube.014
04:56:14 | INFO: Primitives created: 1
04:56:14 | INFO: Extracting primitive: Cube.015
04:56:14 | INFO: Primitives created: 1
04:56:14 | INFO: Extracting primitive: Cube.016
04:56:14 | INFO: Primitives created: 1
04:56:14 | INFO: Extracting primitive: Cube.017
04:56:14 | INFO: Primitives created: 1
04:56:14 | INFO: Extracting primitive: Cube.018
04:56:14 | INFO: Primitives created: 1
04:56:14 | INFO: Extracting primitive: Cube.019
04:56:14 | INFO: Primitives created: 1
04:56:14 | INFO: Extracting primitive: Cube.020
04:56:14 | INFO: Primitives created: 1
04:56:14 | INFO: Extracting primitive: Cube.021
04:56:14 | INFO: Primitives created: 1
04:56:14 | INFO: Extracting primitive: Cube.022
04:56:14 | INFO: Primitives created: 1
04:56:14 | INFO: Extracting primitive: Cube.023
04:56:14 | INFO: Primitives created: 1
04:56:14 | INFO: Extracting primitive: Cube.024
04:56:14 | INFO: Primitives created: 1
04:56:14 | INFO: Extracting primitive: Cube.025
04:56:14 | INFO: Primitives created: 1
04:56:14 | INFO: Extracting primitive: Cube.026
04:56:14 | INFO: Primitives created: 1
04:56:14 | INFO: Extracting primitive: Cube.027
04:56:14 | INFO: Primitives created: 1
04:56:14 | INFO: Extracting primitive: Cube.028
04:56:14 | INFO: Primitives created: 1
04:56:14 | INFO: Extracting primitive: Cube.029
04:56:14 | INFO: Primitives created: 1
04:56:14 | INFO: Extracting primitive: Cube.030
04:56:14 | INFO: Primitives created: 1
04:56:14 | INFO: Extracting primitive: Cube.031
04:56:14 | INFO: Primitives created: 1
04:56:14 | INFO: Extracting primitive: Cube.032
04:56:14 | INFO: Primitives created: 1
04:56:14 | INFO: Extracting primitive: Cube.033
04:56:14 | INFO: Primitives created: 1
04:56:14 | INFO: Extracting primitive: Cube.034
04:56:14 | INFO: Primitives created: 1
04:56:14 | INFO: Extracting primitive: HouseInterior_EntryDoor_LOD0Mesh
04:56:14 | INFO: Primitives created: 1
04:56:14 | INFO: Extracting primitive: Cube.035
04:56:14 | INFO: Primitives created: 1
04:56:14 | INFO: Extracting primitive: Cube.036
04:56:14 | INFO: Primitives created: 1
04:56:14 | INFO: Extracting primitive: Cube.037
04:56:14 | INFO: Primitives created: 1
04:56:14 | INFO: Extracting primitive: Cube.038
04:56:14 | INFO: Primitives created: 1
04:56:14 | INFO: Extracting primitive: Cube.039
04:56:14 | INFO: Primitives created: 1
04:56:14 | INFO: Extracting primitive: Cube.040
04:56:14 | INFO: Primitives created: 1
04:56:14 | INFO: Extracting primitive: Cube.041
04:56:14 | INFO: Primitives created: 1
04:56:14 | INFO: Extracting primitive: Cube.042
04:56:14 | INFO: Primitives created: 1
04:56:14 | INFO: Extracting primitive: Cube.043
04:56:14 | INFO: Primitives created: 1
04:56:14 | INFO: Extracting primitive: Cube.044
04:56:14 | INFO: Primitives created: 1
04:56:14 | INFO: Extracting primitive: Cube.045
04:56:14 | INFO: Primitives created: 1
04:56:14 | INFO: Extracting primitive: Cube.046
04:56:14 | INFO: Primitives created: 1
04:56:14 | INFO: Extracting primitive: Cube.047
04:56:14 | INFO: Primitives created: 1
04:56:14 | INFO: Extracting primitive: Cube.048
04:56:14 | INFO: Primitives created: 1
04:56:14 | INFO: Extracting primitive: Cube.049
04:56:14 | INFO: Primitives created: 1
04:56:14 | INFO: Extracting primitive: Cube.050
04:56:14 | INFO: Primitives created: 1
04:56:14 | INFO: Extracting primitive: Cube.051
04:56:14 | INFO: Primitives created: 1
04:56:14 | INFO: Extracting primitive: Cube.052
04:56:14 | INFO: Primitives created: 1
04:56:14 | INFO: Extracting primitive: Cube.053
04:56:14 | INFO: Primitives created: 1
04:56:14 | INFO: Extracting primitive: Cube.054
04:56:14 | INFO: Primitives created: 1
04:56:14 | INFO: Extracting primitive: Cube.055
04:56:14 | INFO: Primitives created: 1
04:56:14 | INFO: Extracting primitive: Cube.056
04:56:14 | INFO: Primitives created: 1
04:56:14 | INFO: Extracting primitive: Cube.057
04:56:14 | INFO: Primitives created: 1
04:56:14 | INFO: Extracting primitive: Cube.058
04:56:14 | INFO: Primitives created: 1
04:56:14 | INFO: Extracting primitive: Cube.059
04:56:14 | INFO: Primitives created: 1
04:56:14 | INFO: Extracting primitive: Cube.060
04:56:14 | INFO: Primitives created: 1
04:56:14 | INFO: Extracting primitive: Cube.061
04:56:14 | INFO: Primitives created: 1
04:56:14 | INFO: Extracting primitive: HouseInterior_ChairBack_LOD0Mesh
04:56:14 | INFO: Primitives created: 1
04:56:14 | INFO: Extracting primitive: Cube.062
04:56:14 | INFO: Primitives created: 1
04:56:14 | INFO: Extracting primitive: Cube.063
04:56:14 | INFO: Primitives created: 1
04:56:14 | INFO: Extracting primitive: Cube.064
04:56:14 | INFO: Primitives created: 1
04:56:14 | INFO: Extracting primitive: Cube.065
04:56:14 | INFO: Primitives created: 1
04:56:14 | INFO: Extracting primitive: HouseInterior_CupboardBody_LOD0Mesh
04:56:14 | INFO: Primitives created: 1
04:56:14 | INFO: Extracting primitive: Cube.066
04:56:14 | INFO: Primitives created: 1
04:56:14 | INFO: Extracting primitive: Cube.067
04:56:14 | INFO: Primitives created: 1
04:56:14 | INFO: Extracting primitive: Cube.068
04:56:14 | INFO: Primitives created: 1
04:56:14 | INFO: Extracting primitive: Cube.069
04:56:14 | INFO: Primitives created: 1
04:56:14 | INFO: Extracting primitive: HouseInterior_DaybedFrame_LOD0Mesh
04:56:14 | INFO: Primitives created: 1
04:56:14 | INFO: Extracting primitive: HouseInterior_DaybedCushion_LOD0Mesh
04:56:14 | INFO: Primitives created: 1
04:56:14 | INFO: Extracting primitive: HouseInterior_DaybedBack_LOD0Mesh
04:56:14 | INFO: Primitives created: 1
04:56:14 | INFO: Extracting primitive: HouseInterior_StorageChestBody_LOD0Mesh
04:56:14 | INFO: Primitives created: 1
04:56:14 | INFO: Extracting primitive: Cube.070
04:56:14 | INFO: Primitives created: 1
04:56:14 | INFO: Extracting primitive: Cube.071
04:56:14 | INFO: Primitives created: 1
04:56:14 | INFO: Extracting primitive: Cube.072
04:56:14 | INFO: Primitives created: 1
04:56:14 | INFO: Extracting primitive: Cube.073
04:56:14 | INFO: Primitives created: 1
04:56:14 | INFO: Extracting primitive: Cone
04:56:14 | INFO: Primitives created: 1
04:56:14 | INFO: Extracting primitive: Cone.001
04:56:14 | INFO: Primitives created: 1
04:56:14 | INFO: Extracting primitive: Cone.002
04:56:14 | INFO: Primitives created: 1
04:56:14 | INFO: Extracting primitive: Cube.074
04:56:14 | INFO: Primitives created: 1
04:56:14 | INFO: Extracting primitive: Cube.075
04:56:14 | INFO: Primitives created: 1
04:56:14 | INFO: Extracting primitive: Cube.076
04:56:14 | INFO: Primitives created: 1
04:56:14 | INFO: Extracting primitive: Cube.077
04:56:14 | INFO: Primitives created: 1
04:56:14 | INFO: Extracting primitive: HouseInterior_HearthBody_LOD0Mesh
04:56:14 | INFO: Primitives created: 1
04:56:14 | INFO: Extracting primitive: Cube.078
04:56:14 | INFO: Primitives created: 1
04:56:14 | INFO: Extracting primitive: Cube.079
04:56:14 | INFO: Primitives created: 1
04:56:14 | INFO: Extracting primitive: Cube.080
04:56:14 | INFO: Primitives created: 1
04:56:14 | INFO: Extracting primitive: Cube.081
04:56:14 | INFO: Primitives created: 1
04:56:14 | INFO: Extracting primitive: Cube.082
04:56:14 | INFO: Primitives created: 1
04:56:14 | INFO: Extracting primitive: HouseInterior_LeftWallCupboardBody_LOD0Mesh
04:56:14 | INFO: Primitives created: 1
04:56:14 | INFO: Extracting primitive: Cube.083
04:56:14 | INFO: Primitives created: 1
04:56:14 | INFO: Extracting primitive: Cube.084
04:56:14 | INFO: Primitives created: 1
04:56:14 | INFO: Extracting primitive: Cube.085
04:56:14 | INFO: Primitives created: 1
04:56:14 | INFO: Extracting primitive: HouseInterior_TableKettle_LOD0Mesh
04:56:14 | INFO: Primitives created: 1
04:56:14 | INFO: Extracting primitive: HouseInterior_TableKettleLid_LOD0Mesh
04:56:14 | INFO: Primitives created: 1
04:56:14 | INFO: Extracting primitive: Cone.003
04:56:14 | INFO: Primitives created: 1
04:56:14 | INFO: Extracting primitive: Cone.004
04:56:14 | INFO: Primitives created: 1
04:56:14 | INFO: Extracting primitive: Cube.086
04:56:14 | INFO: Primitives created: 1
04:56:14 | INFO: Extracting primitive: Cube.087
04:56:14 | INFO: Primitives created: 1
04:56:14 | INFO: Extracting primitive: HouseInterior_OldPcBackboard_LOD0Mesh
04:56:14 | INFO: Primitives created: 1
04:56:14 | INFO: Extracting primitive: Cube.088
04:56:14 | INFO: Primitives created: 1
04:56:14 | INFO: Extracting primitive: Cube.089
04:56:14 | INFO: Primitives created: 1
04:56:14 | INFO: Extracting primitive: Cube.090
04:56:14 | INFO: Primitives created: 1
04:56:14 | INFO: Extracting primitive: Cube.091
04:56:14 | INFO: Primitives created: 1
04:56:14 | INFO: Extracting primitive: Cube.092
04:56:14 | INFO: Primitives created: 1
04:56:14 | INFO: Extracting primitive: Cube.093
04:56:14 | INFO: Primitives created: 1
04:56:14 | INFO: Extracting primitive: Cube.094
04:56:14 | INFO: Primitives created: 1
04:56:14 | INFO: Extracting primitive: Cube.095
04:56:14 | INFO: Primitives created: 1
04:56:14 | INFO: Extracting primitive: Cube.096
04:56:14 | INFO: Primitives created: 1
04:56:14 | INFO: Extracting primitive: Cube.097
04:56:14 | INFO: Primitives created: 1
04:56:14 | INFO: Extracting primitive: Cube.098
04:56:14 | INFO: Primitives created: 1
04:56:14 | INFO: Extracting primitive: Cube.099
04:56:14 | INFO: Primitives created: 1
04:56:14 | INFO: Extracting primitive: Cube.100
04:56:14 | INFO: Primitives created: 1
04:56:14 | INFO: Extracting primitive: Cube.101
04:56:14 | INFO: Primitives created: 1
04:56:14 | INFO: Extracting primitive: Cube.102
04:56:14 | INFO: Primitives created: 1
04:56:14 | INFO: Extracting primitive: Cylinder
04:56:14 | INFO: Primitives created: 1
04:56:14 | INFO: Extracting primitive: Cylinder.001
04:56:14 | INFO: Primitives created: 1
04:56:14 | INFO: Extracting primitive: Cube.103
04:56:14 | INFO: Primitives created: 1
04:56:14 | INFO: Extracting primitive: Cube.104
04:56:14 | INFO: Primitives created: 1
04:56:14 | INFO: Extracting primitive: Cube.105
04:56:14 | INFO: Primitives created: 1
04:56:14 | INFO: Extracting primitive: WellA_Roof_LOD0Mesh
04:56:14 | INFO: Primitives created: 1
04:56:14 | INFO: Extracting primitive: Cube.106
04:56:14 | INFO: Primitives created: 1
04:56:14 | INFO: Extracting primitive: Cylinder.002
04:56:14 | INFO: Primitives created: 1
04:56:14 | INFO: Extracting primitive: Cylinder.003
04:56:14 | INFO: Primitives created: 1
04:56:14 | INFO: Extracting primitive: Cylinder.004
04:56:14 | INFO: Primitives created: 1
04:56:14 | INFO: Extracting primitive: Cylinder.005
04:56:14 | INFO: Primitives created: 1
04:56:14 | INFO: Extracting primitive: Cube.107
04:56:14 | INFO: Primitives created: 1
04:56:14 | INFO: Extracting primitive: Cube.108
04:56:14 | INFO: Primitives created: 1
04:56:14 | INFO: Extracting primitive: Cube.109
04:56:14 | INFO: Primitives created: 1
04:56:14 | INFO: Extracting primitive: Cube.110
04:56:14 | INFO: Primitives created: 1
04:56:14 | INFO: Extracting primitive: Cube.111
04:56:14 | INFO: Primitives created: 1
04:56:14 | INFO: Extracting primitive: Cylinder.006
04:56:14 | INFO: Primitives created: 1
04:56:14 | INFO: Extracting primitive: Cone.005
04:56:14 | INFO: Primitives created: 1
04:56:14 | INFO: Extracting primitive: Cube.112
04:56:14 | INFO: Primitives created: 1
04:56:14 | INFO: Extracting primitive: Cube.113
04:56:14 | INFO: Primitives created: 1
04:56:14 | INFO: Extracting primitive: Cube.114
04:56:14 | INFO: Primitives created: 1
04:56:14 | INFO: Extracting primitive: Cube.115
04:56:14 | INFO: Primitives created: 1
04:56:14 | INFO: Extracting primitive: Cube.116
04:56:14 | INFO: Primitives created: 1
04:56:14 | INFO: Extracting primitive: Cube.117
04:56:14 | INFO: Primitives created: 1
04:56:14 | INFO: Extracting primitive: Cube.118
04:56:14 | INFO: Primitives created: 1
04:56:14 | INFO: Extracting primitive: OldPc_Keyboard_LOD0Mesh
04:56:14 | INFO: Primitives created: 1
04:56:14 | INFO: Extracting primitive: Cube.119
04:56:14 | INFO: Primitives created: 1
04:56:14 | INFO: Extracting primitive: Cube.120
04:56:14 | INFO: Primitives created: 1
04:56:14 | INFO: Extracting primitive: Cube.121
04:56:14 | INFO: Primitives created: 1
04:56:14 | INFO: Extracting primitive: Cube.122
04:56:14 | INFO: Primitives created: 1
04:56:14 | INFO: Extracting primitive: Cube.123
04:56:14 | INFO: Primitives created: 1
04:56:14 | INFO: Extracting primitive: Cube.124
04:56:14 | INFO: Primitives created: 1
04:56:14 | INFO: Extracting primitive: Cube.125
04:56:14 | INFO: Primitives created: 1
04:56:14 | INFO: Extracting primitive: HouseA_Roof_LOD0Mesh.001
04:56:14 | INFO: Primitives created: 1
04:56:14 | INFO: Extracting primitive: Cube.126
04:56:14 | INFO: Primitives created: 1
04:56:14 | INFO: Extracting primitive: Cube.127
04:56:14 | INFO: Primitives created: 1
04:56:14 | INFO: Extracting primitive: Cube.128
04:56:14 | INFO: Primitives created: 1
04:56:14 | INFO: Extracting primitive: Cube.129
04:56:14 | INFO: Primitives created: 1
04:56:14 | INFO: Extracting primitive: Cube.130
04:56:14 | INFO: Primitives created: 1
04:56:14 | INFO: Extracting primitive: Cube.131
04:56:14 | INFO: Primitives created: 1
04:56:14 | INFO: Extracting primitive: Cube.132
04:56:14 | INFO: Primitives created: 1
04:56:14 | INFO: Extracting primitive: Cube.133
04:56:14 | INFO: Primitives created: 1
04:56:14 | INFO: Extracting primitive: Cube.134
04:56:14 | INFO: Primitives created: 1
04:56:14 | INFO: Extracting primitive: Cube.135
04:56:14 | INFO: Primitives created: 1
04:56:14 | INFO: Extracting primitive: Cube.136
04:56:14 | INFO: Primitives created: 1
04:56:14 | INFO: Extracting primitive: Cube.137
04:56:14 | INFO: Primitives created: 1
04:56:14 | INFO: Extracting primitive: Cube.138
04:56:14 | INFO: Primitives created: 1
04:56:14 | INFO: Extracting primitive: Cube.139
04:56:14 | INFO: Primitives created: 1
04:56:14 | INFO: Extracting primitive: Cube.140
04:56:14 | INFO: Primitives created: 1
04:56:14 | INFO: Extracting primitive: Cube.141
04:56:14 | INFO: Primitives created: 1
04:56:14 | INFO: Extracting primitive: Cube.142
04:56:14 | INFO: Primitives created: 1
04:56:14 | INFO: Extracting primitive: Cube.143
04:56:14 | INFO: Primitives created: 1
04:56:14 | INFO: Extracting primitive: Cube.144
04:56:14 | INFO: Primitives created: 1
04:56:14 | INFO: Extracting primitive: Cube.145
04:56:14 | INFO: Primitives created: 1
04:56:14 | INFO: Extracting primitive: Cube.146
04:56:14 | INFO: Primitives created: 1
04:56:14 | INFO: Extracting primitive: Cube.147
04:56:14 | INFO: Primitives created: 1
04:56:14 | INFO: Extracting primitive: Cube.148
04:56:14 | INFO: Primitives created: 1
04:56:14 | INFO: Extracting primitive: Cube.149
04:56:14 | INFO: Primitives created: 1
04:56:14 | INFO: Extracting primitive: Cube.150
04:56:14 | INFO: Primitives created: 1
04:56:14 | INFO: Extracting primitive: Cube.151
04:56:14 | INFO: Primitives created: 1
04:56:14 | INFO: Extracting primitive: Cube.152
04:56:14 | INFO: Primitives created: 1
04:56:14 | INFO: Extracting primitive: Cube.153
04:56:14 | INFO: Primitives created: 1
04:56:14 | INFO: Extracting primitive: Cube.154
04:56:14 | INFO: Primitives created: 1
04:56:14 | INFO: Extracting primitive: Cube.155
04:56:14 | INFO: Primitives created: 1
04:56:14 | INFO: Extracting primitive: Cube.156
04:56:14 | INFO: Primitives created: 1
04:56:14 | INFO: Extracting primitive: Cube.157
04:56:14 | INFO: Primitives created: 1
04:56:14 | INFO: Extracting primitive: Cube.158
04:56:14 | INFO: Primitives created: 1
04:56:14 | INFO: Extracting primitive: HouseInterior_EntryDoor_LOD0Mesh.001
04:56:14 | INFO: Primitives created: 1
04:56:14 | INFO: Extracting primitive: Cube.159
04:56:14 | INFO: Primitives created: 1
04:56:14 | INFO: Extracting primitive: Cube.160
04:56:14 | INFO: Primitives created: 1
04:56:14 | INFO: Extracting primitive: Cube.161
04:56:14 | INFO: Primitives created: 1
04:56:14 | INFO: Extracting primitive: Cube.162
04:56:14 | INFO: Primitives created: 1
04:56:14 | INFO: Extracting primitive: Cube.163
04:56:14 | INFO: Primitives created: 1
04:56:14 | INFO: Extracting primitive: Cube.164
04:56:14 | INFO: Primitives created: 1
04:56:14 | INFO: Extracting primitive: Cube.165
04:56:14 | INFO: Primitives created: 1
04:56:14 | INFO: Extracting primitive: Cube.166
04:56:14 | INFO: Primitives created: 1
04:56:14 | INFO: Extracting primitive: Cube.167
04:56:14 | INFO: Primitives created: 1
04:56:14 | INFO: Extracting primitive: Cube.168
04:56:14 | INFO: Primitives created: 1
04:56:14 | INFO: Extracting primitive: Cube.169
04:56:14 | INFO: Primitives created: 1
04:56:14 | INFO: Extracting primitive: Cube.170
04:56:14 | INFO: Primitives created: 1
04:56:14 | INFO: Extracting primitive: Cube.171
04:56:14 | INFO: Primitives created: 1
04:56:14 | INFO: Extracting primitive: Cube.172
04:56:14 | INFO: Primitives created: 1
04:56:14 | INFO: Extracting primitive: Cube.173
04:56:14 | INFO: Primitives created: 1
04:56:14 | INFO: Extracting primitive: Cube.174
04:56:14 | INFO: Primitives created: 1
04:56:14 | INFO: Extracting primitive: Cube.175
04:56:14 | INFO: Primitives created: 1
04:56:14 | INFO: Extracting primitive: Cube.176
04:56:14 | INFO: Primitives created: 1
04:56:14 | INFO: Extracting primitive: Cube.177
04:56:14 | INFO: Primitives created: 1
04:56:14 | INFO: Extracting primitive: Cube.178
04:56:14 | INFO: Primitives created: 1
04:56:14 | INFO: Extracting primitive: Cube.179
04:56:14 | INFO: Primitives created: 1
04:56:14 | INFO: Extracting primitive: Cube.180
04:56:14 | INFO: Primitives created: 1
04:56:14 | INFO: Extracting primitive: Cube.181
04:56:14 | INFO: Primitives created: 1
04:56:14 | INFO: Extracting primitive: Cube.182
04:56:14 | INFO: Primitives created: 1
04:56:14 | INFO: Extracting primitive: Cube.183
04:56:14 | INFO: Primitives created: 1
04:56:14 | INFO: Extracting primitive: Cube.184
04:56:14 | INFO: Primitives created: 1
04:56:14 | INFO: Extracting primitive: Cube.185
04:56:14 | INFO: Primitives created: 1
04:56:14 | INFO: Extracting primitive: HouseInterior_ChairBack_LOD0Mesh.001
04:56:14 | INFO: Primitives created: 1
04:56:14 | INFO: Extracting primitive: Cube.186
04:56:14 | INFO: Primitives created: 1
04:56:14 | INFO: Extracting primitive: Cube.187
04:56:14 | INFO: Primitives created: 1
04:56:14 | INFO: Extracting primitive: Cube.188
04:56:14 | INFO: Primitives created: 1
04:56:14 | INFO: Extracting primitive: Cube.189
04:56:14 | INFO: Primitives created: 1
04:56:14 | INFO: Extracting primitive: HouseInterior_CupboardBody_LOD0Mesh.001
04:56:14 | INFO: Primitives created: 1
04:56:14 | INFO: Extracting primitive: Cube.190
04:56:14 | INFO: Primitives created: 1
04:56:14 | INFO: Extracting primitive: Cube.191
04:56:14 | INFO: Primitives created: 1
04:56:14 | INFO: Extracting primitive: Cube.192
04:56:14 | INFO: Primitives created: 1
04:56:14 | INFO: Extracting primitive: Cube.193
04:56:14 | INFO: Primitives created: 1
04:56:14 | INFO: Extracting primitive: HouseInterior_DaybedFrame_LOD0Mesh.001
04:56:14 | INFO: Primitives created: 1
04:56:14 | INFO: Extracting primitive: HouseInterior_DaybedCushion_LOD0Mesh.001
04:56:14 | INFO: Primitives created: 1
04:56:14 | INFO: Extracting primitive: HouseInterior_DaybedBack_LOD0Mesh.001
04:56:14 | INFO: Primitives created: 1
04:56:14 | INFO: Extracting primitive: HouseInterior_StorageChestBody_LOD0Mesh.001
04:56:14 | INFO: Primitives created: 1
04:56:14 | INFO: Extracting primitive: Cube.194
04:56:14 | INFO: Primitives created: 1
04:56:14 | INFO: Extracting primitive: Cube.195
04:56:14 | INFO: Primitives created: 1
04:56:14 | INFO: Extracting primitive: Cube.196
04:56:14 | INFO: Primitives created: 1
04:56:14 | INFO: Extracting primitive: Cube.197
04:56:14 | INFO: Primitives created: 1
04:56:14 | INFO: Extracting primitive: Cone.009
04:56:14 | INFO: Primitives created: 1
04:56:14 | INFO: Extracting primitive: Cone.010
04:56:14 | INFO: Primitives created: 1
04:56:14 | INFO: Extracting primitive: Cone.011
04:56:14 | INFO: Primitives created: 1
04:56:14 | INFO: Extracting primitive: Cube.198
04:56:14 | INFO: Primitives created: 1
04:56:14 | INFO: Extracting primitive: Cube.199
04:56:14 | INFO: Primitives created: 1
04:56:14 | INFO: Extracting primitive: Cube.200
04:56:14 | INFO: Primitives created: 1
04:56:14 | INFO: Extracting primitive: Cube.201
04:56:14 | INFO: Primitives created: 1
04:56:14 | INFO: Extracting primitive: HouseInterior_HearthBody_LOD0Mesh.001
04:56:14 | INFO: Primitives created: 1
04:56:14 | INFO: Extracting primitive: Cube.202
04:56:14 | INFO: Primitives created: 1
04:56:14 | INFO: Extracting primitive: Cube.203
04:56:14 | INFO: Primitives created: 1
04:56:14 | INFO: Extracting primitive: Cube.204
04:56:14 | INFO: Primitives created: 1
04:56:14 | INFO: Extracting primitive: Cube.205
04:56:14 | INFO: Primitives created: 1
04:56:14 | INFO: Extracting primitive: Cube.206
04:56:14 | INFO: Primitives created: 1
04:56:14 | INFO: Extracting primitive: HouseInterior_LeftWallCupboardBody_LOD0Mesh.001
04:56:14 | INFO: Primitives created: 1
04:56:14 | INFO: Extracting primitive: Cube.207
04:56:14 | INFO: Primitives created: 1
04:56:14 | INFO: Extracting primitive: Cube.208
04:56:14 | INFO: Primitives created: 1
04:56:14 | INFO: Extracting primitive: Cube.209
04:56:14 | INFO: Primitives created: 1
04:56:14 | INFO: Extracting primitive: HouseInterior_TableKettle_LOD0Mesh.001
04:56:14 | INFO: Primitives created: 1
04:56:14 | INFO: Extracting primitive: HouseInterior_TableKettleLid_LOD0Mesh.001
04:56:14 | INFO: Primitives created: 1
04:56:14 | INFO: Extracting primitive: Cone.012
04:56:14 | INFO: Primitives created: 1
04:56:14 | INFO: Extracting primitive: Cone.013
04:56:14 | INFO: Primitives created: 1
04:56:14 | INFO: Extracting primitive: Cube.210
04:56:14 | INFO: Primitives created: 1
04:56:14 | INFO: Extracting primitive: Cube.211
04:56:14 | INFO: Primitives created: 1
04:56:14 | INFO: Extracting primitive: HouseInterior_OldPcBackboard_LOD0Mesh.001
04:56:14 | INFO: Primitives created: 1
04:56:14 | INFO: Extracting primitive: Cube.212
04:56:14 | INFO: Primitives created: 1
04:56:14 | INFO: Extracting primitive: Cube.213
04:56:14 | INFO: Primitives created: 1
04:56:14 | INFO: Extracting primitive: Cube.214
04:56:14 | INFO: Primitives created: 1
04:56:14 | INFO: Extracting primitive: Cube.215
04:56:14 | INFO: Primitives created: 1
04:56:14 | INFO: Extracting primitive: Cube.216
04:56:14 | INFO: Primitives created: 1
04:56:14 | INFO: Extracting primitive: Cube.217
04:56:14 | INFO: Primitives created: 1
04:56:14 | INFO: Extracting primitive: Cube.218
04:56:14 | INFO: Primitives created: 1
04:56:14 | INFO: Extracting primitive: Cube.219
04:56:14 | INFO: Primitives created: 1
04:56:14 | INFO: Extracting primitive: Cube.220
04:56:14 | INFO: Primitives created: 1
04:56:14 | INFO: Extracting primitive: Cube.221
04:56:14 | INFO: Primitives created: 1
04:56:14 | INFO: Extracting primitive: Cube.222
04:56:14 | INFO: Primitives created: 1
04:56:14 | INFO: Extracting primitive: Cube.223
04:56:14 | INFO: Primitives created: 1
04:56:14 | INFO: Extracting primitive: Cube.224
04:56:14 | INFO: Primitives created: 1
04:56:14 | INFO: Extracting primitive: Cube.225
04:56:14 | INFO: Primitives created: 1
04:56:14 | INFO: Extracting primitive: Cube.226
04:56:14 | INFO: Primitives created: 1
04:56:14 | INFO: Extracting primitive: Cylinder.007
04:56:14 | INFO: Primitives created: 1
04:56:14 | INFO: Extracting primitive: Cylinder.008
04:56:14 | INFO: Primitives created: 1
04:56:14 | INFO: Extracting primitive: Cube.227
04:56:14 | INFO: Primitives created: 1
04:56:14 | INFO: Extracting primitive: Cube.228
04:56:14 | INFO: Primitives created: 1
04:56:14 | INFO: Extracting primitive: Cube.229
04:56:14 | INFO: Primitives created: 1
04:56:14 | INFO: Extracting primitive: WellA_Roof_LOD0Mesh.001
04:56:14 | INFO: Primitives created: 1
04:56:14 | INFO: Extracting primitive: Cube.230
04:56:14 | INFO: Primitives created: 1
04:56:14 | INFO: Extracting primitive: Cylinder.009
04:56:14 | INFO: Primitives created: 1
04:56:14 | INFO: Extracting primitive: Cylinder.010
04:56:14 | INFO: Primitives created: 1
04:56:14 | INFO: Extracting primitive: Cylinder.011
04:56:14 | INFO: Primitives created: 1
04:56:14 | INFO: Extracting primitive: Cylinder.012
04:56:14 | INFO: Primitives created: 1
04:56:14 | INFO: Extracting primitive: Cube.231
04:56:14 | INFO: Primitives created: 1
04:56:14 | INFO: Extracting primitive: Cube.232
04:56:14 | INFO: Primitives created: 1
04:56:14 | INFO: Extracting primitive: Cube.233
04:56:14 | INFO: Primitives created: 1
04:56:14 | INFO: Extracting primitive: Cube.234
04:56:14 | INFO: Primitives created: 1
04:56:14 | INFO: Extracting primitive: Cube.235
04:56:14 | INFO: Primitives created: 1
04:56:14 | INFO: Extracting primitive: Cylinder.013
04:56:14 | INFO: Primitives created: 1
04:56:14 | INFO: Extracting primitive: Cone.014
04:56:14 | INFO: Primitives created: 1
04:56:14 | INFO: Extracting primitive: Cube.236
04:56:14 | INFO: Primitives created: 1
04:56:14 | INFO: Extracting primitive: Cube.237
04:56:14 | INFO: Primitives created: 1
04:56:14 | INFO: Extracting primitive: Cube.238
04:56:14 | INFO: Primitives created: 1
04:56:14 | INFO: Extracting primitive: Cube.239
04:56:14 | INFO: Primitives created: 1
04:56:14 | INFO: Extracting primitive: Cube.240
04:56:14 | INFO: Primitives created: 1
04:56:14 | INFO: Extracting primitive: Cube.241
04:56:14 | INFO: Primitives created: 1
04:56:14 | INFO: Extracting primitive: Cube.242
04:56:14 | INFO: Primitives created: 1
04:56:14 | INFO: Extracting primitive: OldPc_Keyboard_LOD0Mesh.001
04:56:14 | INFO: Primitives created: 1
04:56:14 | INFO: Extracting primitive: Cube.243
04:56:14 | INFO: Primitives created: 1
04:56:14 | INFO: Extracting primitive: Cube.244
04:56:14 | INFO: Primitives created: 1
04:56:14 | INFO: Extracting primitive: Cube.245
04:56:14 | INFO: Primitives created: 1
04:56:14 | INFO: Extracting primitive: Cube.246
04:56:14 | INFO: Primitives created: 1
04:56:14 | INFO: Extracting primitive: Cube.247
04:56:14 | INFO: Primitives created: 1
04:56:14 | INFO: Finished glTF 2.0 export in 0.15532326698303223 s

URMAN modular kit: /Users/unterlantas/Documents/GitHub/URMAN/assets/source/blender/urman_modular_kit.blend
URMAN modular kit: /Users/unterlantas/Documents/GitHub/URMAN/game/assets/generated/urman_modular_kit.glb
URMAN LOD1 variants: 151
asset-household-smoke: LOD0; open kettle handle/spout, seated base, raised grip; 104 separate keycaps
asset-household-smoke: LOD1; open kettle handle/spout, seated base, raised grip; 104 separate keycaps
asset-lod-smoke: 151 LOD1 meshes; policy=LOD1 generated with deterministic Decimate ratios; Godot visibility ranges remain scene-specific; detail=authored edge breaks on hard-surface kit; bounded HouseA facade pass; HouseInterior authored 12x10m shell, threshold/window framing, tapered furniture silhouettes, rug, reverse/right lived-in edge cluster, restrained hearth/cupboard/table/storage cluster, PC hutch/document folio and left wainscot joinery; WellA/WoodpileA/GateA village anchors; four-tier faceted PineA crown joined into one mesh; OldPc tower/panel/button/drive-slot/label-plate hero details
Blender 4.5.12 LTS (hash 84afd5f785f7 built 2026-07-21 01:41:35)

Blender quit
userdata guard: original files and permissions restored and verified
