Info: Saved as "urman_modular_kit.blend"
INFO Draco mesh compression is available, use library at /Users/unterlantas/Documents/GitHub/URMAN/.tools/blender/Blender.app/Contents/Resources/4.5/scripts/addons_core/io_scene_gltf2/libextern_draco.dylib
04:49:32 | INFO: Starting glTF 2.0 export
04:49:32 | INFO: Extracting primitive: Cube
04:49:32 | INFO: Primitives created: 1
04:49:32 | INFO: Extracting primitive: HouseA_Roof_LOD0Mesh
04:49:32 | INFO: Primitives created: 1
04:49:32 | INFO: Extracting primitive: Cube.001
04:49:32 | INFO: Primitives created: 1
04:49:32 | INFO: Extracting primitive: Cube.002
04:49:32 | INFO: Primitives created: 1
04:49:32 | INFO: Extracting primitive: Cube.003
04:49:32 | INFO: Primitives created: 1
04:49:32 | INFO: Extracting primitive: Cube.004
04:49:32 | INFO: Primitives created: 1
04:49:32 | INFO: Extracting primitive: Cube.005
04:49:32 | INFO: Primitives created: 1
04:49:32 | INFO: Extracting primitive: Cube.006
04:49:32 | INFO: Primitives created: 1
04:49:32 | INFO: Extracting primitive: Cube.007
04:49:32 | INFO: Primitives created: 1
04:49:32 | INFO: Extracting primitive: Cube.008
04:49:32 | INFO: Primitives created: 1
04:49:32 | INFO: Extracting primitive: Cube.009
04:49:32 | INFO: Primitives created: 1
04:49:32 | INFO: Extracting primitive: Cube.010
04:49:32 | INFO: Primitives created: 1
04:49:32 | INFO: Extracting primitive: Cube.011
04:49:32 | INFO: Primitives created: 1
04:49:32 | INFO: Extracting primitive: Cube.012
04:49:32 | INFO: Primitives created: 1
04:49:32 | INFO: Extracting primitive: Cube.013
04:49:32 | INFO: Primitives created: 1
04:49:32 | INFO: Extracting primitive: Cube.014
04:49:32 | INFO: Primitives created: 1
04:49:32 | INFO: Extracting primitive: Cube.015
04:49:32 | INFO: Primitives created: 1
04:49:32 | INFO: Extracting primitive: Cube.016
04:49:32 | INFO: Primitives created: 1
04:49:32 | INFO: Extracting primitive: Cube.017
04:49:32 | INFO: Primitives created: 1
04:49:32 | INFO: Extracting primitive: Cube.018
04:49:32 | INFO: Primitives created: 1
04:49:32 | INFO: Extracting primitive: Cube.019
04:49:32 | INFO: Primitives created: 1
04:49:32 | INFO: Extracting primitive: Cube.020
04:49:32 | INFO: Primitives created: 1
04:49:32 | INFO: Extracting primitive: Cube.021
04:49:32 | INFO: Primitives created: 1
04:49:32 | INFO: Extracting primitive: Cube.022
04:49:32 | INFO: Primitives created: 1
04:49:32 | INFO: Extracting primitive: Cube.023
04:49:32 | INFO: Primitives created: 1
04:49:32 | INFO: Extracting primitive: Cube.024
04:49:32 | INFO: Primitives created: 1
04:49:32 | INFO: Extracting primitive: Cube.025
04:49:32 | INFO: Primitives created: 1
04:49:32 | INFO: Extracting primitive: Cube.026
04:49:32 | INFO: Primitives created: 1
04:49:32 | INFO: Extracting primitive: Cube.027
04:49:32 | INFO: Primitives created: 1
04:49:32 | INFO: Extracting primitive: Cube.028
04:49:32 | INFO: Primitives created: 1
04:49:32 | INFO: Extracting primitive: Cube.029
04:49:32 | INFO: Primitives created: 1
04:49:32 | INFO: Extracting primitive: Cube.030
04:49:32 | INFO: Primitives created: 1
04:49:32 | INFO: Extracting primitive: Cube.031
04:49:32 | INFO: Primitives created: 1
04:49:32 | INFO: Extracting primitive: Cube.032
04:49:32 | INFO: Primitives created: 1
04:49:32 | INFO: Extracting primitive: Cube.033
04:49:32 | INFO: Primitives created: 1
04:49:32 | INFO: Extracting primitive: Cube.034
04:49:32 | INFO: Primitives created: 1
04:49:32 | INFO: Extracting primitive: HouseInterior_EntryDoor_LOD0Mesh
04:49:32 | INFO: Primitives created: 1
04:49:32 | INFO: Extracting primitive: Cube.035
04:49:32 | INFO: Primitives created: 1
04:49:32 | INFO: Extracting primitive: Cube.036
04:49:32 | INFO: Primitives created: 1
04:49:32 | INFO: Extracting primitive: Cube.037
04:49:32 | INFO: Primitives created: 1
04:49:32 | INFO: Extracting primitive: Cube.038
04:49:32 | INFO: Primitives created: 1
04:49:32 | INFO: Extracting primitive: Cube.039
04:49:32 | INFO: Primitives created: 1
04:49:32 | INFO: Extracting primitive: Cube.040
04:49:32 | INFO: Primitives created: 1
04:49:32 | INFO: Extracting primitive: Cube.041
04:49:32 | INFO: Primitives created: 1
04:49:32 | INFO: Extracting primitive: Cube.042
04:49:32 | INFO: Primitives created: 1
04:49:32 | INFO: Extracting primitive: Cube.043
04:49:32 | INFO: Primitives created: 1
04:49:32 | INFO: Extracting primitive: Cube.044
04:49:32 | INFO: Primitives created: 1
04:49:32 | INFO: Extracting primitive: Cube.045
04:49:32 | INFO: Primitives created: 1
04:49:32 | INFO: Extracting primitive: Cube.046
04:49:32 | INFO: Primitives created: 1
04:49:32 | INFO: Extracting primitive: Cube.047
04:49:32 | INFO: Primitives created: 1
04:49:32 | INFO: Extracting primitive: Cube.048
04:49:32 | INFO: Primitives created: 1
04:49:32 | INFO: Extracting primitive: Cube.049
04:49:32 | INFO: Primitives created: 1
04:49:32 | INFO: Extracting primitive: Cube.050
04:49:32 | INFO: Primitives created: 1
04:49:32 | INFO: Extracting primitive: Cube.051
04:49:32 | INFO: Primitives created: 1
04:49:32 | INFO: Extracting primitive: Cube.052
04:49:32 | INFO: Primitives created: 1
04:49:32 | INFO: Extracting primitive: Cube.053
04:49:32 | INFO: Primitives created: 1
04:49:32 | INFO: Extracting primitive: Cube.054
04:49:32 | INFO: Primitives created: 1
04:49:32 | INFO: Extracting primitive: Cube.055
04:49:32 | INFO: Primitives created: 1
04:49:32 | INFO: Extracting primitive: Cube.056
04:49:32 | INFO: Primitives created: 1
04:49:32 | INFO: Extracting primitive: Cube.057
04:49:32 | INFO: Primitives created: 1
04:49:32 | INFO: Extracting primitive: Cube.058
04:49:32 | INFO: Primitives created: 1
04:49:32 | INFO: Extracting primitive: Cube.059
04:49:32 | INFO: Primitives created: 1
04:49:32 | INFO: Extracting primitive: Cube.060
04:49:32 | INFO: Primitives created: 1
04:49:32 | INFO: Extracting primitive: Cube.061
04:49:32 | INFO: Primitives created: 1
04:49:32 | INFO: Extracting primitive: HouseInterior_ChairBack_LOD0Mesh
04:49:32 | INFO: Primitives created: 1
04:49:32 | INFO: Extracting primitive: Cube.062
04:49:32 | INFO: Primitives created: 1
04:49:32 | INFO: Extracting primitive: Cube.063
04:49:32 | INFO: Primitives created: 1
04:49:32 | INFO: Extracting primitive: Cube.064
04:49:32 | INFO: Primitives created: 1
04:49:32 | INFO: Extracting primitive: Cube.065
04:49:32 | INFO: Primitives created: 1
04:49:32 | INFO: Extracting primitive: HouseInterior_CupboardBody_LOD0Mesh
04:49:32 | INFO: Primitives created: 1
04:49:32 | INFO: Extracting primitive: Cube.066
04:49:32 | INFO: Primitives created: 1
04:49:32 | INFO: Extracting primitive: Cube.067
04:49:32 | INFO: Primitives created: 1
04:49:32 | INFO: Extracting primitive: Cube.068
04:49:32 | INFO: Primitives created: 1
04:49:32 | INFO: Extracting primitive: Cube.069
04:49:32 | INFO: Primitives created: 1
04:49:32 | INFO: Extracting primitive: HouseInterior_DaybedFrame_LOD0Mesh
04:49:32 | INFO: Primitives created: 1
04:49:32 | INFO: Extracting primitive: HouseInterior_DaybedCushion_LOD0Mesh
04:49:32 | INFO: Primitives created: 1
04:49:32 | INFO: Extracting primitive: HouseInterior_DaybedBack_LOD0Mesh
04:49:32 | INFO: Primitives created: 1
04:49:32 | INFO: Extracting primitive: HouseInterior_StorageChestBody_LOD0Mesh
04:49:32 | INFO: Primitives created: 1
04:49:32 | INFO: Extracting primitive: Cube.070
04:49:32 | INFO: Primitives created: 1
04:49:32 | INFO: Extracting primitive: Cube.071
04:49:32 | INFO: Primitives created: 1
04:49:32 | INFO: Extracting primitive: Cube.072
04:49:32 | INFO: Primitives created: 1
04:49:32 | INFO: Extracting primitive: Cube.073
04:49:32 | INFO: Primitives created: 1
04:49:32 | INFO: Extracting primitive: Cone
04:49:32 | INFO: Primitives created: 1
04:49:32 | INFO: Extracting primitive: Cone.001
04:49:32 | INFO: Primitives created: 1
04:49:32 | INFO: Extracting primitive: Cone.002
04:49:32 | INFO: Primitives created: 1
04:49:32 | INFO: Extracting primitive: Cube.074
04:49:32 | INFO: Primitives created: 1
04:49:32 | INFO: Extracting primitive: Cube.075
04:49:32 | INFO: Primitives created: 1
04:49:32 | INFO: Extracting primitive: Cube.076
04:49:32 | INFO: Primitives created: 1
04:49:32 | INFO: Extracting primitive: Cube.077
04:49:32 | INFO: Primitives created: 1
04:49:32 | INFO: Extracting primitive: HouseInterior_HearthBody_LOD0Mesh
04:49:32 | INFO: Primitives created: 1
04:49:32 | INFO: Extracting primitive: Cube.078
04:49:32 | INFO: Primitives created: 1
04:49:32 | INFO: Extracting primitive: Cube.079
04:49:32 | INFO: Primitives created: 1
04:49:32 | INFO: Extracting primitive: Cube.080
04:49:32 | INFO: Primitives created: 1
04:49:32 | INFO: Extracting primitive: Cube.081
04:49:32 | INFO: Primitives created: 1
04:49:32 | INFO: Extracting primitive: Cube.082
04:49:32 | INFO: Primitives created: 1
04:49:32 | INFO: Extracting primitive: HouseInterior_LeftWallCupboardBody_LOD0Mesh
04:49:32 | INFO: Primitives created: 1
04:49:32 | INFO: Extracting primitive: Cube.083
04:49:32 | INFO: Primitives created: 1
04:49:32 | INFO: Extracting primitive: Cube.084
04:49:32 | INFO: Primitives created: 1
04:49:32 | INFO: Extracting primitive: Cube.085
04:49:32 | INFO: Primitives created: 1
04:49:32 | INFO: Extracting primitive: HouseInterior_TableKettle_LOD0Mesh
04:49:32 | INFO: Primitives created: 1
04:49:32 | INFO: Extracting primitive: HouseInterior_TableKettleLid_LOD0Mesh
04:49:32 | INFO: Primitives created: 1
04:49:32 | INFO: Extracting primitive: Cone.003
04:49:32 | INFO: Primitives created: 1
04:49:32 | INFO: Extracting primitive: Cone.004
04:49:32 | INFO: Primitives created: 1
04:49:32 | INFO: Extracting primitive: Cube.086
04:49:32 | INFO: Primitives created: 1
04:49:32 | INFO: Extracting primitive: Cube.087
04:49:32 | INFO: Primitives created: 1
04:49:32 | INFO: Extracting primitive: HouseInterior_OldPcBackboard_LOD0Mesh
04:49:32 | INFO: Primitives created: 1
04:49:32 | INFO: Extracting primitive: Cube.088
04:49:32 | INFO: Primitives created: 1
04:49:32 | INFO: Extracting primitive: Cube.089
04:49:32 | INFO: Primitives created: 1
04:49:32 | INFO: Extracting primitive: Cube.090
04:49:32 | INFO: Primitives created: 1
04:49:32 | INFO: Extracting primitive: Cube.091
04:49:32 | INFO: Primitives created: 1
04:49:32 | INFO: Extracting primitive: Cube.092
04:49:32 | INFO: Primitives created: 1
04:49:32 | INFO: Extracting primitive: Cube.093
04:49:32 | INFO: Primitives created: 1
04:49:32 | INFO: Extracting primitive: Cube.094
04:49:32 | INFO: Primitives created: 1
04:49:32 | INFO: Extracting primitive: Cube.095
04:49:32 | INFO: Primitives created: 1
04:49:32 | INFO: Extracting primitive: Cube.096
04:49:32 | INFO: Primitives created: 1
04:49:32 | INFO: Extracting primitive: Cube.097
04:49:32 | INFO: Primitives created: 1
04:49:32 | INFO: Extracting primitive: Cube.098
04:49:32 | INFO: Primitives created: 1
04:49:32 | INFO: Extracting primitive: Cube.099
04:49:32 | INFO: Primitives created: 1
04:49:32 | INFO: Extracting primitive: Cube.100
04:49:32 | INFO: Primitives created: 1
04:49:32 | INFO: Extracting primitive: Cube.101
04:49:32 | INFO: Primitives created: 1
04:49:32 | INFO: Extracting primitive: Cube.102
04:49:32 | INFO: Primitives created: 1
04:49:32 | INFO: Extracting primitive: Cylinder
04:49:32 | INFO: Primitives created: 1
04:49:32 | INFO: Extracting primitive: Cylinder.001
04:49:32 | INFO: Primitives created: 1
04:49:32 | INFO: Extracting primitive: Cube.103
04:49:32 | INFO: Primitives created: 1
04:49:32 | INFO: Extracting primitive: Cube.104
04:49:32 | INFO: Primitives created: 1
04:49:32 | INFO: Extracting primitive: Cube.105
04:49:32 | INFO: Primitives created: 1
04:49:32 | INFO: Extracting primitive: WellA_Roof_LOD0Mesh
04:49:32 | INFO: Primitives created: 1
04:49:32 | INFO: Extracting primitive: Cube.106
04:49:32 | INFO: Primitives created: 1
04:49:32 | INFO: Extracting primitive: Cylinder.002
04:49:32 | INFO: Primitives created: 1
04:49:32 | INFO: Extracting primitive: Cylinder.003
04:49:32 | INFO: Primitives created: 1
04:49:32 | INFO: Extracting primitive: Cylinder.004
04:49:32 | INFO: Primitives created: 1
04:49:32 | INFO: Extracting primitive: Cylinder.005
04:49:32 | INFO: Primitives created: 1
04:49:32 | INFO: Extracting primitive: Cube.107
04:49:32 | INFO: Primitives created: 1
04:49:32 | INFO: Extracting primitive: Cube.108
04:49:32 | INFO: Primitives created: 1
04:49:32 | INFO: Extracting primitive: Cube.109
04:49:32 | INFO: Primitives created: 1
04:49:32 | INFO: Extracting primitive: Cube.110
04:49:32 | INFO: Primitives created: 1
04:49:32 | INFO: Extracting primitive: Cube.111
04:49:32 | INFO: Primitives created: 1
04:49:32 | INFO: Extracting primitive: Cylinder.006
04:49:32 | INFO: Primitives created: 1
04:49:32 | INFO: Extracting primitive: Cone.005
04:49:32 | INFO: Primitives created: 1
04:49:32 | INFO: Extracting primitive: Cube.112
04:49:32 | INFO: Primitives created: 1
04:49:32 | INFO: Extracting primitive: Cube.113
04:49:32 | INFO: Primitives created: 1
04:49:32 | INFO: Extracting primitive: Cube.114
04:49:32 | INFO: Primitives created: 1
04:49:32 | INFO: Extracting primitive: Cube.115
04:49:32 | INFO: Primitives created: 1
04:49:32 | INFO: Extracting primitive: Cube.116
04:49:32 | INFO: Primitives created: 1
04:49:32 | INFO: Extracting primitive: Cube.117
04:49:32 | INFO: Primitives created: 1
04:49:32 | INFO: Extracting primitive: Cube.118
04:49:32 | INFO: Primitives created: 1
04:49:32 | INFO: Extracting primitive: OldPc_Keyboard_LOD0Mesh
04:49:32 | INFO: Primitives created: 1
04:49:32 | INFO: Extracting primitive: Cube.119
04:49:32 | INFO: Primitives created: 1
04:49:32 | INFO: Extracting primitive: Cube.120
04:49:32 | INFO: Primitives created: 1
04:49:32 | INFO: Extracting primitive: Cube.121
04:49:32 | INFO: Primitives created: 1
04:49:32 | INFO: Extracting primitive: Cube.122
04:49:32 | INFO: Primitives created: 1
04:49:32 | INFO: Extracting primitive: Cube.123
04:49:32 | INFO: Primitives created: 1
04:49:32 | INFO: Extracting primitive: Cube.124
04:49:32 | INFO: Primitives created: 1
04:49:32 | INFO: Extracting primitive: Cube.125
04:49:32 | INFO: Primitives created: 1
04:49:32 | INFO: Extracting primitive: HouseA_Roof_LOD0Mesh.001
04:49:32 | INFO: Primitives created: 1
04:49:32 | INFO: Extracting primitive: Cube.126
04:49:32 | INFO: Primitives created: 1
04:49:32 | INFO: Extracting primitive: Cube.127
04:49:32 | INFO: Primitives created: 1
04:49:32 | INFO: Extracting primitive: Cube.128
04:49:32 | INFO: Primitives created: 1
04:49:32 | INFO: Extracting primitive: Cube.129
04:49:32 | INFO: Primitives created: 1
04:49:32 | INFO: Extracting primitive: Cube.130
04:49:32 | INFO: Primitives created: 1
04:49:32 | INFO: Extracting primitive: Cube.131
04:49:32 | INFO: Primitives created: 1
04:49:32 | INFO: Extracting primitive: Cube.132
04:49:32 | INFO: Primitives created: 1
04:49:32 | INFO: Extracting primitive: Cube.133
04:49:32 | INFO: Primitives created: 1
04:49:32 | INFO: Extracting primitive: Cube.134
04:49:32 | INFO: Primitives created: 1
04:49:32 | INFO: Extracting primitive: Cube.135
04:49:32 | INFO: Primitives created: 1
04:49:32 | INFO: Extracting primitive: Cube.136
04:49:32 | INFO: Primitives created: 1
04:49:32 | INFO: Extracting primitive: Cube.137
04:49:32 | INFO: Primitives created: 1
04:49:32 | INFO: Extracting primitive: Cube.138
04:49:32 | INFO: Primitives created: 1
04:49:32 | INFO: Extracting primitive: Cube.139
04:49:32 | INFO: Primitives created: 1
04:49:32 | INFO: Extracting primitive: Cube.140
04:49:32 | INFO: Primitives created: 1
04:49:32 | INFO: Extracting primitive: Cube.141
04:49:32 | INFO: Primitives created: 1
04:49:32 | INFO: Extracting primitive: Cube.142
04:49:32 | INFO: Primitives created: 1
04:49:32 | INFO: Extracting primitive: Cube.143
04:49:32 | INFO: Primitives created: 1
04:49:32 | INFO: Extracting primitive: Cube.144
04:49:32 | INFO: Primitives created: 1
04:49:32 | INFO: Extracting primitive: Cube.145
04:49:32 | INFO: Primitives created: 1
04:49:32 | INFO: Extracting primitive: Cube.146
04:49:32 | INFO: Primitives created: 1
04:49:32 | INFO: Extracting primitive: Cube.147
04:49:32 | INFO: Primitives created: 1
04:49:32 | INFO: Extracting primitive: Cube.148
04:49:32 | INFO: Primitives created: 1
04:49:32 | INFO: Extracting primitive: Cube.149
04:49:32 | INFO: Primitives created: 1
04:49:32 | INFO: Extracting primitive: Cube.150
04:49:32 | INFO: Primitives created: 1
04:49:32 | INFO: Extracting primitive: Cube.151
04:49:32 | INFO: Primitives created: 1
04:49:32 | INFO: Extracting primitive: Cube.152
04:49:32 | INFO: Primitives created: 1
04:49:32 | INFO: Extracting primitive: Cube.153
04:49:32 | INFO: Primitives created: 1
04:49:32 | INFO: Extracting primitive: Cube.154
04:49:32 | INFO: Primitives created: 1
04:49:32 | INFO: Extracting primitive: Cube.155
04:49:32 | INFO: Primitives created: 1
04:49:32 | INFO: Extracting primitive: Cube.156
04:49:32 | INFO: Primitives created: 1
04:49:32 | INFO: Extracting primitive: Cube.157
04:49:32 | INFO: Primitives created: 1
04:49:32 | INFO: Extracting primitive: Cube.158
04:49:32 | INFO: Primitives created: 1
04:49:32 | INFO: Extracting primitive: HouseInterior_EntryDoor_LOD0Mesh.001
04:49:32 | INFO: Primitives created: 1
04:49:32 | INFO: Extracting primitive: Cube.159
04:49:32 | INFO: Primitives created: 1
04:49:32 | INFO: Extracting primitive: Cube.160
04:49:32 | INFO: Primitives created: 1
04:49:32 | INFO: Extracting primitive: Cube.161
04:49:32 | INFO: Primitives created: 1
04:49:32 | INFO: Extracting primitive: Cube.162
04:49:32 | INFO: Primitives created: 1
04:49:32 | INFO: Extracting primitive: Cube.163
04:49:32 | INFO: Primitives created: 1
04:49:32 | INFO: Extracting primitive: Cube.164
04:49:32 | INFO: Primitives created: 1
04:49:32 | INFO: Extracting primitive: Cube.165
04:49:32 | INFO: Primitives created: 1
04:49:32 | INFO: Extracting primitive: Cube.166
04:49:32 | INFO: Primitives created: 1
04:49:32 | INFO: Extracting primitive: Cube.167
04:49:32 | INFO: Primitives created: 1
04:49:32 | INFO: Extracting primitive: Cube.168
04:49:32 | INFO: Primitives created: 1
04:49:32 | INFO: Extracting primitive: Cube.169
04:49:32 | INFO: Primitives created: 1
04:49:32 | INFO: Extracting primitive: Cube.170
04:49:32 | INFO: Primitives created: 1
04:49:32 | INFO: Extracting primitive: Cube.171
04:49:32 | INFO: Primitives created: 1
04:49:32 | INFO: Extracting primitive: Cube.172
04:49:32 | INFO: Primitives created: 1
04:49:32 | INFO: Extracting primitive: Cube.173
04:49:32 | INFO: Primitives created: 1
04:49:32 | INFO: Extracting primitive: Cube.174
04:49:32 | INFO: Primitives created: 1
04:49:32 | INFO: Extracting primitive: Cube.175
04:49:32 | INFO: Primitives created: 1
04:49:32 | INFO: Extracting primitive: Cube.176
04:49:32 | INFO: Primitives created: 1
04:49:32 | INFO: Extracting primitive: Cube.177
04:49:32 | INFO: Primitives created: 1
04:49:32 | INFO: Extracting primitive: Cube.178
04:49:32 | INFO: Primitives created: 1
04:49:32 | INFO: Extracting primitive: Cube.179
04:49:32 | INFO: Primitives created: 1
04:49:32 | INFO: Extracting primitive: Cube.180
04:49:32 | INFO: Primitives created: 1
04:49:32 | INFO: Extracting primitive: Cube.181
04:49:32 | INFO: Primitives created: 1
04:49:32 | INFO: Extracting primitive: Cube.182
04:49:32 | INFO: Primitives created: 1
04:49:32 | INFO: Extracting primitive: Cube.183
04:49:32 | INFO: Primitives created: 1
04:49:32 | INFO: Extracting primitive: Cube.184
04:49:32 | INFO: Primitives created: 1
04:49:32 | INFO: Extracting primitive: Cube.185
04:49:32 | INFO: Primitives created: 1
04:49:32 | INFO: Extracting primitive: HouseInterior_ChairBack_LOD0Mesh.001
04:49:32 | INFO: Primitives created: 1
04:49:32 | INFO: Extracting primitive: Cube.186
04:49:32 | INFO: Primitives created: 1
04:49:32 | INFO: Extracting primitive: Cube.187
04:49:32 | INFO: Primitives created: 1
04:49:32 | INFO: Extracting primitive: Cube.188
04:49:32 | INFO: Primitives created: 1
04:49:32 | INFO: Extracting primitive: Cube.189
04:49:32 | INFO: Primitives created: 1
04:49:32 | INFO: Extracting primitive: HouseInterior_CupboardBody_LOD0Mesh.001
04:49:32 | INFO: Primitives created: 1
04:49:32 | INFO: Extracting primitive: Cube.190
04:49:32 | INFO: Primitives created: 1
04:49:32 | INFO: Extracting primitive: Cube.191
04:49:32 | INFO: Primitives created: 1
04:49:32 | INFO: Extracting primitive: Cube.192
04:49:32 | INFO: Primitives created: 1
04:49:32 | INFO: Extracting primitive: Cube.193
04:49:32 | INFO: Primitives created: 1
04:49:32 | INFO: Extracting primitive: HouseInterior_DaybedFrame_LOD0Mesh.001
04:49:32 | INFO: Primitives created: 1
04:49:32 | INFO: Extracting primitive: HouseInterior_DaybedCushion_LOD0Mesh.001
04:49:32 | INFO: Primitives created: 1
04:49:32 | INFO: Extracting primitive: HouseInterior_DaybedBack_LOD0Mesh.001
04:49:32 | INFO: Primitives created: 1
04:49:32 | INFO: Extracting primitive: HouseInterior_StorageChestBody_LOD0Mesh.001
04:49:32 | INFO: Primitives created: 1
04:49:32 | INFO: Extracting primitive: Cube.194
04:49:32 | INFO: Primitives created: 1
04:49:32 | INFO: Extracting primitive: Cube.195
04:49:32 | INFO: Primitives created: 1
04:49:32 | INFO: Extracting primitive: Cube.196
04:49:32 | INFO: Primitives created: 1
04:49:32 | INFO: Extracting primitive: Cube.197
04:49:32 | INFO: Primitives created: 1
04:49:32 | INFO: Extracting primitive: Cone.009
04:49:32 | INFO: Primitives created: 1
04:49:32 | INFO: Extracting primitive: Cone.010
04:49:32 | INFO: Primitives created: 1
04:49:32 | INFO: Extracting primitive: Cone.011
04:49:32 | INFO: Primitives created: 1
04:49:32 | INFO: Extracting primitive: Cube.198
04:49:32 | INFO: Primitives created: 1
04:49:32 | INFO: Extracting primitive: Cube.199
04:49:32 | INFO: Primitives created: 1
04:49:32 | INFO: Extracting primitive: Cube.200
04:49:32 | INFO: Primitives created: 1
04:49:32 | INFO: Extracting primitive: Cube.201
04:49:32 | INFO: Primitives created: 1
04:49:32 | INFO: Extracting primitive: HouseInterior_HearthBody_LOD0Mesh.001
04:49:32 | INFO: Primitives created: 1
04:49:32 | INFO: Extracting primitive: Cube.202
04:49:32 | INFO: Primitives created: 1
04:49:32 | INFO: Extracting primitive: Cube.203
04:49:32 | INFO: Primitives created: 1
04:49:32 | INFO: Extracting primitive: Cube.204
04:49:32 | INFO: Primitives created: 1
04:49:32 | INFO: Extracting primitive: Cube.205
04:49:32 | INFO: Primitives created: 1
04:49:32 | INFO: Extracting primitive: Cube.206
04:49:32 | INFO: Primitives created: 1
04:49:32 | INFO: Extracting primitive: HouseInterior_LeftWallCupboardBody_LOD0Mesh.001
04:49:32 | INFO: Primitives created: 1
04:49:32 | INFO: Extracting primitive: Cube.207
04:49:32 | INFO: Primitives created: 1
04:49:32 | INFO: Extracting primitive: Cube.208
04:49:32 | INFO: Primitives created: 1
04:49:32 | INFO: Extracting primitive: Cube.209
04:49:32 | INFO: Primitives created: 1
04:49:32 | INFO: Extracting primitive: HouseInterior_TableKettle_LOD0Mesh.001
04:49:32 | INFO: Primitives created: 1
04:49:32 | INFO: Extracting primitive: HouseInterior_TableKettleLid_LOD0Mesh.001
04:49:32 | INFO: Primitives created: 1
04:49:32 | INFO: Extracting primitive: Cone.012
04:49:32 | INFO: Primitives created: 1
04:49:32 | INFO: Extracting primitive: Cone.013
04:49:32 | INFO: Primitives created: 1
04:49:32 | INFO: Extracting primitive: Cube.210
04:49:32 | INFO: Primitives created: 1
04:49:32 | INFO: Extracting primitive: Cube.211
04:49:32 | INFO: Primitives created: 1
04:49:32 | INFO: Extracting primitive: HouseInterior_OldPcBackboard_LOD0Mesh.001
04:49:32 | INFO: Primitives created: 1
04:49:32 | INFO: Extracting primitive: Cube.212
04:49:32 | INFO: Primitives created: 1
04:49:32 | INFO: Extracting primitive: Cube.213
04:49:32 | INFO: Primitives created: 1
04:49:32 | INFO: Extracting primitive: Cube.214
04:49:32 | INFO: Primitives created: 1
04:49:32 | INFO: Extracting primitive: Cube.215
04:49:32 | INFO: Primitives created: 1
04:49:32 | INFO: Extracting primitive: Cube.216
04:49:32 | INFO: Primitives created: 1
04:49:32 | INFO: Extracting primitive: Cube.217
04:49:32 | INFO: Primitives created: 1
04:49:32 | INFO: Extracting primitive: Cube.218
04:49:32 | INFO: Primitives created: 1
04:49:32 | INFO: Extracting primitive: Cube.219
04:49:32 | INFO: Primitives created: 1
04:49:32 | INFO: Extracting primitive: Cube.220
04:49:32 | INFO: Primitives created: 1
04:49:32 | INFO: Extracting primitive: Cube.221
04:49:32 | INFO: Primitives created: 1
04:49:32 | INFO: Extracting primitive: Cube.222
04:49:32 | INFO: Primitives created: 1
04:49:32 | INFO: Extracting primitive: Cube.223
04:49:32 | INFO: Primitives created: 1
04:49:32 | INFO: Extracting primitive: Cube.224
04:49:32 | INFO: Primitives created: 1
04:49:32 | INFO: Extracting primitive: Cube.225
04:49:32 | INFO: Primitives created: 1
04:49:32 | INFO: Extracting primitive: Cube.226
04:49:32 | INFO: Primitives created: 1
04:49:32 | INFO: Extracting primitive: Cylinder.007
04:49:32 | INFO: Primitives created: 1
04:49:32 | INFO: Extracting primitive: Cylinder.008
04:49:32 | INFO: Primitives created: 1
04:49:32 | INFO: Extracting primitive: Cube.227
04:49:32 | INFO: Primitives created: 1
04:49:32 | INFO: Extracting primitive: Cube.228
04:49:32 | INFO: Primitives created: 1
04:49:32 | INFO: Extracting primitive: Cube.229
04:49:32 | INFO: Primitives created: 1
04:49:32 | INFO: Extracting primitive: WellA_Roof_LOD0Mesh.001
04:49:32 | INFO: Primitives created: 1
04:49:32 | INFO: Extracting primitive: Cube.230
04:49:32 | INFO: Primitives created: 1
04:49:32 | INFO: Extracting primitive: Cylinder.009
04:49:32 | INFO: Primitives created: 1
04:49:32 | INFO: Extracting primitive: Cylinder.010
04:49:32 | INFO: Primitives created: 1
04:49:32 | INFO: Extracting primitive: Cylinder.011
04:49:32 | INFO: Primitives created: 1
04:49:32 | INFO: Extracting primitive: Cylinder.012
04:49:32 | INFO: Primitives created: 1
04:49:32 | INFO: Extracting primitive: Cube.231
04:49:32 | INFO: Primitives created: 1
04:49:32 | INFO: Extracting primitive: Cube.232
04:49:32 | INFO: Primitives created: 1
04:49:32 | INFO: Extracting primitive: Cube.233
04:49:32 | INFO: Primitives created: 1
04:49:32 | INFO: Extracting primitive: Cube.234
04:49:32 | INFO: Primitives created: 1
04:49:32 | INFO: Extracting primitive: Cube.235
04:49:32 | INFO: Primitives created: 1
04:49:32 | INFO: Extracting primitive: Cylinder.013
04:49:32 | INFO: Primitives created: 1
04:49:32 | INFO: Extracting primitive: Cone.014
04:49:32 | INFO: Primitives created: 1
04:49:32 | INFO: Extracting primitive: Cube.236
04:49:32 | INFO: Primitives created: 1
04:49:32 | INFO: Extracting primitive: Cube.237
04:49:32 | INFO: Primitives created: 1
04:49:32 | INFO: Extracting primitive: Cube.238
04:49:32 | INFO: Primitives created: 1
04:49:32 | INFO: Extracting primitive: Cube.239
04:49:32 | INFO: Primitives created: 1
04:49:32 | INFO: Extracting primitive: Cube.240
04:49:32 | INFO: Primitives created: 1
04:49:32 | INFO: Extracting primitive: Cube.241
04:49:32 | INFO: Primitives created: 1
04:49:32 | INFO: Extracting primitive: Cube.242
04:49:32 | INFO: Primitives created: 1
04:49:32 | INFO: Extracting primitive: OldPc_Keyboard_LOD0Mesh.001
04:49:32 | INFO: Primitives created: 1
04:49:32 | INFO: Extracting primitive: Cube.243
04:49:32 | INFO: Primitives created: 1
04:49:32 | INFO: Extracting primitive: Cube.244
04:49:32 | INFO: Primitives created: 1
04:49:32 | INFO: Extracting primitive: Cube.245
04:49:32 | INFO: Primitives created: 1
04:49:32 | INFO: Extracting primitive: Cube.246
04:49:32 | INFO: Primitives created: 1
04:49:32 | INFO: Extracting primitive: Cube.247
04:49:32 | INFO: Primitives created: 1
04:49:32 | INFO: Finished glTF 2.0 export in 0.1517038345336914 s

URMAN modular kit: /Users/unterlantas/Documents/GitHub/URMAN/assets/source/blender/urman_modular_kit.blend
URMAN modular kit: /Users/unterlantas/Documents/GitHub/URMAN/game/assets/generated/urman_modular_kit.glb
URMAN LOD1 variants: 151
Blender 4.5.12 LTS (hash 84afd5f785f7 built 2026-07-21 01:41:35)
Traceback (most recent call last):
  File "/Users/unterlantas/Documents/GitHub/URMAN/tools/blender/verify_modular_environment.py", line 348, in <module>
    kettle_tree = verify_household_mesh(kettle, (1.08, 3.62, 1.11),
                  ^^^^^^^^^^^^^^^^^^^^^^^^^^^^^^^^^^^^^^^^^^^^^^^^^
  File "/Users/unterlantas/Documents/GitHub/URMAN/tools/blender/verify_modular_environment.py", line 329, in verify_household_mesh
    raise RuntimeError(f"{obj.name}: vertex outside original enclosing volume: {tuple(vertex.co)}")
RuntimeError: HouseInterior_TableKettle_LOD1: vertex outside original enclosing volume: (0.07929055392742157, -0.01577186957001686, -0.1500159204006195)
asset-household-smoke: LOD0; open kettle handle/spout, seated base, raised grip; 104 separate keycaps

Error: script failed, file: 'tools/blender/verify_modular_environment.py', exiting.

Blender quit
userdata guard: original files and permissions restored and verified
