Godot Engine v4.7.1.stable.mono.official.a13da4feb - https://godotengine.org
Metal 4.0 - Forward+ - Using Device #0: Apple - Apple M4 Pro (Apple9)

act1-river: ice_slabs=31 blockers=29 road_gap_samples=2 bridge=broken@(15,-85)
village-chimney: /root/Act1NotebookShopSmokeTest/Act1Demo/Main/ZoneHost/Act1ConnectedWorld/Act1CoreWorldGreybox/Act1AuthoredExteriorKitPresentation/ArrivalAuthoredParcels/ArrivalForwardWestFacade/DwellingFacade_TimberPlaster/DwellingFacade_ChimneyCap_LOD0 top=(-10.2875, 4.7722464, 2.3450005)
village-chimney: /root/Act1NotebookShopSmokeTest/Act1Demo/Main/ZoneHost/Act1ConnectedWorld/Act1CoreWorldGreybox/Act1AuthoredExteriorKitPresentation/DistantPerimeterParcels/WestArrivalNearParcel/WestArrivalNearFacade/DwellingFacade_TimberPlaster/DwellingFacade_ChimneyCap_LOD0 top=(-19.730013, 3.9641316, 15.965501)
act1-terrain-room-cut: room=/root/Act1NotebookShopSmokeTest/Act1Demo/Main/ZoneHost/Act1ConnectedWorld/babay-abi-house half=(4, 3.5) affectedTriangles=48 clippedVertices=49980 publishedVertices=49980 physicsVertices=49980 visualAndPhysics=shared-published-faces
act1-apron-room-cut: mesh=/root/Act1NotebookShopSmokeTest/Act1Demo/Main/ZoneHost/Act1ConnectedWorld/Act1CoreWorldGreybox/AgentBExteriorWorld/AgentB_TerrainRoadKit/URMAN_AgentB_TerrainRoadKit/Apron_BabaiYard affectedTriangles=11 clippedVertices=123 surfaces=1 collision=existing-terrain-owner
act1-south-fence-house-junction: wallX=-33.5880 retainedMembers=13 retiredPostsAndCaps=10 supportedWestWing=2.4920m
act1-drain-bank-conform: mesh=/root/Act1NotebookShopSmokeTest/Act1Demo/Main/ZoneHost/Act1ConnectedWorld/Act1CoreWorldGreybox/AgentBExteriorWorld/AgentB_TerrainRoadKit/URMAN_AgentB_TerrainRoadKit/BabaiYard_EastFenceSwale originalTriangles=78 affectedTriangles=35 outputTriangles=3543 groundOwner=unchanged
act1-roadside-grounding: independent contact meshes=34; source meshes and usable footbridge preserved
act1-kit-blockers: placements=100 shapes=1724 carved_door_slabs=240 flat_slab_skipped=2473 exact_architecture_surfaces=911 hidden_skipped=7 road_clearance_skipped=0
act1-dwelling-threshold: placements=83 worst_analytic_vs_collision_delta=0.028m worst_placement=ArrivalForwardEastShed
act1-building-supports: supported foundations=137; maximum ground drop=1.136m; level entrances preserved
zone-loaded: village_day@arrival connected-world=108531814176
УРМАН Godot vertical slice ready: Painterly Low-Poly / first person
act1-smoke: background input replay; focus-loss pause isolated from this test scene
act1-window-surrounds: painted=1020
act1-legacy-sign: suppressed=1
zone-loaded: village_day@arrival connected-world=108531814176
SaveGameV3 new game session started; existing slots untouched.
act1-intro: confirmed with E
{"kind":"notebook-write-state","phase":"before-immediate-save","editorLength":50,"runtimeLength":0,"dirty":false,"saving":false,"saveDisabled":false,"visible":true,"status":"","sameSession":true}
ERROR: SaveGameV3 write failed: The file '/Users/unterlantas/Library/Application Support/Godot/app_userdata/URMAN/notebook-shop-fault-11d9ff94cc6c4b09961879b4840cbea6/not-a-directory' already exists.
   at: void Urman.Godot.RuntimeBridge+<SaveSlotAsync>d__67.MoveNext() (res://scripts/RuntimeBridge.cs:192)
   C# backtrace (most recent call first):
       [0] void Godot.GD.PushError(string) (/root/godot/modules/mono/glue/GodotSharp/GodotSharp/Core/GD.cs:366)
       [1] void Urman.Godot.RuntimeBridge+<SaveSlotAsync>d__67.MoveNext() (/Users/unterlantas/Documents/GitHub/URMAN/game/scripts/RuntimeBridge.cs:192)
       [2] void System.Runtime.CompilerServices.AsyncMethodBuilderCore.Start<TStateMachine>(TStateMachine&)
       [3] void System.Runtime.CompilerServices.AsyncTaskMethodBuilder`1.Start<TStateMachine>(TStateMachine&)
       [4] System.Threading.Tasks.Task`1[System.Boolean] Urman.Godot.RuntimeBridge.SaveSlotAsync(string)
       [5] void Urman.Godot.RuntimeBridge+<SavePersonalNotebookAsync>d__180.MoveNext() (/Users/unterlantas/Documents/GitHub/URMAN/game/scripts/RuntimeBridge.Notebook.cs:147)
       [6] void System.Runtime.CompilerServices.AsyncMethodBuilderCore.Start<TStateMachine>(TStateMachine&)
       [7] void System.Runtime.CompilerServices.AsyncTaskMethodBuilder`1.Start<TStateMachine>(TStateMachine&)
       [8] System.Threading.Tasks.Task`1[System.Boolean] Urman.Godot.RuntimeBridge.SavePersonalNotebookAsync(string)
       [9] void Urman.Godot.JournalUi+<SaveNotebookDraftAsync>d__76.MoveNext() (/Users/unterlantas/Documents/GitHub/URMAN/game/scripts/JournalUi.Notebook.cs:152)
       [10] void System.Runtime.CompilerServices.AsyncMethodBuilderCore.Start<TStateMachine>(TStateMachine&)
       [11] void System.Runtime.CompilerServices.AsyncTaskMethodBuilder`1.Start<TStateMachine>(TStateMachine&)
       [12] System.Threading.Tasks.Task`1[System.Boolean] Urman.Godot.JournalUi.SaveNotebookDraftAsync()
       [13] void Urman.Godot.JournalUi+<<BuildNotebookUi>b__73_2>d.MoveNext() (/Users/unterlantas/Documents/GitHub/URMAN/game/scripts/JournalUi.Notebook.cs:80)
       [14] void System.Runtime.CompilerServices.AsyncMethodBuilderCore.Start<TStateMachine>(TStateMachine&)
       [15] void Urman.Godot.JournalUi.<BuildNotebookUi>b__73_2()
       [16] void Godot.Callable.<From>g__Trampoline|1_0(object, Godot.NativeInterop.NativeVariantPtrArgs, Godot.NativeInterop.godot_variant&) (/root/godot/modules/mono/glue/GodotSharp/GodotSharp/Core/Callable.generics.cs:39)
       [17] void Godot.DelegateUtils.InvokeWithVariantArgs(nint, System.Void*, Godot.NativeInterop.godot_variant**, int, Godot.NativeInterop.godot_variant*) (/root/godot/modules/mono/glue/GodotSharp/GodotSharp/Core/DelegateUtils.cs:86)
       [18] Godot.NativeInterop.godot_variant Godot.NativeInterop.NativeFuncs.godotsharp_method_bind_call(nint, nint, Godot.NativeInterop.godot_variant**, int, Godot.NativeInterop.godot_variant_call_error&) (/root/godot/modules/mono/glue/GodotSharp/GodotSharp/Godot.SourceGenerators.Internal/Godot.SourceGenerators.Internal.UnmanagedCallbacksGenerator/Godot.NativeInterop.NativeFuncs.generated.cs:388)
       [19] int Godot.NativeCalls.godot_icall_2_921(nint, nint, Godot.NativeInterop.godot_string_name, System.ReadOnlySpan`1[Godot.Variant], Godot.NativeInterop.godot_string_name) (/root/godot/modules/mono/glue/GodotSharp/GodotSharp/Generated/NativeCalls.cs:8163)
       [20] Godot.Error Godot.GodotObject.EmitSignal(Godot.StringName, Godot.Variant[]) (/root/godot/modules/mono/glue/GodotSharp/GodotSharp/Generated/GodotObjects/GodotObject.cs:719)
       [21] void Urman.Godot.Tests.Act1NotebookShopSmokeTest+<CheckNotebookAsync>d__9.MoveNext() (/Users/unterlantas/Documents/GitHub/URMAN/game/tests/Act1NotebookShopSmokeTest.cs:115)
       [22] void System.Runtime.CompilerServices.AsyncTaskMethodBuilder`1+AsyncStateMachineBox`1.ExecutionContextCallback(object)
       [23] void System.Threading.ExecutionContext.RunInternal(System.Threading.ExecutionContext, System.Threading.ContextCallback, object)
       [24] void System.Runtime.CompilerServices.AsyncTaskMethodBuilder`1+AsyncStateMachineBox`1.MoveNext(System.Threading.Thread)
       [25] void System.Threading.Tasks.AwaitTaskContinuation.RunCallback(System.Threading.ContextCallback, object, System.Threading.Tasks.Task&)
       [26] void System.Threading.Tasks.Task.RunContinuations(object)
       [27] bool System.Threading.Tasks.Task`1.TrySetResult(TResult)
       [28] void System.Runtime.CompilerServices.AsyncTaskMethodBuilder`1.SetExistingTaskResult(System.Threading.Tasks.Task`1[TResult], TResult)
       [29] void Urman.Godot.Tests.Act1NotebookShopSmokeTest+<Frames>d__27.MoveNext() (/Users/unterlantas/Documents/GitHub/URMAN/game/tests/Act1NotebookShopSmokeTest.cs:698)
       [30] void System.Threading.ExecutionContext.RunInternal(System.Threading.ExecutionContext, System.Threading.ContextCallback, object)
       [31] void System.Runtime.CompilerServices.AsyncTaskMethodBuilder`1+AsyncStateMachineBox`1.MoveNext(System.Threading.Thread)
       [32] void Godot.SignalAwaiter.SignalCallback(nint, Godot.NativeInterop.godot_variant**, int, Godot.NativeInterop.godot_bool*) (/root/godot/modules/mono/glue/GodotSharp/GodotSharp/Core/SignalAwaiter.cs:65)
{"kind":"notebook-write-state","phase":"after-disk-failure","editorLength":50,"runtimeLength":50,"dirty":true,"saving":false,"saveDisabled":false,"visible":true,"status":"\u041D\u0435 \u0443\u0434\u0430\u043B\u043E\u0441\u044C \u0437\u0430\u043F\u0438\u0441\u0430\u0442\u044C \u2014 \u0442\u0435\u043A\u0441\u0442 \u043E\u0441\u0442\u0430\u043B\u0441\u044F \u043D\u0430 \u0441\u0442\u0440\u0430\u043D\u0438\u0446\u0435","sameSession":true}
ERROR: SaveGameV3 load failed: Neither the primary nor backup SaveGameV3 slot is readable.
   at: void Urman.Godot.RuntimeBridge+<LoadFromStoreAsync>d__81.MoveNext() (res://scripts/RuntimeBridge.cs:385)
   C# backtrace (most recent call first):
       [0] void Godot.GD.PushError(string) (/root/godot/modules/mono/glue/GodotSharp/GodotSharp/Core/GD.cs:366)
       [1] void Urman.Godot.RuntimeBridge+<LoadFromStoreAsync>d__81.MoveNext() (/Users/unterlantas/Documents/GitHub/URMAN/game/scripts/RuntimeBridge.cs:385)
       [2] void System.Runtime.CompilerServices.AsyncMethodBuilderCore.Start<TStateMachine>(TStateMachine&)
       [3] void System.Runtime.CompilerServices.AsyncTaskMethodBuilder`1.Start<TStateMachine>(TStateMachine&)
       [4] System.Threading.Tasks.Task`1[System.Boolean] Urman.Godot.RuntimeBridge.LoadFromStoreAsync(string, Urman.Core.Persistence.AtomicSaveGameStore, bool)
       [5] System.Threading.Tasks.Task`1[System.Boolean] Urman.Godot.RuntimeBridge.LoadSlotAsync(string) (/Users/unterlantas/Documents/GitHub/URMAN/game/scripts/RuntimeBridge.cs:319)
       [6] void Urman.Godot.Tests.Act1NotebookShopSmokeTest+<CheckNotebookAsync>d__9.MoveNext() (/Users/unterlantas/Documents/GitHub/URMAN/game/tests/Act1NotebookShopSmokeTest.cs:125)
       [7] void System.Runtime.CompilerServices.AsyncTaskMethodBuilder`1+AsyncStateMachineBox`1.ExecutionContextCallback(object)
       [8] void System.Threading.ExecutionContext.RunInternal(System.Threading.ExecutionContext, System.Threading.ContextCallback, object)
       [9] void System.Runtime.CompilerServices.AsyncTaskMethodBuilder`1+AsyncStateMachineBox`1.MoveNext(System.Threading.Thread)
       [10] void System.Threading.Tasks.AwaitTaskContinuation.RunCallback(System.Threading.ContextCallback, object, System.Threading.Tasks.Task&)
       [11] void System.Threading.Tasks.Task.RunContinuations(object)
       [12] bool System.Threading.Tasks.Task`1.TrySetResult(TResult)
       [13] void System.Runtime.CompilerServices.AsyncTaskMethodBuilder`1.SetExistingTaskResult(System.Threading.Tasks.Task`1[TResult], TResult)
       [14] void Urman.Godot.Tests.Act1NotebookShopSmokeTest+<EditNotebookTextAsync>d__22.MoveNext() (/Users/unterlantas/Documents/GitHub/URMAN/game/tests/Act1NotebookShopSmokeTest.cs:671)
       [15] void System.Threading.ExecutionContext.RunInternal(System.Threading.ExecutionContext, System.Threading.ContextCallback, object)
       [16] void System.Runtime.CompilerServices.AsyncTaskMethodBuilder`1+AsyncStateMachineBox`1.MoveNext(System.Threading.Thread)
       [17] void System.Threading.Tasks.AwaitTaskContinuation.RunCallback(System.Threading.ContextCallback, object, System.Threading.Tasks.Task&)
       [18] void System.Threading.Tasks.Task.RunContinuations(object)
       [19] bool System.Threading.Tasks.Task`1.TrySetResult(TResult)
       [20] void System.Runtime.CompilerServices.AsyncTaskMethodBuilder`1.SetExistingTaskResult(System.Threading.Tasks.Task`1[TResult], TResult)
       [21] void Urman.Godot.Tests.Act1NotebookShopSmokeTest+<WaitFor>d__26.MoveNext() (/Users/unterlantas/Documents/GitHub/URMAN/game/tests/Act1NotebookShopSmokeTest.cs:693)
       [22] void System.Threading.ExecutionContext.RunInternal(System.Threading.ExecutionContext, System.Threading.ContextCallback, object)
       [23] void System.Runtime.CompilerServices.AsyncTaskMethodBuilder`1+AsyncStateMachineBox`1.MoveNext(System.Threading.Thread)
       [24] void System.Threading.Tasks.AwaitTaskContinuation.RunCallback(System.Threading.ContextCallback, object, System.Threading.Tasks.Task&)
       [25] void System.Threading.Tasks.Task.RunContinuations(object)
       [26] bool System.Threading.Tasks.Task`1.TrySetResult(TResult)
       [27] void System.Runtime.CompilerServices.AsyncTaskMethodBuilder`1.SetExistingTaskResult(System.Threading.Tasks.Task`1[TResult], TResult)
       [28] void Urman.Godot.Tests.Act1NotebookShopSmokeTest+<Frames>d__27.MoveNext() (/Users/unterlantas/Documents/GitHub/URMAN/game/tests/Act1NotebookShopSmokeTest.cs:698)
       [29] void System.Threading.ExecutionContext.RunInternal(System.Threading.ExecutionContext, System.Threading.ContextCallback, object)
       [30] void System.Runtime.CompilerServices.AsyncTaskMethodBuilder`1+AsyncStateMachineBox`1.MoveNext(System.Threading.Thread)
       [31] void Godot.SignalAwaiter.SignalCallback(nint, Godot.NativeInterop.godot_variant**, int, Godot.NativeInterop.godot_bool*) (/root/godot/modules/mono/glue/GodotSharp/GodotSharp/Core/SignalAwaiter.cs:65)
ERROR: SaveGameV3 write failed: The file '/Users/unterlantas/Library/Application Support/Godot/app_userdata/URMAN/notebook-shop-fault-11d9ff94cc6c4b09961879b4840cbea6/not-a-directory' already exists.
   at: void Urman.Godot.RuntimeBridge+<SaveSlotAsync>d__67.MoveNext() (res://scripts/RuntimeBridge.cs:192)
   C# backtrace (most recent call first):
       [0] void Godot.GD.PushError(string) (/root/godot/modules/mono/glue/GodotSharp/GodotSharp/Core/GD.cs:366)
       [1] void Urman.Godot.RuntimeBridge+<SaveSlotAsync>d__67.MoveNext() (/Users/unterlantas/Documents/GitHub/URMAN/game/scripts/RuntimeBridge.cs:192)
       [2] void System.Runtime.CompilerServices.AsyncMethodBuilderCore.Start<TStateMachine>(TStateMachine&)
       [3] void System.Runtime.CompilerServices.AsyncTaskMethodBuilder`1.Start<TStateMachine>(TStateMachine&)
       [4] System.Threading.Tasks.Task`1[System.Boolean] Urman.Godot.RuntimeBridge.SaveSlotAsync(string)
       [5] void Urman.Godot.RuntimeBridge+<SavePersonalNotebookAsync>d__180.MoveNext() (/Users/unterlantas/Documents/GitHub/URMAN/game/scripts/RuntimeBridge.Notebook.cs:147)
       [6] void System.Runtime.CompilerServices.AsyncMethodBuilderCore.Start<TStateMachine>(TStateMachine&)
       [7] void System.Runtime.CompilerServices.AsyncTaskMethodBuilder`1.Start<TStateMachine>(TStateMachine&)
       [8] System.Threading.Tasks.Task`1[System.Boolean] Urman.Godot.RuntimeBridge.SavePersonalNotebookAsync(string)
       [9] void Urman.Godot.JournalUi+<SaveNotebookDraftAsync>d__76.MoveNext() (/Users/unterlantas/Documents/GitHub/URMAN/game/scripts/JournalUi.Notebook.cs:152)
       [10] void System.Runtime.CompilerServices.AsyncMethodBuilderCore.Start<TStateMachine>(TStateMachine&)
       [11] void System.Runtime.CompilerServices.AsyncTaskMethodBuilder`1.Start<TStateMachine>(TStateMachine&)
       [12] System.Threading.Tasks.Task`1[System.Boolean] Urman.Godot.JournalUi.SaveNotebookDraftAsync()
       [13] void Urman.Godot.JournalUi+<<BuildNotebookUi>b__73_2>d.MoveNext() (/Users/unterlantas/Documents/GitHub/URMAN/game/scripts/JournalUi.Notebook.cs:80)
       [14] void System.Runtime.CompilerServices.AsyncMethodBuilderCore.Start<TStateMachine>(TStateMachine&)
       [15] void Urman.Godot.JournalUi.<BuildNotebookUi>b__73_2()
       [16] void Godot.Callable.<From>g__Trampoline|1_0(object, Godot.NativeInterop.NativeVariantPtrArgs, Godot.NativeInterop.godot_variant&) (/root/godot/modules/mono/glue/GodotSharp/GodotSharp/Core/Callable.generics.cs:39)
       [17] void Godot.DelegateUtils.InvokeWithVariantArgs(nint, System.Void*, Godot.NativeInterop.godot_variant**, int, Godot.NativeInterop.godot_variant*) (/root/godot/modules/mono/glue/GodotSharp/GodotSharp/Core/DelegateUtils.cs:86)
       [18] Godot.NativeInterop.godot_variant Godot.NativeInterop.NativeFuncs.godotsharp_method_bind_call(nint, nint, Godot.NativeInterop.godot_variant**, int, Godot.NativeInterop.godot_variant_call_error&) (/root/godot/modules/mono/glue/GodotSharp/GodotSharp/Godot.SourceGenerators.Internal/Godot.SourceGenerators.Internal.UnmanagedCallbacksGenerator/Godot.NativeInterop.NativeFuncs.generated.cs:388)
       [19] int Godot.NativeCalls.godot_icall_2_921(nint, nint, Godot.NativeInterop.godot_string_name, System.ReadOnlySpan`1[Godot.Variant], Godot.NativeInterop.godot_string_name) (/root/godot/modules/mono/glue/GodotSharp/GodotSharp/Generated/NativeCalls.cs:8163)
       [20] Godot.Error Godot.GodotObject.EmitSignal(Godot.StringName, Godot.Variant[]) (/root/godot/modules/mono/glue/GodotSharp/GodotSharp/Generated/GodotObjects/GodotObject.cs:719)
       [21] void Urman.Godot.Tests.Act1NotebookShopSmokeTest+<CheckNotebookAsync>d__9.MoveNext() (/Users/unterlantas/Documents/GitHub/URMAN/game/tests/Act1NotebookShopSmokeTest.cs:132)
       [22] void System.Runtime.CompilerServices.AsyncTaskMethodBuilder`1+AsyncStateMachineBox`1.ExecutionContextCallback(object)
       [23] void System.Threading.ExecutionContext.RunInternal(System.Threading.ExecutionContext, System.Threading.ContextCallback, object)
       [24] void System.Runtime.CompilerServices.AsyncTaskMethodBuilder`1+AsyncStateMachineBox`1.MoveNext(System.Threading.Thread)
       [25] void System.Threading.Tasks.AwaitTaskContinuation.RunCallback(System.Threading.ContextCallback, object, System.Threading.Tasks.Task&)
       [26] void System.Threading.Tasks.Task.RunContinuations(object)
       [27] bool System.Threading.Tasks.Task`1.TrySetResult(TResult)
       [28] void System.Runtime.CompilerServices.AsyncTaskMethodBuilder`1.SetExistingTaskResult(System.Threading.Tasks.Task`1[TResult], TResult)
       [29] void Urman.Godot.Tests.Act1NotebookShopSmokeTest+<EditNotebookTextAsync>d__22.MoveNext() (/Users/unterlantas/Documents/GitHub/URMAN/game/tests/Act1NotebookShopSmokeTest.cs:671)
       [30] void System.Threading.ExecutionContext.RunInternal(System.Threading.ExecutionContext, System.Threading.ContextCallback, object)
       [31] void System.Runtime.CompilerServices.AsyncTaskMethodBuilder`1+AsyncStateMachineBox`1.MoveNext(System.Threading.Thread)
       [32] void System.Threading.Tasks.AwaitTaskContinuation.RunCallback(System.Threading.ContextCallback, object, System.Threading.Tasks.Task&)
       [33] void System.Threading.Tasks.Task.RunContinuations(object)
       [34] bool System.Threading.Tasks.Task`1.TrySetResult(TResult)
       [35] void System.Runtime.CompilerServices.AsyncTaskMethodBuilder`1.SetExistingTaskResult(System.Threading.Tasks.Task`1[TResult], TResult)
       [36] void Urman.Godot.Tests.Act1NotebookShopSmokeTest+<WaitFor>d__26.MoveNext() (/Users/unterlantas/Documents/GitHub/URMAN/game/tests/Act1NotebookShopSmokeTest.cs:693)
       [37] void System.Threading.ExecutionContext.RunInternal(System.Threading.ExecutionContext, System.Threading.ContextCallback, object)
       [38] void System.Runtime.CompilerServices.AsyncTaskMethodBuilder`1+AsyncStateMachineBox`1.MoveNext(System.Threading.Thread)
       [39] void System.Threading.Tasks.AwaitTaskContinuation.RunCallback(System.Threading.ContextCallback, object, System.Threading.Tasks.Task&)
       [40] void System.Threading.Tasks.Task.RunContinuations(object)
       [41] bool System.Threading.Tasks.Task`1.TrySetResult(TResult)
       [42] void System.Runtime.CompilerServices.AsyncTaskMethodBuilder`1.SetExistingTaskResult(System.Threading.Tasks.Task`1[TResult], TResult)
       [43] void Urman.Godot.Tests.Act1NotebookShopSmokeTest+<Frames>d__27.MoveNext() (/Users/unterlantas/Documents/GitHub/URMAN/game/tests/Act1NotebookShopSmokeTest.cs:698)
       [44] void System.Threading.ExecutionContext.RunInternal(System.Threading.ExecutionContext, System.Threading.ContextCallback, object)
       [45] void System.Runtime.CompilerServices.AsyncTaskMethodBuilder`1+AsyncStateMachineBox`1.MoveNext(System.Threading.Thread)
       [46] void Godot.SignalAwaiter.SignalCallback(nint, Godot.NativeInterop.godot_variant**, int, Godot.NativeInterop.godot_bool*) (/root/godot/modules/mono/glue/GodotSharp/GodotSharp/Core/SignalAwaiter.cs:65)
{"kind":"notebook-write-state","phase":"failed-write-then-revert-original-text","editorLength":0,"runtimeLength":0,"dirty":true,"saving":false,"saveDisabled":false,"visible":true,"status":"\u041D\u0435 \u0443\u0434\u0430\u043B\u043E\u0441\u044C \u0437\u0430\u043F\u0438\u0441\u0430\u0442\u044C \u2014 \u0442\u0435\u043A\u0441\u0442 \u043E\u0441\u0442\u0430\u043B\u0441\u044F \u043D\u0430 \u0441\u0442\u0440\u0430\u043D\u0438\u0446\u0435","sameSession":true}
SaveGameV3 written to /Users/unterlantas/Library/Application Support/Godot/app_userdata/URMAN/savegames/checkpoint.savegame-v3.json
{"kind":"notebook-write-state","phase":"after-same-text-retry","editorLength":50,"runtimeLength":50,"dirty":false,"saving":false,"saveDisabled":false,"visible":true,"status":"\u0417\u0430\u043F\u0438\u0441\u0430\u043D\u043E","sameSession":true}
zone-loaded: village_day@arrival connected-world=108531814176
SaveGameV3 restored.
SaveGameV3 written to /Users/unterlantas/Library/Application Support/Godot/app_userdata/URMAN/savegames/checkpoint.savegame-v3.json
state-final-render-sync-begin: label=notebook-shop/01_notebook_newer_draft tick=30014 drawn=8 process=8 physics=52 windowVisible=True focus=False mode=Windowed renderLoop=True
state-final-render-sync-forced: label=notebook-shop/01_notebook_newer_draft forced screenshot render after native focus loss; one focus request + ForceDraw(false); no foreground or performance claim
state-final-render-sync-forced-readback: label=notebook-shop/01_notebook_newer_draft framePostDraw=True pixels=1280x720 drawnDelta=0; screenshot evidence only
state-final-render-sync-end: label=notebook-shop/01_notebook_newer_draft milliseconds=51 forcedScreenshotRender=True
notebook-shop-capture: /Users/unterlantas/Documents/GitHub/URMAN/docs/production/act1_takeover_evidence_2026-09-16/images-notebook-shop-05/01_notebook_newer_draft.png
SaveGameV3 written to /Users/unterlantas/Library/Application Support/Godot/app_userdata/URMAN/savegames/checkpoint.savegame-v3.json
zone-loaded: village_day@arrival connected-world=108531814176
SaveGameV3 restored.
{"kind":"notebook-physical-feet","phase":"loaded-with-book-open","physicsFrame":67,"feet":"(0, -0.11800001, 9)","velocity":"(0, 0, 0)","onFloor":false,"canStand":true,"canCrouch":true,"crouched":true,"modal":true,"sessionTransition":false,"modalOwner":true,"stancePending":true,"vehicle":false,"recovery":false,"treePaused":false,"supportOwner":"/root/Act1NotebookShopSmokeTest/Act1Demo/Main/ZoneHost/Act1ConnectedWorld/Act1CoreWorldGreybox/AgentBExteriorWorld/AgentB_TerrainCollision","supportPoint":"(0, -0.539636, 9)","supportNormal":"(-0.013267062, 0.9997987, 0.015052593)","supportGap":0.42163602}
{"kind":"notebook-physical-feet","phase":"book-just-closed-after-load","physicsFrame":70,"feet":"(0, -0.11800001, 9)","velocity":"(0, 0, 0)","onFloor":false,"canStand":true,"canCrouch":true,"crouched":false,"modal":false,"sessionTransition":false,"modalOwner":false,"stancePending":false,"vehicle":false,"recovery":false,"treePaused":false,"supportOwner":"/root/Act1NotebookShopSmokeTest/Act1Demo/Main/ZoneHost/Act1ConnectedWorld/Act1CoreWorldGreybox/AgentBExteriorWorld/AgentB_TerrainCollision","supportPoint":"(0, -0.539636, 9)","supportNormal":"(-0.013267062, 0.9997987, 0.015052593)","supportGap":0.42163602}
{"kind":"notebook-physical-feet","phase":"before-natural-floor-settle","physicsFrame":70,"feet":"(0, -0.11800001, 9)","velocity":"(0, 0, 0)","onFloor":false,"canStand":true,"canCrouch":true,"crouched":false,"modal":false,"sessionTransition":false,"modalOwner":false,"stancePending":false,"vehicle":false,"recovery":false,"treePaused":false,"supportOwner":"/root/Act1NotebookShopSmokeTest/Act1Demo/Main/ZoneHost/Act1ConnectedWorld/Act1CoreWorldGreybox/AgentBExteriorWorld/AgentB_TerrainCollision","supportPoint":"(0, -0.539636, 9)","supportNormal":"(-0.013267062, 0.9997987, 0.015052593)","supportGap":0.42163602}
{"kind":"notebook-physical-feet","phase":"natural-floor-settle-1","physicsFrame":71,"feet":"(0, -0.124000005, 9)","velocity":"(0, -0.36, 0)","onFloor":false,"canStand":true,"canCrouch":true,"crouched":false,"modal":false,"sessionTransition":false,"modalOwner":false,"stancePending":false,"vehicle":false,"recovery":false,"treePaused":false,"supportOwner":"/root/Act1NotebookShopSmokeTest/Act1Demo/Main/ZoneHost/Act1ConnectedWorld/Act1CoreWorldGreybox/AgentBExteriorWorld/AgentB_TerrainCollision","supportPoint":"(0, -0.53963614, 9)","supportNormal":"(-0.013267062, 0.9997987, 0.015052593)","supportGap":0.41563612}
{"kind":"notebook-physical-feet","phase":"natural-floor-settle-2","physicsFrame":72,"feet":"(0, -0.136, 9)","velocity":"(0, -0.72, 0)","onFloor":false,"canStand":true,"canCrouch":true,"crouched":false,"modal":false,"sessionTransition":false,"modalOwner":false,"stancePending":false,"vehicle":false,"recovery":false,"treePaused":false,"supportOwner":"/root/Act1NotebookShopSmokeTest/Act1Demo/Main/ZoneHost/Act1ConnectedWorld/Act1CoreWorldGreybox/AgentBExteriorWorld/AgentB_TerrainCollision","supportPoint":"(0, -0.53963614, 9)","supportNormal":"(-0.013267062, 0.9997987, 0.015052593)","supportGap":0.40363613}
{"kind":"notebook-physical-feet","phase":"natural-floor-settle-3","physicsFrame":73,"feet":"(0, -0.15400001, 9)","velocity":"(0, -1.08, 0)","onFloor":false,"canStand":true,"canCrouch":true,"crouched":false,"modal":false,"sessionTransition":false,"modalOwner":false,"stancePending":false,"vehicle":false,"recovery":false,"treePaused":false,"supportOwner":"/root/Act1NotebookShopSmokeTest/Act1Demo/Main/ZoneHost/Act1ConnectedWorld/Act1CoreWorldGreybox/AgentBExteriorWorld/AgentB_TerrainCollision","supportPoint":"(0, -0.53963614, 9)","supportNormal":"(-0.013267062, 0.9997987, 0.015052593)","supportGap":0.38563612}
{"kind":"notebook-physical-feet","phase":"natural-floor-settle-4","physicsFrame":74,"feet":"(0, -0.17800002, 9)","velocity":"(0, -1.44, 0)","onFloor":false,"canStand":true,"canCrouch":true,"crouched":false,"modal":false,"sessionTransition":false,"modalOwner":false,"stancePending":false,"vehicle":false,"recovery":false,"treePaused":false,"supportOwner":"/root/Act1NotebookShopSmokeTest/Act1Demo/Main/ZoneHost/Act1ConnectedWorld/Act1CoreWorldGreybox/AgentBExteriorWorld/AgentB_TerrainCollision","supportPoint":"(0, -0.5396361, 9)","supportNormal":"(-0.013267062, 0.9997987, 0.015052593)","supportGap":0.36163604}
{"kind":"notebook-physical-feet","phase":"natural-floor-settle-5","physicsFrame":75,"feet":"(0, -0.20800002, 9)","velocity":"(0, -1.8000001, 0)","onFloor":false,"canStand":true,"canCrouch":true,"crouched":false,"modal":false,"sessionTransition":false,"modalOwner":false,"stancePending":false,"vehicle":false,"recovery":false,"treePaused":false,"supportOwner":"/root/Act1NotebookShopSmokeTest/Act1Demo/Main/ZoneHost/Act1ConnectedWorld/Act1CoreWorldGreybox/AgentBExteriorWorld/AgentB_TerrainCollision","supportPoint":"(0, -0.53963614, 9)","supportNormal":"(-0.013267062, 0.9997987, 0.015052593)","supportGap":0.33163613}
{"kind":"notebook-physical-feet","phase":"natural-floor-settle-12","physicsFrame":82,"feet":"(0, -0.53931254, 9)","velocity":"(0, 0, 0)","onFloor":true,"canStand":true,"canCrouch":true,"crouched":false,"modal":false,"sessionTransition":false,"modalOwner":false,"stancePending":false,"vehicle":false,"recovery":false,"treePaused":false,"supportOwner":"/root/Act1NotebookShopSmokeTest/Act1Demo/Main/ZoneHost/Act1ConnectedWorld/Act1CoreWorldGreybox/AgentBExteriorWorld/AgentB_TerrainCollision","supportPoint":"(0, -0.5396361, 9)","supportNormal":"(-0.013267062, 0.9997987, 0.015052593)","supportGap":0.000323534}
{"kind":"notebook-physical-feet","phase":"after-natural-floor-settle","physicsFrame":83,"feet":"(0, -0.53931254, 9)","velocity":"(0, 0, 0)","onFloor":true,"canStand":true,"canCrouch":true,"crouched":false,"modal":false,"sessionTransition":false,"modalOwner":false,"stancePending":false,"vehicle":false,"recovery":false,"treePaused":false,"supportOwner":"/root/Act1NotebookShopSmokeTest/Act1Demo/Main/ZoneHost/Act1ConnectedWorld/Act1CoreWorldGreybox/AgentBExteriorWorld/AgentB_TerrainCollision","supportPoint":"(0, -0.5396361, 9)","supportNormal":"(-0.013267062, 0.9997987, 0.015052593)","supportGap":0.000323534}
SaveGameV3 written to /Users/unterlantas/Library/Application Support/Godot/app_userdata/URMAN/savegames/notebook-shop-7aa2b46777c64c1e95bd0e35cd3faaf2-draft.savegame-v3.json
{"kind":"notebook-shop-walk","label":"walk-away-from-notebook-saved-feet-without-placement-fixture","from":"(0, -0.53931254, 9)","goal":"(0, -0.5383104, 10.8)","feet":"(5.946773E-06, -0.53976506, 10.699865)","reached":true,"onFloor":true,"canStand":true,"contacts":[{"owner":"/root/Act1NotebookShopSmokeTest/Act1Demo/Main/ZoneHost/Act1ConnectedWorld/Act1CoreWorldGreybox/AgentBExteriorWorld/AgentB_TerrainCollision","point":"(-0.0004750029, -0.54017967, 10.706903)","normal":"(0.0013722379, 0.9997974, -0.020082783)"}]}
zone-loaded: village_day@arrival connected-world=108531814176
ERROR: SaveGameV3 load failed: The loaded player's physical position is blocked.
   at: void Urman.Godot.RuntimeBridge+<LoadFromStoreAsync>d__81.MoveNext() (res://scripts/RuntimeBridge.cs:385)
   C# backtrace (most recent call first):
       [0] void Godot.GD.PushError(string) (/root/godot/modules/mono/glue/GodotSharp/GodotSharp/Core/GD.cs:366)
       [1] void Urman.Godot.RuntimeBridge+<LoadFromStoreAsync>d__81.MoveNext() (/Users/unterlantas/Documents/GitHub/URMAN/game/scripts/RuntimeBridge.cs:385)
       [2] void System.Threading.ExecutionContext.RunInternal(System.Threading.ExecutionContext, System.Threading.ContextCallback, object)
       [3] void System.Runtime.CompilerServices.AsyncTaskMethodBuilder`1+AsyncStateMachineBox`1.MoveNext(System.Threading.Thread)
       [4] void System.Threading.Tasks.AwaitTaskContinuation.RunCallback(System.Threading.ContextCallback, object, System.Threading.Tasks.Task&)
       [5] void System.Threading.Tasks.Task.RunContinuations(object)
       [6] void System.Threading.Tasks.Task.FinishSlow(bool)
       [7] bool System.Threading.Tasks.Task.TrySetException(object)
       [8] void System.Runtime.CompilerServices.AsyncTaskMethodBuilder`1.SetException(System.Exception, System.Threading.Tasks.Task`1[TResult]&)
       [9] void Urman.Godot.RuntimeBridge+<RestoreLoadedWorldAsync>d__82.MoveNext() (/Users/unterlantas/Documents/GitHub/URMAN/game/scripts/RuntimeBridge.cs:449)
       [10] void System.Threading.ExecutionContext.RunInternal(System.Threading.ExecutionContext, System.Threading.ContextCallback, object)
       [11] void System.Runtime.CompilerServices.AsyncTaskMethodBuilder`1+AsyncStateMachineBox`1.MoveNext(System.Threading.Thread)
       [12] void System.Threading.Tasks.AwaitTaskContinuation.RunCallback(System.Threading.ContextCallback, object, System.Threading.Tasks.Task&)
       [13] void System.Threading.Tasks.Task.RunContinuations(object)
       [14] bool System.Threading.Tasks.Task`1.TrySetResult(TResult)
       [15] void System.Runtime.CompilerServices.AsyncTaskMethodBuilder`1.SetExistingTaskResult(System.Threading.Tasks.Task`1[TResult], TResult)
       [16] void Urman.Godot.RuntimeBridge+<ProjectPhysicalWorldAsync>d__83.MoveNext() (/Users/unterlantas/Documents/GitHub/URMAN/game/scripts/RuntimeBridge.cs:465)
       [17] void System.Threading.ExecutionContext.RunInternal(System.Threading.ExecutionContext, System.Threading.ContextCallback, object)
       [18] void System.Runtime.CompilerServices.AsyncTaskMethodBuilder`1+AsyncStateMachineBox`1.MoveNext(System.Threading.Thread)
       [19] void System.Threading.Tasks.AwaitTaskContinuation.RunCallback(System.Threading.ContextCallback, object, System.Threading.Tasks.Task&)
       [20] void System.Threading.Tasks.Task.RunContinuations(object)
       [21] bool System.Threading.Tasks.Task`1.TrySetResult(TResult)
       [22] void System.Runtime.CompilerServices.AsyncTaskMethodBuilder`1.SetExistingTaskResult(System.Threading.Tasks.Task`1[TResult], TResult)
       [23] void Urman.Godot.VehicleFleet+<CompleteLoadedProjectionAsync>d__44.MoveNext() (/Users/unterlantas/Documents/GitHub/URMAN/game/scripts/VehicleFleet.cs:239)
       [24] void System.Threading.ExecutionContext.RunInternal(System.Threading.ExecutionContext, System.Threading.ContextCallback, object)
       [25] void System.Runtime.CompilerServices.AsyncTaskMethodBuilder`1+AsyncStateMachineBox`1.MoveNext(System.Threading.Thread)
       [26] void Godot.SignalAwaiter.SignalCallback(nint, Godot.NativeInterop.godot_variant**, int, Godot.NativeInterop.godot_bool*) (/root/godot/modules/mono/glue/GodotSharp/GodotSharp/Core/SignalAwaiter.cs:65)
zone-loaded: village_day@arrival connected-world=108531814176
SaveGameV3 rejected the loaded placement; the previous session was restored.
{"kind":"notebook-write-state","phase":"after-physical-load-rollback","editorLength":120,"runtimeLength":56,"dirty":true,"saving":false,"saveDisabled":false,"visible":true,"status":"\u0415\u0441\u0442\u044C \u043D\u0435\u0437\u0430\u043F\u0438\u0441\u0430\u043D\u043D\u044B\u0435 \u0438\u0437\u043C\u0435\u043D\u0435\u043D\u0438\u044F","sameSession":true}
state-final-render-sync-begin: label=notebook-shop/01b_notebook_physical_rollback tick=31318 drawn=87 process=87 physics=130 windowVisible=True focus=True mode=Windowed renderLoop=True
state-final-render-sync-end: label=notebook-shop/01b_notebook_physical_rollback milliseconds=13 forcedScreenshotRender=False
notebook-shop-capture: /Users/unterlantas/Documents/GitHub/URMAN/docs/production/act1_takeover_evidence_2026-09-16/images-notebook-shop-05/01b_notebook_physical_rollback.png
zone-loaded: village_day@arrival connected-world=108531814176
SaveGameV3 restored.
{"kind":"notebook-shop-door","phase":"before-input","key":"shop/entrance","feet":"(-30.699574, 0.375309, -39.67635)","target":"(-32.091225, 1.6070688, -39.72495)","hinge":"/root/Act1NotebookShopSmokeTest/Act1Demo/Main/ZoneHost/Act1ConnectedWorld/Act1CoreWorldGreybox/Act1AuthoredExteriorKitPresentation/DistantPerimeterParcels/WestReturnMidParcel/WestReturnMidFacade/PublicInterior_shop/shopEntranceHinge","angleDegrees":90,"open":false,"expectedAngleDegrees":-5,"modal":false,"focus":true,"actionNumber":0,"result":"not-called","sweep":"not-called"}
SaveGameV3 written to /Users/unterlantas/Library/Application Support/Godot/app_userdata/URMAN/savegames/checkpoint.savegame-v3.json
{"kind":"notebook-shop-door","phase":"after-input","key":"shop/entrance","feet":"(-30.699574, 0.375309, -39.67635)","target":"(-32.02542, 1.6070688, -39.718018)","hinge":"/root/Act1NotebookShopSmokeTest/Act1Demo/Main/ZoneHost/Act1ConnectedWorld/Act1CoreWorldGreybox/Act1AuthoredExteriorKitPresentation/DistantPerimeterParcels/WestReturnMidParcel/WestReturnMidFacade/PublicInterior_shop/shopEntranceHinge","angleDegrees":81.9786,"open":true,"expectedAngleDegrees":-5,"modal":false,"focus":true,"actionNumber":1,"result":"committed","sweep":"{\u0022clear\u0022:true,\u0022samples\u0022:88,\u0022from\u0022:1.5707964,\u0022to\u0022:-0.08726646}"}
{"kind":"notebook-shop-door","phase":"finished","key":"shop/entrance","feet":"(-30.699574, 0.375309, -39.67635)","target":"(-31.638256, 1.6070688, -39.19459)","hinge":"/root/Act1NotebookShopSmokeTest/Act1Demo/Main/ZoneHost/Act1ConnectedWorld/Act1CoreWorldGreybox/Act1AuthoredExteriorKitPresentation/DistantPerimeterParcels/WestReturnMidParcel/WestReturnMidFacade/PublicInterior_shop/shopEntranceHinge","angleDegrees":-4.9999995,"open":true,"expectedAngleDegrees":-5,"modal":false,"focus":true,"actionNumber":1,"result":"committed","sweep":"{\u0022clear\u0022:true,\u0022samples\u0022:88,\u0022from\u0022:1.5707964,\u0022to\u0022:-0.08726646}"}
{"kind":"notebook-shop-walk","label":"walk-through-outer-shop-door","from":"(-30.699574, 0.375309, -39.67635)","goal":"(-32.795296, 0.64856875, -39.749535)","feet":"(-32.688515, 0.6487016, -39.74581)","reached":true,"onFloor":true,"canStand":true,"contacts":[{"owner":"/root/Act1NotebookShopSmokeTest/Act1Demo/Main/ZoneHost/Act1ConnectedWorld/Act1CoreWorldGreybox/Act1AuthoredExteriorKitPresentation/DistantPerimeterParcels/WestReturnMidParcel/WestReturnMidFacade/PublicInterior_shop/SeniFloorBody","point":"(-32.688515, 0.6485687, -39.74581)","normal":"(0, 1, 0)"}]}
{"kind":"notebook-shop-door","phase":"before-input","key":"shop/inner-door","feet":"(-32.688515, 0.6487016, -39.74581)","target":"(-33.367527, 1.6498187, -38.835945)","hinge":"/root/Act1NotebookShopSmokeTest/Act1Demo/Main/ZoneHost/Act1ConnectedWorld/Act1CoreWorldGreybox/Act1AuthoredExteriorKitPresentation/DistantPerimeterParcels/WestReturnMidParcel/WestReturnMidFacade/PublicInterior_shop/shopInnerDoorHinge","angleDegrees":0,"open":false,"expectedAngleDegrees":-95,"modal":false,"focus":true,"actionNumber":0,"result":"not-called","sweep":"not-called"}
SaveGameV3 written to /Users/unterlantas/Library/Application Support/Godot/app_userdata/URMAN/savegames/checkpoint.savegame-v3.json
{"kind":"notebook-shop-door","phase":"after-input","key":"shop/inner-door","feet":"(-32.688515, 0.6487016, -39.74581)","target":"(-33.37497, 1.6498187, -38.765274)","hinge":"/root/Act1NotebookShopSmokeTest/Act1Demo/Main/ZoneHost/Act1ConnectedWorld/Act1CoreWorldGreybox/Act1AuthoredExteriorKitPresentation/DistantPerimeterParcels/WestReturnMidParcel/WestReturnMidFacade/PublicInterior_shop/shopInnerDoorHinge","angleDegrees":-8.021409,"open":true,"expectedAngleDegrees":-95,"modal":false,"focus":true,"actionNumber":1,"result":"committed","sweep":"{\u0022clear\u0022:true,\u0022samples\u0022:94,\u0022from\u0022:0,\u0022to\u0022:-1.6580628}"}
{"kind":"notebook-shop-door","phase":"finished","key":"shop/inner-door","feet":"(-32.688515, 0.6487016, -39.74581)","target":"(-33.937126, 1.6498187, -38.34946)","hinge":"/root/Act1NotebookShopSmokeTest/Act1Demo/Main/ZoneHost/Act1ConnectedWorld/Act1CoreWorldGreybox/Act1AuthoredExteriorKitPresentation/DistantPerimeterParcels/WestReturnMidParcel/WestReturnMidFacade/PublicInterior_shop/shopInnerDoorHinge","angleDegrees":-95,"open":true,"expectedAngleDegrees":-95,"modal":false,"focus":true,"actionNumber":1,"result":"committed","sweep":"{\u0022clear\u0022:true,\u0022samples\u0022:94,\u0022from\u0022:0,\u0022to\u0022:-1.6580628}"}
{"kind":"notebook-shop-walk","label":"align-with-fixed-inner-shop-aperture","from":"(-32.688515, 0.6487016, -39.74581)","goal":"(-33.33496, 0.64856875, -39.76838)","feet":"(-33.254845, 0.6487016, -39.76558)","reached":true,"onFloor":true,"canStand":true,"contacts":[{"owner":"/root/Act1NotebookShopSmokeTest/Act1Demo/Main/ZoneHost/Act1ConnectedWorld/Act1CoreWorldGreybox/Act1AuthoredExteriorKitPresentation/DistantPerimeterParcels/WestReturnMidParcel/WestReturnMidFacade/PublicInterior_shop/SeniFloorBody","point":"(-33.254845, 0.6485687, -39.76558)","normal":"(0, 1, 0)"}]}
{"kind":"notebook-shop-walk","label":"walk-through-inner-shop-door","from":"(-33.254845, 0.6487016, -39.76558)","goal":"(-33.381363, 0.69806874, -38.43969)","feet":"(-33.37117, 0.6983058, -38.546703)","reached":true,"onFloor":true,"canStand":true,"contacts":[{"owner":"/root/Act1NotebookShopSmokeTest/Act1Demo/Main/ZoneHost/Act1ConnectedWorld/Act1CoreWorldGreybox/Act1AuthoredExteriorKitPresentation/DistantPerimeterParcels/WestReturnMidParcel/WestReturnMidFacade/PublicInterior_shop/MainRoom/TimberFloorBody","point":"(-33.37117, 0.69806874, -38.546703)","normal":"(0, 1, 0)"}]}
{"kind":"notebook-shop-walk","label":"walk-to-real-counter","from":"(-33.37117, 0.6983058, -38.546703)","goal":"(-32.26592, 0.69806874, -37.229523)","feet":"(-32.31489, 0.6983058, -37.287884)","reached":true,"onFloor":true,"canStand":true,"contacts":[{"owner":"/root/Act1NotebookShopSmokeTest/Act1Demo/Main/ZoneHost/Act1ConnectedWorld/Act1CoreWorldGreybox/Act1AuthoredExteriorKitPresentation/DistantPerimeterParcels/WestReturnMidParcel/WestReturnMidFacade/PublicInterior_shop/MainRoom/TimberFloorBody","point":"(-32.31489, 0.69806874, -37.287884)","normal":"(0, 1, 0)"}]}
SaveGameV3 written to /Users/unterlantas/Library/Application Support/Godot/app_userdata/URMAN/savegames/checkpoint.savegame-v3.json
checkpoint: auto-saved at urman.chapter1:scene/arrival_vehicle_dusk
SaveGameV3 written to /Users/unterlantas/Library/Application Support/Godot/app_userdata/URMAN/savegames/checkpoint.savegame-v3.json
checkpoint: auto-saved at urman.chapter1:scene/arrival_vehicle_dusk
state-final-render-sync-begin: label=notebook-shop/02_shop_purchases tick=34939 drawn=354 process=354 physics=350 windowVisible=True focus=True mode=Windowed renderLoop=True
state-final-render-sync-end: label=notebook-shop/02_shop_purchases milliseconds=15 forcedScreenshotRender=False
notebook-shop-capture: /Users/unterlantas/Documents/GitHub/URMAN/docs/production/act1_takeover_evidence_2026-09-16/images-notebook-shop-05/02_shop_purchases.png
ERROR: act1-notebook-shop-smoke: System.InvalidOperationException: Missing existing test inspection field: SettlementMapControl._known
   at Urman.Godot.Tests.Act1NotebookShopSmokeTest.Field(Type type, String name) in /Users/unterlantas/Documents/GitHub/URMAN/game/tests/Act1NotebookShopSmokeTest.cs:line 684
   at Urman.Godot.Tests.Act1NotebookShopSmokeTest.ReadPrivate[T](Object owner, String name) in /Users/unterlantas/Documents/GitHub/URMAN/game/tests/Act1NotebookShopSmokeTest.cs:line 686
   at Urman.Godot.Tests.Act1NotebookShopSmokeTest.CheckAddressPages(String addressId, Boolean located, String phase) in /Users/unterlantas/Documents/GitHub/URMAN/game/tests/Act1NotebookShopSmokeTest.cs:line 549
   at Urman.Godot.Tests.Act1NotebookShopSmokeTest.CheckHeardAndLocatedAddressAsync(Act1ConnectedWorld world) in /Users/unterlantas/Documents/GitHub/URMAN/game/tests/Act1NotebookShopSmokeTest.cs:line 502
   at Urman.Godot.Tests.Act1NotebookShopSmokeTest.CheckShopAsync(String expectedNote) in /Users/unterlantas/Documents/GitHub/URMAN/game/tests/Act1NotebookShopSmokeTest.cs:line 431
   at Urman.Godot.Tests.Act1NotebookShopSmokeTest._Ready() in /Users/unterlantas/Documents/GitHub/URMAN/game/tests/Act1NotebookShopSmokeTest.cs:line 54
   at: void Urman.Godot.Tests.Act1NotebookShopSmokeTest+<_Ready>d__8.MoveNext() (res://tests/Act1NotebookShopSmokeTest.cs:54)
   C# backtrace (most recent call first):
       [0] void Godot.GD.PushError(string) (/root/godot/modules/mono/glue/GodotSharp/GodotSharp/Core/GD.cs:366)
       [1] void Urman.Godot.Tests.Act1NotebookShopSmokeTest+<_Ready>d__8.MoveNext() (/Users/unterlantas/Documents/GitHub/URMAN/game/tests/Act1NotebookShopSmokeTest.cs:54)
       [2] void System.Threading.ExecutionContext.RunInternal(System.Threading.ExecutionContext, System.Threading.ContextCallback, object)
       [3] void System.Threading.Tasks.AwaitTaskContinuation.RunCallback(System.Threading.ContextCallback, object, System.Threading.Tasks.Task&)
       [4] void System.Threading.Tasks.Task.RunContinuations(object)
       [5] void System.Threading.Tasks.Task.FinishSlow(bool)
       [6] bool System.Threading.Tasks.Task.TrySetException(object)
       [7] void System.Runtime.CompilerServices.AsyncTaskMethodBuilder`1.SetException(System.Exception, System.Threading.Tasks.Task`1[TResult]&)
       [8] void Urman.Godot.Tests.Act1NotebookShopSmokeTest+<CheckShopAsync>d__15.MoveNext() (/Users/unterlantas/Documents/GitHub/URMAN/game/tests/Act1NotebookShopSmokeTest.cs:431)
       [9] void System.Threading.ExecutionContext.RunInternal(System.Threading.ExecutionContext, System.Threading.ContextCallback, object)
       [10] void System.Threading.Tasks.AwaitTaskContinuation.RunCallback(System.Threading.ContextCallback, object, System.Threading.Tasks.Task&)
       [11] void System.Threading.Tasks.Task.RunContinuations(object)
       [12] void System.Threading.Tasks.Task.FinishSlow(bool)
       [13] bool System.Threading.Tasks.Task.TrySetException(object)
       [14] void System.Runtime.CompilerServices.AsyncTaskMethodBuilder`1.SetException(System.Exception, System.Threading.Tasks.Task`1[TResult]&)
       [15] void Urman.Godot.Tests.Act1NotebookShopSmokeTest+<CheckHeardAndLocatedAddressAsync>d__16.MoveNext() (/Users/unterlantas/Documents/GitHub/URMAN/game/tests/Act1NotebookShopSmokeTest.cs:502)
       [16] void System.Runtime.CompilerServices.AsyncTaskMethodBuilder`1+AsyncStateMachineBox`1.ExecutionContextCallback(object)
       [17] void System.Threading.ExecutionContext.RunInternal(System.Threading.ExecutionContext, System.Threading.ContextCallback, object)
       [18] void System.Runtime.CompilerServices.AsyncTaskMethodBuilder`1+AsyncStateMachineBox`1.MoveNext(System.Threading.Thread)
       [19] void System.Threading.Tasks.AwaitTaskContinuation.RunCallback(System.Threading.ContextCallback, object, System.Threading.Tasks.Task&)
       [20] void System.Threading.Tasks.Task.RunContinuations(object)
       [21] void System.Threading.Tasks.Task.FinishSlow(bool)
       [22] bool System.Threading.Tasks.Task.TrySetException(object)
       [23] void System.Runtime.CompilerServices.AsyncTaskMethodBuilder`1.SetException(System.Exception, System.Threading.Tasks.Task`1[TResult]&)
       [24] void Urman.Godot.Tests.Act1NotebookShopSmokeTest+<CheckAddressPages>d__17.MoveNext() (/Users/unterlantas/Documents/GitHub/URMAN/game/tests/Act1NotebookShopSmokeTest.cs:549)
       [25] void System.Threading.ExecutionContext.RunInternal(System.Threading.ExecutionContext, System.Threading.ContextCallback, object)
       [26] void System.Threading.Tasks.AwaitTaskContinuation.RunCallback(System.Threading.ContextCallback, object, System.Threading.Tasks.Task&)
       [27] void System.Threading.Tasks.Task.RunContinuations(object)
       [28] void System.Runtime.CompilerServices.AsyncTaskMethodBuilder.SetResult()
       [29] void Urman.Godot.Tests.Act1NotebookShopSmokeTest+<Frames>d__27.MoveNext() (/Users/unterlantas/Documents/GitHub/URMAN/game/tests/Act1NotebookShopSmokeTest.cs:698)
       [30] void System.Threading.ExecutionContext.RunInternal(System.Threading.ExecutionContext, System.Threading.ContextCallback, object)
       [31] void System.Runtime.CompilerServices.AsyncTaskMethodBuilder`1+AsyncStateMachineBox`1.MoveNext()
       [32] void Godot.SignalAwaiter.SignalCallback(nint, Godot.NativeInterop.godot_variant**, int, Godot.NativeInterop.godot_bool*) (/root/godot/modules/mono/glue/GodotSharp/GodotSharp/Core/SignalAwaiter.cs:65)
{"test":"act1-notebook-shop","status":"fail","checks":[{"check":"ordinary-new-game","status":"pass"},{"check":"ordinary-session-controls","status":"pass"},{"check":"purchase-from-arrival-refused-without-state-change","status":"pass"},{"check":"notebook-editor-focus-and-enlarged-font","status":"pass"},{"check":"notebook-section-popup-matches-text-scale","status":"pass"},{"kind":"notebook-write-state","phase":"before-immediate-save","editorLength":50,"runtimeLength":0,"dirty":false,"saving":false,"saveDisabled":false,"visible":true,"status":"","sameSession":true},{"kind":"notebook-write-state","phase":"after-disk-failure","editorLength":50,"runtimeLength":50,"dirty":true,"saving":false,"saveDisabled":false,"visible":true,"status":"\u041D\u0435 \u0443\u0434\u0430\u043B\u043E\u0441\u044C \u0437\u0430\u043F\u0438\u0441\u0430\u0442\u044C \u2014 \u0442\u0435\u043A\u0441\u0442 \u043E\u0441\u0442\u0430\u043B\u0441\u044F \u043D\u0430 \u0441\u0442\u0440\u0430\u043D\u0438\u0446\u0435","sameSession":true},{"check":"disk-failure-keeps-visible-draft-and-reports-refusal","status":"pass"},{"check":"failed-disk-write-preserves-committed-runtime-text","status":"pass"},{"check":"actual-editor-change-reaches-dirty-draft","status":"pass"},{"check":"expected-load-failure","status":"pass"},{"check":"failed-load-keeps-open-book-dirty-draft-and-modal-owner","status":"pass"},{"check":"actual-editor-change-reaches-dirty-draft","status":"pass"},{"kind":"notebook-write-state","phase":"failed-write-then-revert-original-text","editorLength":0,"runtimeLength":0,"dirty":true,"saving":false,"saveDisabled":false,"visible":true,"status":"\u041D\u0435 \u0443\u0434\u0430\u043B\u043E\u0441\u044C \u0437\u0430\u043F\u0438\u0441\u0430\u0442\u044C \u2014 \u0442\u0435\u043A\u0441\u0442 \u043E\u0441\u0442\u0430\u043B\u0441\u044F \u043D\u0430 \u0441\u0442\u0440\u0430\u043D\u0438\u0446\u0435","sameSession":true},{"check":"reverting-to-original-text-undoes-failed-write-runtime-value-and-keeps-disk-retry","status":"pass"},{"check":"actual-editor-change-reaches-dirty-draft","status":"pass"},{"kind":"expected-fault","scope":"test-owned save directory is a regular file","modifiedUserFiles":false,"modifiedPermissions":false},{"kind":"notebook-write-state","phase":"after-same-text-retry","editorLength":50,"runtimeLength":50,"dirty":false,"saving":false,"saveDisabled":false,"visible":true,"status":"\u0417\u0430\u043F\u0438\u0441\u0430\u043D\u043E","sameSession":true},{"check":"same-text-retry-reaches-real-save-store","status":"pass"},{"check":"load-notebook-retry-checkpoint","status":"pass"},{"check":"disk-retry-survives-load-and-notes-reopen-focus","status":"pass"},{"check":"map-reopen-keeps-keyboard-focus-on-visible-tabs","status":"pass"},{"check":"actual-editor-change-reaches-dirty-draft","status":"pass"},{"check":"real-async-save-yields-for-concurrent-edit-probe","status":"pass"},{"check":"actual-editor-change-reaches-dirty-draft","status":"pass"},{"check":"newer-draft-keeps-book-open-after-older-save-completes","status":"pass"},{"check":"close-commits-current-draft","status":"pass"},{"check":"actual-editor-change-reaches-dirty-draft","status":"pass"},{"check":"load-while-notebook-is-open","status":"pass"},{"kind":"notebook-physical-feet","phase":"loaded-with-book-open","physicsFrame":67,"feet":"(0, -0.11800001, 9)","velocity":"(0, 0, 0)","onFloor":false,"canStand":true,"canCrouch":true,"crouched":true,"modal":true,"sessionTransition":false,"modalOwner":true,"stancePending":true,"vehicle":false,"recovery":false,"treePaused":false,"supportOwner":"/root/Act1NotebookShopSmokeTest/Act1Demo/Main/ZoneHost/Act1ConnectedWorld/Act1CoreWorldGreybox/AgentBExteriorWorld/AgentB_TerrainCollision","supportPoint":"(0, -0.539636, 9)","supportNormal":"(-0.013267062, 0.9997987, 0.015052593)","supportGap":0.42163602},{"check":"successful-load-restores-saved-draft-and-retains-visible-book-modal","status":"pass"},{"kind":"notebook-physical-feet","phase":"book-just-closed-after-load","physicsFrame":70,"feet":"(0, -0.11800001, 9)","velocity":"(0, 0, 0)","onFloor":false,"canStand":true,"canCrouch":true,"crouched":false,"modal":false,"sessionTransition":false,"modalOwner":false,"stancePending":false,"vehicle":false,"recovery":false,"treePaused":false,"supportOwner":"/root/Act1NotebookShopSmokeTest/Act1Demo/Main/ZoneHost/Act1ConnectedWorld/Act1CoreWorldGreybox/AgentBExteriorWorld/AgentB_TerrainCollision","supportPoint":"(0, -0.539636, 9)","supportNormal":"(-0.013267062, 0.9997987, 0.015052593)","supportGap":0.42163602},{"check":"loaded-notebook-close-releases-modal-owner","status":"pass"},{"kind":"notebook-physical-feet","phase":"before-natural-floor-settle","physicsFrame":70,"feet":"(0, -0.11800001, 9)","velocity":"(0, 0, 0)","onFloor":false,"canStand":true,"canCrouch":true,"crouched":false,"modal":false,"sessionTransition":false,"modalOwner":false,"stancePending":false,"vehicle":false,"recovery":false,"treePaused":false,"supportOwner":"/root/Act1NotebookShopSmokeTest/Act1Demo/Main/ZoneHost/Act1ConnectedWorld/Act1CoreWorldGreybox/AgentBExteriorWorld/AgentB_TerrainCollision","supportPoint":"(0, -0.539636, 9)","supportNormal":"(-0.013267062, 0.9997987, 0.015052593)","supportGap":0.42163602},{"check":"notebook-floor-settle-has-ordinary-pedestrian-control","status":"pass"},{"check":"notebook-floor-settle-has-measured-nearby-walkable-support","status":"pass"},{"kind":"notebook-physical-feet","phase":"natural-floor-settle-1","physicsFrame":71,"feet":"(0, -0.124000005, 9)","velocity":"(0, -0.36, 0)","onFloor":false,"canStand":true,"canCrouch":true,"crouched":false,"modal":false,"sessionTransition":false,"modalOwner":false,"stancePending":false,"vehicle":false,"recovery":false,"treePaused":false,"supportOwner":"/root/Act1NotebookShopSmokeTest/Act1Demo/Main/ZoneHost/Act1ConnectedWorld/Act1CoreWorldGreybox/AgentBExteriorWorld/AgentB_TerrainCollision","supportPoint":"(0, -0.53963614, 9)","supportNormal":"(-0.013267062, 0.9997987, 0.015052593)","supportGap":0.41563612},{"kind":"notebook-physical-feet","phase":"natural-floor-settle-2","physicsFrame":72,"feet":"(0, -0.136, 9)","velocity":"(0, -0.72, 0)","onFloor":false,"canStand":true,"canCrouch":true,"crouched":false,"modal":false,"sessionTransition":false,"modalOwner":false,"stancePending":false,"vehicle":false,"recovery":false,"treePaused":false,"supportOwner":"/root/Act1NotebookShopSmokeTest/Act1Demo/Main/ZoneHost/Act1ConnectedWorld/Act1CoreWorldGreybox/AgentBExteriorWorld/AgentB_TerrainCollision","supportPoint":"(0, -0.53963614, 9)","supportNormal":"(-0.013267062, 0.9997987, 0.015052593)","supportGap":0.40363613},{"kind":"notebook-physical-feet","phase":"natural-floor-settle-3","physicsFrame":73,"feet":"(0, -0.15400001, 9)","velocity":"(0, -1.08, 0)","onFloor":false,"canStand":true,"canCrouch":true,"crouched":false,"modal":false,"sessionTransition":false,"modalOwner":false,"stancePending":false,"vehicle":false,"recovery":false,"treePaused":false,"supportOwner":"/root/Act1NotebookShopSmokeTest/Act1Demo/Main/ZoneHost/Act1ConnectedWorld/Act1CoreWorldGreybox/AgentBExteriorWorld/AgentB_TerrainCollision","supportPoint":"(0, -0.53963614, 9)","supportNormal":"(-0.013267062, 0.9997987, 0.015052593)","supportGap":0.38563612},{"kind":"notebook-physical-feet","phase":"natural-floor-settle-4","physicsFrame":74,"feet":"(0, -0.17800002, 9)","velocity":"(0, -1.44, 0)","onFloor":false,"canStand":true,"canCrouch":true,"crouched":false,"modal":false,"sessionTransition":false,"modalOwner":false,"stancePending":false,"vehicle":false,"recovery":false,"treePaused":false,"supportOwner":"/root/Act1NotebookShopSmokeTest/Act1Demo/Main/ZoneHost/Act1ConnectedWorld/Act1CoreWorldGreybox/AgentBExteriorWorld/AgentB_TerrainCollision","supportPoint":"(0, -0.5396361, 9)","supportNormal":"(-0.013267062, 0.9997987, 0.015052593)","supportGap":0.36163604},{"kind":"notebook-physical-feet","phase":"natural-floor-settle-5","physicsFrame":75,"feet":"(0, -0.20800002, 9)","velocity":"(0, -1.8000001, 0)","onFloor":false,"canStand":true,"canCrouch":true,"crouched":false,"modal":false,"sessionTransition":false,"modalOwner":false,"stancePending":false,"vehicle":false,"recovery":false,"treePaused":false,"supportOwner":"/root/Act1NotebookShopSmokeTest/Act1Demo/Main/ZoneHost/Act1ConnectedWorld/Act1CoreWorldGreybox/AgentBExteriorWorld/AgentB_TerrainCollision","supportPoint":"(0, -0.53963614, 9)","supportNormal":"(-0.013267062, 0.9997987, 0.015052593)","supportGap":0.33163613},{"kind":"notebook-physical-feet","phase":"natural-floor-settle-12","physicsFrame":82,"feet":"(0, -0.53931254, 9)","velocity":"(0, 0, 0)","onFloor":true,"canStand":true,"canCrouch":true,"crouched":false,"modal":false,"sessionTransition":false,"modalOwner":false,"stancePending":false,"vehicle":false,"recovery":false,"treePaused":false,"supportOwner":"/root/Act1NotebookShopSmokeTest/Act1Demo/Main/ZoneHost/Act1ConnectedWorld/Act1CoreWorldGreybox/AgentBExteriorWorld/AgentB_TerrainCollision","supportPoint":"(0, -0.5396361, 9)","supportNormal":"(-0.013267062, 0.9997987, 0.015052593)","supportGap":0.000323534},{"kind":"notebook-physical-feet","phase":"after-natural-floor-settle","physicsFrame":83,"feet":"(0, -0.53931254, 9)","velocity":"(0, 0, 0)","onFloor":true,"canStand":true,"canCrouch":true,"crouched":false,"modal":false,"sessionTransition":false,"modalOwner":false,"stancePending":false,"vehicle":false,"recovery":false,"treePaused":false,"supportOwner":"/root/Act1NotebookShopSmokeTest/Act1Demo/Main/ZoneHost/Act1ConnectedWorld/Act1CoreWorldGreybox/AgentBExteriorWorld/AgentB_TerrainCollision","supportPoint":"(0, -0.5396361, 9)","supportNormal":"(-0.013267062, 0.9997987, 0.015052593)","supportGap":0.000323534},{"check":"notebook-physical-load-starts-at-supported-ordinary-feet-without-relocation","status":"pass"},{"check":"notebook-physical-load-saves-attained-state","status":"pass"},{"kind":"notebook-shop-walk","label":"walk-away-from-notebook-saved-feet-without-placement-fixture","from":"(0, -0.53931254, 9)","goal":"(0, -0.5383104, 10.8)","feet":"(5.946773E-06, -0.53976506, 10.699865)","reached":true,"onFloor":true,"canStand":true,"contacts":[{"owner":"/root/Act1NotebookShopSmokeTest/Act1Demo/Main/ZoneHost/Act1ConnectedWorld/Act1CoreWorldGreybox/AgentBExteriorWorld/AgentB_TerrainCollision","point":"(-0.0004750029, -0.54017967, 10.706903)","normal":"(0.0013722379, 0.9997974, -0.020082783)"}]},{"check":"walk-away-from-notebook-saved-feet-without-placement-fixture","status":"pass"},{"check":"notebook-rollback-has-a-distinct-walked-to-free-position","status":"pass"},{"check":"actual-editor-change-reaches-dirty-draft","status":"pass"},{"check":"owned-obstacle-blocks-saved-capsule-and-leaves-rollback-feet-free","status":"pass"},{"check":"notebook-load-rejects-real-blocked-saved-position","status":"pass"},{"kind":"notebook-write-state","phase":"after-physical-load-rollback","editorLength":120,"runtimeLength":56,"dirty":true,"saving":false,"saveDisabled":false,"visible":true,"status":"\u0415\u0441\u0442\u044C \u043D\u0435\u0437\u0430\u043F\u0438\u0441\u0430\u043D\u043D\u044B\u0435 \u0438\u0437\u043C\u0435\u043D\u0435\u043D\u0438\u044F","sameSession":true},{"check":"physical-load-really-recreates-previous-session-at-free-feet","status":"pass"},{"check":"physical-rollback-preserves-visible-draft-baseline-feedback-and-rebinds-session","status":"pass"},{"check":"physical-rollback-writes-neither-draft-progress-slot-backup-nor-profile","status":"pass"},{"check":"notebook-same-slot-loads-after-owned-obstacle-removal","status":"pass"},{"check":"successful-physical-retry-accepts-saved-text-and-discards-transient-draft-without-slot-rewrite","status":"pass"},{"check":"notebook-physical-retry-releases-modal-on-close","status":"pass"},{"kind":"notebook-physical-rollback","slot":"notebook-shop-7aa2b46777c64c1e95bd0e35cd3faaf2-draft","savedFeet":"(0, -0.53931254, 9)","rollbackFeet":"(5.946773E-06, -0.53976506, 10.699865)","movement":"ordinary walked path","actualObstacle":true,"negativeLoad":false,"positiveLoad":true,"unsavedDraftRetainedOnlyForFailure":true},{"check":"shop-outside-fixture-fits-real-capsule","status":"pass"},{"check":"shop-outside-fixture-has-real-support","status":"pass"},{"kind":"local-fixture","at":"(-30.699574, 0.375309, -39.67635)","purpose":"start outside existing shop entrance","traversalMeasurement":false},{"check":"shop/entrance-starts-closed-before-deliberate-input","status":"pass"},{"kind":"notebook-shop-door","phase":"before-input","key":"shop/entrance","feet":"(-30.699574, 0.375309, -39.67635)","target":"(-32.091225, 1.6070688, -39.72495)","hinge":"/root/Act1NotebookShopSmokeTest/Act1Demo/Main/ZoneHost/Act1ConnectedWorld/Act1CoreWorldGreybox/Act1AuthoredExteriorKitPresentation/DistantPerimeterParcels/WestReturnMidParcel/WestReturnMidFacade/PublicInterior_shop/shopEntranceHinge","angleDegrees":90,"open":false,"expectedAngleDegrees":-5,"modal":false,"focus":true,"actionNumber":0,"result":"not-called","sweep":"not-called"},{"check":"actual-ray-and-availability-shopEntranceUse","status":"pass"},{"kind":"notebook-shop-door","phase":"after-input","key":"shop/entrance","feet":"(-30.699574, 0.375309, -39.67635)","target":"(-32.02542, 1.6070688, -39.718018)","hinge":"/root/Act1NotebookShopSmokeTest/Act1Demo/Main/ZoneHost/Act1ConnectedWorld/Act1CoreWorldGreybox/Act1AuthoredExteriorKitPresentation/DistantPerimeterParcels/WestReturnMidParcel/WestReturnMidFacade/PublicInterior_shop/shopEntranceHinge","angleDegrees":81.9786,"open":true,"expectedAngleDegrees":-5,"modal":false,"focus":true,"actionNumber":1,"result":"committed","sweep":"{\u0022clear\u0022:true,\u0022samples\u0022:88,\u0022from\u0022:1.5707964,\u0022to\u0022:-0.08726646}"},{"check":"shop/entrance-one-input-reaches-exactly-one-door-action","status":"pass"},{"check":"shop/entrance-ordinary-door-action-commits-open-state","status":"pass"},{"kind":"notebook-shop-door","phase":"finished","key":"shop/entrance","feet":"(-30.699574, 0.375309, -39.67635)","target":"(-31.638256, 1.6070688, -39.19459)","hinge":"/root/Act1NotebookShopSmokeTest/Act1Demo/Main/ZoneHost/Act1ConnectedWorld/Act1CoreWorldGreybox/Act1AuthoredExteriorKitPresentation/DistantPerimeterParcels/WestReturnMidParcel/WestReturnMidFacade/PublicInterior_shop/shopEntranceHinge","angleDegrees":-4.9999995,"open":true,"expectedAngleDegrees":-5,"modal":false,"focus":true,"actionNumber":1,"result":"committed","sweep":"{\u0022clear\u0022:true,\u0022samples\u0022:88,\u0022from\u0022:1.5707964,\u0022to\u0022:-0.08726646}"},{"kind":"notebook-shop-walk","label":"walk-through-outer-shop-door","from":"(-30.699574, 0.375309, -39.67635)","goal":"(-32.795296, 0.64856875, -39.749535)","feet":"(-32.688515, 0.6487016, -39.74581)","reached":true,"onFloor":true,"canStand":true,"contacts":[{"owner":"/root/Act1NotebookShopSmokeTest/Act1Demo/Main/ZoneHost/Act1ConnectedWorld/Act1CoreWorldGreybox/Act1AuthoredExteriorKitPresentation/DistantPerimeterParcels/WestReturnMidParcel/WestReturnMidFacade/PublicInterior_shop/SeniFloorBody","point":"(-32.688515, 0.6485687, -39.74581)","normal":"(0, 1, 0)"}]},{"check":"walk-through-outer-shop-door","status":"pass"},{"check":"shop/inner-door-starts-closed-before-deliberate-input","status":"pass"},{"kind":"notebook-shop-door","phase":"before-input","key":"shop/inner-door","feet":"(-32.688515, 0.6487016, -39.74581)","target":"(-33.367527, 1.6498187, -38.835945)","hinge":"/root/Act1NotebookShopSmokeTest/Act1Demo/Main/ZoneHost/Act1ConnectedWorld/Act1CoreWorldGreybox/Act1AuthoredExteriorKitPresentation/DistantPerimeterParcels/WestReturnMidParcel/WestReturnMidFacade/PublicInterior_shop/shopInnerDoorHinge","angleDegrees":0,"open":false,"expectedAngleDegrees":-95,"modal":false,"focus":true,"actionNumber":0,"result":"not-called","sweep":"not-called"},{"check":"actual-ray-and-availability-shopInnerDoorUse","status":"pass"},{"kind":"notebook-shop-door","phase":"after-input","key":"shop/inner-door","feet":"(-32.688515, 0.6487016, -39.74581)","target":"(-33.37497, 1.6498187, -38.765274)","hinge":"/root/Act1NotebookShopSmokeTest/Act1Demo/Main/ZoneHost/Act1ConnectedWorld/Act1CoreWorldGreybox/Act1AuthoredExteriorKitPresentation/DistantPerimeterParcels/WestReturnMidParcel/WestReturnMidFacade/PublicInterior_shop/shopInnerDoorHinge","angleDegrees":-8.021409,"open":true,"expectedAngleDegrees":-95,"modal":false,"focus":true,"actionNumber":1,"result":"committed","sweep":"{\u0022clear\u0022:true,\u0022samples\u0022:94,\u0022from\u0022:0,\u0022to\u0022:-1.6580628}"},{"check":"shop/inner-door-one-input-reaches-exactly-one-door-action","status":"pass"},{"check":"shop/inner-door-ordinary-door-action-commits-open-state","status":"pass"},{"kind":"notebook-shop-door","phase":"finished","key":"shop/inner-door","feet":"(-32.688515, 0.6487016, -39.74581)","target":"(-33.937126, 1.6498187, -38.34946)","hinge":"/root/Act1NotebookShopSmokeTest/Act1Demo/Main/ZoneHost/Act1ConnectedWorld/Act1CoreWorldGreybox/Act1AuthoredExteriorKitPresentation/DistantPerimeterParcels/WestReturnMidParcel/WestReturnMidFacade/PublicInterior_shop/shopInnerDoorHinge","angleDegrees":-95,"open":true,"expectedAngleDegrees":-95,"modal":false,"focus":true,"actionNumber":1,"result":"committed","sweep":"{\u0022clear\u0022:true,\u0022samples\u0022:94,\u0022from\u0022:0,\u0022to\u0022:-1.6580628}"},{"kind":"notebook-shop-walk","label":"align-with-fixed-inner-shop-aperture","from":"(-32.688515, 0.6487016, -39.74581)","goal":"(-33.33496, 0.64856875, -39.76838)","feet":"(-33.254845, 0.6487016, -39.76558)","reached":true,"onFloor":true,"canStand":true,"contacts":[{"owner":"/root/Act1NotebookShopSmokeTest/Act1Demo/Main/ZoneHost/Act1ConnectedWorld/Act1CoreWorldGreybox/Act1AuthoredExteriorKitPresentation/DistantPerimeterParcels/WestReturnMidParcel/WestReturnMidFacade/PublicInterior_shop/SeniFloorBody","point":"(-33.254845, 0.6485687, -39.76558)","normal":"(0, 1, 0)"}]},{"check":"align-with-fixed-inner-shop-aperture","status":"pass"},{"kind":"notebook-shop-walk","label":"walk-through-inner-shop-door","from":"(-33.254845, 0.6487016, -39.76558)","goal":"(-33.381363, 0.69806874, -38.43969)","feet":"(-33.37117, 0.6983058, -38.546703)","reached":true,"onFloor":true,"canStand":true,"contacts":[{"owner":"/root/Act1NotebookShopSmokeTest/Act1Demo/Main/ZoneHost/Act1ConnectedWorld/Act1CoreWorldGreybox/Act1AuthoredExteriorKitPresentation/DistantPerimeterParcels/WestReturnMidParcel/WestReturnMidFacade/PublicInterior_shop/MainRoom/TimberFloorBody","point":"(-33.37117, 0.69806874, -38.546703)","normal":"(0, 1, 0)"}]},{"check":"walk-through-inner-shop-door","status":"pass"},{"kind":"notebook-shop-walk","label":"walk-to-real-counter","from":"(-33.37117, 0.6983058, -38.546703)","goal":"(-32.26592, 0.69806874, -37.229523)","feet":"(-32.31489, 0.6983058, -37.287884)","reached":true,"onFloor":true,"canStand":true,"contacts":[{"owner":"/root/Act1NotebookShopSmokeTest/Act1Demo/Main/ZoneHost/Act1ConnectedWorld/Act1CoreWorldGreybox/Act1AuthoredExteriorKitPresentation/DistantPerimeterParcels/WestReturnMidParcel/WestReturnMidFacade/PublicInterior_shop/MainRoom/TimberFloorBody","point":"(-32.31489, 0.69806874, -37.287884)","normal":"(0, 1, 0)"}]},{"check":"walk-to-real-counter","status":"pass"},{"check":"shared-real-shop-counter","status":"pass"},{"check":"actual-ray-and-availability-VillageShopCounter","status":"pass"},{"check":"physical-counter-opens-modal-shop","status":"pass"},{"check":"new-shop-buttons-use-current-scale-and-contrast","status":"pass"},{"check":"purchase-atomically-receives-and-records-tea","status":"pass"},{"check":"received-product-disabled-tea","status":"pass"},{"check":"rebuilt-shop-buttons-retain-scale-tea","status":"pass"},{"check":"purchase-atomically-receives-and-records-matches","status":"pass"},{"check":"received-product-disabled-matches","status":"pass"},{"check":"rebuilt-shop-buttons-retain-scale-matches","status":"pass"},{"check":"duplicate-purchase-refused-with-one-ledger-row","status":"pass"},{"check":"shop-closes-and-releases-controls","status":"pass"},{"check":"school-address-unknown-before-the-conversation","status":"pass"},{"check":"actual-ray-and-availability-VillageShopGreeting","status":"pass"},{"check":"spoken-address-does-not-locate-the-house","status":"pass"},{"check":"cannot-record-school-plate-from-the-shop","status":"pass"},{"check":"heard-school-written-address-can-be-reread","status":"pass"}],"error":"Missing existing test inspection field: SettlementMapControl._known"}
userdata guard: original files and permissions restored and verified
