Godot Engine v4.7.1.stable.mono.official.a13da4feb - https://godotengine.org
Metal 4.0 - Forward+ - Using Device #0: Apple - Apple M4 Pro (Apple9)

act1-river: ice_slabs=31 blockers=29 road_gap_samples=2 bridge=broken@(15,-85)
village-chimney: /root/Act1NotebookShopSmokeTest/Act1Demo/Main/ZoneHost/Act1ConnectedWorld/Act1CoreWorldGreybox/Act1AuthoredExteriorKitPresentation/ArrivalAuthoredParcels/ArrivalForwardWestFacade/DwellingFacade_TimberPlaster/DwellingFacade_ChimneyCap_LOD0 top=(-10.2875, 4.7722464, 2.3450005)
village-chimney: /root/Act1NotebookShopSmokeTest/Act1Demo/Main/ZoneHost/Act1ConnectedWorld/Act1CoreWorldGreybox/Act1AuthoredExteriorKitPresentation/DistantPerimeterParcels/WestArrivalNearParcel/WestArrivalNearFacade/DwellingFacade_TimberPlaster/DwellingFacade_ChimneyCap_LOD0 top=(-19.730013, 3.9641316, 15.965501)
act1-terrain-room-cut: room=/root/Act1NotebookShopSmokeTest/Act1Demo/Main/ZoneHost/Act1ConnectedWorld/babay-abi-house half=(4, 3.5) affectedTriangles=48 clippedVertices=49980 publishedVertices=49980 physicsVertices=49980 visualAndPhysics=shared-published-faces
act1-apron-room-cut: mesh=/root/Act1NotebookShopSmokeTest/Act1Demo/Main/ZoneHost/Act1ConnectedWorld/Act1CoreWorldGreybox/AgentBExteriorWorld/AgentB_TerrainRoadKit/URMAN_AgentB_TerrainRoadKit/Apron_BabaiYard affectedTriangles=11 clippedVertices=123 surfaces=1 collision=existing-terrain-owner
act1-south-fence-house-junction: wallX=-33.5880 retainedMembers=13 retiredPostsAndCaps=10 supportedWestWing=2.4920m
act1-drain-bank-conform: mesh=/root/Act1NotebookShopSmokeTest/Act1Demo/Main/ZoneHost/Act1ConnectedWorld/Act1CoreWorldGreybox/AgentBExteriorWorld/AgentB_TerrainRoadKit/URMAN_AgentB_TerrainRoadKit/BabaiYard_EastFenceSwale originalTriangles=78 affectedTriangles=35 outputTriangles=3543 groundOwner=unchanged
act1-roadside-grounding: independent contact meshes=34; source meshes and usable footbridge preserved
act1-kit-blockers: placements=100 shapes=1724 carved_door_slabs=240 flat_slab_skipped=2473 exact_architecture_surfaces=911 hidden_skipped=7 road_clearance_skipped=0
act1-dwelling-threshold: placements=83 worst_analytic_vs_collision_delta=0.028m worst_placement=ArrivalForwardEastShed
act1-building-supports: supported foundations=137; maximum ground drop=1.136m; level entrances preserved
zone-loaded: village_day@arrival connected-world=108531814200
УРМАН Godot vertical slice ready: Painterly Low-Poly / first person
act1-smoke: background input replay; focus-loss pause isolated from this test scene
act1-window-surrounds: painted=1020
act1-legacy-sign: suppressed=1
zone-loaded: village_day@arrival connected-world=108531814200
SaveGameV3 new game session started; existing slots untouched.
act1-intro: confirmed with E
{"kind":"notebook-write-state","phase":"before-immediate-save","editorLength":50,"runtimeLength":0,"dirty":false,"saving":false,"saveDisabled":false,"visible":true,"status":"","sameSession":true}
ERROR: SaveGameV3 write failed: The file '/Users/unterlantas/Library/Application Support/Godot/app_userdata/URMAN/notebook-shop-fault-6a5ad7469d6349fba00f2fef06eb257b/not-a-directory' already exists.
   at: void Urman.Godot.RuntimeBridge+<SaveSlotAsync>d__67.MoveNext() (res://scripts/RuntimeBridge.cs:192)
   C# backtrace (most recent call first):
       [0] void Godot.GD.PushError(string) (/root/godot/modules/mono/glue/GodotSharp/GodotSharp/Core/GD.cs:366)
       [1] void Urman.Godot.RuntimeBridge+<SaveSlotAsync>d__67.MoveNext() (/Users/unterlantas/Documents/GitHub/URMAN/game/scripts/RuntimeBridge.cs:192)
       [2] void System.Runtime.CompilerServices.AsyncMethodBuilderCore.Start<TStateMachine>(TStateMachine&)
       [3] void System.Runtime.CompilerServices.AsyncTaskMethodBuilder`1.Start<TStateMachine>(TStateMachine&)
       [4] System.Threading.Tasks.Task`1[System.Boolean] Urman.Godot.RuntimeBridge.SaveSlotAsync(string)
       [5] void Urman.Godot.RuntimeBridge+<SavePersonalNotebookAsync>d__180.MoveNext() (/Users/unterlantas/Documents/GitHub/URMAN/game/scripts/RuntimeBridge.Notebook.cs:147)
       [6] void System.Runtime.CompilerServices.AsyncMethodBuilderCore.Start<TStateMachine>(TStateMachine&)
       [7] void System.Runtime.CompilerServices.AsyncTaskMethodBuilder`1.Start<TStateMachine>(TStateMachine&)
       [8] System.Threading.Tasks.Task`1[System.Boolean] Urman.Godot.RuntimeBridge.SavePersonalNotebookAsync(string)
       [9] void Urman.Godot.JournalUi+<SaveNotebookDraftAsync>d__76.MoveNext() (/Users/unterlantas/Documents/GitHub/URMAN/game/scripts/JournalUi.Notebook.cs:152)
       [10] void System.Runtime.CompilerServices.AsyncMethodBuilderCore.Start<TStateMachine>(TStateMachine&)
       [11] void System.Runtime.CompilerServices.AsyncTaskMethodBuilder`1.Start<TStateMachine>(TStateMachine&)
       [12] System.Threading.Tasks.Task`1[System.Boolean] Urman.Godot.JournalUi.SaveNotebookDraftAsync()
       [13] void Urman.Godot.JournalUi+<<BuildNotebookUi>b__73_2>d.MoveNext() (/Users/unterlantas/Documents/GitHub/URMAN/game/scripts/JournalUi.Notebook.cs:80)
       [14] void System.Runtime.CompilerServices.AsyncMethodBuilderCore.Start<TStateMachine>(TStateMachine&)
       [15] void Urman.Godot.JournalUi.<BuildNotebookUi>b__73_2()
       [16] void Godot.Callable.<From>g__Trampoline|1_0(object, Godot.NativeInterop.NativeVariantPtrArgs, Godot.NativeInterop.godot_variant&) (/root/godot/modules/mono/glue/GodotSharp/GodotSharp/Core/Callable.generics.cs:39)
       [17] void Godot.DelegateUtils.InvokeWithVariantArgs(nint, System.Void*, Godot.NativeInterop.godot_variant**, int, Godot.NativeInterop.godot_variant*) (/root/godot/modules/mono/glue/GodotSharp/GodotSharp/Core/DelegateUtils.cs:86)
       [18] Godot.NativeInterop.godot_variant Godot.NativeInterop.NativeFuncs.godotsharp_method_bind_call(nint, nint, Godot.NativeInterop.godot_variant**, int, Godot.NativeInterop.godot_variant_call_error&) (/root/godot/modules/mono/glue/GodotSharp/GodotSharp/Godot.SourceGenerators.Internal/Godot.SourceGenerators.Internal.UnmanagedCallbacksGenerator/Godot.NativeInterop.NativeFuncs.generated.cs:388)
       [19] int Godot.NativeCalls.godot_icall_2_921(nint, nint, Godot.NativeInterop.godot_string_name, System.ReadOnlySpan`1[Godot.Variant], Godot.NativeInterop.godot_string_name) (/root/godot/modules/mono/glue/GodotSharp/GodotSharp/Generated/NativeCalls.cs:8163)
       [20] Godot.Error Godot.GodotObject.EmitSignal(Godot.StringName, Godot.Variant[]) (/root/godot/modules/mono/glue/GodotSharp/GodotSharp/Generated/GodotObjects/GodotObject.cs:719)
       [21] void Urman.Godot.Tests.Act1NotebookShopSmokeTest+<CheckNotebookAsync>d__9.MoveNext() (/Users/unterlantas/Documents/GitHub/URMAN/game/tests/Act1NotebookShopSmokeTest.cs:115)
       [22] void System.Runtime.CompilerServices.AsyncTaskMethodBuilder`1+AsyncStateMachineBox`1.ExecutionContextCallback(object)
       [23] void System.Threading.ExecutionContext.RunInternal(System.Threading.ExecutionContext, System.Threading.ContextCallback, object)
       [24] void System.Runtime.CompilerServices.AsyncTaskMethodBuilder`1+AsyncStateMachineBox`1.MoveNext(System.Threading.Thread)
       [25] void System.Threading.Tasks.AwaitTaskContinuation.RunCallback(System.Threading.ContextCallback, object, System.Threading.Tasks.Task&)
       [26] void System.Threading.Tasks.Task.RunContinuations(object)
       [27] bool System.Threading.Tasks.Task`1.TrySetResult(TResult)
       [28] void System.Runtime.CompilerServices.AsyncTaskMethodBuilder`1.SetExistingTaskResult(System.Threading.Tasks.Task`1[TResult], TResult)
       [29] void Urman.Godot.Tests.Act1NotebookShopSmokeTest+<Frames>d__26.MoveNext() (/Users/unterlantas/Documents/GitHub/URMAN/game/tests/Act1NotebookShopSmokeTest.cs:642)
       [30] void System.Threading.ExecutionContext.RunInternal(System.Threading.ExecutionContext, System.Threading.ContextCallback, object)
       [31] void System.Runtime.CompilerServices.AsyncTaskMethodBuilder`1+AsyncStateMachineBox`1.MoveNext(System.Threading.Thread)
       [32] void Godot.SignalAwaiter.SignalCallback(nint, Godot.NativeInterop.godot_variant**, int, Godot.NativeInterop.godot_bool*) (/root/godot/modules/mono/glue/GodotSharp/GodotSharp/Core/SignalAwaiter.cs:65)
{"kind":"notebook-write-state","phase":"after-disk-failure","editorLength":50,"runtimeLength":50,"dirty":true,"saving":false,"saveDisabled":false,"visible":true,"status":"\u041D\u0435 \u0443\u0434\u0430\u043B\u043E\u0441\u044C \u0437\u0430\u043F\u0438\u0441\u0430\u0442\u044C \u2014 \u0442\u0435\u043A\u0441\u0442 \u043E\u0441\u0442\u0430\u043B\u0441\u044F \u043D\u0430 \u0441\u0442\u0440\u0430\u043D\u0438\u0446\u0435","sameSession":true}
ERROR: SaveGameV3 load failed: Neither the primary nor backup SaveGameV3 slot is readable.
   at: void Urman.Godot.RuntimeBridge+<LoadFromStoreAsync>d__81.MoveNext() (res://scripts/RuntimeBridge.cs:385)
   C# backtrace (most recent call first):
       [0] void Godot.GD.PushError(string) (/root/godot/modules/mono/glue/GodotSharp/GodotSharp/Core/GD.cs:366)
       [1] void Urman.Godot.RuntimeBridge+<LoadFromStoreAsync>d__81.MoveNext() (/Users/unterlantas/Documents/GitHub/URMAN/game/scripts/RuntimeBridge.cs:385)
       [2] void System.Runtime.CompilerServices.AsyncMethodBuilderCore.Start<TStateMachine>(TStateMachine&)
       [3] void System.Runtime.CompilerServices.AsyncTaskMethodBuilder`1.Start<TStateMachine>(TStateMachine&)
       [4] System.Threading.Tasks.Task`1[System.Boolean] Urman.Godot.RuntimeBridge.LoadFromStoreAsync(string, Urman.Core.Persistence.AtomicSaveGameStore, bool)
       [5] System.Threading.Tasks.Task`1[System.Boolean] Urman.Godot.RuntimeBridge.LoadSlotAsync(string) (/Users/unterlantas/Documents/GitHub/URMAN/game/scripts/RuntimeBridge.cs:319)
       [6] void Urman.Godot.Tests.Act1NotebookShopSmokeTest+<CheckNotebookAsync>d__9.MoveNext() (/Users/unterlantas/Documents/GitHub/URMAN/game/tests/Act1NotebookShopSmokeTest.cs:125)
       [7] void System.Runtime.CompilerServices.AsyncTaskMethodBuilder`1+AsyncStateMachineBox`1.ExecutionContextCallback(object)
       [8] void System.Threading.ExecutionContext.RunInternal(System.Threading.ExecutionContext, System.Threading.ContextCallback, object)
       [9] void System.Runtime.CompilerServices.AsyncTaskMethodBuilder`1+AsyncStateMachineBox`1.MoveNext(System.Threading.Thread)
       [10] void System.Threading.Tasks.AwaitTaskContinuation.RunCallback(System.Threading.ContextCallback, object, System.Threading.Tasks.Task&)
       [11] void System.Threading.Tasks.Task.RunContinuations(object)
       [12] bool System.Threading.Tasks.Task`1.TrySetResult(TResult)
       [13] void System.Runtime.CompilerServices.AsyncTaskMethodBuilder`1.SetExistingTaskResult(System.Threading.Tasks.Task`1[TResult], TResult)
       [14] void Urman.Godot.Tests.Act1NotebookShopSmokeTest+<EditNotebookTextAsync>d__21.MoveNext() (/Users/unterlantas/Documents/GitHub/URMAN/game/tests/Act1NotebookShopSmokeTest.cs:615)
       [15] void System.Threading.ExecutionContext.RunInternal(System.Threading.ExecutionContext, System.Threading.ContextCallback, object)
       [16] void System.Runtime.CompilerServices.AsyncTaskMethodBuilder`1+AsyncStateMachineBox`1.MoveNext(System.Threading.Thread)
       [17] void System.Threading.Tasks.AwaitTaskContinuation.RunCallback(System.Threading.ContextCallback, object, System.Threading.Tasks.Task&)
       [18] void System.Threading.Tasks.Task.RunContinuations(object)
       [19] bool System.Threading.Tasks.Task`1.TrySetResult(TResult)
       [20] void System.Runtime.CompilerServices.AsyncTaskMethodBuilder`1.SetExistingTaskResult(System.Threading.Tasks.Task`1[TResult], TResult)
       [21] void Urman.Godot.Tests.Act1NotebookShopSmokeTest+<WaitFor>d__25.MoveNext() (/Users/unterlantas/Documents/GitHub/URMAN/game/tests/Act1NotebookShopSmokeTest.cs:637)
       [22] void System.Threading.ExecutionContext.RunInternal(System.Threading.ExecutionContext, System.Threading.ContextCallback, object)
       [23] void System.Runtime.CompilerServices.AsyncTaskMethodBuilder`1+AsyncStateMachineBox`1.MoveNext(System.Threading.Thread)
       [24] void System.Threading.Tasks.AwaitTaskContinuation.RunCallback(System.Threading.ContextCallback, object, System.Threading.Tasks.Task&)
       [25] void System.Threading.Tasks.Task.RunContinuations(object)
       [26] bool System.Threading.Tasks.Task`1.TrySetResult(TResult)
       [27] void System.Runtime.CompilerServices.AsyncTaskMethodBuilder`1.SetExistingTaskResult(System.Threading.Tasks.Task`1[TResult], TResult)
       [28] void Urman.Godot.Tests.Act1NotebookShopSmokeTest+<Frames>d__26.MoveNext() (/Users/unterlantas/Documents/GitHub/URMAN/game/tests/Act1NotebookShopSmokeTest.cs:642)
       [29] void System.Threading.ExecutionContext.RunInternal(System.Threading.ExecutionContext, System.Threading.ContextCallback, object)
       [30] void System.Runtime.CompilerServices.AsyncTaskMethodBuilder`1+AsyncStateMachineBox`1.MoveNext(System.Threading.Thread)
       [31] void Godot.SignalAwaiter.SignalCallback(nint, Godot.NativeInterop.godot_variant**, int, Godot.NativeInterop.godot_bool*) (/root/godot/modules/mono/glue/GodotSharp/GodotSharp/Core/SignalAwaiter.cs:65)
ERROR: SaveGameV3 write failed: The file '/Users/unterlantas/Library/Application Support/Godot/app_userdata/URMAN/notebook-shop-fault-6a5ad7469d6349fba00f2fef06eb257b/not-a-directory' already exists.
   at: void Urman.Godot.RuntimeBridge+<SaveSlotAsync>d__67.MoveNext() (res://scripts/RuntimeBridge.cs:192)
   C# backtrace (most recent call first):
       [0] void Godot.GD.PushError(string) (/root/godot/modules/mono/glue/GodotSharp/GodotSharp/Core/GD.cs:366)
       [1] void Urman.Godot.RuntimeBridge+<SaveSlotAsync>d__67.MoveNext() (/Users/unterlantas/Documents/GitHub/URMAN/game/scripts/RuntimeBridge.cs:192)
       [2] void System.Runtime.CompilerServices.AsyncMethodBuilderCore.Start<TStateMachine>(TStateMachine&)
       [3] void System.Runtime.CompilerServices.AsyncTaskMethodBuilder`1.Start<TStateMachine>(TStateMachine&)
       [4] System.Threading.Tasks.Task`1[System.Boolean] Urman.Godot.RuntimeBridge.SaveSlotAsync(string)
       [5] void Urman.Godot.RuntimeBridge+<SavePersonalNotebookAsync>d__180.MoveNext() (/Users/unterlantas/Documents/GitHub/URMAN/game/scripts/RuntimeBridge.Notebook.cs:147)
       [6] void System.Runtime.CompilerServices.AsyncMethodBuilderCore.Start<TStateMachine>(TStateMachine&)
       [7] void System.Runtime.CompilerServices.AsyncTaskMethodBuilder`1.Start<TStateMachine>(TStateMachine&)
       [8] System.Threading.Tasks.Task`1[System.Boolean] Urman.Godot.RuntimeBridge.SavePersonalNotebookAsync(string)
       [9] void Urman.Godot.JournalUi+<SaveNotebookDraftAsync>d__76.MoveNext() (/Users/unterlantas/Documents/GitHub/URMAN/game/scripts/JournalUi.Notebook.cs:152)
       [10] void System.Runtime.CompilerServices.AsyncMethodBuilderCore.Start<TStateMachine>(TStateMachine&)
       [11] void System.Runtime.CompilerServices.AsyncTaskMethodBuilder`1.Start<TStateMachine>(TStateMachine&)
       [12] System.Threading.Tasks.Task`1[System.Boolean] Urman.Godot.JournalUi.SaveNotebookDraftAsync()
       [13] void Urman.Godot.JournalUi+<<BuildNotebookUi>b__73_2>d.MoveNext() (/Users/unterlantas/Documents/GitHub/URMAN/game/scripts/JournalUi.Notebook.cs:80)
       [14] void System.Runtime.CompilerServices.AsyncMethodBuilderCore.Start<TStateMachine>(TStateMachine&)
       [15] void Urman.Godot.JournalUi.<BuildNotebookUi>b__73_2()
       [16] void Godot.Callable.<From>g__Trampoline|1_0(object, Godot.NativeInterop.NativeVariantPtrArgs, Godot.NativeInterop.godot_variant&) (/root/godot/modules/mono/glue/GodotSharp/GodotSharp/Core/Callable.generics.cs:39)
       [17] void Godot.DelegateUtils.InvokeWithVariantArgs(nint, System.Void*, Godot.NativeInterop.godot_variant**, int, Godot.NativeInterop.godot_variant*) (/root/godot/modules/mono/glue/GodotSharp/GodotSharp/Core/DelegateUtils.cs:86)
       [18] Godot.NativeInterop.godot_variant Godot.NativeInterop.NativeFuncs.godotsharp_method_bind_call(nint, nint, Godot.NativeInterop.godot_variant**, int, Godot.NativeInterop.godot_variant_call_error&) (/root/godot/modules/mono/glue/GodotSharp/GodotSharp/Godot.SourceGenerators.Internal/Godot.SourceGenerators.Internal.UnmanagedCallbacksGenerator/Godot.NativeInterop.NativeFuncs.generated.cs:388)
       [19] int Godot.NativeCalls.godot_icall_2_921(nint, nint, Godot.NativeInterop.godot_string_name, System.ReadOnlySpan`1[Godot.Variant], Godot.NativeInterop.godot_string_name) (/root/godot/modules/mono/glue/GodotSharp/GodotSharp/Generated/NativeCalls.cs:8163)
       [20] Godot.Error Godot.GodotObject.EmitSignal(Godot.StringName, Godot.Variant[]) (/root/godot/modules/mono/glue/GodotSharp/GodotSharp/Generated/GodotObjects/GodotObject.cs:719)
       [21] void Urman.Godot.Tests.Act1NotebookShopSmokeTest+<CheckNotebookAsync>d__9.MoveNext() (/Users/unterlantas/Documents/GitHub/URMAN/game/tests/Act1NotebookShopSmokeTest.cs:132)
       [22] void System.Runtime.CompilerServices.AsyncTaskMethodBuilder`1+AsyncStateMachineBox`1.ExecutionContextCallback(object)
       [23] void System.Threading.ExecutionContext.RunInternal(System.Threading.ExecutionContext, System.Threading.ContextCallback, object)
       [24] void System.Runtime.CompilerServices.AsyncTaskMethodBuilder`1+AsyncStateMachineBox`1.MoveNext(System.Threading.Thread)
       [25] void System.Threading.Tasks.AwaitTaskContinuation.RunCallback(System.Threading.ContextCallback, object, System.Threading.Tasks.Task&)
       [26] void System.Threading.Tasks.Task.RunContinuations(object)
       [27] bool System.Threading.Tasks.Task`1.TrySetResult(TResult)
       [28] void System.Runtime.CompilerServices.AsyncTaskMethodBuilder`1.SetExistingTaskResult(System.Threading.Tasks.Task`1[TResult], TResult)
       [29] void Urman.Godot.Tests.Act1NotebookShopSmokeTest+<EditNotebookTextAsync>d__21.MoveNext() (/Users/unterlantas/Documents/GitHub/URMAN/game/tests/Act1NotebookShopSmokeTest.cs:615)
       [30] void System.Threading.ExecutionContext.RunInternal(System.Threading.ExecutionContext, System.Threading.ContextCallback, object)
       [31] void System.Runtime.CompilerServices.AsyncTaskMethodBuilder`1+AsyncStateMachineBox`1.MoveNext(System.Threading.Thread)
       [32] void System.Threading.Tasks.AwaitTaskContinuation.RunCallback(System.Threading.ContextCallback, object, System.Threading.Tasks.Task&)
       [33] void System.Threading.Tasks.Task.RunContinuations(object)
       [34] bool System.Threading.Tasks.Task`1.TrySetResult(TResult)
       [35] void System.Runtime.CompilerServices.AsyncTaskMethodBuilder`1.SetExistingTaskResult(System.Threading.Tasks.Task`1[TResult], TResult)
       [36] void Urman.Godot.Tests.Act1NotebookShopSmokeTest+<WaitFor>d__25.MoveNext() (/Users/unterlantas/Documents/GitHub/URMAN/game/tests/Act1NotebookShopSmokeTest.cs:637)
       [37] void System.Threading.ExecutionContext.RunInternal(System.Threading.ExecutionContext, System.Threading.ContextCallback, object)
       [38] void System.Runtime.CompilerServices.AsyncTaskMethodBuilder`1+AsyncStateMachineBox`1.MoveNext(System.Threading.Thread)
       [39] void System.Threading.Tasks.AwaitTaskContinuation.RunCallback(System.Threading.ContextCallback, object, System.Threading.Tasks.Task&)
       [40] void System.Threading.Tasks.Task.RunContinuations(object)
       [41] bool System.Threading.Tasks.Task`1.TrySetResult(TResult)
       [42] void System.Runtime.CompilerServices.AsyncTaskMethodBuilder`1.SetExistingTaskResult(System.Threading.Tasks.Task`1[TResult], TResult)
       [43] void Urman.Godot.Tests.Act1NotebookShopSmokeTest+<Frames>d__26.MoveNext() (/Users/unterlantas/Documents/GitHub/URMAN/game/tests/Act1NotebookShopSmokeTest.cs:642)
       [44] void System.Threading.ExecutionContext.RunInternal(System.Threading.ExecutionContext, System.Threading.ContextCallback, object)
       [45] void System.Runtime.CompilerServices.AsyncTaskMethodBuilder`1+AsyncStateMachineBox`1.MoveNext(System.Threading.Thread)
       [46] void Godot.SignalAwaiter.SignalCallback(nint, Godot.NativeInterop.godot_variant**, int, Godot.NativeInterop.godot_bool*) (/root/godot/modules/mono/glue/GodotSharp/GodotSharp/Core/SignalAwaiter.cs:65)
{"kind":"notebook-write-state","phase":"failed-write-then-revert-original-text","editorLength":0,"runtimeLength":0,"dirty":true,"saving":false,"saveDisabled":false,"visible":true,"status":"\u041D\u0435 \u0443\u0434\u0430\u043B\u043E\u0441\u044C \u0437\u0430\u043F\u0438\u0441\u0430\u0442\u044C \u2014 \u0442\u0435\u043A\u0441\u0442 \u043E\u0441\u0442\u0430\u043B\u0441\u044F \u043D\u0430 \u0441\u0442\u0440\u0430\u043D\u0438\u0446\u0435","sameSession":true}
SaveGameV3 written to /Users/unterlantas/Library/Application Support/Godot/app_userdata/URMAN/savegames/checkpoint.savegame-v3.json
{"kind":"notebook-write-state","phase":"after-same-text-retry","editorLength":50,"runtimeLength":50,"dirty":false,"saving":false,"saveDisabled":false,"visible":true,"status":"\u0417\u0430\u043F\u0438\u0441\u0430\u043D\u043E","sameSession":true}
zone-loaded: village_day@arrival connected-world=108531814200
SaveGameV3 restored.
SaveGameV3 written to /Users/unterlantas/Library/Application Support/Godot/app_userdata/URMAN/savegames/checkpoint.savegame-v3.json
state-final-render-sync-begin: label=notebook-shop/01_notebook_newer_draft tick=31001 drawn=8 process=8 physics=56 windowVisible=True focus=False mode=Windowed renderLoop=True
state-final-render-sync-forced: label=notebook-shop/01_notebook_newer_draft forced screenshot render after native focus loss; one focus request + ForceDraw(false); no foreground or performance claim
state-final-render-sync-forced-readback: label=notebook-shop/01_notebook_newer_draft framePostDraw=True pixels=1280x720 drawnDelta=0; screenshot evidence only
state-final-render-sync-end: label=notebook-shop/01_notebook_newer_draft milliseconds=48 forcedScreenshotRender=True
notebook-shop-capture: /Users/unterlantas/Documents/GitHub/URMAN/docs/production/act1_takeover_evidence_2026-09-16/images-notebook-shop-04/01_notebook_newer_draft.png
SaveGameV3 written to /Users/unterlantas/Library/Application Support/Godot/app_userdata/URMAN/savegames/checkpoint.savegame-v3.json
zone-loaded: village_day@arrival connected-world=108531814200
SaveGameV3 restored.
{"kind":"notebook-physical-feet","phase":"loaded-with-book-open","physicsFrame":70,"feet":"(0, -0.11800001, 9)","velocity":"(0, 0, 0)","onFloor":false,"canStand":true,"canCrouch":true,"crouched":true,"modal":true,"sessionTransition":false,"modalOwner":true,"stancePending":true,"vehicle":false,"recovery":false,"treePaused":false,"supportOwner":"/root/Act1NotebookShopSmokeTest/Act1Demo/Main/ZoneHost/Act1ConnectedWorld/Act1CoreWorldGreybox/AgentBExteriorWorld/AgentB_TerrainCollision","supportPoint":"(0, -0.539636, 9)","supportNormal":"(-0.013267062, 0.9997987, 0.015052593)","supportGap":0.42163602}
{"kind":"notebook-physical-feet","phase":"book-just-closed-after-load","physicsFrame":73,"feet":"(0, -0.11800001, 9)","velocity":"(0, 0, 0)","onFloor":false,"canStand":true,"canCrouch":true,"crouched":false,"modal":false,"sessionTransition":false,"modalOwner":false,"stancePending":false,"vehicle":false,"recovery":false,"treePaused":false,"supportOwner":"/root/Act1NotebookShopSmokeTest/Act1Demo/Main/ZoneHost/Act1ConnectedWorld/Act1CoreWorldGreybox/AgentBExteriorWorld/AgentB_TerrainCollision","supportPoint":"(0, -0.539636, 9)","supportNormal":"(-0.013267062, 0.9997987, 0.015052593)","supportGap":0.42163602}
{"kind":"notebook-physical-feet","phase":"before-natural-floor-settle","physicsFrame":73,"feet":"(0, -0.11800001, 9)","velocity":"(0, 0, 0)","onFloor":false,"canStand":true,"canCrouch":true,"crouched":false,"modal":false,"sessionTransition":false,"modalOwner":false,"stancePending":false,"vehicle":false,"recovery":false,"treePaused":false,"supportOwner":"/root/Act1NotebookShopSmokeTest/Act1Demo/Main/ZoneHost/Act1ConnectedWorld/Act1CoreWorldGreybox/AgentBExteriorWorld/AgentB_TerrainCollision","supportPoint":"(0, -0.539636, 9)","supportNormal":"(-0.013267062, 0.9997987, 0.015052593)","supportGap":0.42163602}
{"kind":"notebook-physical-feet","phase":"natural-floor-settle-1","physicsFrame":74,"feet":"(0, -0.124000005, 9)","velocity":"(0, -0.36, 0)","onFloor":false,"canStand":true,"canCrouch":true,"crouched":false,"modal":false,"sessionTransition":false,"modalOwner":false,"stancePending":false,"vehicle":false,"recovery":false,"treePaused":false,"supportOwner":"/root/Act1NotebookShopSmokeTest/Act1Demo/Main/ZoneHost/Act1ConnectedWorld/Act1CoreWorldGreybox/AgentBExteriorWorld/AgentB_TerrainCollision","supportPoint":"(0, -0.53963614, 9)","supportNormal":"(-0.013267062, 0.9997987, 0.015052593)","supportGap":0.41563612}
{"kind":"notebook-physical-feet","phase":"natural-floor-settle-2","physicsFrame":75,"feet":"(0, -0.136, 9)","velocity":"(0, -0.72, 0)","onFloor":false,"canStand":true,"canCrouch":true,"crouched":false,"modal":false,"sessionTransition":false,"modalOwner":false,"stancePending":false,"vehicle":false,"recovery":false,"treePaused":false,"supportOwner":"/root/Act1NotebookShopSmokeTest/Act1Demo/Main/ZoneHost/Act1ConnectedWorld/Act1CoreWorldGreybox/AgentBExteriorWorld/AgentB_TerrainCollision","supportPoint":"(0, -0.53963614, 9)","supportNormal":"(-0.013267062, 0.9997987, 0.015052593)","supportGap":0.40363613}
{"kind":"notebook-physical-feet","phase":"natural-floor-settle-3","physicsFrame":76,"feet":"(0, -0.15400001, 9)","velocity":"(0, -1.08, 0)","onFloor":false,"canStand":true,"canCrouch":true,"crouched":false,"modal":false,"sessionTransition":false,"modalOwner":false,"stancePending":false,"vehicle":false,"recovery":false,"treePaused":false,"supportOwner":"/root/Act1NotebookShopSmokeTest/Act1Demo/Main/ZoneHost/Act1ConnectedWorld/Act1CoreWorldGreybox/AgentBExteriorWorld/AgentB_TerrainCollision","supportPoint":"(0, -0.53963614, 9)","supportNormal":"(-0.013267062, 0.9997987, 0.015052593)","supportGap":0.38563612}
{"kind":"notebook-physical-feet","phase":"natural-floor-settle-4","physicsFrame":77,"feet":"(0, -0.17800002, 9)","velocity":"(0, -1.44, 0)","onFloor":false,"canStand":true,"canCrouch":true,"crouched":false,"modal":false,"sessionTransition":false,"modalOwner":false,"stancePending":false,"vehicle":false,"recovery":false,"treePaused":false,"supportOwner":"/root/Act1NotebookShopSmokeTest/Act1Demo/Main/ZoneHost/Act1ConnectedWorld/Act1CoreWorldGreybox/AgentBExteriorWorld/AgentB_TerrainCollision","supportPoint":"(0, -0.5396361, 9)","supportNormal":"(-0.013267062, 0.9997987, 0.015052593)","supportGap":0.36163604}
{"kind":"notebook-physical-feet","phase":"natural-floor-settle-5","physicsFrame":78,"feet":"(0, -0.20800002, 9)","velocity":"(0, -1.8000001, 0)","onFloor":false,"canStand":true,"canCrouch":true,"crouched":false,"modal":false,"sessionTransition":false,"modalOwner":false,"stancePending":false,"vehicle":false,"recovery":false,"treePaused":false,"supportOwner":"/root/Act1NotebookShopSmokeTest/Act1Demo/Main/ZoneHost/Act1ConnectedWorld/Act1CoreWorldGreybox/AgentBExteriorWorld/AgentB_TerrainCollision","supportPoint":"(0, -0.53963614, 9)","supportNormal":"(-0.013267062, 0.9997987, 0.015052593)","supportGap":0.33163613}
{"kind":"notebook-physical-feet","phase":"natural-floor-settle-12","physicsFrame":85,"feet":"(0, -0.53931254, 9)","velocity":"(0, 0, 0)","onFloor":true,"canStand":true,"canCrouch":true,"crouched":false,"modal":false,"sessionTransition":false,"modalOwner":false,"stancePending":false,"vehicle":false,"recovery":false,"treePaused":false,"supportOwner":"/root/Act1NotebookShopSmokeTest/Act1Demo/Main/ZoneHost/Act1ConnectedWorld/Act1CoreWorldGreybox/AgentBExteriorWorld/AgentB_TerrainCollision","supportPoint":"(0, -0.5396361, 9)","supportNormal":"(-0.013267062, 0.9997987, 0.015052593)","supportGap":0.000323534}
{"kind":"notebook-physical-feet","phase":"after-natural-floor-settle","physicsFrame":86,"feet":"(0, -0.53931254, 9)","velocity":"(0, 0, 0)","onFloor":true,"canStand":true,"canCrouch":true,"crouched":false,"modal":false,"sessionTransition":false,"modalOwner":false,"stancePending":false,"vehicle":false,"recovery":false,"treePaused":false,"supportOwner":"/root/Act1NotebookShopSmokeTest/Act1Demo/Main/ZoneHost/Act1ConnectedWorld/Act1CoreWorldGreybox/AgentBExteriorWorld/AgentB_TerrainCollision","supportPoint":"(0, -0.5396361, 9)","supportNormal":"(-0.013267062, 0.9997987, 0.015052593)","supportGap":0.000323534}
SaveGameV3 written to /Users/unterlantas/Library/Application Support/Godot/app_userdata/URMAN/savegames/notebook-shop-c4911d86040d4cc6b4cd79b396054f70-draft.savegame-v3.json
zone-loaded: village_day@arrival connected-world=108531814200
ERROR: SaveGameV3 load failed: The loaded player's physical position is blocked.
   at: void Urman.Godot.RuntimeBridge+<LoadFromStoreAsync>d__81.MoveNext() (res://scripts/RuntimeBridge.cs:385)
   C# backtrace (most recent call first):
       [0] void Godot.GD.PushError(string) (/root/godot/modules/mono/glue/GodotSharp/GodotSharp/Core/GD.cs:366)
       [1] void Urman.Godot.RuntimeBridge+<LoadFromStoreAsync>d__81.MoveNext() (/Users/unterlantas/Documents/GitHub/URMAN/game/scripts/RuntimeBridge.cs:385)
       [2] void System.Threading.ExecutionContext.RunInternal(System.Threading.ExecutionContext, System.Threading.ContextCallback, object)
       [3] void System.Runtime.CompilerServices.AsyncTaskMethodBuilder`1+AsyncStateMachineBox`1.MoveNext(System.Threading.Thread)
       [4] void System.Threading.Tasks.AwaitTaskContinuation.RunCallback(System.Threading.ContextCallback, object, System.Threading.Tasks.Task&)
       [5] void System.Threading.Tasks.Task.RunContinuations(object)
       [6] void System.Threading.Tasks.Task.FinishSlow(bool)
       [7] bool System.Threading.Tasks.Task.TrySetException(object)
       [8] void System.Runtime.CompilerServices.AsyncTaskMethodBuilder`1.SetException(System.Exception, System.Threading.Tasks.Task`1[TResult]&)
       [9] void Urman.Godot.RuntimeBridge+<RestoreLoadedWorldAsync>d__82.MoveNext() (/Users/unterlantas/Documents/GitHub/URMAN/game/scripts/RuntimeBridge.cs:449)
       [10] void System.Threading.ExecutionContext.RunInternal(System.Threading.ExecutionContext, System.Threading.ContextCallback, object)
       [11] void System.Runtime.CompilerServices.AsyncTaskMethodBuilder`1+AsyncStateMachineBox`1.MoveNext(System.Threading.Thread)
       [12] void System.Threading.Tasks.AwaitTaskContinuation.RunCallback(System.Threading.ContextCallback, object, System.Threading.Tasks.Task&)
       [13] void System.Threading.Tasks.Task.RunContinuations(object)
       [14] bool System.Threading.Tasks.Task`1.TrySetResult(TResult)
       [15] void System.Runtime.CompilerServices.AsyncTaskMethodBuilder`1.SetExistingTaskResult(System.Threading.Tasks.Task`1[TResult], TResult)
       [16] void Urman.Godot.RuntimeBridge+<ProjectPhysicalWorldAsync>d__83.MoveNext() (/Users/unterlantas/Documents/GitHub/URMAN/game/scripts/RuntimeBridge.cs:465)
       [17] void System.Threading.ExecutionContext.RunInternal(System.Threading.ExecutionContext, System.Threading.ContextCallback, object)
       [18] void System.Runtime.CompilerServices.AsyncTaskMethodBuilder`1+AsyncStateMachineBox`1.MoveNext(System.Threading.Thread)
       [19] void System.Threading.Tasks.AwaitTaskContinuation.RunCallback(System.Threading.ContextCallback, object, System.Threading.Tasks.Task&)
       [20] void System.Threading.Tasks.Task.RunContinuations(object)
       [21] bool System.Threading.Tasks.Task`1.TrySetResult(TResult)
       [22] void System.Runtime.CompilerServices.AsyncTaskMethodBuilder`1.SetExistingTaskResult(System.Threading.Tasks.Task`1[TResult], TResult)
       [23] void Urman.Godot.VehicleFleet+<CompleteLoadedProjectionAsync>d__44.MoveNext() (/Users/unterlantas/Documents/GitHub/URMAN/game/scripts/VehicleFleet.cs:239)
       [24] void System.Threading.ExecutionContext.RunInternal(System.Threading.ExecutionContext, System.Threading.ContextCallback, object)
       [25] void System.Runtime.CompilerServices.AsyncTaskMethodBuilder`1+AsyncStateMachineBox`1.MoveNext(System.Threading.Thread)
       [26] void Godot.SignalAwaiter.SignalCallback(nint, Godot.NativeInterop.godot_variant**, int, Godot.NativeInterop.godot_bool*) (/root/godot/modules/mono/glue/GodotSharp/GodotSharp/Core/SignalAwaiter.cs:65)
zone-loaded: village_day@arrival connected-world=108531814200
SaveGameV3 rejected the loaded placement; the previous session was restored.
{"kind":"notebook-write-state","phase":"after-physical-load-rollback","editorLength":120,"runtimeLength":56,"dirty":true,"saving":false,"saveDisabled":false,"visible":true,"status":"\u0415\u0441\u0442\u044C \u043D\u0435\u0437\u0430\u043F\u0438\u0441\u0430\u043D\u043D\u044B\u0435 \u0438\u0437\u043C\u0435\u043D\u0435\u043D\u0438\u044F","sameSession":true}
state-final-render-sync-begin: label=notebook-shop/01b_notebook_physical_rollback tick=32290 drawn=88 process=88 physics=133 windowVisible=True focus=True mode=Windowed renderLoop=True
state-final-render-sync-end: label=notebook-shop/01b_notebook_physical_rollback milliseconds=13 forcedScreenshotRender=False
notebook-shop-capture: /Users/unterlantas/Documents/GitHub/URMAN/docs/production/act1_takeover_evidence_2026-09-16/images-notebook-shop-04/01b_notebook_physical_rollback.png
zone-loaded: village_day@arrival connected-world=108531814200
SaveGameV3 restored.
ERROR: act1-notebook-shop-smoke: System.InvalidOperationException: walk-through-outer-shop-door
   at Urman.Godot.Tests.Act1NotebookShopSmokeTest.Require(Boolean condition, String check) in /Users/unterlantas/Documents/GitHub/URMAN/game/tests/Act1NotebookShopSmokeTest.cs:line 597
   at Urman.Godot.Tests.Act1NotebookShopSmokeTest.WalkTo(Vector3 point, String label) in /Users/unterlantas/Documents/GitHub/URMAN/game/tests/Act1NotebookShopSmokeTest.cs:line 591
   at Urman.Godot.Tests.Act1NotebookShopSmokeTest.CheckShopAsync(String expectedNote) in /Users/unterlantas/Documents/GitHub/URMAN/game/tests/Act1NotebookShopSmokeTest.cs:line 380
   at Urman.Godot.Tests.Act1NotebookShopSmokeTest._Ready() in /Users/unterlantas/Documents/GitHub/URMAN/game/tests/Act1NotebookShopSmokeTest.cs:line 54
   at: void Urman.Godot.Tests.Act1NotebookShopSmokeTest+<_Ready>d__8.MoveNext() (res://tests/Act1NotebookShopSmokeTest.cs:54)
   C# backtrace (most recent call first):
       [0] void Godot.GD.PushError(string) (/root/godot/modules/mono/glue/GodotSharp/GodotSharp/Core/GD.cs:366)
       [1] void Urman.Godot.Tests.Act1NotebookShopSmokeTest+<_Ready>d__8.MoveNext() (/Users/unterlantas/Documents/GitHub/URMAN/game/tests/Act1NotebookShopSmokeTest.cs:54)
       [2] void System.Threading.ExecutionContext.RunInternal(System.Threading.ExecutionContext, System.Threading.ContextCallback, object)
       [3] void System.Threading.Tasks.AwaitTaskContinuation.RunCallback(System.Threading.ContextCallback, object, System.Threading.Tasks.Task&)
       [4] void System.Threading.Tasks.Task.RunContinuations(object)
       [5] void System.Threading.Tasks.Task.FinishSlow(bool)
       [6] bool System.Threading.Tasks.Task.TrySetException(object)
       [7] void System.Runtime.CompilerServices.AsyncTaskMethodBuilder`1.SetException(System.Exception, System.Threading.Tasks.Task`1[TResult]&)
       [8] void Urman.Godot.Tests.Act1NotebookShopSmokeTest+<CheckShopAsync>d__15.MoveNext() (/Users/unterlantas/Documents/GitHub/URMAN/game/tests/Act1NotebookShopSmokeTest.cs:380)
       [9] void System.Threading.ExecutionContext.RunInternal(System.Threading.ExecutionContext, System.Threading.ContextCallback, object)
       [10] void System.Threading.Tasks.AwaitTaskContinuation.RunCallback(System.Threading.ContextCallback, object, System.Threading.Tasks.Task&)
       [11] void System.Threading.Tasks.Task.RunContinuations(object)
       [12] void System.Threading.Tasks.Task.FinishSlow(bool)
       [13] bool System.Threading.Tasks.Task.TrySetException(object)
       [14] void System.Runtime.CompilerServices.AsyncTaskMethodBuilder`1.SetException(System.Exception, System.Threading.Tasks.Task`1[TResult]&)
       [15] void Urman.Godot.Tests.Act1NotebookShopSmokeTest+<WalkTo>d__19.MoveNext() (/Users/unterlantas/Documents/GitHub/URMAN/game/tests/Act1NotebookShopSmokeTest.cs:591)
       [16] void System.Threading.ExecutionContext.RunInternal(System.Threading.ExecutionContext, System.Threading.ContextCallback, object)
       [17] void System.Threading.Tasks.AwaitTaskContinuation.RunCallback(System.Threading.ContextCallback, object, System.Threading.Tasks.Task&)
       [18] void System.Threading.Tasks.Task.RunContinuations(object)
       [19] void System.Runtime.CompilerServices.AsyncTaskMethodBuilder.SetResult()
       [20] void Urman.Godot.Tests.Act1NotebookShopSmokeTest+<Frames>d__26.MoveNext() (/Users/unterlantas/Documents/GitHub/URMAN/game/tests/Act1NotebookShopSmokeTest.cs:642)
       [21] void System.Threading.ExecutionContext.RunInternal(System.Threading.ExecutionContext, System.Threading.ContextCallback, object)
       [22] void System.Runtime.CompilerServices.AsyncTaskMethodBuilder`1+AsyncStateMachineBox`1.MoveNext()
       [23] void Godot.SignalAwaiter.SignalCallback(nint, Godot.NativeInterop.godot_variant**, int, Godot.NativeInterop.godot_bool*) (/root/godot/modules/mono/glue/GodotSharp/GodotSharp/Core/SignalAwaiter.cs:65)
{"test":"act1-notebook-shop","status":"fail","checks":[{"check":"ordinary-new-game","status":"pass"},{"check":"ordinary-session-controls","status":"pass"},{"check":"purchase-from-arrival-refused-without-state-change","status":"pass"},{"check":"notebook-editor-focus-and-enlarged-font","status":"pass"},{"check":"notebook-section-popup-matches-text-scale","status":"pass"},{"kind":"notebook-write-state","phase":"before-immediate-save","editorLength":50,"runtimeLength":0,"dirty":false,"saving":false,"saveDisabled":false,"visible":true,"status":"","sameSession":true},{"kind":"notebook-write-state","phase":"after-disk-failure","editorLength":50,"runtimeLength":50,"dirty":true,"saving":false,"saveDisabled":false,"visible":true,"status":"\u041D\u0435 \u0443\u0434\u0430\u043B\u043E\u0441\u044C \u0437\u0430\u043F\u0438\u0441\u0430\u0442\u044C \u2014 \u0442\u0435\u043A\u0441\u0442 \u043E\u0441\u0442\u0430\u043B\u0441\u044F \u043D\u0430 \u0441\u0442\u0440\u0430\u043D\u0438\u0446\u0435","sameSession":true},{"check":"disk-failure-keeps-visible-draft-and-reports-refusal","status":"pass"},{"check":"failed-disk-write-preserves-committed-runtime-text","status":"pass"},{"check":"actual-editor-change-reaches-dirty-draft","status":"pass"},{"check":"expected-load-failure","status":"pass"},{"check":"failed-load-keeps-open-book-dirty-draft-and-modal-owner","status":"pass"},{"check":"actual-editor-change-reaches-dirty-draft","status":"pass"},{"kind":"notebook-write-state","phase":"failed-write-then-revert-original-text","editorLength":0,"runtimeLength":0,"dirty":true,"saving":false,"saveDisabled":false,"visible":true,"status":"\u041D\u0435 \u0443\u0434\u0430\u043B\u043E\u0441\u044C \u0437\u0430\u043F\u0438\u0441\u0430\u0442\u044C \u2014 \u0442\u0435\u043A\u0441\u0442 \u043E\u0441\u0442\u0430\u043B\u0441\u044F \u043D\u0430 \u0441\u0442\u0440\u0430\u043D\u0438\u0446\u0435","sameSession":true},{"check":"reverting-to-original-text-undoes-failed-write-runtime-value-and-keeps-disk-retry","status":"pass"},{"check":"actual-editor-change-reaches-dirty-draft","status":"pass"},{"kind":"expected-fault","scope":"test-owned save directory is a regular file","modifiedUserFiles":false,"modifiedPermissions":false},{"kind":"notebook-write-state","phase":"after-same-text-retry","editorLength":50,"runtimeLength":50,"dirty":false,"saving":false,"saveDisabled":false,"visible":true,"status":"\u0417\u0430\u043F\u0438\u0441\u0430\u043D\u043E","sameSession":true},{"check":"same-text-retry-reaches-real-save-store","status":"pass"},{"check":"load-notebook-retry-checkpoint","status":"pass"},{"check":"disk-retry-survives-load-and-notes-reopen-focus","status":"pass"},{"check":"map-reopen-keeps-keyboard-focus-on-visible-tabs","status":"pass"},{"check":"actual-editor-change-reaches-dirty-draft","status":"pass"},{"check":"real-async-save-yields-for-concurrent-edit-probe","status":"pass"},{"check":"actual-editor-change-reaches-dirty-draft","status":"pass"},{"check":"newer-draft-keeps-book-open-after-older-save-completes","status":"pass"},{"check":"close-commits-current-draft","status":"pass"},{"check":"actual-editor-change-reaches-dirty-draft","status":"pass"},{"check":"load-while-notebook-is-open","status":"pass"},{"kind":"notebook-physical-feet","phase":"loaded-with-book-open","physicsFrame":70,"feet":"(0, -0.11800001, 9)","velocity":"(0, 0, 0)","onFloor":false,"canStand":true,"canCrouch":true,"crouched":true,"modal":true,"sessionTransition":false,"modalOwner":true,"stancePending":true,"vehicle":false,"recovery":false,"treePaused":false,"supportOwner":"/root/Act1NotebookShopSmokeTest/Act1Demo/Main/ZoneHost/Act1ConnectedWorld/Act1CoreWorldGreybox/AgentBExteriorWorld/AgentB_TerrainCollision","supportPoint":"(0, -0.539636, 9)","supportNormal":"(-0.013267062, 0.9997987, 0.015052593)","supportGap":0.42163602},{"check":"successful-load-restores-saved-draft-and-retains-visible-book-modal","status":"pass"},{"kind":"notebook-physical-feet","phase":"book-just-closed-after-load","physicsFrame":73,"feet":"(0, -0.11800001, 9)","velocity":"(0, 0, 0)","onFloor":false,"canStand":true,"canCrouch":true,"crouched":false,"modal":false,"sessionTransition":false,"modalOwner":false,"stancePending":false,"vehicle":false,"recovery":false,"treePaused":false,"supportOwner":"/root/Act1NotebookShopSmokeTest/Act1Demo/Main/ZoneHost/Act1ConnectedWorld/Act1CoreWorldGreybox/AgentBExteriorWorld/AgentB_TerrainCollision","supportPoint":"(0, -0.539636, 9)","supportNormal":"(-0.013267062, 0.9997987, 0.015052593)","supportGap":0.42163602},{"check":"loaded-notebook-close-releases-modal-owner","status":"pass"},{"kind":"notebook-physical-feet","phase":"before-natural-floor-settle","physicsFrame":73,"feet":"(0, -0.11800001, 9)","velocity":"(0, 0, 0)","onFloor":false,"canStand":true,"canCrouch":true,"crouched":false,"modal":false,"sessionTransition":false,"modalOwner":false,"stancePending":false,"vehicle":false,"recovery":false,"treePaused":false,"supportOwner":"/root/Act1NotebookShopSmokeTest/Act1Demo/Main/ZoneHost/Act1ConnectedWorld/Act1CoreWorldGreybox/AgentBExteriorWorld/AgentB_TerrainCollision","supportPoint":"(0, -0.539636, 9)","supportNormal":"(-0.013267062, 0.9997987, 0.015052593)","supportGap":0.42163602},{"check":"notebook-floor-settle-has-ordinary-pedestrian-control","status":"pass"},{"check":"notebook-floor-settle-has-measured-nearby-walkable-support","status":"pass"},{"kind":"notebook-physical-feet","phase":"natural-floor-settle-1","physicsFrame":74,"feet":"(0, -0.124000005, 9)","velocity":"(0, -0.36, 0)","onFloor":false,"canStand":true,"canCrouch":true,"crouched":false,"modal":false,"sessionTransition":false,"modalOwner":false,"stancePending":false,"vehicle":false,"recovery":false,"treePaused":false,"supportOwner":"/root/Act1NotebookShopSmokeTest/Act1Demo/Main/ZoneHost/Act1ConnectedWorld/Act1CoreWorldGreybox/AgentBExteriorWorld/AgentB_TerrainCollision","supportPoint":"(0, -0.53963614, 9)","supportNormal":"(-0.013267062, 0.9997987, 0.015052593)","supportGap":0.41563612},{"kind":"notebook-physical-feet","phase":"natural-floor-settle-2","physicsFrame":75,"feet":"(0, -0.136, 9)","velocity":"(0, -0.72, 0)","onFloor":false,"canStand":true,"canCrouch":true,"crouched":false,"modal":false,"sessionTransition":false,"modalOwner":false,"stancePending":false,"vehicle":false,"recovery":false,"treePaused":false,"supportOwner":"/root/Act1NotebookShopSmokeTest/Act1Demo/Main/ZoneHost/Act1ConnectedWorld/Act1CoreWorldGreybox/AgentBExteriorWorld/AgentB_TerrainCollision","supportPoint":"(0, -0.53963614, 9)","supportNormal":"(-0.013267062, 0.9997987, 0.015052593)","supportGap":0.40363613},{"kind":"notebook-physical-feet","phase":"natural-floor-settle-3","physicsFrame":76,"feet":"(0, -0.15400001, 9)","velocity":"(0, -1.08, 0)","onFloor":false,"canStand":true,"canCrouch":true,"crouched":false,"modal":false,"sessionTransition":false,"modalOwner":false,"stancePending":false,"vehicle":false,"recovery":false,"treePaused":false,"supportOwner":"/root/Act1NotebookShopSmokeTest/Act1Demo/Main/ZoneHost/Act1ConnectedWorld/Act1CoreWorldGreybox/AgentBExteriorWorld/AgentB_TerrainCollision","supportPoint":"(0, -0.53963614, 9)","supportNormal":"(-0.013267062, 0.9997987, 0.015052593)","supportGap":0.38563612},{"kind":"notebook-physical-feet","phase":"natural-floor-settle-4","physicsFrame":77,"feet":"(0, -0.17800002, 9)","velocity":"(0, -1.44, 0)","onFloor":false,"canStand":true,"canCrouch":true,"crouched":false,"modal":false,"sessionTransition":false,"modalOwner":false,"stancePending":false,"vehicle":false,"recovery":false,"treePaused":false,"supportOwner":"/root/Act1NotebookShopSmokeTest/Act1Demo/Main/ZoneHost/Act1ConnectedWorld/Act1CoreWorldGreybox/AgentBExteriorWorld/AgentB_TerrainCollision","supportPoint":"(0, -0.5396361, 9)","supportNormal":"(-0.013267062, 0.9997987, 0.015052593)","supportGap":0.36163604},{"kind":"notebook-physical-feet","phase":"natural-floor-settle-5","physicsFrame":78,"feet":"(0, -0.20800002, 9)","velocity":"(0, -1.8000001, 0)","onFloor":false,"canStand":true,"canCrouch":true,"crouched":false,"modal":false,"sessionTransition":false,"modalOwner":false,"stancePending":false,"vehicle":false,"recovery":false,"treePaused":false,"supportOwner":"/root/Act1NotebookShopSmokeTest/Act1Demo/Main/ZoneHost/Act1ConnectedWorld/Act1CoreWorldGreybox/AgentBExteriorWorld/AgentB_TerrainCollision","supportPoint":"(0, -0.53963614, 9)","supportNormal":"(-0.013267062, 0.9997987, 0.015052593)","supportGap":0.33163613},{"kind":"notebook-physical-feet","phase":"natural-floor-settle-12","physicsFrame":85,"feet":"(0, -0.53931254, 9)","velocity":"(0, 0, 0)","onFloor":true,"canStand":true,"canCrouch":true,"crouched":false,"modal":false,"sessionTransition":false,"modalOwner":false,"stancePending":false,"vehicle":false,"recovery":false,"treePaused":false,"supportOwner":"/root/Act1NotebookShopSmokeTest/Act1Demo/Main/ZoneHost/Act1ConnectedWorld/Act1CoreWorldGreybox/AgentBExteriorWorld/AgentB_TerrainCollision","supportPoint":"(0, -0.5396361, 9)","supportNormal":"(-0.013267062, 0.9997987, 0.015052593)","supportGap":0.000323534},{"kind":"notebook-physical-feet","phase":"after-natural-floor-settle","physicsFrame":86,"feet":"(0, -0.53931254, 9)","velocity":"(0, 0, 0)","onFloor":true,"canStand":true,"canCrouch":true,"crouched":false,"modal":false,"sessionTransition":false,"modalOwner":false,"stancePending":false,"vehicle":false,"recovery":false,"treePaused":false,"supportOwner":"/root/Act1NotebookShopSmokeTest/Act1Demo/Main/ZoneHost/Act1ConnectedWorld/Act1CoreWorldGreybox/AgentBExteriorWorld/AgentB_TerrainCollision","supportPoint":"(0, -0.5396361, 9)","supportNormal":"(-0.013267062, 0.9997987, 0.015052593)","supportGap":0.000323534},{"check":"notebook-physical-load-starts-at-supported-ordinary-feet-without-relocation","status":"pass"},{"check":"notebook-physical-load-saves-attained-state","status":"pass"},{"check":"walk-away-from-notebook-saved-feet-without-placement-fixture","status":"pass"},{"check":"notebook-rollback-has-a-distinct-walked-to-free-position","status":"pass"},{"check":"actual-editor-change-reaches-dirty-draft","status":"pass"},{"check":"owned-obstacle-blocks-saved-capsule-and-leaves-rollback-feet-free","status":"pass"},{"check":"notebook-load-rejects-real-blocked-saved-position","status":"pass"},{"kind":"notebook-write-state","phase":"after-physical-load-rollback","editorLength":120,"runtimeLength":56,"dirty":true,"saving":false,"saveDisabled":false,"visible":true,"status":"\u0415\u0441\u0442\u044C \u043D\u0435\u0437\u0430\u043F\u0438\u0441\u0430\u043D\u043D\u044B\u0435 \u0438\u0437\u043C\u0435\u043D\u0435\u043D\u0438\u044F","sameSession":true},{"check":"physical-load-really-recreates-previous-session-at-free-feet","status":"pass"},{"check":"physical-rollback-preserves-visible-draft-baseline-feedback-and-rebinds-session","status":"pass"},{"check":"physical-rollback-writes-neither-draft-progress-slot-backup-nor-profile","status":"pass"},{"check":"notebook-same-slot-loads-after-owned-obstacle-removal","status":"pass"},{"check":"successful-physical-retry-accepts-saved-text-and-discards-transient-draft-without-slot-rewrite","status":"pass"},{"check":"notebook-physical-retry-releases-modal-on-close","status":"pass"},{"kind":"notebook-physical-rollback","slot":"notebook-shop-c4911d86040d4cc6b4cd79b396054f70-draft","savedFeet":"(0, -0.53931254, 9)","rollbackFeet":"(5.946773E-06, -0.53976506, 10.699865)","movement":"ordinary walked path","actualObstacle":true,"negativeLoad":false,"positiveLoad":true,"unsavedDraftRetainedOnlyForFailure":true},{"check":"shop-outside-fixture-fits-real-capsule","status":"pass"},{"check":"shop-outside-fixture-has-real-support","status":"pass"},{"kind":"local-fixture","at":"(-31.249239, 0.41017735, -39.695545)","purpose":"start outside existing shop entrance","traversalMeasurement":false},{"check":"actual-ray-and-availability-shopEntranceUse","status":"pass"}],"error":"walk-through-outer-shop-door"}
userdata guard: original files and permissions restored and verified
