Godot Engine v4.7.1.stable.mono.official.a13da4feb - https://godotengine.org
Metal 4.0 - Forward+ - Using Device #0: Apple - Apple M4 Pro (Apple9)

act1-river: ice_slabs=31 blockers=29 road_gap_samples=2 bridge=broken@(15,-85)
village-chimney: /root/Act1PlayerMovementSmokeTest/Act1Demo/Main/ZoneHost/Act1ConnectedWorld/Act1CoreWorldGreybox/Act1AuthoredExteriorKitPresentation/ArrivalAuthoredParcels/ArrivalForwardWestFacade/DwellingFacade_TimberPlaster/DwellingFacade_ChimneyCap_LOD0 top=(-10.2875, 4.7722464, 2.3450005)
village-chimney: /root/Act1PlayerMovementSmokeTest/Act1Demo/Main/ZoneHost/Act1ConnectedWorld/Act1CoreWorldGreybox/Act1AuthoredExteriorKitPresentation/DistantPerimeterParcels/WestArrivalNearParcel/WestArrivalNearFacade/DwellingFacade_TimberPlaster/DwellingFacade_ChimneyCap_LOD0 top=(-19.730013, 3.9641316, 15.965501)
act1-terrain-room-cut: room=/root/Act1PlayerMovementSmokeTest/Act1Demo/Main/ZoneHost/Act1ConnectedWorld/babay-abi-house half=(4, 3.5) affectedTriangles=48 clippedVertices=49980 publishedVertices=49980 physicsVertices=49980 visualAndPhysics=shared-published-faces
act1-apron-room-cut: mesh=/root/Act1PlayerMovementSmokeTest/Act1Demo/Main/ZoneHost/Act1ConnectedWorld/Act1CoreWorldGreybox/AgentBExteriorWorld/AgentB_TerrainRoadKit/URMAN_AgentB_TerrainRoadKit/Apron_BabaiYard affectedTriangles=11 clippedVertices=123 surfaces=1 collision=existing-terrain-owner
act1-south-fence-house-junction: wallX=-33.5880 retainedMembers=13 retiredPostsAndCaps=10 supportedWestWing=2.4920m
act1-drain-bank-conform: mesh=/root/Act1PlayerMovementSmokeTest/Act1Demo/Main/ZoneHost/Act1ConnectedWorld/Act1CoreWorldGreybox/AgentBExteriorWorld/AgentB_TerrainRoadKit/URMAN_AgentB_TerrainRoadKit/BabaiYard_EastFenceSwale originalTriangles=78 affectedTriangles=35 outputTriangles=3543 groundOwner=unchanged
act1-roadside-grounding: independent contact meshes=34; source meshes and usable footbridge preserved
act1-kit-blockers: placements=100 shapes=1724 carved_door_slabs=240 flat_slab_skipped=2473 exact_architecture_surfaces=911 hidden_skipped=7 road_clearance_skipped=0
act1-dwelling-threshold: placements=83 worst_analytic_vs_collision_delta=0.028m worst_placement=ArrivalForwardEastShed
act1-building-supports: supported foundations=137; maximum ground drop=1.136m; level entrances preserved
zone-loaded: village_day@arrival connected-world=108531815545
УРМАН Godot vertical slice ready: Painterly Low-Poly / first person
act1-smoke: background input replay; focus-loss pause isolated from this test scene
act1-window-surrounds: painted=1020
act1-legacy-sign: suppressed=1
zone-loaded: village_day@arrival connected-world=108531815545
SaveGameV3 new game session started; existing slots untouched.
act1-player-movement: ordinary New Game
act1-intro: confirmed with E
act1-player-movement: ordinary controller has the six source-derived lower-body meshes
act1-player-movement: jump has keyboard, gamepad and remapping
act1-player-movement: sprint has keyboard, gamepad and remapping
act1-player-movement: loading older settings retains the new project-default actions
act1-player-movement: the explicit local road fixture fits the real standing capsule
act1-player-movement: local start has actual ground contact
act1-player-movement: mouse resolution proof uses ordinary captured gameplay in a native window
act1-player-movement: actual captured mouse window is (1280, 720)
act1-player-movement: screen-relative motion gives the actual expected yaw and pitch at (1280, 720): (-10.23999, -5.12)
act1-player-movement: actual captured mouse window is (1920, 1080)
act1-player-movement: screen-relative motion gives the actual expected yaw and pitch at (1920, 1080): (-10.23999, -5.12)
act1-player-movement: the two actual viewports transform Relative differently, exercising the original resolution regression
act1-player-movement: the same screen motion gives equal yaw and pitch at 720p and 1080p
act1-player-movement: the explicit local road fixture fits the real standing capsule
act1-player-movement: local start has actual ground contact
act1-player-movement: measured movement uses input with no relocation or fall recovery
act1-player-movement: the explicit local road fixture fits the real standing capsule
act1-player-movement: local start has actual ground contact
act1-player-movement: measured movement uses input with no relocation or fall recovery
act1-player-movement: the explicit local road fixture fits the real standing capsule
act1-player-movement: local start has actual ground contact
act1-player-movement: measured movement uses input with no relocation or fall recovery
act1-player-movement: the explicit local road fixture fits the real standing capsule
act1-player-movement: local start has actual ground contact
act1-player-movement: measured movement uses input with no relocation or fall recovery
act1-player-movement: real run is faster than unchanged walking: walk=1.700m run=2.550m per 30 physics ticks
act1-player-movement: analogue approach stays gradual and diagonals stay bounded: analogue=0.319, diagonal=1.700
act1-player-movement: the explicit local road fixture fits the real standing capsule
act1-player-movement: local start has actual ground contact
state-final-render-sync-begin: label=player/01_standing_look_down tick=31508 drawn=135 process=135 physics=217 windowVisible=True focus=True mode=Windowed renderLoop=True
state-final-render-sync-end: label=player/01_standing_look_down milliseconds=20 forcedScreenshotRender=False
act1-player-movement: standing actual trouser halves remain joined at the posed pelvis seam
act1-player-movement: standing actual Left trouser has visible projected surface outside the coat
act1-player-movement: standing actual Left shaped boot is visible from the game camera
act1-player-movement: standing actual Right trouser has visible projected surface outside the coat
act1-player-movement: standing actual Right shaped boot is visible from the game camera
act1-player-movement: standing imported boot sole has a nearby real support
act1-player-movement: standing imported boot sole has a nearby real support
state-final-render-sync-begin: label=player/02_walking_lower_body tick=31708 drawn=139 process=139 physics=229 windowVisible=True focus=True mode=Windowed renderLoop=True
state-final-render-sync-end: label=player/02_walking_lower_body milliseconds=9 forcedScreenshotRender=False
act1-player-movement: walking actual trouser halves remain joined at the posed pelvis seam
act1-player-movement: walking actual Left trouser has visible projected surface outside the coat
act1-player-movement: walking actual Right trouser has visible projected surface outside the coat
act1-player-movement: the explicit local road fixture fits the real standing capsule
act1-player-movement: local start has actual ground contact
act1-player-movement: a grounded mapped press starts one real jump
act1-player-movement: airborne repress and held landing cannot double-jump or repeat; peak=0.456m
act1-player-movement: crouch changes the actual capsule to human low-passage height
state-final-render-sync-begin: label=player/03_crouched_look_down tick=33522 drawn=229 process=229 physics=338 windowVisible=True focus=True mode=Windowed renderLoop=True
state-final-render-sync-end: label=player/03_crouched_look_down milliseconds=9 forcedScreenshotRender=False
act1-player-movement: crouched actual trouser halves remain joined at the posed pelvis seam
act1-player-movement: crouched actual Left trouser has visible projected surface outside the coat
act1-player-movement: crouched actual Right trouser has visible projected surface outside the coat
act1-player-movement: crouched imported boot sole has a nearby real support
act1-player-movement: crouched imported boot sole has a nearby real support
act1-player-movement: the real low roof rejects the standing capsule
act1-player-movement: standing and jumping cannot force the player's body through a low roof
act1-player-movement: leaving the obstruction restores the original standing collider
act1-player-movement: the explicit local road fixture fits the real standing capsule
act1-player-movement: local start has actual ground contact
act1-player-movement: sprinting stops the actual capsule at a physical wall
act1-player-movement: the explicit local road fixture fits the real standing capsule
act1-player-movement: local start has actual ground contact
act1-player-movement: modal input cannot run or jump
act1-player-movement: holding accept-era jump across close cannot start a world jump
act1-player-movement: the explicit local road fixture fits the real standing capsule
act1-player-movement: local start has actual ground contact
act1-player-movement: session projection holds the exact supplied pose, camera and stance despite held inputs
act1-player-movement: session projection gates interaction without taking modal, mouse or transport ownership
act1-player-movement: ending session projection preserves the real modal and its mouse mode
act1-player-movement: normal control resumes after load and modal release
act1-player-movement: free grounded hands permit transport possession: 
act1-player-movement: vehicle handover disables pedestrian collision and lower-body presentation
act1-player-movement: the seated pedestrian neither walks, jumps nor clamps the vehicle-owned position
act1-player-movement: safe exit restores the same capsule, camera and ordinary support
userdata guard: original files and permissions restored and verified
