Godot Engine v4.7.1.stable.mono.official.a13da4feb - https://godotengine.org
Metal 4.0 - Forward+ - Using Device #0: Apple - Apple M4 Pro (Apple9)

act1-river: ice_slabs=31 blockers=29 road_gap_samples=2 bridge=broken@(15,-85)
village-chimney: /root/Act1PublicBuildingsSmokeTest/Act1Demo/Main/ZoneHost/Act1ConnectedWorld/Act1CoreWorldGreybox/Act1AuthoredExteriorKitPresentation/ArrivalAuthoredParcels/ArrivalForwardWestFacade/DwellingFacade_TimberPlaster/DwellingFacade_ChimneyCap_LOD0 top=(-10.2875, 4.7722464, 2.3450005)
village-chimney: /root/Act1PublicBuildingsSmokeTest/Act1Demo/Main/ZoneHost/Act1ConnectedWorld/Act1CoreWorldGreybox/Act1AuthoredExteriorKitPresentation/DistantPerimeterParcels/WestArrivalNearParcel/WestArrivalNearFacade/DwellingFacade_TimberPlaster/DwellingFacade_ChimneyCap_LOD0 top=(-19.730013, 3.9641316, 15.965501)
act1-terrain-room-cut: room=/root/Act1PublicBuildingsSmokeTest/Act1Demo/Main/ZoneHost/Act1ConnectedWorld/babay-abi-house half=(4, 3.5) affectedTriangles=48 clippedVertices=49980 publishedVertices=49980 physicsVertices=49980 visualAndPhysics=shared-published-faces
act1-apron-room-cut: mesh=/root/Act1PublicBuildingsSmokeTest/Act1Demo/Main/ZoneHost/Act1ConnectedWorld/Act1CoreWorldGreybox/AgentBExteriorWorld/AgentB_TerrainRoadKit/URMAN_AgentB_TerrainRoadKit/Apron_BabaiYard affectedTriangles=11 clippedVertices=123 surfaces=1 collision=existing-terrain-owner
act1-south-fence-house-junction: wallX=-33.5880 retainedMembers=13 retiredPostsAndCaps=10 supportedWestWing=2.4920m
act1-drain-bank-conform: mesh=/root/Act1PublicBuildingsSmokeTest/Act1Demo/Main/ZoneHost/Act1ConnectedWorld/Act1CoreWorldGreybox/AgentBExteriorWorld/AgentB_TerrainRoadKit/URMAN_AgentB_TerrainRoadKit/BabaiYard_EastFenceSwale originalTriangles=78 affectedTriangles=35 outputTriangles=3543 groundOwner=unchanged
act1-school-bank-cut: mesh=/root/Act1PublicBuildingsSmokeTest/Act1Demo/Main/ZoneHost/Act1ConnectedWorld/Act1CoreWorldGreybox/AgentBExteriorWorld/AgentB_TerrainRoadKit/URMAN_AgentB_TerrainRoadKit/Ditch_FieldBank_EastZirat room=/root/Act1PublicBuildingsSmokeTest/Act1Demo/Main/ZoneHost/Act1ConnectedWorld/Act1CoreWorldGreybox/Act1AuthoredExteriorKitPresentation/DistantPerimeterParcels/EastReturnMidParcel/EastReturnMidFacade/PublicInterior_school/MainRoom half=(2.5154998, 2.3804996) affectedTriangles=20 clippedVertices=486 publishedVertices=486 floorY=-0.0049708784 collision=unchanged-existing-terrain-and-timber-floor
act1-roadside-grounding: independent contact meshes=34; source meshes and usable footbridge preserved
act1-kit-blockers: placements=100 shapes=1719 carved_door_slabs=241 flat_slab_skipped=2473 exact_architecture_surfaces=911 hidden_skipped=7 road_clearance_skipped=0
act1-dwelling-threshold: placements=83 worst_analytic_vs_collision_delta=0.028m worst_placement=ArrivalForwardEastShed
act1-building-supports: supported foundations=137; maximum ground drop=1.136m; level entrances preserved
zone-loaded: village_day@arrival connected-world=108531814199
УРМАН Godot vertical slice ready: Painterly Low-Poly / first person
act1-smoke: background input replay; focus-loss pause isolated from this test scene
act1-window-surrounds: painted=1020
act1-legacy-sign: suppressed=1
zone-loaded: village_day@arrival connected-world=108531814199
SaveGameV3 new game session started; existing slots untouched.
act1-public-buildings: ordinary New Game
act1-intro: confirmed with E
act1-public-buildings: three public rooms are in the ordinary connected world
act1-public-buildings: requested public building exists
act1-public-buildings: shop: measured exterior setup fits the standing capsule
act1-public-buildings: shop: setup has actual support
state-final-render-sync-begin: label=public/shop_01_closed_entrance tick=29700 drawn=13 process=13 physics=35 windowVisible=True focus=True mode=Windowed renderLoop=True
state-final-render-sync-end: label=public/shop_01_closed_entrance milliseconds=28 forcedScreenshotRender=False
act1-public-buildings: shop: approaching leaves both doors closed and does not knock automatically
act1-public-buildings: shop: explicit entrance interaction is aimed and available
act1-public-buildings: closed-leaf approach uses real controller movement
act1-public-buildings: shop: closed outer leaf stops the standing player
act1-public-buildings: shop: walking against the leaf never opens it
act1-public-buildings: shop: outward leaf refuses a player standing in its swept arc
act1-public-buildings: shop: step away from the leaf: standing capsule reaches the actual destination
act1-public-buildings: shop: step away from the leaf: no teleport or recovery during movement
act1-public-buildings: shop/entrance: door starts in the expected state
act1-public-buildings: shop/entrance: live input ray reaches the door
act1-public-buildings: shop/entrance: passive focus follows the actual aimed door during a result notice
SaveGameV3 written to /Users/unterlantas/Library/Application Support/Godot/app_userdata/URMAN/savegames/checkpoint.savegame-v3.json
act1-public-buildings: shop/entrance: one deliberate mapped press reaches exactly one door action
act1-public-buildings: shop/entrance: explicit interaction changes the existing saved door property
state-final-render-sync-begin: label=public/shop_02_opened_outward tick=32435 drawn=185 process=185 physics=195 windowVisible=True focus=True mode=Windowed renderLoop=True
state-final-render-sync-end: label=public/shop_02_opened_outward milliseconds=15 forcedScreenshotRender=False
act1-visible-surface: public/shop_02_opened_outward/seni-surface-owners pixel=(0.45, 0.161) distance=3.607 point=(-34.49239, 2.7002087, -39.375267) mesh=/root/Act1PublicBuildingsSmokeTest/Act1Demo/Main/ZoneHost/Act1ConnectedWorld/Act1CoreWorldGreybox/Act1AuthoredExteriorKitPresentation/DistantPerimeterParcels/WestReturnMidParcel/WestReturnMidFacade/VillageParcel_VariantB_PlasterAnnex_Dwelling/VariantB_PlasterAnnex_Dwelling_SeniRearRoofInfill_LOD0 triangle=1 vertices=[(-34.500828, 2.8328688, -39.133682);(-34.500828, 2.6015687, -39.133682);(-34.453712, 2.6015687, -40.482857)] shader= snow=0.44999998807907
act1-visible-surface: public/shop_02_opened_outward/seni-surface-owners pixel=(0.45, 0.161) distance=16.581 point=(-47.225, 4.9318647, -38.26024) mesh=/root/Act1PublicBuildingsSmokeTest/Act1Demo/Main/ZoneHost/Act1ConnectedWorld/Act1CoreWorldGreybox/VillageMosqueComplex/MosqueHallEastLeft triangle=5 vertices=[(-47.225, 9.452295, -39.25);(-47.225, 4.2522955, -39.25);(-47.225, 4.2522955, -35.85)] shader= snow=0.41999998688698
act1-visible-surface: public/shop_02_opened_outward/seni-surface-owners pixel=(0.45, 0.161) distance=20.255 point=(-50.83, 5.5637164, -37.94454) mesh=/root/Act1PublicBuildingsSmokeTest/Act1Demo/Main/ZoneHost/Act1ConnectedWorld/Act1CoreWorldGreybox/VillageMosqueComplex/MosqueInterior/MosqueVestibuleNorth triangle=5 vertices=[(-50.83, 7.3322954, -39.010002);(-50.83, 4.782295, -39.010002);(-50.83, 4.782295, -35.72)] shader= snow=0.0
act1-visible-surface: public/shop_02_opened_outward/seni-surface-owners pixel=(0.477, 0.16) distance=3.587 point=(-34.484222, 2.704598, -39.609184) mesh=/root/Act1PublicBuildingsSmokeTest/Act1Demo/Main/ZoneHost/Act1ConnectedWorld/Act1CoreWorldGreybox/Act1AuthoredExteriorKitPresentation/DistantPerimeterParcels/WestReturnMidParcel/WestReturnMidFacade/VillageParcel_VariantB_PlasterAnnex_Dwelling/VariantB_PlasterAnnex_Dwelling_SeniRearRoofInfill_LOD0 triangle=1 vertices=[(-34.500828, 2.8328688, -39.133682);(-34.500828, 2.6015687, -39.133682);(-34.453712, 2.6015687, -40.482857)] shader= snow=0.44999998807907
act1-visible-surface: public/shop_02_opened_outward/seni-surface-owners pixel=(0.477, 0.16) distance=16.808 point=(-47.5, 5.0073414, -39.32895) mesh=/root/Act1PublicBuildingsSmokeTest/Act1Demo/Main/ZoneHost/Act1ConnectedWorld/Act1CoreWorldGreybox/VillageMosqueComplex/MosqueInterior/MosqueWindowWall-1Below triangle=5 vertices=[(-47.5, 6.052295, -39.525);(-47.5, 4.252295, -39.525);(-47.5, 4.252295, -38.975)] shader= snow=0.41999998688698
act1-visible-surface: public/shop_02_opened_outward/seni-surface-owners pixel=(0.477, 0.16) distance=22.807 point=(-53.406384, 6.0522947, -39.201782) mesh=/root/Act1PublicBuildingsSmokeTest/Act1Demo/Main/ZoneHost/Act1ConnectedWorld/Act1CoreWorldGreybox/VillageMosqueComplex/MosqueInterior/MosqueWindowPier-1_0 triangle=10 vertices=[(-54.9, 6.052295, -38.975);(-51.1, 6.052295, -38.975);(-54.9, 6.052295, -39.525)] shader= snow=0.41999998688698
act1-public-buildings: shop: walk up real treads and through the outer aperture: standing capsule reaches the actual destination
act1-public-buildings: shop: walk up real treads and through the outer aperture: no teleport or recovery during movement
act1-public-buildings: shop: the seni has standing headroom
act1-public-buildings: shop/seni: real support is level enough to stand
act1-public-buildings: shop/inner-door: door starts in the expected state
act1-public-buildings: shop/inner-door: live input ray reaches the door
act1-public-buildings: shop/inner-door: passive focus follows the actual aimed door during a result notice
SaveGameV3 written to /Users/unterlantas/Library/Application Support/Godot/app_userdata/URMAN/savegames/checkpoint.savegame-v3.json
act1-public-buildings: shop/inner-door: one deliberate mapped press reaches exactly one door action
act1-public-buildings: shop/inner-door: explicit interaction changes the existing saved door property
act1-public-buildings: shop: align within existing seni: standing capsule reaches the actual destination
act1-public-buildings: shop: align within existing seni: no teleport or recovery during movement
act1-public-buildings: shop: cross the actual main-wall aperture: standing capsule reaches the actual destination
act1-public-buildings: shop: cross the actual main-wall aperture: no teleport or recovery during movement
act1-public-buildings: shop: public interior owner matches the physical room
act1-public-buildings: shop: both thresholds are crossed with input and no relocation or fall recovery
act1-public-buildings: shop/main: real support is level enough to stand
act1-public-buildings: shop: timber floor is the actual support level
act1-public-buildings: shop: reach the front of Razilya's counter: standing capsule reaches the actual destination
act1-public-buildings: shop: reach the front of Razilya's counter: no teleport or recovery during movement
act1-public-buildings: shop: physical counter and shop UI use the same reachable target
state-final-render-sync-begin: label=public/shop_03_counter_and_razilya tick=36221 drawn=467 process=467 physics=414 windowVisible=True focus=True mode=Windowed renderLoop=True
state-final-render-sync-end: label=public/shop_03_counter_and_razilya milliseconds=14 forcedScreenshotRender=False
act1-visible-surface: public/shop_03_counter_and_razilya/floor-owner pixel=(0.45, 0.92) distance=1.819 point=(-31.607042, 0.6980686, -37.695656) mesh=/root/Act1PublicBuildingsSmokeTest/Act1Demo/Main/ZoneHost/Act1ConnectedWorld/Act1CoreWorldGreybox/Act1AuthoredExteriorKitPresentation/DistantPerimeterParcels/WestReturnMidParcel/WestReturnMidFacade/PublicInterior_shop/MainRoom/TimberFloor triangle=8 vertices=[(-28.935162, 0.69806874, -38.75471);(-29.095037, 0.69806874, -34.176502);(-34.32288, 0.69806874, -38.942852)] shader= snow=0.0
act1-visible-surface: public/shop_03_counter_and_razilya/floor-owner pixel=(0.45, 0.92) distance=1.829 point=(-31.604183, 0.6890688, -37.697544) mesh=/root/Act1PublicBuildingsSmokeTest/Act1Demo/Main/ZoneHost/Act1ConnectedWorld/Act1CoreWorldGreybox/Act1AuthoredExteriorKitPresentation/DistantPerimeterParcels/WestReturnMidParcel/WestReturnMidFacade/VillageParcel_VariantB_PlasterAnnex_Dwelling/VariantB_PlasterAnnex_Dwelling_FootingCap_LOD0 triangle=7 vertices=[(-28.885221, 0.68906873, -33.94404);(-34.532784, 0.68906873, -39.17532);(-28.702698, 0.68906873, -38.964523)] shader= snow=0.5
act1-visible-surface: public/shop_03_counter_and_razilya/floor-owner pixel=(0.45, 0.92) distance=1.882 point=(-31.588465, 0.6395688, -37.707916) mesh=/root/Act1PublicBuildingsSmokeTest/Act1Demo/Main/ZoneHost/Act1ConnectedWorld/Act1CoreWorldGreybox/Act1AuthoredExteriorKitPresentation/DistantPerimeterParcels/WestReturnMidParcel/WestReturnMidFacade/VillageParcel_VariantB_PlasterAnnex_Dwelling/VariantB_PlasterAnnex_Dwelling_Foundation_LOD0 triangle=7 vertices=[(-28.898333, 0.63956875, -33.958004);(-34.519672, 0.63956875, -39.161354);(-28.716665, 0.63956875, -38.951416)] shader= snow=0.5
act1-visible-surface: public/shop_03_counter_and_razilya/floor-owner pixel=(0.45, 0.92) distance=2.116 point=(-31.51886, 0.42039323, -37.753838) mesh=/root/Act1PublicBuildingsSmokeTest/Act1Demo/Main/ZoneHost/Act1ConnectedWorld/Act1CoreWorldGreybox/AgentBExteriorWorld/AgentB_TerrainRoadKit/URMAN_AgentB_TerrainRoadKit/Terrain_Main triangle=17641 vertices=[(-32.115498, 0.45229998, -37.991398);(-29.8331, 0.3209, -37.841698);(-29.8923, 0.34719998, -35.985397)] shader= snow=0.0
act1-visible-surface: public/shop_03_counter_and_razilya/floor-owner pixel=(0.9, 0.9) distance=1.467 point=(-31.519411, 1.3962357, -36.471687) mesh=/root/Act1PublicBuildingsSmokeTest/Act1Demo/Main/ZoneHost/Act1ConnectedWorld/Act1CoreWorldGreybox/Act1AuthoredExteriorKitPresentation/DistantPerimeterParcels/WestReturnMidParcel/WestReturnMidFacade/PublicInterior_shop/MainRoom/RazilyaCounter/CounterFront triangle=2 vertices=[(-31.4733, 1.5380687, -37.792202);(-31.55985, 1.5380687, -35.313713);(-31.4733, 0.69806874, -37.792202)] shader= snow=0.0
act1-visible-surface: public/shop_03_counter_and_razilya/floor-owner pixel=(0.9, 0.9) distance=2.488 point=(-31.082157, 0.69806874, -35.867107) mesh=/root/Act1PublicBuildingsSmokeTest/Act1Demo/Main/ZoneHost/Act1ConnectedWorld/Act1CoreWorldGreybox/Act1AuthoredExteriorKitPresentation/DistantPerimeterParcels/WestReturnMidParcel/WestReturnMidFacade/PublicInterior_shop/MainRoom/TimberFloor triangle=9 vertices=[(-29.095037, 0.69806874, -34.176502);(-34.482754, 0.69806874, -34.364643);(-34.32288, 0.69806874, -38.942852)] shader= snow=0.0
act1-visible-surface: public/shop_03_counter_and_razilya/floor-owner pixel=(0.9, 0.9) distance=2.502 point=(-31.07652, 0.6890689, -35.859314) mesh=/root/Act1PublicBuildingsSmokeTest/Act1Demo/Main/ZoneHost/Act1ConnectedWorld/Act1CoreWorldGreybox/Act1AuthoredExteriorKitPresentation/DistantPerimeterParcels/WestReturnMidParcel/WestReturnMidFacade/VillageParcel_VariantB_PlasterAnnex_Dwelling/VariantB_PlasterAnnex_Dwelling_FootingCap_LOD0 triangle=9 vertices=[(-34.532784, 0.68906873, -39.17532);(-28.885221, 0.68906873, -33.94404);(-34.71522, 0.68906873, -34.15474)] shader= snow=0.5
act1-visible-surface: public/shop_03_counter_and_razilya/floor-owner pixel=(0.9, 0.9) distance=2.574 point=(-31.045519, 0.63956845, -35.816452) mesh=/root/Act1PublicBuildingsSmokeTest/Act1Demo/Main/ZoneHost/Act1ConnectedWorld/Act1CoreWorldGreybox/Act1AuthoredExteriorKitPresentation/DistantPerimeterParcels/WestReturnMidParcel/WestReturnMidFacade/VillageParcel_VariantB_PlasterAnnex_Dwelling/VariantB_PlasterAnnex_Dwelling_Foundation_LOD0 triangle=9 vertices=[(-34.519672, 0.63956875, -39.161354);(-28.898333, 0.63956875, -33.958004);(-34.701256, 0.63956875, -34.16785)] shader= snow=0.5
act1-visible-surface: public/shop_03_counter_and_razilya/floor-owner pixel=(0.9, 0.9) distance=2.933 point=(-30.892109, 0.39461684, -35.604336) mesh=/root/Act1PublicBuildingsSmokeTest/Act1Demo/Main/ZoneHost/Act1ConnectedWorld/Act1CoreWorldGreybox/AgentBExteriorWorld/AgentB_TerrainRoadKit/URMAN_AgentB_TerrainRoadKit/Terrain_Main triangle=17771 vertices=[(-31.9394, 0.4394, -35.9678);(-29.8923, 0.34719998, -35.985397);(-29.8375, 0.3574, -34.0086)] shader= snow=0.0
act1-public-buildings: shop: the actual debt notebook is readable from the public side of the counter
act1-public-buildings: shop: return along the room corridor: standing capsule reaches the actual destination
act1-public-buildings: shop: return along the room corridor: no teleport or recovery during movement
act1-public-buildings: shop: return through inner aperture: standing capsule reaches the actual destination
act1-public-buildings: shop: return through inner aperture: no teleport or recovery during movement
act1-public-buildings: shop: pass the free end of the outer leaf: standing capsule reaches the actual destination
act1-public-buildings: shop: pass the free end of the outer leaf: no teleport or recovery during movement
act1-public-buildings: shop: descend the real entry treads: standing capsule reaches the actual destination
act1-public-buildings: shop: descend the real entry treads: no teleport or recovery during movement
act1-public-buildings: shop: ordinary return reaches the exterior
SaveGameV3 written to /Users/unterlantas/Library/Application Support/Godot/app_userdata/URMAN/savegames/public-door-proof-shop.savegame-v3.json
act1-public-buildings: shop: actual open doors and exterior player pose save together
act1-public-buildings: shop/entrance: door starts in the expected state
act1-public-buildings: shop/entrance: live input ray reaches the door
act1-public-buildings: shop/entrance: passive focus follows the actual aimed door during a result notice
SaveGameV3 written to /Users/unterlantas/Library/Application Support/Godot/app_userdata/URMAN/savegames/checkpoint.savegame-v3.json
act1-public-buildings: shop/entrance: one deliberate mapped press reaches exactly one door action
act1-public-buildings: shop/entrance: explicit interaction changes the existing saved door property
zone-loaded: village_day@arrival connected-world=108531814199
SaveGameV3 restored.
act1-public-buildings: shop: restore the same runtime snapshot
act1-public-buildings: shop: both door states are restored without discovering a source
act1-public-buildings: shop: load leaves an unobstructed standing body
act1-public-buildings: shop: return through restored outward leaf: standing capsule reaches the actual destination
act1-public-buildings: shop: return through restored outward leaf: no teleport or recovery during movement
act1-public-buildings: shop: align within existing seni: standing capsule reaches the actual destination
act1-public-buildings: shop: align within existing seni: no teleport or recovery during movement
act1-public-buildings: shop: cross the actual main-wall aperture: standing capsule reaches the actual destination
act1-public-buildings: shop: cross the actual main-wall aperture: no teleport or recovery during movement
act1-public-buildings: shop: public interior owner matches the physical room
state-final-render-sync-begin: label=public/shop_05_return_after_load tick=41853 drawn=916 process=916 physics=738 windowVisible=True focus=True mode=Windowed renderLoop=True
state-final-render-sync-end: label=public/shop_05_return_after_load milliseconds=18 forcedScreenshotRender=False
act1-public-buildings: shop: return along the room corridor: standing capsule reaches the actual destination
act1-public-buildings: shop: return along the room corridor: no teleport or recovery during movement
act1-public-buildings: shop: return through inner aperture: standing capsule reaches the actual destination
act1-public-buildings: shop: return through inner aperture: no teleport or recovery during movement
act1-public-buildings: shop: pass the free end of the outer leaf: standing capsule reaches the actual destination
act1-public-buildings: shop: pass the free end of the outer leaf: no teleport or recovery during movement
act1-public-buildings: shop: descend the real entry treads: standing capsule reaches the actual destination
act1-public-buildings: shop: descend the real entry treads: no teleport or recovery during movement
act1-public-buildings: shop/entrance: door starts in the expected state
act1-public-buildings: shop/entrance: live input ray reaches the door
act1-public-buildings: shop/entrance: passive focus follows the actual aimed door during a result notice
SaveGameV3 written to /Users/unterlantas/Library/Application Support/Godot/app_userdata/URMAN/savegames/checkpoint.savegame-v3.json
act1-public-buildings: shop/entrance: one deliberate mapped press reaches exactly one door action
act1-public-buildings: shop/entrance: explicit interaction changes the existing saved door property
act1-public-buildings: school: the measured exterior bank has an explicit occupied-room cut
act1-public-buildings: school: only the identified single-surface bank is cut with its original material
act1-public-buildings: school: the cut boundary lies inside the existing wall thickness
act1-public-buildings: school: the timber floor top retains the existing room height
act1-public-buildings: System.InvalidOperationException: school: published bank has no area inside the room cut and preserves the complete exterior area
   at Urman.Godot.Tests.Act1PublicBuildingsSmokeTest.Require(Boolean condition, String label) in /Users/unterlantas/Documents/GitHub/URMAN/game/tests/Act1PublicBuildingsSmokeTest.cs:line 570
   at Urman.Godot.Tests.Act1PublicBuildingsSmokeTest.CheckSchoolBankCut(PublicBuildingRoom school) in /Users/unterlantas/Documents/GitHub/URMAN/game/tests/Act1PublicBuildingsSmokeTest.cs:line 560
   at Urman.Godot.Tests.Act1PublicBuildingsSmokeTest.Visit(PublicBuildingRoom building) in /Users/unterlantas/Documents/GitHub/URMAN/game/tests/Act1PublicBuildingsSmokeTest.cs:line 73
   at Urman.Godot.Tests.Act1PublicBuildingsSmokeTest._Ready() in /Users/unterlantas/Documents/GitHub/URMAN/game/tests/Act1PublicBuildingsSmokeTest.cs:line 42
state-final-render-sync-begin: label=public/failure tick=44950 drawn=1142 process=1142 physics=915 windowVisible=True focus=True mode=Windowed renderLoop=True
state-final-render-sync-end: label=public/failure milliseconds=13 forcedScreenshotRender=False
userdata guard: original files and permissions restored and verified
