Godot Engine v4.7.1.stable.mono.official.a13da4feb - https://godotengine.org
Metal 4.0 - Forward+ - Using Device #0: Apple - Apple M4 Pro (Apple9)

act1-river: ice_slabs=31 blockers=29 road_gap_samples=2 bridge=broken@(15,-85)
village-chimney: /root/Act1PublicBuildingsSmokeTest/Act1Demo/Main/ZoneHost/Act1ConnectedWorld/Act1CoreWorldGreybox/Act1AuthoredExteriorKitPresentation/ArrivalAuthoredParcels/ArrivalForwardWestFacade/DwellingFacade_TimberPlaster/DwellingFacade_ChimneyCap_LOD0 top=(-10.2875, 4.7722464, 2.3450005)
village-chimney: /root/Act1PublicBuildingsSmokeTest/Act1Demo/Main/ZoneHost/Act1ConnectedWorld/Act1CoreWorldGreybox/Act1AuthoredExteriorKitPresentation/DistantPerimeterParcels/WestArrivalNearParcel/WestArrivalNearFacade/DwellingFacade_TimberPlaster/DwellingFacade_ChimneyCap_LOD0 top=(-19.730013, 3.9641316, 15.965501)
act1-terrain-room-cut: room=/root/Act1PublicBuildingsSmokeTest/Act1Demo/Main/ZoneHost/Act1ConnectedWorld/babay-abi-house half=(4, 3.5) affectedTriangles=48 clippedVertices=49980 publishedVertices=49980 physicsVertices=49980 visualAndPhysics=shared-published-faces
act1-apron-room-cut: mesh=/root/Act1PublicBuildingsSmokeTest/Act1Demo/Main/ZoneHost/Act1ConnectedWorld/Act1CoreWorldGreybox/AgentBExteriorWorld/AgentB_TerrainRoadKit/URMAN_AgentB_TerrainRoadKit/Apron_BabaiYard affectedTriangles=11 clippedVertices=123 surfaces=1 collision=existing-terrain-owner
act1-south-fence-house-junction: wallX=-33.5880 retainedMembers=13 retiredPostsAndCaps=10 supportedWestWing=2.4920m
act1-drain-bank-conform: mesh=/root/Act1PublicBuildingsSmokeTest/Act1Demo/Main/ZoneHost/Act1ConnectedWorld/Act1CoreWorldGreybox/AgentBExteriorWorld/AgentB_TerrainRoadKit/URMAN_AgentB_TerrainRoadKit/BabaiYard_EastFenceSwale originalTriangles=78 affectedTriangles=35 outputTriangles=3543 groundOwner=unchanged
act1-mosque-terrain-cut: affectedTriangles=70 publishedVertices=49980 physicsVertices=49980 sameOwner=true
act1-school-bank-cut: mesh=/root/Act1PublicBuildingsSmokeTest/Act1Demo/Main/ZoneHost/Act1ConnectedWorld/Act1CoreWorldGreybox/AgentBExteriorWorld/AgentB_TerrainRoadKit/URMAN_AgentB_TerrainRoadKit/Ditch_FieldBank_EastZirat room=/root/Act1PublicBuildingsSmokeTest/Act1Demo/Main/ZoneHost/Act1ConnectedWorld/Act1CoreWorldGreybox/Act1AuthoredExteriorKitPresentation/DistantPerimeterParcels/EastReturnMidParcel/EastReturnMidFacade/PublicInterior_school/MainRoom half=(2.5154998, 2.3804996) affectedTriangles=20 clippedVertices=486 publishedVertices=486 floorY=-0.0049708784 collision=unchanged-existing-terrain-and-timber-floor
act1-council-fence-format: source=urman_village_exterior_kit_Cube_040 vertices=96 normals=96 uv=96 tangents=384 colors=0 uv2=0 lods=0 sourceFormat=536875031 publishedFormat=4119
act1-council-fence-format: source=urman_village_exterior_kit_FenceSegment_RailMiddle_Crooked_LOD0Mesh vertices=48 normals=48 uv=0 tangents=192 colors=0 uv2=0 lods=0 sourceFormat=536875015 publishedFormat=4103
act1-council-fence-format: source=urman_village_exterior_kit_Cube_039 vertices=96 normals=96 uv=96 tangents=384 colors=0 uv2=0 lods=0 sourceFormat=536875031 publishedFormat=4119
act1-council-fence-junction: fence=/root/Act1PublicBuildingsSmokeTest/Act1Demo/Main/ZoneHost/Act1ConnectedWorld/Act1CoreWorldGreybox/Act1AuthoredExteriorKitPresentation/DistantPerimeterParcels/EastStreetHorizonParcel/EastStreetHorizonFence wall=/root/Act1PublicBuildingsSmokeTest/Act1Demo/Main/ZoneHost/Act1ConnectedWorld/Act1CoreWorldGreybox/Act1AuthoredExteriorKitPresentation/DistantPerimeterParcels/EastStreetHorizonParcel/EastStreetHorizonFacade/VillageParcel_VariantA_TimberGable_Dwelling/VariantA_TimberGable_Dwelling_SeniRear_Wall_LOD0 localCutZ=-4.4 hiddenMembers=4 trimmedRails=3 retainedMembers=8 sourceAsset=unchanged
act1-roadside-grounding: independent contact meshes=34; source meshes and usable footbridge preserved
act1-kit-blockers: placements=100 shapes=1707 carved_door_slabs=237 flat_slab_skipped=2469 exact_architecture_surfaces=911 hidden_skipped=7 road_clearance_skipped=0
act1-dwelling-threshold: placements=83 worst_analytic_vs_collision_delta=0.028m worst_placement=ArrivalForwardEastShed
act1-building-supports: supported foundations=137; maximum ground drop=1.136m; level entrances preserved
act1-council-fence-contacts: retainedSourceContacts=0 hiddenMemberContacts=0 newBodyOwners=0
zone-loaded: village_day@arrival connected-world=109169348386
УРМАН Godot vertical slice ready: Painterly Low-Poly / first person
act1-smoke: background input replay; focus-loss pause isolated from this test scene
act1-window-surrounds: painted=1020
act1-legacy-sign: suppressed=1
zone-loaded: village_day@arrival connected-world=109169348386
SaveGameV3 new game session started; existing slots untouched.
act1-public-buildings: ordinary New Game
act1-intro: confirmed with E
act1-public-buildings: three public rooms are in the ordinary connected world
act1-public-buildings: requested public building exists
act1-public-buildings: school: the measured exterior bank has an explicit occupied-room cut
act1-public-buildings: school: only the identified single-surface bank is cut with its original material
act1-public-buildings: school: the cut boundary lies inside the existing wall thickness
act1-public-buildings: school: the timber floor top retains the existing room height
act1-public-buildings: school: published bank has no area inside the room cut and preserves the complete exterior area
act1-public-buildings: school: unchanged exterior triangles, normals, UVs and all clipped source planes are retained
act1-public-buildings: school: measured exterior setup fits the standing capsule
act1-public-buildings: school: setup has actual support
state-final-render-sync-begin: label=public/school_01_closed_entrance tick=29655 drawn=9 process=9 physics=35 windowVisible=True focus=False mode=Windowed renderLoop=True
state-final-render-sync-forced: label=public/school_01_closed_entrance forced screenshot render after native focus loss; one focus request + ForceDraw(false); no foreground or performance claim
state-final-render-sync-forced-readback: label=public/school_01_closed_entrance framePostDraw=True pixels=1280x720 drawnDelta=0; screenshot evidence only
state-final-render-sync-end: label=public/school_01_closed_entrance milliseconds=30 forcedScreenshotRender=True
act1-public-buildings: school: approaching leaves both doors closed and does not knock automatically
act1-public-buildings: school: explicit entrance interaction is aimed and available
act1-public-buildings: closed-leaf approach uses real controller movement
act1-public-buildings: school: closed outer leaf stops the standing player
act1-public-buildings: school: walking against the leaf never opens it
act1-public-buildings: school: outward leaf refuses a player standing in its swept arc
act1-public-buildings: school: step away from the leaf: standing capsule reaches the actual destination
act1-public-buildings: school: step away from the leaf: no teleport or recovery during movement
act1-public-buildings: school/entrance: door starts in the expected state
act1-public-buildings: school/entrance: live input ray reaches the door
act1-public-buildings: school/entrance: passive focus follows the actual aimed door during a result notice
SaveGameV3 written to /Users/unterlantas/Library/Application Support/Godot/app_userdata/URMAN/savegames/checkpoint.savegame-v3.json
act1-public-buildings: school/entrance: one deliberate mapped press reaches exactly one door action
act1-public-buildings: school/entrance: explicit interaction changes the existing saved door property
state-final-render-sync-begin: label=public/school_02_opened_outward tick=32402 drawn=270 process=270 physics=199 windowVisible=True focus=True mode=Windowed renderLoop=True
state-final-render-sync-end: label=public/school_02_opened_outward milliseconds=8 forcedScreenshotRender=False
act1-visible-surface: public/school_02_opened_outward/seni-surface-owners pixel=(0.448, 0.227) distance=3.953 point=(39.874447, 2.0273962, -51.361454) mesh=/root/Act1PublicBuildingsSmokeTest/Act1Demo/Main/ZoneHost/Act1ConnectedWorld/Act1CoreWorldGreybox/Act1AuthoredExteriorKitPresentation/DistantPerimeterParcels/EastReturnMidParcel/EastReturnMidFacade/VillageParcel_VariantC_BanyaYard_Dwelling/VariantC_BanyaYard_Dwelling_SeniRearRoofInfill_LOD0 triangle=1 vertices=[(39.868786, 2.1298292, -51.52351);(39.868786, 1.898529, -51.52351);(39.915897, 1.898529, -50.17433)] shader= snow=0.44999998807907
act1-visible-surface: public/school_02_opened_outward/seni-surface-owners pixel=(0.448, 0.227) distance=12.084 point=(47.74939, 3.55439, -52.69199) mesh=/root/Act1PublicBuildingsSmokeTest/Act1Demo/Main/ZoneHost/Act1ConnectedWorld/Act1CoreWorldGreybox/FapExterior/FapClinicAuthoredKitPresentation/FapEastHorizonAuthoredHouse/VillageParcel_VariantB_PlasterAnnex_Dwelling/VariantB_PlasterAnnex_Dwelling_Front_BoardedGable_LOD0 triangle=18 vertices=[(47.75298, 3.0861282, -52.79478);(47.745728, 4.26007, -52.58715);(47.745728, 3.0861282, -52.58715)] shader= snow=0.44999998807907
act1-visible-surface: public/school_02_opened_outward/seni-surface-owners pixel=(0.448, 0.227) distance=14.500 point=(50.08878, 4.0080104, -53.08725) mesh=/root/Act1PublicBuildingsSmokeTest/Act1Demo/Main/ZoneHost/Act1ConnectedWorld/Act1CoreWorldGreybox/FapExterior/FapClinicAuthoredKitPresentation/FapEastHorizonAuthoredHouse/VillageParcel_VariantB_PlasterAnnex_Dwelling/VariantB_PlasterAnnex_Dwelling_Roof_LOD0 triangle=5 vertices=[(47.480556, 3.0371282, -55.10272);(47.37419, 4.575728, -52.056774);(54.34754, 4.575728, -51.81326)] shader= snow=0.87999999523163
act1-visible-surface: public/school_02_opened_outward/seni-surface-owners pixel=(0.468, 0.233) distance=3.927 point=(39.88131, 1.9960713, -51.164864) mesh=/root/Act1PublicBuildingsSmokeTest/Act1Demo/Main/ZoneHost/Act1ConnectedWorld/Act1CoreWorldGreybox/Act1AuthoredExteriorKitPresentation/DistantPerimeterParcels/EastReturnMidParcel/EastReturnMidFacade/VillageParcel_VariantC_BanyaYard_Dwelling/VariantC_BanyaYard_Dwelling_SeniRearRoofInfill_LOD0 triangle=1 vertices=[(39.868786, 2.1298292, -51.52351);(39.868786, 1.898529, -51.52351);(39.915897, 1.898529, -50.17433)] shader= snow=0.44999998807907
act1-visible-surface: public/school_02_opened_outward/seni-surface-owners pixel=(0.468, 0.233) distance=11.960 point=(47.728233, 3.450821, -52.08609) mesh=/root/Act1PublicBuildingsSmokeTest/Act1Demo/Main/ZoneHost/Act1ConnectedWorld/Act1CoreWorldGreybox/FapExterior/FapClinicAuthoredKitPresentation/FapEastHorizonAuthoredHouse/VillageParcel_VariantB_PlasterAnnex_Dwelling/VariantB_PlasterAnnex_Dwelling_Front_BoardedGable_LOD0 triangle=24 vertices=[(47.730404, 3.0861282, -52.148376);(47.723152, 4.491546, -51.940643);(47.723152, 3.0861282, -51.940643)] shader= snow=0.44999998807907
act1-visible-surface: public/school_02_opened_outward/seni-surface-owners pixel=(0.468, 0.233) distance=16.270 point=(51.937668, 4.231213, -52.580276) mesh=/root/Act1PublicBuildingsSmokeTest/Act1Demo/Main/ZoneHost/Act1ConnectedWorld/Act1CoreWorldGreybox/FapExterior/FapClinicAuthoredKitPresentation/FapEastHorizonAuthoredHouse/VillageParcel_VariantB_PlasterAnnex_Dwelling/VariantB_PlasterAnnex_Dwelling_Roof_LOD0 triangle=5 vertices=[(47.480556, 3.0371282, -55.10272);(47.37419, 4.575728, -52.056774);(54.34754, 4.575728, -51.81326)] shader= snow=0.87999999523163
act1-public-buildings: school: walk up real treads and through the outer aperture: standing capsule reaches the actual destination
act1-public-buildings: school: walk up real treads and through the outer aperture: no teleport or recovery during movement
act1-public-buildings: school: the seni has standing headroom
act1-public-buildings: school/seni: real support is level enough to stand
act1-public-buildings: school/inner-door: door starts in the expected state
act1-public-buildings: school/inner-door: live input ray reaches the door
act1-public-buildings: school/inner-door: passive focus follows the actual aimed door during a result notice
SaveGameV3 written to /Users/unterlantas/Library/Application Support/Godot/app_userdata/URMAN/savegames/checkpoint.savegame-v3.json
act1-public-buildings: school/inner-door: one deliberate mapped press reaches exactly one door action
act1-public-buildings: school/inner-door: explicit interaction changes the existing saved door property
act1-public-buildings: school: align within existing seni: standing capsule reaches the actual destination
act1-public-buildings: school: align within existing seni: no teleport or recovery during movement
act1-public-buildings: school: cross the actual main-wall aperture: standing capsule reaches the actual destination
act1-public-buildings: school: cross the actual main-wall aperture: no teleport or recovery during movement
act1-public-buildings: school: public interior owner matches the physical room
act1-public-buildings: school: both thresholds are crossed with input and no relocation or fall recovery
act1-public-buildings: school/main: real support is level enough to stand
act1-public-buildings: school: timber floor is the actual support level
act1-public-buildings: school: reach the corridor outside the office: standing capsule reaches the actual destination
act1-public-buildings: school: reach the corridor outside the office: no teleport or recovery during movement
act1-public-buildings: school: closed office leaf physically blocks a nearby source
act1-public-buildings: school/office: door starts in the expected state
act1-public-buildings: school/office: live input ray reaches the door
act1-public-buildings: school/office: passive focus follows the actual aimed door during a result notice
SaveGameV3 written to /Users/unterlantas/Library/Application Support/Godot/app_userdata/URMAN/savegames/checkpoint.savegame-v3.json
act1-public-buildings: school/office: one deliberate mapped press reaches exactly one door action
act1-public-buildings: school/office: explicit interaction changes the existing saved door property
act1-public-buildings: school: pass the office door: standing capsule reaches the actual destination
act1-public-buildings: school: pass the office door: no teleport or recovery during movement
act1-public-buildings: school: actual staff source becomes readable after entering
state-final-render-sync-begin: label=public/school_03_office tick=37798 drawn=831 process=831 physics=515 windowVisible=True focus=True mode=Windowed renderLoop=True
state-final-render-sync-end: label=public/school_03_office milliseconds=13 forcedScreenshotRender=False
act1-visible-surface: public/school_03_office/floor-owner pixel=(0.45, 0.92) distance=1.872 point=(38.25361, -0.004970789, -54.65461) mesh=/root/Act1PublicBuildingsSmokeTest/Act1Demo/Main/ZoneHost/Act1ConnectedWorld/Act1CoreWorldGreybox/Act1AuthoredExteriorKitPresentation/DistantPerimeterParcels/EastReturnMidParcel/EastReturnMidFacade/PublicInterior_school/MainRoom/TimberFloor triangle=9 vertices=[(34.93045, -0.00497088, -56.38963);(39.50866, -0.00497088, -56.549503);(39.677956, -0.00497088, -51.701458)] shader= snow=0.0
act1-visible-surface: public/school_03_office/floor-owner pixel=(0.45, 0.92) distance=1.882 point=(38.252014, -0.013970733, -54.65844) mesh=/root/Act1PublicBuildingsSmokeTest/Act1Demo/Main/ZoneHost/Act1ConnectedWorld/Act1CoreWorldGreybox/Act1AuthoredExteriorKitPresentation/DistantPerimeterParcels/EastReturnMidParcel/EastReturnMidFacade/VillageParcel_VariantC_BanyaYard_Dwelling/VariantC_BanyaYard_Dwelling_FootingCap_LOD0 triangle=9 vertices=[(39.90357, -0.013970893, -51.4842);(34.704933, -0.013970893, -56.60689);(39.725925, -0.013970893, -56.775024)] shader= snow=0.5
act1-visible-surface: public/school_03_office/floor-owner pixel=(0.45, 0.92) distance=1.936 point=(38.24326, -0.06347084, -54.679493) mesh=/root/Act1PublicBuildingsSmokeTest/Act1Demo/Main/ZoneHost/Act1ConnectedWorld/Act1CoreWorldGreybox/Act1AuthoredExteriorKitPresentation/DistantPerimeterParcels/EastReturnMidParcel/EastReturnMidFacade/VillageParcel_VariantC_BanyaYard_Dwelling/VariantC_BanyaYard_Dwelling_Foundation_LOD0 triangle=9 vertices=[(39.88952, -0.063470885, -51.49722);(34.718987, -0.063470885, -56.593872);(39.712906, -0.063470885, -56.76106)] shader= snow=0.5
act1-visible-surface: public/school_03_office/floor-owner pixel=(0.45, 0.92) distance=2.182 point=(38.203716, -0.28698277, -54.77457) mesh=/root/Act1PublicBuildingsSmokeTest/Act1Demo/Main/ZoneHost/Act1ConnectedWorld/Act1CoreWorldGreybox/AgentBExteriorWorld/AgentB_TerrainRoadKit/URMAN_AgentB_TerrainRoadKit/Terrain_Main triangle=6342 vertices=[(38.1124, -0.25169998, -55.940098);(40.0481, -0.26999998, -54.1484);(37.909, -0.3227, -53.8381)] shader= snow=0.0
act1-visible-surface: public/school_03_office/floor-owner pixel=(0.9, 0.9) distance=0.882 point=(39.11832, 1.1108325, -54.274998) mesh=/root/Act1PublicBuildingsSmokeTest/Act1Demo/Main/ZoneHost/Act1ConnectedWorld/Act1CoreWorldGreybox/Act1AuthoredExteriorKitPresentation/DistantPerimeterParcels/EastReturnMidParcel/EastReturnMidFacade/PublicInterior_school/MainRoom/SchoolOfficeDoorHinge/SchoolOfficeDoorLeaf triangle=4 vertices=[(39.131496, 1.9950291, -54.52645);(39.07665, 1.9950291, -53.47989);(39.131496, 0.0070291758, -54.52645)] shader= snow=0.0
act1-visible-surface: public/school_03_office/floor-owner pixel=(0.9, 0.9) distance=0.972 point=(39.17613, 1.0509228, -54.310223) mesh=/root/Act1PublicBuildingsSmokeTest/Act1Demo/Main/ZoneHost/Act1ConnectedWorld/Act1CoreWorldGreybox/Act1AuthoredExteriorKitPresentation/DistantPerimeterParcels/EastReturnMidParcel/EastReturnMidFacade/PublicInterior_school/MainRoom/SchoolOfficeDoorHinge/SchoolOfficeDoorPlankJoint4 triangle=3 vertices=[(39.187225, 1.975029, -54.30964);(39.187225, 0.015029132, -54.30964);(39.11832, 0.015029132, -54.313248)] shader= snow=0.0
act1-visible-surface: public/school_03_office/floor-owner pixel=(0.9, 0.9) distance=1.067 point=(39.23641, 0.9884494, -54.346954) mesh=/root/Act1PublicBuildingsSmokeTest/Act1Demo/Main/ZoneHost/Act1ConnectedWorld/Act1CoreWorldGreybox/Act1AuthoredExteriorKitPresentation/DistantPerimeterParcels/EastReturnMidParcel/EastReturnMidFacade/PublicInterior_school/MainRoom/SchoolOfficeDoorHinge/SchoolOfficeDoorHandle-0_1 triangle=15 vertices=[(39.240986, 1.0650291, -54.34187);(39.240986, 0.9850291, -54.34187);(39.23616, 0.9850291, -54.34723)] albedo=(0.33333334, 0.30980393, 0.24313726, 1) texture=
act1-visible-surface: public/school_03_office/floor-owner pixel=(0.9, 0.9) distance=1.341 point=(39.41183, 0.8066498, -54.453846) mesh=/root/Act1PublicBuildingsSmokeTest/Act1Demo/Main/ZoneHost/Act1ConnectedWorld/Act1CoreWorldGreybox/Act1AuthoredExteriorKitPresentation/DistantPerimeterParcels/EastReturnMidParcel/EastReturnMidFacade/PublicInterior_school/MainRoom/SchoolArchiveShelves/Upright0_87799996 triangle=5 vertices=[(39.52667, 1.8250291, -54.457855);(39.52667, -0.004970789, -54.457855);(39.216858, -0.004970789, -54.447037)] shader= snow=0.0
act1-visible-surface: public/school_03_office/floor-owner pixel=(0.9, 0.9) distance=1.470 point=(39.494606, 0.7208624, -54.504284) mesh=/root/Act1PublicBuildingsSmokeTest/Act1Demo/Main/ZoneHost/Act1ConnectedWorld/Act1CoreWorldGreybox/Act1AuthoredExteriorKitPresentation/DistantPerimeterParcels/EastReturnMidParcel/EastReturnMidFacade/PublicInterior_school/MainRoom/SchoolArchiveShelves/Shelf1 triangle=8 vertices=[(39.21684, 0.72086245, -54.447536);(39.15367, 0.72086245, -56.256435);(39.52665, 0.72086245, -54.458355)] shader= snow=0.0
act1-public-buildings: school: return to corridor: standing capsule reaches the actual destination
act1-public-buildings: school: return to corridor: no teleport or recovery during movement
act1-public-buildings: school: walk to the classroom door: standing capsule reaches the actual destination
act1-public-buildings: school: walk to the classroom door: no teleport or recovery during movement
act1-public-buildings: school/classroom: door starts in the expected state
act1-public-buildings: school/classroom: live input ray reaches the door
act1-public-buildings: school/classroom: passive focus follows the actual aimed door during a result notice
SaveGameV3 written to /Users/unterlantas/Library/Application Support/Godot/app_userdata/URMAN/savegames/checkpoint.savegame-v3.json
act1-public-buildings: school/classroom: one deliberate mapped press reaches exactly one door action
act1-public-buildings: school/classroom: explicit interaction changes the existing saved door property
act1-public-buildings: school: enter the preserved classroom footprint: standing capsule reaches the actual destination
act1-public-buildings: school: enter the preserved classroom footprint: no teleport or recovery during movement
act1-public-buildings: school: class photo belongs to the real room and actual content source
act1-public-buildings: school_class_photo_Source: a real photograph texture is bound
act1-public-buildings: school_class_photo_Source: published image provenance and aspect ratio are preserved
state-final-render-sync-begin: label=public/school_04_classroom_photo tick=41016 drawn=1068 process=1068 physics=697 windowVisible=True focus=True mode=Windowed renderLoop=True
state-final-render-sync-end: label=public/school_04_classroom_photo milliseconds=11 forcedScreenshotRender=False
act1-visible-surface: public/school_04_classroom_photo/floor-owner pixel=(0.45, 0.92) distance=2.746 point=(35.850723, -0.0049710274, -56.23826) mesh=/root/Act1PublicBuildingsSmokeTest/Act1Demo/Main/ZoneHost/Act1ConnectedWorld/Act1CoreWorldGreybox/Act1AuthoredExteriorKitPresentation/DistantPerimeterParcels/EastReturnMidParcel/EastReturnMidFacade/PublicInterior_school/MainRoom/TimberFloor triangle=9 vertices=[(34.93045, -0.00497088, -56.38963);(39.50866, -0.00497088, -56.549503);(39.677956, -0.00497088, -51.701458)] shader= snow=0.0
act1-visible-surface: public/school_04_classroom_photo/floor-owner pixel=(0.45, 0.92) distance=2.760 point=(35.847183, -0.01397109, -56.24911) mesh=/root/Act1PublicBuildingsSmokeTest/Act1Demo/Main/ZoneHost/Act1ConnectedWorld/Act1CoreWorldGreybox/Act1AuthoredExteriorKitPresentation/DistantPerimeterParcels/EastReturnMidParcel/EastReturnMidFacade/VillageParcel_VariantC_BanyaYard_Dwelling/VariantC_BanyaYard_Dwelling_FootingCap_LOD0 triangle=9 vertices=[(39.90357, -0.013970893, -51.4842);(34.704933, -0.013970893, -56.60689);(39.725925, -0.013970893, -56.775024)] shader= snow=0.5
act1-visible-surface: public/school_04_classroom_photo/floor-owner pixel=(0.45, 0.92) distance=2.840 point=(35.82772, -0.06347084, -56.30879) mesh=/root/Act1PublicBuildingsSmokeTest/Act1Demo/Main/ZoneHost/Act1ConnectedWorld/Act1CoreWorldGreybox/Act1AuthoredExteriorKitPresentation/DistantPerimeterParcels/EastReturnMidParcel/EastReturnMidFacade/VillageParcel_VariantC_BanyaYard_Dwelling/VariantC_BanyaYard_Dwelling_Foundation_LOD0 triangle=9 vertices=[(39.88952, -0.063470885, -51.49722);(34.718987, -0.063470885, -56.593872);(39.712906, -0.063470885, -56.76106)] shader= snow=0.5
act1-visible-surface: public/school_04_classroom_photo/floor-owner pixel=(0.45, 0.92) distance=3.215 point=(35.736553, -0.29531896, -56.588306) mesh=/root/Act1PublicBuildingsSmokeTest/Act1Demo/Main/ZoneHost/Act1ConnectedWorld/Act1CoreWorldGreybox/AgentBExteriorWorld/AgentB_TerrainRoadKit/URMAN_AgentB_TerrainRoadKit/Terrain_Main triangle=6209 vertices=[(34.048298, -0.2929, -57.9128);(36.1175, -0.2829, -58.0709);(36.0673, -0.29839998, -55.9706)] shader= snow=0.0
act1-visible-surface: public/school_04_classroom_photo/floor-owner pixel=(0.9, 0.9) distance=1.457 point=(37.3542, 1.0486377, -55.192825) mesh=/root/Act1PublicBuildingsSmokeTest/Act1Demo/Main/ZoneHost/Act1ConnectedWorld/Act1CoreWorldGreybox/Act1AuthoredExteriorKitPresentation/DistantPerimeterParcels/EastReturnMidParcel/EastReturnMidFacade/PublicInterior_school/MainRoom/ClassOfficeDivider triangle=0 vertices=[(37.309498, 2.286479, -56.472755);(37.41963, 2.286479, -53.319077);(37.309498, -0.0049209595, -56.472755)] shader= snow=0.0
act1-visible-surface: public/school_04_classroom_photo/floor-owner pixel=(0.9, 0.9) distance=3.379 point=(38.45511, 0.19599819, -56.517212) mesh=/root/Act1PublicBuildingsSmokeTest/Act1Demo/Main/ZoneHost/Act1ConnectedWorld/Act1CoreWorldGreybox/Act1AuthoredExteriorKitPresentation/DistantPerimeterParcels/EastReturnMidParcel/EastReturnMidFacade/VillageParcel_VariantC_BanyaYard_Dwelling/VariantC_BanyaYard_Dwelling_Left_Wall_LOD0 triangle=15 vertices=[(38.703583, 0.5125291, -56.525894);(38.703583, -0.0634709, -56.525894);(37.804043, -0.0634709, -56.49448)] shader= snow=0.44999998807907
act1-visible-surface: public/school_04_classroom_photo/floor-owner pixel=(0.9, 0.9) distance=4.337 point=(39.003742, -0.22891092, -57.177216) mesh=/root/Act1PublicBuildingsSmokeTest/Act1Demo/Main/ZoneHost/Act1ConnectedWorld/Act1CoreWorldGreybox/AgentBExteriorWorld/AgentB_TerrainRoadKit/URMAN_AgentB_TerrainRoadKit/Terrain_Main triangle=6213 vertices=[(37.896797, -0.2287, -58.1707);(40.0412, -0.2082, -58.005497);(39.8211, -0.23609999, -55.8518)] shader= snow=0.0
act1-public-buildings: school: leave classroom through the same opening: standing capsule reaches the actual destination
act1-public-buildings: school: leave classroom through the same opening: no teleport or recovery during movement
act1-public-buildings: school: return along the corridor without crossing partitions: standing capsule reaches the actual destination
act1-public-buildings: school: return along the corridor without crossing partitions: no teleport or recovery during movement
act1-public-buildings: school: return along the room corridor: standing capsule reaches the actual destination
act1-public-buildings: school: return along the room corridor: no teleport or recovery during movement
act1-public-buildings: school: return through inner aperture: standing capsule reaches the actual destination
act1-public-buildings: school: return through inner aperture: no teleport or recovery during movement
act1-public-buildings: school: pass the free end of the outer leaf: standing capsule reaches the actual destination
act1-public-buildings: school: pass the free end of the outer leaf: no teleport or recovery during movement
act1-public-buildings: school: descend the real entry treads: standing capsule reaches the actual destination
act1-public-buildings: school: descend the real entry treads: no teleport or recovery during movement
act1-public-buildings: school: ordinary return reaches the exterior
SaveGameV3 written to /Users/unterlantas/Library/Application Support/Godot/app_userdata/URMAN/savegames/public-door-proof-school.savegame-v3.json
act1-public-buildings: school: actual open doors and exterior player pose save together
act1-public-buildings: school/entrance: door starts in the expected state
act1-public-buildings: school/entrance: live input ray reaches the door
act1-public-buildings: school/entrance: passive focus follows the actual aimed door during a result notice
SaveGameV3 written to /Users/unterlantas/Library/Application Support/Godot/app_userdata/URMAN/savegames/checkpoint.savegame-v3.json
act1-public-buildings: school/entrance: one deliberate mapped press reaches exactly one door action
act1-public-buildings: school/entrance: explicit interaction changes the existing saved door property
zone-loaded: village_day@arrival connected-world=109169348386
SaveGameV3 restored.
act1-public-buildings: school: restore the same runtime snapshot
act1-public-buildings: school: both door states are restored without discovering a source
act1-public-buildings: school: load leaves an unobstructed standing body
act1-public-buildings: school: return through restored outward leaf: standing capsule reaches the actual destination
act1-public-buildings: school: return through restored outward leaf: no teleport or recovery during movement
act1-public-buildings: school: align within existing seni: standing capsule reaches the actual destination
act1-public-buildings: school: align within existing seni: no teleport or recovery during movement
act1-public-buildings: school: cross the actual main-wall aperture: standing capsule reaches the actual destination
act1-public-buildings: school: cross the actual main-wall aperture: no teleport or recovery during movement
act1-public-buildings: school: public interior owner matches the physical room
state-final-render-sync-begin: label=public/school_05_return_after_load tick=47836 drawn=1650 process=1650 physics=1095 windowVisible=True focus=True mode=Windowed renderLoop=True
state-final-render-sync-end: label=public/school_05_return_after_load milliseconds=10 forcedScreenshotRender=False
act1-public-buildings: school: return along the room corridor: standing capsule reaches the actual destination
act1-public-buildings: school: return along the room corridor: no teleport or recovery during movement
act1-public-buildings: school: return through inner aperture: standing capsule reaches the actual destination
act1-public-buildings: school: return through inner aperture: no teleport or recovery during movement
act1-public-buildings: school: pass the free end of the outer leaf: standing capsule reaches the actual destination
act1-public-buildings: school: pass the free end of the outer leaf: no teleport or recovery during movement
act1-public-buildings: school: descend the real entry treads: standing capsule reaches the actual destination
act1-public-buildings: school: descend the real entry treads: no teleport or recovery during movement
act1-public-buildings: school/entrance: door starts in the expected state
act1-public-buildings: school/entrance: live input ray reaches the door
act1-public-buildings: school/entrance: passive focus follows the actual aimed door during a result notice
SaveGameV3 written to /Users/unterlantas/Library/Application Support/Godot/app_userdata/URMAN/savegames/checkpoint.savegame-v3.json
act1-public-buildings: school/entrance: one deliberate mapped press reaches exactly one door action
act1-public-buildings: school/entrance: explicit interaction changes the existing saved door property
userdata guard: original files and permissions restored and verified
