Godot Engine v4.7.1.stable.mono.official.a13da4feb - https://godotengine.org
Metal 4.0 - Forward+ - Using Device #0: Apple - Apple M4 Pro (Apple9)

act1-river: ice_slabs=31 blockers=29 road_gap_samples=2 bridge=broken@(15,-85)
village-chimney: /root/Act1Demo/Main/ZoneHost/Act1ConnectedWorld/Act1CoreWorldGreybox/Act1AuthoredExteriorKitPresentation/ArrivalAuthoredParcels/ArrivalForwardWestFacade/DwellingFacade_TimberPlaster/DwellingFacade_ChimneyCap_LOD0 top=(-10.2875, 4.7722464, 2.3450005)
village-chimney: /root/Act1Demo/Main/ZoneHost/Act1ConnectedWorld/Act1CoreWorldGreybox/Act1AuthoredExteriorKitPresentation/DistantPerimeterParcels/WestArrivalNearParcel/WestArrivalNearFacade/DwellingFacade_TimberPlaster/DwellingFacade_ChimneyCap_LOD0 top=(-19.730013, 3.9641316, 15.965501)
act1-terrain-room-cut: room=/root/Act1Demo/Main/ZoneHost/Act1ConnectedWorld/babay-abi-house half=(4, 3.5) affectedTriangles=48 clippedVertices=49980 publishedVertices=49980 physicsVertices=49980 visualAndPhysics=shared-published-faces
act1-apron-room-cut: mesh=/root/Act1Demo/Main/ZoneHost/Act1ConnectedWorld/Act1CoreWorldGreybox/AgentBExteriorWorld/AgentB_TerrainRoadKit/URMAN_AgentB_TerrainRoadKit/Apron_BabaiYard affectedTriangles=11 clippedVertices=123 surfaces=1 collision=existing-terrain-owner
act1-south-fence-house-junction: wallX=-33.5880 retainedMembers=13 retiredPostsAndCaps=10 supportedWestWing=2.4920m
act1-drain-bank-conform: mesh=/root/Act1Demo/Main/ZoneHost/Act1ConnectedWorld/Act1CoreWorldGreybox/AgentBExteriorWorld/AgentB_TerrainRoadKit/URMAN_AgentB_TerrainRoadKit/BabaiYard_EastFenceSwale originalTriangles=78 affectedTriangles=35 outputTriangles=3543 groundOwner=unchanged
act1-mosque-terrain-cut: affectedTriangles=70 publishedVertices=49980 physicsVertices=49980 sameOwner=true
act1-school-bank-cut: mesh=/root/Act1Demo/Main/ZoneHost/Act1ConnectedWorld/Act1CoreWorldGreybox/AgentBExteriorWorld/AgentB_TerrainRoadKit/URMAN_AgentB_TerrainRoadKit/Ditch_FieldBank_EastZirat room=/root/Act1Demo/Main/ZoneHost/Act1ConnectedWorld/Act1CoreWorldGreybox/Act1AuthoredExteriorKitPresentation/DistantPerimeterParcels/EastReturnMidParcel/EastReturnMidFacade/PublicInterior_school/MainRoom half=(2.5154998, 2.3804996) affectedTriangles=20 clippedVertices=486 publishedVertices=486 floorY=-0.0049708784 collision=unchanged-existing-terrain-and-timber-floor
act1-council-fence-format: source=urman_village_exterior_kit_Cube_040 vertices=96 normals=96 uv=96 tangents=384 colors=0 uv2=0 lods=0 sourceFormat=536875031 publishedFormat=4119
act1-council-fence-format: source=urman_village_exterior_kit_FenceSegment_RailMiddle_Crooked_LOD0Mesh vertices=48 normals=48 uv=0 tangents=192 colors=0 uv2=0 lods=0 sourceFormat=536875015 publishedFormat=4103
act1-council-fence-format: source=urman_village_exterior_kit_Cube_039 vertices=96 normals=96 uv=96 tangents=384 colors=0 uv2=0 lods=0 sourceFormat=536875031 publishedFormat=4119
act1-council-fence-junction: fence=/root/Act1Demo/Main/ZoneHost/Act1ConnectedWorld/Act1CoreWorldGreybox/Act1AuthoredExteriorKitPresentation/DistantPerimeterParcels/EastStreetHorizonParcel/EastStreetHorizonFence wall=/root/Act1Demo/Main/ZoneHost/Act1ConnectedWorld/Act1CoreWorldGreybox/Act1AuthoredExteriorKitPresentation/DistantPerimeterParcels/EastStreetHorizonParcel/EastStreetHorizonFacade/VillageParcel_VariantA_TimberGable_Dwelling/VariantA_TimberGable_Dwelling_SeniRear_Wall_LOD0 localCutZ=-4.4 hiddenMembers=4 trimmedRails=3 retainedMembers=8 sourceAsset=unchanged
address-graph-rebuild: ticks_us=10519640 process_frame=0 physics_frame=0 elapsed_us=8330 allocated_thread_bytes=276544 roads=12 segments=31 pairs=465 broadphase=1 broadphase_rejected_pairs=410 accepted_pairs=42 nodes=39 edges=43
address-graph-rebuild: ticks_us=10885363 process_frame=0 physics_frame=0 elapsed_us=785 allocated_thread_bytes=545744 roads=17 segments=67 pairs=2211 broadphase=1 broadphase_rejected_pairs=2106 accepted_pairs=79 nodes=80 edges=85
address-graph-rebuild: ticks_us=23952947 process_frame=0 physics_frame=0 elapsed_us=14006 allocated_thread_bytes=543672 roads=17 segments=67 pairs=2211 broadphase=1 broadphase_rejected_pairs=2106 accepted_pairs=79 nodes=80 edges=85
act1-roadside-grounding: independent contact meshes=34; source meshes and usable footbridge preserved
act1-kit-blockers: placements=100 shapes=1594 carved_door_slabs=103 flat_slab_skipped=2460 exact_architecture_surfaces=911 hidden_skipped=7 road_clearance_skipped=0
act1-dwelling-threshold: placements=83 worst_analytic_vs_collision_delta=0.028m worst_placement=ArrivalForwardEastShed
act1-building-supports: supported foundations=137; maximum ground drop=1.136m; level entrances preserved
act1-council-fence-contacts: retainedSourceContacts=0 hiddenMemberContacts=0 newBodyOwners=0
zone-loaded: village_day@arrival connected-world=109135794098
УРМАН Godot vertical slice ready: Painterly Low-Poly / first person
act1-window-surrounds: painted=1020
act1-legacy-sign: suppressed=1
act1-perf: resumed focus-loss pause during requested foreground warmup
address-graph-rebuild: ticks_us=28194596 process_frame=60 physics_frame=93 elapsed_us=1057 allocated_thread_bytes=836256 roads=18 segments=105 pairs=5460 broadphase=1 broadphase_rejected_pairs=5284 accepted_pairs=117 nodes=118 edges=123
address-graph-rebuild: ticks_us=28235834 process_frame=62 physics_frame=96 elapsed_us=1420 allocated_thread_bytes=986688 roads=19 segments=123 pairs=7503 broadphase=1 broadphase_rejected_pairs=7268 accepted_pairs=136 nodes=138 edges=144
address-graph-rebuild: ticks_us=45469304 process_frame=970 physics_frame=1129 elapsed_us=13821 allocated_thread_bytes=4489552 roads=20 segments=383 pairs=73153 broadphase=1 broadphase_rejected_pairs=68635 accepted_pairs=396 nodes=398 edges=404
address-graph-rebuild: ticks_us=84015066 process_frame=2989 physics_frame=3442 elapsed_us=15114 allocated_thread_bytes=5279416 roads=21 segments=462 pairs=106491 broadphase=1 broadphase_rejected_pairs=101363 accepted_pairs=475 nodes=477 edges=483
address-graph-rebuild: ticks_us=84121679 process_frame=2993 physics_frame=3449 elapsed_us=18195 allocated_thread_bytes=6011160 roads=22 segments=512 pairs=130816 broadphase=1 broadphase_rejected_pairs=124545 accepted_pairs=526 nodes=527 edges=533
address-graph-rebuild: ticks_us=94768230 process_frame=3545 physics_frame=4086 elapsed_us=31860 allocated_thread_bytes=8156872 roads=23 segments=623 pairs=193753 broadphase=1 broadphase_rejected_pairs=183980 accepted_pairs=639 nodes=639 edges=646
address-graph-rebuild: ticks_us=94890444 process_frame=3549 physics_frame=4094 elapsed_us=34624 allocated_thread_bytes=8454944 roads=24 segments=649 pairs=210276 broadphase=1 broadphase_rejected_pairs=200181 accepted_pairs=666 nodes=666 edges=674
act1-perf-stall: utc=2026-09-17T07:21:42.1772760+00:00 ticks_us=26506942 phase=warmup sample=1 target=village_day@arrival elapsed_s=0.425 frame_ms=425.197 gc0_delta=9 gc1_delta=5 gc2_delta=0 allocated_delta=73271416 focused=True life_event=0 life_time=0.000 last_process_ms=0.000 last_physics_ms=0.000 pipeline_surface_delta=0 pipeline_draw_delta=0
act1-perf-stall: utc=2026-09-17T07:21:42.5843670+00:00 ticks_us=26914040 phase=warmup sample=2 target=village_day@arrival elapsed_s=0.832 frame_ms=407.098 gc0_delta=0 gc1_delta=0 gc2_delta=0 allocated_delta=1273664 focused=True life_event=0 life_time=0.000 last_process_ms=377.131 last_physics_ms=382.304 pipeline_surface_delta=149 pipeline_draw_delta=75
act1-performance-frame: {"status":"CAPTURED","mode":"gameplay","sample":"village_day@arrival","path":"/Users/unterlantas/Documents/GitHub/URMAN/docs/production/act1_takeover_evidence_2026-09-16/images-renderer-arrival-02-off/village_day_arrival.png","width":1920,"height":1080,"sha256":"a9e379698d7dbf2f9eec43aaf618933a1dad8a99cb7b83f42271ed1e53be304f","renderedFramesAtReadback":3717,"processFrameAtReadback":3717,"cameraAtReadback":"/root/Act1Demo/Main/Player/Head/Camera3D","poseAtReadback":"[X: (1, 0, 0), Y: (0, 1, 0), Z: (0, 0, 1), O: (0, 1.1606874, 8.82)]","feetAtReadback":"(0, -0.53931254, 9)","focusedAtReadback":true,"preset":"medium","scale":0.9,"msaa":"Msaa2X","measuredSamples":3130,"measuredSeconds":60.00514099999991,"pixelMinimum":13,"pixelMaximum":234,"forceDraw":false,"poseWrites":0,"timing":"last completed viewport frame; readback outside measurement, before transport exit","scope":"visual evidence only; performance status remains a separate result"}
act1-render-diagnostics: {"status":"RECORDED","path":"/Users/unterlantas/Documents/GitHub/URMAN/docs/production/act1_takeover_evidence_2026-09-16/renderer-arrival-02-off-render.json","samples":3130,"acceptance":false}
act1-demo-package-performance: status=DIAGNOSTIC_RENDER mode=gameplay sample=village_day@arrival avg=19.171ms p95=22.039ms p99=29.876ms max=53.295ms long_frame_fraction=0.00288 warmup_avg=20.428ms warmup_max=425.197ms warmup_seconds=12.01 sample_seconds=60.01 sample_count=3130 focused_sample_count=3130 obscured_sample_count=0 foreground_requested=true focused_sample_fraction=1.00000 fps=52.16 window_fps_valid=true display_driver=macOS adapter=Apple_M4_Pro_(Apple9) rendering_method=forward_plus preset=medium scale=0.90 msaa=Msaa2X fov=75.0 window=1920x1080 viewport=1920x1080 vsync=Disabled engine_fps=51.00 process_ms=26.354 physics_ms=13.753 draw_calls=22616 primitives=5515371 acceptance=false
userdata guard: original files and permissions restored and verified
