Godot Engine v4.7.1.stable.mono.official.a13da4feb - https://godotengine.org
Metal 4.0 - Forward+ - Using Device #0: Apple - Apple M4 Pro (Apple9)

act1-river: ice_slabs=31 blockers=29 road_gap_samples=2 bridge=broken@(15,-85)
village-chimney: /root/Act1Demo/Main/ZoneHost/Act1ConnectedWorld/Act1CoreWorldGreybox/Act1AuthoredExteriorKitPresentation/ArrivalAuthoredParcels/ArrivalForwardWestFacade/DwellingFacade_TimberPlaster/DwellingFacade_ChimneyCap_LOD0 top=(-10.2875, 4.7722464, 2.3450005)
village-chimney: /root/Act1Demo/Main/ZoneHost/Act1ConnectedWorld/Act1CoreWorldGreybox/Act1AuthoredExteriorKitPresentation/DistantPerimeterParcels/WestArrivalNearParcel/WestArrivalNearFacade/DwellingFacade_TimberPlaster/DwellingFacade_ChimneyCap_LOD0 top=(-19.730013, 3.9641316, 15.965501)
act1-terrain-room-cut: room=/root/Act1Demo/Main/ZoneHost/Act1ConnectedWorld/babay-abi-house half=(4, 3.5) affectedTriangles=48 clippedVertices=49980 publishedVertices=49980 physicsVertices=49980 visualAndPhysics=shared-published-faces
act1-apron-room-cut: mesh=/root/Act1Demo/Main/ZoneHost/Act1ConnectedWorld/Act1CoreWorldGreybox/AgentBExteriorWorld/AgentB_TerrainRoadKit/URMAN_AgentB_TerrainRoadKit/Apron_BabaiYard affectedTriangles=11 clippedVertices=123 surfaces=1 collision=existing-terrain-owner
act1-south-fence-house-junction: wallX=-33.5880 retainedMembers=13 retiredPostsAndCaps=10 supportedWestWing=2.4920m
act1-drain-bank-conform: mesh=/root/Act1Demo/Main/ZoneHost/Act1ConnectedWorld/Act1CoreWorldGreybox/AgentBExteriorWorld/AgentB_TerrainRoadKit/URMAN_AgentB_TerrainRoadKit/BabaiYard_EastFenceSwale originalTriangles=78 affectedTriangles=35 outputTriangles=3543 groundOwner=unchanged
act1-mosque-terrain-cut: affectedTriangles=70 publishedVertices=49980 physicsVertices=49980 sameOwner=true
act1-school-bank-cut: mesh=/root/Act1Demo/Main/ZoneHost/Act1ConnectedWorld/Act1CoreWorldGreybox/AgentBExteriorWorld/AgentB_TerrainRoadKit/URMAN_AgentB_TerrainRoadKit/Ditch_FieldBank_EastZirat room=/root/Act1Demo/Main/ZoneHost/Act1ConnectedWorld/Act1CoreWorldGreybox/Act1AuthoredExteriorKitPresentation/DistantPerimeterParcels/EastReturnMidParcel/EastReturnMidFacade/PublicInterior_school/MainRoom half=(2.5154998, 2.3804996) affectedTriangles=20 clippedVertices=486 publishedVertices=486 floorY=-0.0049708784 collision=unchanged-existing-terrain-and-timber-floor
act1-council-fence-format: source=urman_village_exterior_kit_Cube_040 vertices=96 normals=96 uv=96 tangents=384 colors=0 uv2=0 lods=0 sourceFormat=536875031 publishedFormat=4119
act1-council-fence-format: source=urman_village_exterior_kit_FenceSegment_RailMiddle_Crooked_LOD0Mesh vertices=48 normals=48 uv=0 tangents=192 colors=0 uv2=0 lods=0 sourceFormat=536875015 publishedFormat=4103
act1-council-fence-format: source=urman_village_exterior_kit_Cube_039 vertices=96 normals=96 uv=96 tangents=384 colors=0 uv2=0 lods=0 sourceFormat=536875031 publishedFormat=4119
act1-council-fence-junction: fence=/root/Act1Demo/Main/ZoneHost/Act1ConnectedWorld/Act1CoreWorldGreybox/Act1AuthoredExteriorKitPresentation/DistantPerimeterParcels/EastStreetHorizonParcel/EastStreetHorizonFence wall=/root/Act1Demo/Main/ZoneHost/Act1ConnectedWorld/Act1CoreWorldGreybox/Act1AuthoredExteriorKitPresentation/DistantPerimeterParcels/EastStreetHorizonParcel/EastStreetHorizonFacade/VillageParcel_VariantA_TimberGable_Dwelling/VariantA_TimberGable_Dwelling_SeniRear_Wall_LOD0 localCutZ=-4.4 hiddenMembers=4 trimmedRails=3 retainedMembers=8 sourceAsset=unchanged
act1-zirat-fence-source: owner=/root/Act1Demo/Main/ZoneHost/Act1ConnectedWorld/Act1CoreWorldGreybox/ConnectiveStreetReturn/ReturnEastParcelFenceRail surfaces=1
act1-zirat-fence-source: owner=/root/Act1Demo/Main/ZoneHost/Act1ConnectedWorld/Act1CoreWorldGreybox/ConnectiveStreetReturn/ReturnEastParcelFenceRail rawVertices=144 normals=144 tangents=576 indices=0 expandedVertices=144 format=7 indexed=False primitive=Triangles lods=0 shadow=False failedTerms=
act1-zirat-fence-source: owner=/root/Act1Demo/Main/ZoneHost/Act1ConnectedWorld/Act1CoreWorldGreybox/ConnectiveStreetReturn/ReturnEastParcelFenceRail/ReturnEastParcelFenceLowerRail surfaces=1
act1-zirat-fence-source: owner=/root/Act1Demo/Main/ZoneHost/Act1ConnectedWorld/Act1CoreWorldGreybox/ConnectiveStreetReturn/ReturnEastParcelFenceRail/ReturnEastParcelFenceLowerRail rawVertices=144 normals=144 tangents=576 indices=0 expandedVertices=144 format=7 indexed=False primitive=Triangles lods=0 shadow=False failedTerms=
act1-zirat-fence-post-source: owner=/root/Act1Demo/Main/ZoneHost/Act1ConnectedWorld/Act1CoreWorldGreybox/ConnectiveStreetReturn/ReturnEastParcelFencePost0 meshType=BoxMesh surfaces=1
act1-zirat-fence-post-source: owner=/root/Act1Demo/Main/ZoneHost/Act1ConnectedWorld/Act1CoreWorldGreybox/ConnectiveStreetReturn/ReturnEastParcelFencePost1 meshType=BoxMesh surfaces=1
act1-zirat-fence-post-source: owner=/root/Act1Demo/Main/ZoneHost/Act1ConnectedWorld/Act1CoreWorldGreybox/ConnectiveStreetReturn/ReturnEastParcelFencePost2 meshType=BoxMesh surfaces=1
act1-zirat-fence-post-source: owner=/root/Act1Demo/Main/ZoneHost/Act1ConnectedWorld/Act1CoreWorldGreybox/ConnectiveStreetReturn/ReturnEastParcelFencePost3 meshType=BoxMesh surfaces=1
act1-zirat-fence-post-source: owner=/root/Act1Demo/Main/ZoneHost/Act1ConnectedWorld/Act1CoreWorldGreybox/ConnectiveStreetReturn/ReturnEastParcelFencePost4 meshType=BoxMesh surfaces=1
act1-zirat-shed-fence-junction: wall=/root/Act1Demo/Main/ZoneHost/Act1ConnectedWorld/Act1CoreWorldGreybox/Act1AuthoredExteriorKitPresentation/ZiratVillageEdgeAuthoredParcels/ZiratVillageEdgeEastShed/OutbuildingShed_Low/OutbuildingShed_Wall_LOD0 attachmentZ=-46.915245 retainedFirstSpans=2 hiddenPost=3 retainedFarPost=4 frontCut=(-0.99987423, 0.015860919, -2.3291499E-07), -14.446598 rearCut=(0.99986124, 0.016654668, 0), 17.218063
address-graph-rebuild: ticks_us=12068948 process_frame=0 physics_frame=0 elapsed_us=9701 allocated_thread_bytes=276544 roads=12 segments=31 pairs=465 broadphase=1 broadphase_rejected_pairs=410 accepted_pairs=42 nodes=39 edges=43
address-graph-rebuild: ticks_us=12505952 process_frame=0 physics_frame=0 elapsed_us=940 allocated_thread_bytes=545744 roads=17 segments=67 pairs=2211 broadphase=1 broadphase_rejected_pairs=2106 accepted_pairs=79 nodes=80 edges=85
address-graph-rebuild: ticks_us=27201135 process_frame=0 physics_frame=0 elapsed_us=661 allocated_thread_bytes=543672 roads=17 segments=67 pairs=2211 broadphase=1 broadphase_rejected_pairs=2106 accepted_pairs=79 nodes=80 edges=85
act1-roadside-grounding: independent contact meshes=34; source meshes and usable footbridge preserved
act1-kit-blockers: placements=100 shapes=1594 carved_door_slabs=103 flat_slab_skipped=2460 exact_architecture_surfaces=911 hidden_skipped=7 road_clearance_skipped=0
act1-dwelling-threshold: placements=83 worst_analytic_vs_collision_delta=0.028m worst_placement=ArrivalForwardEastShed
act1-building-supports: supported foundations=137; maximum ground drop=1.136m; level entrances preserved
act1-zirat-foundation-contact: owner=/root/Act1Demo/Main/ZoneHost/Act1ConnectedWorld/Act1CoreWorldGreybox/Act1AuthoredExteriorKitPresentation/ZiratVillageEdgeAuthoredParcels/ZiratVillageEdgeEastShed/AuthoredKitCollisionProxy/OutbuildingShed_Foundation_LOD0_SurfaceContact source=/root/Act1Demo/Main/ZoneHost/Act1ConnectedWorld/Act1CoreWorldGreybox/Act1AuthoredExteriorKitPresentation/ZiratVillageEdgeAuthoredParcels/ZiratVillageEdgeEastShed/OutbuildingShed_Low/OutbuildingShed_Foundation_LOD0 policy=exact-existing-mesh-triangles
act1-council-fence-contacts: retainedSourceContacts=0 hiddenMemberContacts=0 newBodyOwners=0
zone-loaded: village_day@arrival connected-world=109135794109
УРМАН Godot vertical slice ready: Painterly Low-Poly / first person
act1-window-surrounds: painted=1020
act1-legacy-sign: suppressed=1
act1-perf: resumed focus-loss pause during requested foreground warmup
address-graph-rebuild: ticks_us=31826238 process_frame=60 physics_frame=99 elapsed_us=1106 allocated_thread_bytes=836256 roads=18 segments=105 pairs=5460 broadphase=1 broadphase_rejected_pairs=5284 accepted_pairs=117 nodes=118 edges=123
address-graph-rebuild: ticks_us=31876724 process_frame=62 physics_frame=102 elapsed_us=7051 allocated_thread_bytes=986688 roads=19 segments=123 pairs=7503 broadphase=1 broadphase_rejected_pairs=7268 accepted_pairs=136 nodes=138 edges=144
address-graph-rebuild: ticks_us=50337039 process_frame=955 physics_frame=1210 elapsed_us=11254 allocated_thread_bytes=4489552 roads=20 segments=383 pairs=73153 broadphase=1 broadphase_rejected_pairs=68635 accepted_pairs=396 nodes=398 edges=404
address-graph-rebuild: ticks_us=90903867 process_frame=3542 physics_frame=3644 elapsed_us=19869 allocated_thread_bytes=5279416 roads=21 segments=462 pairs=106491 broadphase=1 broadphase_rejected_pairs=101363 accepted_pairs=475 nodes=477 edges=483
address-graph-rebuild: ticks_us=91030998 process_frame=3550 physics_frame=3651 elapsed_us=23762 allocated_thread_bytes=6011160 roads=22 segments=512 pairs=130816 broadphase=1 broadphase_rejected_pairs=124545 accepted_pairs=526 nodes=527 edges=533
act1-perf-stall: utc=2026-09-17T08:42:27.2141260+00:00 ticks_us=30046843 phase=warmup sample=1 target=village_day@arrival elapsed_s=0.464 frame_ms=463.841 gc0_delta=9 gc1_delta=4 gc2_delta=0 allocated_delta=73190240 focused=True life_event=0 life_time=0.000 last_process_ms=0.000 last_physics_ms=0.000 pipeline_surface_delta=0 pipeline_draw_delta=0
act1-perf-stall: utc=2026-09-17T08:42:27.5938420+00:00 ticks_us=30426571 phase=warmup sample=2 target=village_day@arrival elapsed_s=0.844 frame_ms=379.728 gc0_delta=0 gc1_delta=0 gc2_delta=0 allocated_delta=1290064 focused=True life_event=0 life_time=0.000 last_process_ms=357.761 last_physics_ms=410.904 pipeline_surface_delta=149 pipeline_draw_delta=74
act1-performance-frame: {"status":"CAPTURED","mode":"gameplay","sample":"village_day@arrival","path":"/Users/unterlantas/Documents/GitHub/URMAN/docs/production/act1_takeover_evidence_2026-09-16/images-renderer-arrival-04-off/village_day_arrival.png","width":1920,"height":1080,"sha256":"77080adadcf001c03de92701a596c963bf3b64271d6496349d5f056f27b9772a","renderedFramesAtReadback":4476,"processFrameAtReadback":4476,"cameraAtReadback":"/root/Act1Demo/Main/Player/Head/Camera3D","poseAtReadback":"[X: (0.8789836, 0, 0.47685194), Y: (0.029277138, 0.99811345, -0.053966697), Z: (-0.47595236, 0.061396703, 0.8773254), O: (-3.0261168, 1.4524883, -20.455587)]","feetAtReadback":"(-3.11195, -0.24751174, -20.29737)","focusedAtReadback":false,"preset":"medium","scale":0.9,"msaa":"Msaa2X","measuredSamples":3943,"measuredSeconds":60.00201900000016,"pixelMinimum":0,"pixelMaximum":255,"forceDraw":false,"poseWrites":0,"timing":"last completed viewport frame; readback outside measurement, before transport exit","scope":"visual evidence only; performance status remains a separate result"}
act1-render-diagnostics: {"status":"RECORDED","path":"/Users/unterlantas/Documents/GitHub/URMAN/docs/production/act1_takeover_evidence_2026-09-16/renderer-arrival-04-off-render.json","samples":3943,"acceptance":false}
act1-demo-package-performance: status=DIAGNOSTIC_RENDER mode=gameplay sample=village_day@arrival avg=15.217ms p95=26.988ms p99=32.295ms max=56.327ms long_frame_fraction=0.00710 warmup_avg=22.477ms warmup_max=463.841ms warmup_seconds=12.00 sample_seconds=60.00 sample_count=3943 focused_sample_count=2830 obscured_sample_count=1300 foreground_requested=true focused_sample_fraction=0.71773 fps=65.71 window_fps_valid=true display_driver=macOS adapter=Apple_M4_Pro_(Apple9) rendering_method=forward_plus preset=medium scale=0.90 msaa=Msaa2X fov=75.0 window=1920x1080 viewport=1920x1080 vsync=Disabled engine_fps=88.00 process_ms=10.656 physics_ms=13.447 draw_calls=11615 primitives=4245909 acceptance=false
userdata guard: original files and permissions restored and verified
