Godot Engine v4.7.1.stable.mono.official.a13da4feb - https://godotengine.org
Metal 4.0 - Forward+ - Using Device #0: Apple - Apple M4 Pro (Apple9)

act1-river: ice_slabs=31 blockers=29 road_gap_samples=2 bridge=broken@(15,-85)
village-chimney: /root/AddressWorldSmokeTest/Act1Demo/Main/ZoneHost/Act1ConnectedWorld/Act1CoreWorldGreybox/Act1AuthoredExteriorKitPresentation/ArrivalAuthoredParcels/ArrivalForwardWestFacade/DwellingFacade_TimberPlaster/DwellingFacade_ChimneyCap_LOD0 top=(-10.2875, 4.7722464, 2.3450005)
village-chimney: /root/AddressWorldSmokeTest/Act1Demo/Main/ZoneHost/Act1ConnectedWorld/Act1CoreWorldGreybox/Act1AuthoredExteriorKitPresentation/DistantPerimeterParcels/WestArrivalNearParcel/WestArrivalNearFacade/DwellingFacade_TimberPlaster/DwellingFacade_ChimneyCap_LOD0 top=(-19.730013, 3.9641316, 15.965501)
act1-terrain-room-cut: room=/root/AddressWorldSmokeTest/Act1Demo/Main/ZoneHost/Act1ConnectedWorld/babay-abi-house half=(4, 3.5) affectedTriangles=48 clippedVertices=49980 publishedVertices=49980 physicsVertices=49980 visualAndPhysics=shared-published-faces
act1-apron-room-cut: mesh=/root/AddressWorldSmokeTest/Act1Demo/Main/ZoneHost/Act1ConnectedWorld/Act1CoreWorldGreybox/AgentBExteriorWorld/AgentB_TerrainRoadKit/URMAN_AgentB_TerrainRoadKit/Apron_BabaiYard affectedTriangles=11 clippedVertices=123 surfaces=1 collision=existing-terrain-owner
act1-south-fence-house-junction: wallX=-33.5880 retainedMembers=13 retiredPostsAndCaps=10 supportedWestWing=2.4920m
act1-drain-bank-conform: mesh=/root/AddressWorldSmokeTest/Act1Demo/Main/ZoneHost/Act1ConnectedWorld/Act1CoreWorldGreybox/AgentBExteriorWorld/AgentB_TerrainRoadKit/URMAN_AgentB_TerrainRoadKit/BabaiYard_EastFenceSwale originalTriangles=78 affectedTriangles=35 outputTriangles=3543 groundOwner=unchanged
act1-mosque-terrain-cut: affectedTriangles=70 publishedVertices=49980 physicsVertices=49980 sameOwner=true
act1-school-bank-cut: mesh=/root/AddressWorldSmokeTest/Act1Demo/Main/ZoneHost/Act1ConnectedWorld/Act1CoreWorldGreybox/AgentBExteriorWorld/AgentB_TerrainRoadKit/URMAN_AgentB_TerrainRoadKit/Ditch_FieldBank_EastZirat room=/root/AddressWorldSmokeTest/Act1Demo/Main/ZoneHost/Act1ConnectedWorld/Act1CoreWorldGreybox/Act1AuthoredExteriorKitPresentation/DistantPerimeterParcels/EastReturnMidParcel/EastReturnMidFacade/PublicInterior_school/MainRoom half=(2.5154998, 2.3804996) affectedTriangles=20 clippedVertices=486 publishedVertices=486 floorY=-0.0049708784 collision=unchanged-existing-terrain-and-timber-floor
act1-council-fence-format: source=urman_village_exterior_kit_Cube_040 vertices=96 normals=96 uv=96 tangents=384 colors=0 uv2=0 lods=0 sourceFormat=536875031 publishedFormat=4119
act1-council-fence-format: source=urman_village_exterior_kit_FenceSegment_RailMiddle_Crooked_LOD0Mesh vertices=48 normals=48 uv=0 tangents=192 colors=0 uv2=0 lods=0 sourceFormat=536875015 publishedFormat=4103
act1-council-fence-format: source=urman_village_exterior_kit_Cube_039 vertices=96 normals=96 uv=96 tangents=384 colors=0 uv2=0 lods=0 sourceFormat=536875031 publishedFormat=4119
act1-council-fence-junction: fence=/root/AddressWorldSmokeTest/Act1Demo/Main/ZoneHost/Act1ConnectedWorld/Act1CoreWorldGreybox/Act1AuthoredExteriorKitPresentation/DistantPerimeterParcels/EastStreetHorizonParcel/EastStreetHorizonFence wall=/root/AddressWorldSmokeTest/Act1Demo/Main/ZoneHost/Act1ConnectedWorld/Act1CoreWorldGreybox/Act1AuthoredExteriorKitPresentation/DistantPerimeterParcels/EastStreetHorizonParcel/EastStreetHorizonFacade/VillageParcel_VariantA_TimberGable_Dwelling/VariantA_TimberGable_Dwelling_SeniRear_Wall_LOD0 localCutZ=-4.4 hiddenMembers=4 trimmedRails=3 retainedMembers=8 sourceAsset=unchanged
act1-zirat-fence-source: owner=/root/AddressWorldSmokeTest/Act1Demo/Main/ZoneHost/Act1ConnectedWorld/Act1CoreWorldGreybox/ConnectiveStreetReturn/ReturnEastParcelFenceRail surfaces=1
act1-zirat-fence-source: owner=/root/AddressWorldSmokeTest/Act1Demo/Main/ZoneHost/Act1ConnectedWorld/Act1CoreWorldGreybox/ConnectiveStreetReturn/ReturnEastParcelFenceRail rawVertices=144 normals=144 tangents=576 indices=0 expandedVertices=144 format=23 indexed=False primitive=Triangles lods=0 shadow=False failedTerms=
act1-zirat-fence-source: owner=/root/AddressWorldSmokeTest/Act1Demo/Main/ZoneHost/Act1ConnectedWorld/Act1CoreWorldGreybox/ConnectiveStreetReturn/ReturnEastParcelFenceRail/ReturnEastParcelFenceLowerRail surfaces=1
act1-zirat-fence-source: owner=/root/AddressWorldSmokeTest/Act1Demo/Main/ZoneHost/Act1ConnectedWorld/Act1CoreWorldGreybox/ConnectiveStreetReturn/ReturnEastParcelFenceRail/ReturnEastParcelFenceLowerRail rawVertices=144 normals=144 tangents=576 indices=0 expandedVertices=144 format=23 indexed=False primitive=Triangles lods=0 shadow=False failedTerms=
act1-zirat-fence-post-source: owner=/root/AddressWorldSmokeTest/Act1Demo/Main/ZoneHost/Act1ConnectedWorld/Act1CoreWorldGreybox/ConnectiveStreetReturn/ReturnEastParcelFencePost0 meshType=BoxMesh surfaces=1
act1-zirat-fence-post-source: owner=/root/AddressWorldSmokeTest/Act1Demo/Main/ZoneHost/Act1ConnectedWorld/Act1CoreWorldGreybox/ConnectiveStreetReturn/ReturnEastParcelFencePost1 meshType=BoxMesh surfaces=1
act1-zirat-fence-post-source: owner=/root/AddressWorldSmokeTest/Act1Demo/Main/ZoneHost/Act1ConnectedWorld/Act1CoreWorldGreybox/ConnectiveStreetReturn/ReturnEastParcelFencePost2 meshType=BoxMesh surfaces=1
act1-zirat-fence-post-source: owner=/root/AddressWorldSmokeTest/Act1Demo/Main/ZoneHost/Act1ConnectedWorld/Act1CoreWorldGreybox/ConnectiveStreetReturn/ReturnEastParcelFencePost3 meshType=BoxMesh surfaces=1
act1-zirat-fence-post-source: owner=/root/AddressWorldSmokeTest/Act1Demo/Main/ZoneHost/Act1ConnectedWorld/Act1CoreWorldGreybox/ConnectiveStreetReturn/ReturnEastParcelFencePost4 meshType=BoxMesh surfaces=1
act1-zirat-shed-fence-junction: wall=/root/AddressWorldSmokeTest/Act1Demo/Main/ZoneHost/Act1ConnectedWorld/Act1CoreWorldGreybox/Act1AuthoredExteriorKitPresentation/ZiratVillageEdgeAuthoredParcels/ZiratVillageEdgeEastShed/OutbuildingShed_Low/OutbuildingShed_Wall_LOD0 attachmentZ=-46.915245 retainedFirstSpans=2 hiddenPost=3 retainedFarPost=4 frontCut=(-0.99987423, 0.015860919, -2.3291499E-07), -14.446598 rearCut=(0.99986124, 0.016654668, 0), 17.218063
act1-roadside-grounding: independent contact meshes=34; source meshes and usable footbridge preserved
act1-kit-blockers: placements=100 shapes=1597 carved_door_slabs=116 flat_slab_skipped=2460 exact_architecture_surfaces=911 hidden_skipped=7 road_clearance_skipped=0
act1-dwelling-threshold: placements=83 worst_analytic_vs_collision_delta=0.028m worst_placement=ArrivalForwardEastShed
act1-building-supports: supported foundations=137; maximum ground drop=1.136m; level entrances preserved
act1-zirat-foundation-contact: owner=/root/AddressWorldSmokeTest/Act1Demo/Main/ZoneHost/Act1ConnectedWorld/Act1CoreWorldGreybox/Act1AuthoredExteriorKitPresentation/ZiratVillageEdgeAuthoredParcels/ZiratVillageEdgeEastShed/AuthoredKitCollisionProxy/OutbuildingShed_Foundation_LOD0_SurfaceContact source=/root/AddressWorldSmokeTest/Act1Demo/Main/ZoneHost/Act1ConnectedWorld/Act1CoreWorldGreybox/Act1AuthoredExteriorKitPresentation/ZiratVillageEdgeAuthoredParcels/ZiratVillageEdgeEastShed/OutbuildingShed_Low/OutbuildingShed_Foundation_LOD0 policy=exact-existing-mesh-triangles
act1-council-fence-contacts: retainedSourceContacts=0 hiddenMemberContacts=0 newBodyOwners=0
zone-loaded: village_day@arrival connected-world=119806105218
УРМАН Godot vertical slice ready: Painterly Low-Poly / first person
act1-window-surrounds: painted=1020
act1-legacy-sign: suppressed=1
zone-loaded: village_day@arrival connected-world=119806105218
SaveGameV3 new game session started; existing slots untouched.
act1-intro: confirmed with E
state-final-render-sync-begin: label=address/14_PerimeterWestStreetShed_door_support_neighbours tick=32249 drawn=3 process=3 physics=27 windowVisible=True focus=False mode=Windowed renderLoop=True
state-final-render-sync-end: label=address/14_PerimeterWestStreetShed_door_support_neighbours milliseconds=21 forcedScreenshotRender=False
act1-visible-surface: PerimeterWestStreetShed/overview-owner pixel=(0.6081621, 0.6486728) distance=3,610 point=(-19.97588, 1.6938978, -13.890047) mesh=/root/AddressWorldSmokeTest/Act1Demo/Main/ZoneHost/Act1ConnectedWorld/Act1CoreWorldGreybox/Act1AuthoredExteriorKitPresentation/DistantPerimeterParcels/PerimeterWestStreetShed/OutbuildingShed_Low/OutbuildingShed_Door_Panel_LOD0 triangle=12 vertices=[(-20.061096, 0.70193005, -13.079258);(-19.927065, 2.63393, -14.354484);(-19.927065, 0.70193005, -14.354484)] shader= snow=0.44999998807907
act1-visible-surface: PerimeterWestStreetShed/overview-owner pixel=(0.6081621, 0.6486728) distance=3,719 point=(-20.063032, 1.6523491, -13.940989) mesh=/root/AddressWorldSmokeTest/Act1Demo/Main/ZoneHost/Act1ConnectedWorld/Act1CoreWorldGreybox/Act1AuthoredExteriorKitPresentation/DistantPerimeterParcels/PerimeterWestStreetShed/OutbuildingShed_Low/OutbuildingShed_Door_Recess_LOD0 triangle=12 vertices=[(-20.16846, 0.54093003, -12.937906);(-20.002695, 2.79493, -14.515069);(-20.002695, 0.54093003, -14.515069)] shader= snow=0.44999998807907
act1-visible-surface: PerimeterWestStreetShed/overview-owner pixel=(0.6081621, 0.6486728) distance=3,874 point=(-20.186579, 1.5934509, -14.013201) mesh=/root/AddressWorldSmokeTest/Act1Demo/Main/ZoneHost/Act1ConnectedWorld/Act1CoreWorldGreybox/Act1AuthoredExteriorKitPresentation/DistantPerimeterParcels/PerimeterWestStreetShed/OutbuildingShed_Low/OutbuildingShed_Wall_LOD0 triangle=0 vertices=[(-20.464403, 0.62143004, -11.222368);(-20.075554, 2.7604299, -15.2465925);(-20.036465, 0.62143004, -15.293941)] shader= snow=0.44999998807907
act1-visible-surface: PerimeterWestStreetShed/overview-owner pixel=(0.6081621, 0.6486728) distance=6,247 point=(-22.080772, 0.69043016, -15.120348) mesh=/root/AddressWorldSmokeTest/Act1Demo/Main/ZoneHost/Act1ConnectedWorld/Act1CoreWorldGreybox/Act1AuthoredExteriorKitPresentation/DistantPerimeterParcels/PerimeterWestStreetShed/OutbuildingShed_Low/OutbuildingShed_Foundation_LOD0 triangle=23 vertices=[(-20.485456, 0.69043005, -11.132074);(-22.828913, 0.69043005, -15.679945);(-19.98711, 0.69043005, -15.323443)] shader= snow=0.5
act1-visible-surface: PerimeterWestStreetShed/overview-owner pixel=(0.6081621, 0.6486728) distance=7,101 point=(-22.76287, 0.36525178, -15.5190325) mesh=/root/AddressWorldSmokeTest/Act1Demo/Main/ZoneHost/Act1ConnectedWorld/Act1CoreWorldGreybox/Act1AuthoredExteriorKitPresentation/DistantPerimeterParcels/PerimeterWestStreetShed/AuthoredFoundationSupport85 triangle=105 vertices=[(-22.746864, 0.2673358, -15.671322);(-22.796547, 0.38043576, -15.198626);(-22.746864, 0.38043576, -15.671322)] shader= snow=0.5
act1-visible-surface: PerimeterWestStreetShed/overview-owner pixel=(0.5, 0.8) distance=3,818 point=(-20.160013, 0.9429736, -13.018272) mesh=/root/AddressWorldSmokeTest/Act1Demo/Main/ZoneHost/Act1ConnectedWorld/Act1CoreWorldGreybox/Act1AuthoredExteriorKitPresentation/DistantPerimeterParcels/PerimeterWestStreetShed/OutbuildingShed_Low/OutbuildingShed_Door_Recess_LOD0 triangle=13 vertices=[(-20.16846, 0.54093003, -12.937906);(-20.16846, 2.79493, -12.937906);(-20.002695, 2.79493, -14.515069)] shader= snow=0.44999998807907
act1-visible-surface: PerimeterWestStreetShed/overview-owner pixel=(0.5, 0.8) distance=3,963 point=(-20.276253, 0.86242056, -13.049087) mesh=/root/AddressWorldSmokeTest/Act1Demo/Main/ZoneHost/Act1ConnectedWorld/Act1CoreWorldGreybox/Act1AuthoredExteriorKitPresentation/DistantPerimeterParcels/PerimeterWestStreetShed/OutbuildingShed_Low/OutbuildingShed_Wall_LOD0 triangle=0 vertices=[(-20.464403, 0.62143004, -11.222368);(-20.075554, 2.7604299, -15.2465925);(-20.036465, 0.62143004, -15.293941)] shader= snow=0.44999998807907
act1-visible-surface: PerimeterWestStreetShed/overview-owner pixel=(0.5, 0.8) distance=4,272 point=(-20.524437, 0.69043016, -13.114878) mesh=/root/AddressWorldSmokeTest/Act1Demo/Main/ZoneHost/Act1ConnectedWorld/Act1CoreWorldGreybox/Act1AuthoredExteriorKitPresentation/DistantPerimeterParcels/PerimeterWestStreetShed/OutbuildingShed_Low/OutbuildingShed_Foundation_LOD0 triangle=23 vertices=[(-20.485456, 0.69043005, -11.132074);(-22.828913, 0.69043005, -15.679945);(-19.98711, 0.69043005, -15.323443)] shader= snow=0.5
act1-visible-surface: PerimeterWestStreetShed/overview-owner pixel=(0.5, 0.8) distance=5,013 point=(-21.119265, 0.27821684, -13.272561) mesh=/root/AddressWorldSmokeTest/Act1Demo/Main/ZoneHost/Act1ConnectedWorld/Act1CoreWorldGreybox/AgentBExteriorWorld/AgentB_TerrainRoadKit/URMAN_AgentB_TerrainRoadKit/Terrain_Main triangle=9013 vertices=[(-22.136, 0.3196, -13.9057);(-19.8484, 0.2306, -14.015599);(-19.8988, 0.22729999, -12.0484)] shader= snow=0.0
act1-visible-surface: PerimeterWestStreetShed/overview-owner pixel=(0.5, 0.8) distance=5,301 point=(-21.350712, 0.11782384, -13.333916) mesh=/root/AddressWorldSmokeTest/Act1Demo/Main/ZoneHost/Act1ConnectedWorld/Act1CoreWorldGreybox/MainStreet/MainStreetWestFieldBreak triangle=9 vertices=[(-23, 0.2376, -5);(-20.624092, 0.1033, -12.37495);(-21.96867, 0.124699995, -14.81245)] shader= snow=0.72000002861023
standalone-access failure: PerimeterWestStreetShed: System.InvalidOperationException: PerimeterWestStreetShed: local road fixture settles with the ordinary standing capsule
   at Urman.Godot.Tests.AddressWorldSmokeTest.Require(Boolean value, String message) in /Users/unterlantas/Documents/GitHub/URMAN/game/tests/AddressWorldSmokeTest.cs:line 791
   at Urman.Godot.Tests.AddressWorldSmokeTest.VerifyStandaloneShedAccess(AddressAccessVerifier audit) in /Users/unterlantas/Documents/GitHub/URMAN/game/tests/AddressWorldSmokeTest.StandaloneAccess.cs:line 104
state-final-render-sync-begin: label=address/14_ZiratVillageEdgeEastShed_door_support_neighbours tick=33094 drawn=13 process=13 physics=54 windowVisible=True focus=True mode=Windowed renderLoop=True
state-final-render-sync-end: label=address/14_ZiratVillageEdgeEastShed_door_support_neighbours milliseconds=10 forcedScreenshotRender=False
act1-visible-surface: ZiratVillageEdgeEastShed/overview-owner pixel=(0.6081623, 0.6486728) distance=3,610 point=(14.235999, 0.91958463, -47.942867) mesh=/root/AddressWorldSmokeTest/Act1Demo/Main/ZoneHost/Act1ConnectedWorld/Act1CoreWorldGreybox/Act1AuthoredExteriorKitPresentation/ZiratVillageEdgeAuthoredParcels/ZiratVillageEdgeEastShed/OutbuildingShed_Low/OutbuildingShed_Door_Panel_LOD0 triangle=12 vertices=[(14.236, -0.07238358, -48.75812);(14.236, 1.8596163, -47.475872);(14.236, -0.07238358, -47.475872)] shader= snow=0.44999998807907
act1-visible-surface: ZiratVillageEdgeEastShed/overview-owner pixel=(0.6081623, 0.6486728) distance=3,719 point=(14.328, 0.87803566, -47.901314) mesh=/root/AddressWorldSmokeTest/Act1Demo/Main/ZoneHost/Act1ConnectedWorld/Act1CoreWorldGreybox/Act1AuthoredExteriorKitPresentation/ZiratVillageEdgeAuthoredParcels/ZiratVillageEdgeEastShed/OutbuildingShed_Low/OutbuildingShed_Door_Recess_LOD0 triangle=12 vertices=[(14.328, -0.2333836, -48.909924);(14.328, 2.0206163, -47.32407);(14.328, -0.2333836, -47.32407)] shader= snow=0.44999998807907
act1-visible-surface: ZiratVillageEdgeEastShed/overview-owner pixel=(0.6081623, 0.6486728) distance=3,874 point=(14.458416, 0.81913805, -47.842415) mesh=/root/AddressWorldSmokeTest/Act1Demo/Main/ZoneHost/Act1ConnectedWorld/Act1CoreWorldGreybox/Act1AuthoredExteriorKitPresentation/ZiratVillageEdgeAuthoredParcels/ZiratVillageEdgeEastShed/OutbuildingShed_Low/OutbuildingShed_Wall_LOD0 triangle=0 vertices=[(14.443001, -0.15288362, -50.647);(14.476925, 1.9861162, -46.60417);(14.443, -0.15288362, -46.552998)] shader= snow=0.44999998807907
act1-visible-surface: ZiratVillageEdgeEastShed/overview-owner pixel=(0.6081623, 0.6486728) distance=6,247 point=(16.457964, -0.08388376, -46.939327) mesh=/root/AddressWorldSmokeTest/Act1Demo/Main/ZoneHost/Act1ConnectedWorld/Act1CoreWorldGreybox/Act1AuthoredExteriorKitPresentation/ZiratVillageEdgeAuthoredParcels/ZiratVillageEdgeEastShed/OutbuildingShed_Low/OutbuildingShed_Foundation_LOD0 triangle=23 vertices=[(14.4545, -0.08388363, -50.739);(17.2605, -0.08388363, -46.461);(14.397, -0.08388363, -46.518497)] shader= snow=0.5
act1-visible-surface: ZiratVillageEdgeEastShed/overview-owner pixel=(0.6081623, 0.6486728) distance=7,101 point=(17.178, -0.40906096, -46.614124) mesh=/root/AddressWorldSmokeTest/Act1Demo/Main/ZoneHost/Act1ConnectedWorld/Act1CoreWorldGreybox/Act1AuthoredExteriorKitPresentation/ZiratVillageEdgeAuthoredParcels/ZiratVillageEdgeEastShed/AuthoredFoundationSupport51 triangle=105 vertices=[(17.178, -0.46987787, -46.461);(17.178, -0.39387786, -46.9363);(17.178, -0.39387786, -46.461)] shader= snow=0.5
act1-visible-surface: ZiratVillageEdgeEastShed/overview-owner pixel=(0.5, 0.8) distance=3,818 point=(14.328, 0.16866064, -48.829113) mesh=/root/AddressWorldSmokeTest/Act1Demo/Main/ZoneHost/Act1ConnectedWorld/Act1CoreWorldGreybox/Act1AuthoredExteriorKitPresentation/ZiratVillageEdgeAuthoredParcels/ZiratVillageEdgeEastShed/OutbuildingShed_Low/OutbuildingShed_Door_Recess_LOD0 triangle=13 vertices=[(14.328, -0.2333836, -48.909924);(14.328, 2.0206163, -48.909924);(14.328, 2.0206163, -47.32407)] shader= snow=0.44999998807907
act1-visible-surface: ZiratVillageEdgeEastShed/overview-owner pixel=(0.5, 0.8) distance=3,963 point=(14.446822, 0.0881083, -48.81062) mesh=/root/AddressWorldSmokeTest/Act1Demo/Main/ZoneHost/Act1ConnectedWorld/Act1CoreWorldGreybox/Act1AuthoredExteriorKitPresentation/ZiratVillageEdgeAuthoredParcels/ZiratVillageEdgeEastShed/OutbuildingShed_Low/OutbuildingShed_Wall_LOD0 triangle=0 vertices=[(14.443001, -0.15288362, -50.647);(14.476925, 1.9861162, -46.60417);(14.443, -0.15288362, -46.552998)] shader= snow=0.44999998807907
act1-visible-surface: ZiratVillageEdgeEastShed/overview-owner pixel=(0.5, 0.8) distance=4,272 point=(14.700525, -0.083883524, -48.77113) mesh=/root/AddressWorldSmokeTest/Act1Demo/Main/ZoneHost/Act1ConnectedWorld/Act1CoreWorldGreybox/Act1AuthoredExteriorKitPresentation/ZiratVillageEdgeAuthoredParcels/ZiratVillageEdgeEastShed/OutbuildingShed_Low/OutbuildingShed_Foundation_LOD0 triangle=23 vertices=[(14.4545, -0.08388363, -50.739);(17.2605, -0.08388363, -46.461);(14.397, -0.08388363, -46.518497)] shader= snow=0.5
act1-visible-surface: ZiratVillageEdgeEastShed/overview-owner pixel=(0.5, 0.8) distance=4,923 point=(15.234724, -0.44603014, -48.687984) mesh=/root/AddressWorldSmokeTest/Act1Demo/Main/ZoneHost/Act1ConnectedWorld/Act1CoreWorldGreybox/AgentBExteriorWorld/AgentB_TerrainRoadKit/URMAN_AgentB_TerrainRoadKit/Terrain_Main triangle=6709 vertices=[(14.096, -0.4285, -49.822998);(16.0273, -0.4592, -49.980198);(15.8469, -0.4554, -47.961197)] shader= snow=0.0
standalone-access failure: ZiratVillageEdgeEastShed: System.InvalidOperationException: ZiratVillageEdgeEastShed: local road fixture settles with the ordinary standing capsule
   at Urman.Godot.Tests.AddressWorldSmokeTest.Require(Boolean value, String message) in /Users/unterlantas/Documents/GitHub/URMAN/game/tests/AddressWorldSmokeTest.cs:line 791
   at Urman.Godot.Tests.AddressWorldSmokeTest.VerifyStandaloneShedAccess(AddressAccessVerifier audit) in /Users/unterlantas/Documents/GitHub/URMAN/game/tests/AddressWorldSmokeTest.StandaloneAccess.cs:line 104
state-final-render-sync-begin: label=address/14_ArrivalReverseEastDomesticShed_door_support_neighbours tick=33910 drawn=17 process=17 physics=80 windowVisible=True focus=True mode=Windowed renderLoop=True
state-final-render-sync-end: label=address/14_ArrivalReverseEastDomesticShed_door_support_neighbours milliseconds=14 forcedScreenshotRender=False
act1-visible-surface: ArrivalReverseEastDomesticShed/overview-owner pixel=(0.48747453, 0.6416153) distance=3,777 point=(16.436, 1.3366519, 30.716484) mesh=/root/AddressWorldSmokeTest/Act1Demo/Main/ZoneHost/Act1ConnectedWorld/Act1CoreWorldGreybox/Act1AuthoredSightlineClosurePass/VillageLateralParcels/ArrivalReverseEastDomesticParcel/ArrivalReverseEastDomesticShed/OutbuildingShed_Low/OutbuildingShed_Door_Panel_LOD0 triangle=12 vertices=[(16.435999, 0.34468436, 29.841875);(16.435999, 2.2766843, 31.124125);(16.435999, 0.34468436, 31.124125)] shader= snow=0.44999998807907
act1-visible-surface: ArrivalReverseEastDomesticShed/overview-owner pixel=(0.48747453, 0.6416153) distance=3,891 point=(16.528, 1.2951038, 30.663069) mesh=/root/AddressWorldSmokeTest/Act1Demo/Main/ZoneHost/Act1ConnectedWorld/Act1CoreWorldGreybox/Act1AuthoredSightlineClosurePass/VillageLateralParcels/ArrivalReverseEastDomesticParcel/ArrivalReverseEastDomesticShed/OutbuildingShed_Low/OutbuildingShed_Door_Recess_LOD0 triangle=12 vertices=[(16.528, 0.18368435, 29.690075);(16.528, 2.4376843, 31.275925);(16.528, 0.18368435, 31.275925)] shader= snow=0.44999998807907
act1-visible-surface: ArrivalReverseEastDomesticShed/overview-owner pixel=(0.48747453, 0.6416153) distance=4,053 point=(16.658417, 1.2362062, 30.587347) mesh=/root/AddressWorldSmokeTest/Act1Demo/Main/ZoneHost/Act1ConnectedWorld/Act1CoreWorldGreybox/Act1AuthoredSightlineClosurePass/VillageLateralParcels/ArrivalReverseEastDomesticParcel/ArrivalReverseEastDomesticShed/OutbuildingShed_Low/OutbuildingShed_Wall_LOD0 triangle=0 vertices=[(16.643, 0.26418436, 27.953);(16.676926, 2.4031842, 31.995825);(16.643, 0.26418436, 32.047)] shader= snow=0.44999998807907
act1-visible-surface: ArrivalReverseEastDomesticShed/overview-owner pixel=(0.48747453, 0.6416153) distance=6,535 point=(18.657965, 0.33318424, 29.426382) mesh=/root/AddressWorldSmokeTest/Act1Demo/Main/ZoneHost/Act1ConnectedWorld/Act1CoreWorldGreybox/Act1AuthoredSightlineClosurePass/VillageLateralParcels/ArrivalReverseEastDomesticParcel/ArrivalReverseEastDomesticShed/OutbuildingShed_Low/OutbuildingShed_Foundation_LOD0 triangle=25 vertices=[(19.4605, 0.33318436, 32.139);(16.654501, 0.33318436, 27.861);(19.518002, 0.33318436, 27.9185)] shader= snow=0.5
act1-visible-surface: ArrivalReverseEastDomesticShed/overview-owner pixel=(0.48747453, 0.6416153) distance=7,429 point=(19.378002, 0.008006811, 29.008318) mesh=/root/AddressWorldSmokeTest/Act1Demo/Main/ZoneHost/Act1ConnectedWorld/Act1CoreWorldGreybox/Act1AuthoredSightlineClosurePass/VillageLateralParcels/ArrivalReverseEastDomesticParcel/ArrivalReverseEastDomesticShed/AuthoredFoundationSupport129 triangle=33 vertices=[(19.378, -0.07020989, 29.287);(19.378, 0.02319011, 28.8117);(19.378, 0.02319011, 29.287)] shader= snow=0.5
act1-visible-surface: ArrivalReverseEastDomesticShed/overview-owner pixel=(0.5, 0.8) distance=4,039 point=(16.39, 0.53694177, 30.867825) mesh=/root/AddressWorldSmokeTest/Act1Demo/Main/ZoneHost/Act1ConnectedWorld/Act1CoreWorldGreybox/Act1AuthoredSightlineClosurePass/VillageLateralParcels/ArrivalReverseEastDomesticParcel/ArrivalReverseEastDomesticShed/OutbuildingShed_Low/OutbuildingShed_Door_Plank_02_LOD0 triangle=13 vertices=[(16.39, 0.34468436, 30.86733);(16.39, 2.2766843, 30.86733);(16.39, 2.2766843, 30.898954)] shader= snow=0.44999998807907
act1-visible-surface: ArrivalReverseEastDomesticShed/overview-owner pixel=(0.5, 0.8) distance=4,101 point=(16.436, 0.50357175, 30.843029) mesh=/root/AddressWorldSmokeTest/Act1Demo/Main/ZoneHost/Act1ConnectedWorld/Act1CoreWorldGreybox/Act1AuthoredSightlineClosurePass/VillageLateralParcels/ArrivalReverseEastDomesticParcel/ArrivalReverseEastDomesticShed/OutbuildingShed_Low/OutbuildingShed_Door_Panel_LOD0 triangle=12 vertices=[(16.435999, 0.34468436, 29.841875);(16.435999, 2.2766843, 31.124125);(16.435999, 0.34468436, 31.124125)] shader= snow=0.44999998807907
act1-visible-surface: ArrivalReverseEastDomesticShed/overview-owner pixel=(0.5, 0.8) distance=4,225 point=(16.528, 0.43683267, 30.79344) mesh=/root/AddressWorldSmokeTest/Act1Demo/Main/ZoneHost/Act1ConnectedWorld/Act1CoreWorldGreybox/Act1AuthoredSightlineClosurePass/VillageLateralParcels/ArrivalReverseEastDomesticParcel/ArrivalReverseEastDomesticShed/OutbuildingShed_Low/OutbuildingShed_Door_Recess_LOD0 triangle=12 vertices=[(16.528, 0.18368435, 29.690075);(16.528, 2.4376843, 31.275925);(16.528, 0.18368435, 31.275925)] shader= snow=0.44999998807907
act1-visible-surface: ArrivalReverseEastDomesticShed/overview-owner pixel=(0.5, 0.8) distance=4,382 point=(16.644398, 0.35239387, 30.730698) mesh=/root/AddressWorldSmokeTest/Act1Demo/Main/ZoneHost/Act1ConnectedWorld/Act1CoreWorldGreybox/Act1AuthoredSightlineClosurePass/VillageLateralParcels/ArrivalReverseEastDomesticParcel/ArrivalReverseEastDomesticShed/OutbuildingShed_Low/OutbuildingShed_Wall_LOD0 triangle=0 vertices=[(16.643, 0.26418436, 27.953);(16.676926, 2.4031842, 31.995825);(16.643, 0.26418436, 32.047)] shader= snow=0.44999998807907
act1-visible-surface: ArrivalReverseEastDomesticShed/overview-owner pixel=(0.5, 0.8) distance=4,418 point=(16.67088, 0.33318448, 30.716425) mesh=/root/AddressWorldSmokeTest/Act1Demo/Main/ZoneHost/Act1ConnectedWorld/Act1CoreWorldGreybox/Act1AuthoredSightlineClosurePass/VillageLateralParcels/ArrivalReverseEastDomesticParcel/ArrivalReverseEastDomesticShed/OutbuildingShed_Low/OutbuildingShed_Foundation_LOD0 triangle=23 vertices=[(16.654501, 0.33318436, 27.861);(19.4605, 0.33318436, 32.139);(16.597, 0.33318436, 32.0815)] shader= snow=0.5
standalone-access failure: ArrivalReverseEastDomesticShed: System.InvalidOperationException: ArrivalReverseEastDomesticShed: local road fixture settles with the ordinary standing capsule
   at Urman.Godot.Tests.AddressWorldSmokeTest.Require(Boolean value, String message) in /Users/unterlantas/Documents/GitHub/URMAN/game/tests/AddressWorldSmokeTest.cs:line 791
   at Urman.Godot.Tests.AddressWorldSmokeTest.VerifyStandaloneShedAccess(AddressAccessVerifier audit) in /Users/unterlantas/Documents/GitHub/URMAN/game/tests/AddressWorldSmokeTest.StandaloneAccess.cs:line 104
address-world FAIL PerimeterWestStreetShed: local road fixture settles with the ordinary standing capsule
address-world FAIL PerimeterWestStreetShed: System.InvalidOperationException: PerimeterWestStreetShed: local road fixture settles with the ordinary standing capsule
   at Urman.Godot.Tests.AddressWorldSmokeTest.Require(Boolean value, String message) in /Users/unterlantas/Documents/GitHub/URMAN/game/tests/AddressWorldSmokeTest.cs:line 791
   at Urman.Godot.Tests.AddressWorldSmokeTest.VerifyStandaloneShedAccess(AddressAccessVerifier audit) in /Users/unterlantas/Documents/GitHub/URMAN/game/tests/AddressWorldSmokeTest.StandaloneAccess.cs:line 104
address-world FAIL ZiratVillageEdgeEastShed: local road fixture settles with the ordinary standing capsule
address-world FAIL ZiratVillageEdgeEastShed: System.InvalidOperationException: ZiratVillageEdgeEastShed: local road fixture settles with the ordinary standing capsule
   at Urman.Godot.Tests.AddressWorldSmokeTest.Require(Boolean value, String message) in /Users/unterlantas/Documents/GitHub/URMAN/game/tests/AddressWorldSmokeTest.cs:line 791
   at Urman.Godot.Tests.AddressWorldSmokeTest.VerifyStandaloneShedAccess(AddressAccessVerifier audit) in /Users/unterlantas/Documents/GitHub/URMAN/game/tests/AddressWorldSmokeTest.StandaloneAccess.cs:line 104
address-world FAIL ArrivalReverseEastDomesticShed: local road fixture settles with the ordinary standing capsule
address-world FAIL ArrivalReverseEastDomesticShed: System.InvalidOperationException: ArrivalReverseEastDomesticShed: local road fixture settles with the ordinary standing capsule
   at Urman.Godot.Tests.AddressWorldSmokeTest.Require(Boolean value, String message) in /Users/unterlantas/Documents/GitHub/URMAN/game/tests/AddressWorldSmokeTest.cs:line 791
   at Urman.Godot.Tests.AddressWorldSmokeTest.VerifyStandaloneShedAccess(AddressAccessVerifier audit) in /Users/unterlantas/Documents/GitHub/URMAN/game/tests/AddressWorldSmokeTest.StandaloneAccess.cs:line 104
address-world: FAIL; scope=standalone-access; 50 checks; native diagnostics, not a human search or duration measurement
userdata guard: original files and permissions restored and verified
