Godot Engine v4.7.1.stable.mono.official.a13da4feb - https://godotengine.org
Metal 4.0 - Forward+ - Using Device #0: Apple - Apple M4 Pro (Apple9)

act1-river: ice_slabs=31 blockers=29 road_gap_samples=2 bridge=broken@(15,-85)
village-chimney: /root/Act1BoundaryArchitectureSmokeTest/Main/ZoneHost/Act1ConnectedWorld/Act1CoreWorldGreybox/Act1AuthoredExteriorKitPresentation/ArrivalAuthoredParcels/ArrivalForwardWestFacade/DwellingFacade_TimberPlaster/DwellingFacade_ChimneyCap_LOD0 top=(-10.2875, 4.7722464, 2.3450005)
village-chimney: /root/Act1BoundaryArchitectureSmokeTest/Main/ZoneHost/Act1ConnectedWorld/Act1CoreWorldGreybox/Act1AuthoredExteriorKitPresentation/DistantPerimeterParcels/WestArrivalNearParcel/WestArrivalNearFacade/DwellingFacade_TimberPlaster/DwellingFacade_ChimneyCap_LOD0 top=(-19.730013, 3.9641316, 15.965501)
act1-terrain-room-cut: room=/root/Act1BoundaryArchitectureSmokeTest/Main/ZoneHost/Act1ConnectedWorld/babay-abi-house half=(4, 3.5) affectedTriangles=48 clippedVertices=49980 publishedVertices=49980 physicsVertices=49980 visualAndPhysics=shared-published-faces
act1-apron-room-cut: mesh=/root/Act1BoundaryArchitectureSmokeTest/Main/ZoneHost/Act1ConnectedWorld/Act1CoreWorldGreybox/AgentBExteriorWorld/AgentB_TerrainRoadKit/URMAN_AgentB_TerrainRoadKit/Apron_BabaiYard affectedTriangles=11 clippedVertices=123 surfaces=1 collision=existing-terrain-owner
act1-south-fence-house-junction: wallX=-33.5880 retainedMembers=13 retiredPostsAndCaps=10 supportedWestWing=2.4920m
act1-drain-bank-conform: mesh=/root/Act1BoundaryArchitectureSmokeTest/Main/ZoneHost/Act1ConnectedWorld/Act1CoreWorldGreybox/AgentBExteriorWorld/AgentB_TerrainRoadKit/URMAN_AgentB_TerrainRoadKit/BabaiYard_EastFenceSwale originalTriangles=78 affectedTriangles=35 outputTriangles=3543 groundOwner=unchanged
act1-mosque-terrain-cut: affectedTriangles=70 publishedVertices=49980 physicsVertices=49980 sameOwner=true
act1-school-bank-cut: mesh=/root/Act1BoundaryArchitectureSmokeTest/Main/ZoneHost/Act1ConnectedWorld/Act1CoreWorldGreybox/AgentBExteriorWorld/AgentB_TerrainRoadKit/URMAN_AgentB_TerrainRoadKit/Ditch_FieldBank_EastZirat room=/root/Act1BoundaryArchitectureSmokeTest/Main/ZoneHost/Act1ConnectedWorld/Act1CoreWorldGreybox/Act1AuthoredExteriorKitPresentation/DistantPerimeterParcels/EastReturnMidParcel/EastReturnMidFacade/PublicInterior_school/MainRoom half=(2.5154998, 2.3804996) affectedTriangles=20 clippedVertices=486 publishedVertices=486 floorY=-0.0049708784 collision=unchanged-existing-terrain-and-timber-floor
act1-council-fence-format: source=urman_village_exterior_kit_Cube_040 vertices=96 normals=96 uv=96 tangents=384 colors=0 uv2=0 lods=0 sourceFormat=536875031 publishedFormat=4119
act1-council-fence-format: source=urman_village_exterior_kit_FenceSegment_RailMiddle_Crooked_LOD0Mesh vertices=48 normals=48 uv=0 tangents=192 colors=0 uv2=0 lods=0 sourceFormat=536875015 publishedFormat=4103
act1-council-fence-format: source=urman_village_exterior_kit_Cube_039 vertices=96 normals=96 uv=96 tangents=384 colors=0 uv2=0 lods=0 sourceFormat=536875031 publishedFormat=4119
act1-council-fence-junction: fence=/root/Act1BoundaryArchitectureSmokeTest/Main/ZoneHost/Act1ConnectedWorld/Act1CoreWorldGreybox/Act1AuthoredExteriorKitPresentation/DistantPerimeterParcels/EastStreetHorizonParcel/EastStreetHorizonFence wall=/root/Act1BoundaryArchitectureSmokeTest/Main/ZoneHost/Act1ConnectedWorld/Act1CoreWorldGreybox/Act1AuthoredExteriorKitPresentation/DistantPerimeterParcels/EastStreetHorizonParcel/EastStreetHorizonFacade/VillageParcel_VariantA_TimberGable_Dwelling/VariantA_TimberGable_Dwelling_SeniRear_Wall_LOD0 localCutZ=-4.4 hiddenMembers=4 trimmedRails=3 retainedMembers=8 sourceAsset=unchanged
act1-zirat-fence-source: owner=/root/Act1BoundaryArchitectureSmokeTest/Main/ZoneHost/Act1ConnectedWorld/Act1CoreWorldGreybox/ConnectiveStreetReturn/ReturnEastParcelFenceRail surfaces=1
act1-zirat-fence-source: owner=/root/Act1BoundaryArchitectureSmokeTest/Main/ZoneHost/Act1ConnectedWorld/Act1CoreWorldGreybox/ConnectiveStreetReturn/ReturnEastParcelFenceRail rawVertices=144 normals=144 tangents=576 indices=0 expandedVertices=144 format=7 indexed=False primitive=Triangles lods=0 shadow=False failedTerms=
act1-zirat-fence-source: owner=/root/Act1BoundaryArchitectureSmokeTest/Main/ZoneHost/Act1ConnectedWorld/Act1CoreWorldGreybox/ConnectiveStreetReturn/ReturnEastParcelFenceRail/ReturnEastParcelFenceLowerRail surfaces=1
act1-zirat-fence-source: owner=/root/Act1BoundaryArchitectureSmokeTest/Main/ZoneHost/Act1ConnectedWorld/Act1CoreWorldGreybox/ConnectiveStreetReturn/ReturnEastParcelFenceRail/ReturnEastParcelFenceLowerRail rawVertices=144 normals=144 tangents=576 indices=0 expandedVertices=144 format=7 indexed=False primitive=Triangles lods=0 shadow=False failedTerms=
act1-zirat-fence-post-source: owner=/root/Act1BoundaryArchitectureSmokeTest/Main/ZoneHost/Act1ConnectedWorld/Act1CoreWorldGreybox/ConnectiveStreetReturn/ReturnEastParcelFencePost0 meshType=BoxMesh surfaces=1
act1-zirat-fence-post-source: owner=/root/Act1BoundaryArchitectureSmokeTest/Main/ZoneHost/Act1ConnectedWorld/Act1CoreWorldGreybox/ConnectiveStreetReturn/ReturnEastParcelFencePost1 meshType=BoxMesh surfaces=1
act1-zirat-fence-post-source: owner=/root/Act1BoundaryArchitectureSmokeTest/Main/ZoneHost/Act1ConnectedWorld/Act1CoreWorldGreybox/ConnectiveStreetReturn/ReturnEastParcelFencePost2 meshType=BoxMesh surfaces=1
act1-zirat-fence-post-source: owner=/root/Act1BoundaryArchitectureSmokeTest/Main/ZoneHost/Act1ConnectedWorld/Act1CoreWorldGreybox/ConnectiveStreetReturn/ReturnEastParcelFencePost3 meshType=BoxMesh surfaces=1
act1-zirat-fence-post-source: owner=/root/Act1BoundaryArchitectureSmokeTest/Main/ZoneHost/Act1ConnectedWorld/Act1CoreWorldGreybox/ConnectiveStreetReturn/ReturnEastParcelFencePost4 meshType=BoxMesh surfaces=1
act1-zirat-shed-fence-junction: wall=/root/Act1BoundaryArchitectureSmokeTest/Main/ZoneHost/Act1ConnectedWorld/Act1CoreWorldGreybox/Act1AuthoredExteriorKitPresentation/ZiratVillageEdgeAuthoredParcels/ZiratVillageEdgeEastShed/OutbuildingShed_Low/OutbuildingShed_Wall_LOD0 attachmentZ=-46.915245 retainedFirstSpans=2 hiddenPost=3 retainedFarPost=4 frontCut=(-0.99987423, 0.015860919, -2.3291499E-07), -14.446598 rearCut=(0.99986124, 0.016654668, 0), 17.218063
act1-roadside-grounding: independent contact meshes=34; source meshes and usable footbridge preserved
act1-kit-blockers: placements=100 shapes=1597 carved_door_slabs=116 flat_slab_skipped=2460 exact_architecture_surfaces=911 hidden_skipped=7 road_clearance_skipped=0
act1-dwelling-threshold: placements=83 worst_analytic_vs_collision_delta=0.028m worst_placement=ArrivalForwardEastShed
act1-building-supports: supported foundations=137; maximum ground drop=1.136m; level entrances preserved
act1-zirat-foundation-contact: owner=/root/Act1BoundaryArchitectureSmokeTest/Main/ZoneHost/Act1ConnectedWorld/Act1CoreWorldGreybox/Act1AuthoredExteriorKitPresentation/ZiratVillageEdgeAuthoredParcels/ZiratVillageEdgeEastShed/AuthoredKitCollisionProxy/OutbuildingShed_Foundation_LOD0_SurfaceContact source=/root/Act1BoundaryArchitectureSmokeTest/Main/ZoneHost/Act1ConnectedWorld/Act1CoreWorldGreybox/Act1AuthoredExteriorKitPresentation/ZiratVillageEdgeAuthoredParcels/ZiratVillageEdgeEastShed/OutbuildingShed_Low/OutbuildingShed_Foundation_LOD0 policy=exact-existing-mesh-triangles
act1-council-fence-contacts: retainedSourceContacts=0 hiddenMemberContacts=0 newBodyOwners=0
zone-loaded: village_day@arrival connected-world=119504115273
УРМАН Godot vertical slice ready: Painterly Low-Poly / first person
act1-window-surrounds: painted=1020
act1-legacy-sign: suppressed=1
act1-visible-surface: fap_furniture_waiting_aisle-outside-structure-and-floor pixel=(0.12, 0.35) distance=8,383 point=(32.2, 3.084261, -39.55503) mesh=/root/Act1BoundaryArchitectureSmokeTest/Main/ZoneHost/Act1ConnectedWorld/fap-clinic-yard/FapInteriorSet/FapInteriorShell_CeilingCorniceRight_LOD0 triangle=24 vertices=[(32.2, 3.070471, -28.562);(32.2, 3.070471, -39.6982);(32.2, 3.2504709, -39.6982)] shader= snow=0.0
act1-visible-surface: fap_furniture_waiting_aisle-outside-structure-and-floor pixel=(0.12, 0.35) distance=8,457 point=(32.248226, 3.0959473, -39.61) mesh=/root/Act1BoundaryArchitectureSmokeTest/Main/ZoneHost/Act1ConnectedWorld/fap-clinic-yard/FapInteriorSet/FapInteriorShell_CornerPostBackRight_LOD0 triangle=13 vertices=[(32.335, 0.95047104, -39.61);(32.205, 3.1704712, -39.61);(32.335, 3.1704712, -39.61)] shader= snow=0.0
act1-visible-surface: fap_furniture_waiting_aisle-outside-structure-and-floor pixel=(0.12, 0.35) distance=8,484 point=(32.26577, 3.1001992, -39.63) mesh=/root/Act1BoundaryArchitectureSmokeTest/Main/ZoneHost/Act1ConnectedWorld/fap-clinic-yard/FapInteriorSet/FapInteriorShell_CeilingCorniceBack_LOD0 triangle=13 vertices=[(32.268, 3.070471, -39.63);(21.131802, 3.2504709, -39.63);(32.268, 3.2504709, -39.63)] shader= snow=0.0
act1-visible-surface: fap_furniture_waiting_aisle-outside-structure-and-floor pixel=(0.12, 0.35) distance=8,583 point=(32.33, 3.115764, -39.703217) mesh=/root/Act1BoundaryArchitectureSmokeTest/Main/ZoneHost/Act1ConnectedWorld/fap-clinic-yard/FapInteriorSet/FapInteriorShell_RightWall_LOD0 triangle=184 vertices=[(32.33, 3.330471, -39.940002);(32.33, 3.330471, -39.510002);(32.33, 2.5904713, -39.510002)] shader= snow=0.0
act1-visible-surface: fap_furniture_waiting_aisle-outside-structure-and-floor pixel=(0.12, 0.35) distance=8,660 point=(32.379814, 3.1278362, -39.760002) mesh=/root/Act1BoundaryArchitectureSmokeTest/Main/ZoneHost/Act1ConnectedWorld/fap-clinic-yard/FapInteriorSet/FapInteriorShell_BackWall_LOD0 triangle=4 vertices=[(20.890001, 3.330471, -39.760002);(32.510002, 3.330471, -39.760002);(32.510002, 0.060471177, -39.760002)] shader= snow=0.0
act1-visible-surface: fap_furniture_waiting_aisle-outside-structure-and-floor pixel=(0.1, 0.55) distance=8,377 point=(32.095, 1.3275893, -39.760002) mesh=/root/Act1BoundaryArchitectureSmokeTest/Main/ZoneHost/Act1ConnectedWorld/fap-clinic-yard/FapInteriorSet/FapInteriorShell_BackWall_LOD0 triangle=4 vertices=[(20.890001, 3.330471, -39.760002);(32.510002, 3.330471, -39.760002);(32.510002, 0.060471177, -39.760002)] shader= snow=0.0
act1-visible-surface: fap_furniture_waiting_aisle-outside-structure-and-floor pixel=(0.1, 0.55) distance=8,612 point=(32.245018, 1.3154382, -39.9401) mesh=/root/Act1BoundaryArchitectureSmokeTest/Main/ZoneHost/Act1ConnectedWorld/Act1CoreWorldGreybox/FapExterior/FapClinicAuthoredKitPresentation/FapAuthoredFacade/FapFacade_Main/FapFacade_Body_LOD0 triangle=400 vertices=[(20.710001, 3.4704711, -39.9401);(32.690002, 3.4704711, -39.9401);(32.690002, 0.060471147, -39.9401)] shader= snow=0.41999998688698
act1-visible-surface: fap_furniture_waiting_aisle-outside-structure-and-floor pixel=(0.27, 0.35) distance=6,841 point=(32.253017, 3.0704708, -37.165306) mesh=/root/Act1BoundaryArchitectureSmokeTest/Main/ZoneHost/Act1ConnectedWorld/fap-clinic-yard/FapInteriorSet/FapInteriorShell_CeilingCorniceRight_LOD0 triangle=3 vertices=[(32.34, 3.070471, -39.6982);(32.2, 3.070471, -39.6982);(32.34, 3.070471, -28.562)] shader= snow=0.0
act1-visible-surface: fap_furniture_waiting_aisle-outside-structure-and-floor pixel=(0.27, 0.35) distance=6,936 point=(32.33, 3.0887542, -37.21884) mesh=/root/Act1BoundaryArchitectureSmokeTest/Main/ZoneHost/Act1ConnectedWorld/fap-clinic-yard/FapInteriorSet/FapInteriorShell_RightWall_LOD0 triangle=112 vertices=[(32.33, 3.330471, -38.4501);(32.33, 3.330471, -36.07);(32.33, 2.5904713, -36.07)] shader= snow=0.0
act1-visible-surface: fap_furniture_waiting_aisle-outside-structure-and-floor pixel=(0.27, 0.35) distance=7,159 point=(32.5099, 3.1314807, -37.34395) mesh=/root/Act1BoundaryArchitectureSmokeTest/Main/ZoneHost/Act1ConnectedWorld/Act1CoreWorldGreybox/FapExterior/FapClinicAuthoredKitPresentation/FapAuthoredFacade/FapFacade_Main/FapFacade_Body_LOD0 triangle=616 vertices=[(32.5099, 3.4704711, -38.4501);(32.5099, 3.4704711, -36.0702);(32.5099, 2.590471, -36.0702)] shader= snow=0.41999998688698
act1-visible-surface: fap_furniture_waiting_aisle-outside-structure-and-floor pixel=(0.75, 0.8) distance=2,928 point=(29.071648, 0.72047126, -31.898481) mesh=/root/Act1BoundaryArchitectureSmokeTest/Main/ZoneHost/Act1ConnectedWorld/fap-clinic-yard/FapInteriorSet/FapInteriorBench_Seat_LOD0 triangle=8 vertices=[(28.695, 0.7204712, -31.49);(28.695, 0.7204712, -32.07);(30.845001, 0.7204712, -31.49)] shader= snow=0.0
act1-visible-surface: fap_furniture_waiting_aisle-outside-structure-and-floor pixel=(0.75, 0.8) distance=4,773 point=(30.540815, 0.064471126, -30.995007) mesh=/root/Act1BoundaryArchitectureSmokeTest/Main/ZoneHost/Act1ConnectedWorld/fap-clinic-yard/FapInteriorSet/FapInteriorFloor_WaitingMat_LOD0 triangle=8 vertices=[(28.37, 0.06447118, -30.905);(28.37, 0.06447118, -32.855);(31.53, 0.06447118, -30.905)] shader= snow=0.0
act1-visible-surface: fap_furniture_waiting_aisle-outside-structure-and-floor pixel=(0.75, 0.8) distance=4,784 point=(30.549774, 0.060471177, -30.989498) mesh=/root/Act1BoundaryArchitectureSmokeTest/Main/ZoneHost/Act1ConnectedWorld/fap-clinic-yard/FapInteriorSet/FapInteriorShell_Floor_LOD0 triangle=9 vertices=[(32.475, 0.060471177, -28.4001);(20.925001, 0.060471177, -28.4001);(32.475, 0.060471177, -39.8601)] shader= snow=0.0
act1-visible-surface: fap_furniture_waiting_aisle-outside-structure-and-floor pixel=(0.75, 0.8) distance=5,122 point=(30.818523, -0.05952859, -30.824228) mesh=/root/Act1BoundaryArchitectureSmokeTest/Main/ZoneHost/Act1ConnectedWorld/Act1CoreWorldGreybox/FapExterior/FapClinicAuthoredKitPresentation/FapAuthoredFacade/FapFacade_Main/FapFacade_Foundation_LOD0 triangle=43 vertices=[(32.329903, -0.059528828, -28.500101);(21.0699, -0.059528828, -39.7601);(32.329903, -0.059528828, -39.7601)] shader= snow=0.5
act1-visible-surface: fap_furniture_waiting_aisle-outside-structure-and-floor pixel=(0.75, 0.8) distance=5,435 point=(31.068012, -0.170928, -30.670805) mesh=/root/Act1BoundaryArchitectureSmokeTest/Main/ZoneHost/Act1ConnectedWorld/Act1CoreWorldGreybox/AgentBExteriorWorld/AgentB_TerrainRoadKit/URMAN_AgentB_TerrainRoadKit/Apron_FapYard triangle=29 vertices=[(30.9865, -0.1043, -29.755299);(31.004799, -0.2349, -31.577);(32.848698, -0.2465, -31.3848)] shader= snow=0.0
act1-boundary-architecture: PASS 113 recorded checks; ordinary movement=48,21m; art/human gates remain open
WARNING: 7 RIDs of type "Texture" were leaked.
   at: finalize (servers/rendering/rendering_device.cpp:8900)
userdata guard: original files and permissions restored and verified
