Godot Engine v4.7.1.stable.mono.official.a13da4feb - https://godotengine.org
Metal 4.0 - Forward+ - Using Device #0: Apple - Apple M4 Pro (Apple9)

act1-river: ice_slabs=31 blockers=29 road_gap_samples=2 bridge=broken@(15,-85)
village-chimney: /root/Act1FirstPersonWalkthroughSmokeTest/Act1Demo/Main/ZoneHost/Act1ConnectedWorld/Act1CoreWorldGreybox/Act1AuthoredExteriorKitPresentation/ArrivalAuthoredParcels/ArrivalForwardWestFacade/DwellingFacade_TimberPlaster/DwellingFacade_ChimneyCap_LOD0 top=(-10.2875, 4.7722464, 2.3450005)
village-chimney: /root/Act1FirstPersonWalkthroughSmokeTest/Act1Demo/Main/ZoneHost/Act1ConnectedWorld/Act1CoreWorldGreybox/Act1AuthoredExteriorKitPresentation/DistantPerimeterParcels/WestArrivalNearParcel/WestArrivalNearFacade/DwellingFacade_TimberPlaster/DwellingFacade_ChimneyCap_LOD0 top=(-19.730013, 3.9641316, 15.965501)
act1-terrain-room-cut: room=/root/Act1FirstPersonWalkthroughSmokeTest/Act1Demo/Main/ZoneHost/Act1ConnectedWorld/babay-abi-house half=(4, 3.5) affectedTriangles=48 clippedVertices=49980 publishedVertices=49980 physicsVertices=49980 visualAndPhysics=shared-published-faces
act1-apron-room-cut: mesh=/root/Act1FirstPersonWalkthroughSmokeTest/Act1Demo/Main/ZoneHost/Act1ConnectedWorld/Act1CoreWorldGreybox/AgentBExteriorWorld/AgentB_TerrainRoadKit/URMAN_AgentB_TerrainRoadKit/Apron_BabaiYard affectedTriangles=11 clippedVertices=123 surfaces=1 collision=existing-terrain-owner
act1-south-fence-house-junction: wallX=-33.5880 retainedMembers=13 retiredPostsAndCaps=10 supportedWestWing=2.4920m
act1-drain-bank-conform: mesh=/root/Act1FirstPersonWalkthroughSmokeTest/Act1Demo/Main/ZoneHost/Act1ConnectedWorld/Act1CoreWorldGreybox/AgentBExteriorWorld/AgentB_TerrainRoadKit/URMAN_AgentB_TerrainRoadKit/BabaiYard_EastFenceSwale originalTriangles=78 affectedTriangles=35 outputTriangles=3543 groundOwner=unchanged
act1-mosque-terrain-cut: affectedTriangles=70 publishedVertices=49980 physicsVertices=49980 sameOwner=true
act1-school-bank-cut: mesh=/root/Act1FirstPersonWalkthroughSmokeTest/Act1Demo/Main/ZoneHost/Act1ConnectedWorld/Act1CoreWorldGreybox/AgentBExteriorWorld/AgentB_TerrainRoadKit/URMAN_AgentB_TerrainRoadKit/Ditch_FieldBank_EastZirat room=/root/Act1FirstPersonWalkthroughSmokeTest/Act1Demo/Main/ZoneHost/Act1ConnectedWorld/Act1CoreWorldGreybox/Act1AuthoredExteriorKitPresentation/DistantPerimeterParcels/EastReturnMidParcel/EastReturnMidFacade/PublicInterior_school/MainRoom half=(2.5154998, 2.3804996) affectedTriangles=20 clippedVertices=486 publishedVertices=486 floorY=-0.0049708784 collision=unchanged-existing-terrain-and-timber-floor
act1-council-fence-format: source=urman_village_exterior_kit_Cube_040 vertices=96 normals=96 uv=96 tangents=384 colors=0 uv2=0 lods=0 sourceFormat=536875031 publishedFormat=4119
act1-council-fence-format: source=urman_village_exterior_kit_FenceSegment_RailMiddle_Crooked_LOD0Mesh vertices=48 normals=48 uv=0 tangents=192 colors=0 uv2=0 lods=0 sourceFormat=536875015 publishedFormat=4103
act1-council-fence-format: source=urman_village_exterior_kit_Cube_039 vertices=96 normals=96 uv=96 tangents=384 colors=0 uv2=0 lods=0 sourceFormat=536875031 publishedFormat=4119
act1-council-fence-junction: fence=/root/Act1FirstPersonWalkthroughSmokeTest/Act1Demo/Main/ZoneHost/Act1ConnectedWorld/Act1CoreWorldGreybox/Act1AuthoredExteriorKitPresentation/DistantPerimeterParcels/EastStreetHorizonParcel/EastStreetHorizonFence wall=/root/Act1FirstPersonWalkthroughSmokeTest/Act1Demo/Main/ZoneHost/Act1ConnectedWorld/Act1CoreWorldGreybox/Act1AuthoredExteriorKitPresentation/DistantPerimeterParcels/EastStreetHorizonParcel/EastStreetHorizonFacade/VillageParcel_VariantA_TimberGable_Dwelling/VariantA_TimberGable_Dwelling_SeniRear_Wall_LOD0 localCutZ=-4.4 hiddenMembers=4 trimmedRails=3 retainedMembers=8 sourceAsset=unchanged
act1-roadside-grounding: independent contact meshes=34; source meshes and usable footbridge preserved
act1-kit-blockers: placements=100 shapes=1579 carved_door_slabs=101 flat_slab_skipped=2469 exact_architecture_surfaces=911 hidden_skipped=7 road_clearance_skipped=0
act1-dwelling-threshold: placements=83 worst_analytic_vs_collision_delta=0.028m worst_placement=ArrivalForwardEastShed
act1-building-supports: supported foundations=137; maximum ground drop=1.136m; level entrances preserved
act1-council-fence-contacts: retainedSourceContacts=0 hiddenMemberContacts=0 newBodyOwners=0
zone-loaded: village_day@arrival connected-world=109404229618
УРМАН Godot vertical slice ready: Painterly Low-Poly / first person
act1-smoke: background input replay; focus-loss pause isolated from this test scene
address-audit-lifecycle: epoch=1 presentation=2 stage=restoring-exterior access= zone=village_day exterior=True ready=True frame=1 
act1-window-surrounds: painted=1020
act1-legacy-sign: suppressed=1
address-audit-lifecycle: epoch=1 presentation=2 stage=search-start access=ACC-ADR-BABAI zone=village_day exterior=True ready=True frame=4 
address-support-probe: ACC-ADR-BABAI approach start result=accepted supplied=(-26.746128, 0.31850967, -1.5201948) floor=(-26.746128, 0.28352106, -1.5201948) acceptedFeet=(-26.746128, 0.28438044, -1.5201948) lift=0.035; normal=(-0.049573414, 0.9986544, 0.015225223) depth=0.0010614773 owner=landing: /root/Act1FirstPersonWalkthroughSmokeTest/Act1Demo/Main/ZoneHost/Act1ConnectedWorld/Act1CoreWorldGreybox/AgentBExteriorWorld/AgentB_TerrainCollision shape 0 playerCanStandAtLanded=True; 
address-support-probe: ACC-ADR-BABAI road anchor result=accepted supplied=(-24, 0.3997803, 1.2) floor=(-24, 0.36474347, 1.2) acceptedFeet=(-24, 0.3651536, 1.2) lift=0.035; normal=(-0.011438925, 0.99991465, -0.0063203587) depth=0.0011225471 owner=landing: /root/Act1FirstPersonWalkthroughSmokeTest/Act1Demo/Main/ZoneHost/Act1ConnectedWorld/Act1CoreWorldGreybox/AgentBExteriorWorld/AgentB_TerrainCollision shape 0 playerCanStandAtLanded=True; 
zone-loaded: village_day@arrival connected-world=109404229618
address-audit-lifecycle: epoch=2 presentation=3 stage=restoring-exterior access=ACC-ADR-BABAI zone=village_day exterior=True ready=True frame=36 
SaveGameV3 new game session started; existing slots untouched.
address-audit-lifecycle: epoch=2 presentation=3 stage=search-start access=ACC-ADR-BABAI zone=village_day exterior=True ready=True frame=39 
address-support-probe: ACC-ADR-BABAI approach start result=accepted supplied=(-26.746128, 0.31850967, -1.5201948) floor=(-26.746128, 0.28352106, -1.5201948) acceptedFeet=(-26.746128, 0.28438044, -1.5201948) lift=0.035; normal=(-0.049573414, 0.9986544, 0.015225223) depth=0.0010614773 owner=landing: /root/Act1FirstPersonWalkthroughSmokeTest/Act1Demo/Main/ZoneHost/Act1ConnectedWorld/Act1CoreWorldGreybox/AgentBExteriorWorld/AgentB_TerrainCollision shape 0 playerCanStandAtLanded=True; 
address-support-probe: ACC-ADR-BABAI road anchor result=accepted supplied=(-24, 0.3997803, 1.2) floor=(-24, 0.36474347, 1.2) acceptedFeet=(-24, 0.3651536, 1.2) lift=0.035; normal=(-0.011438925, 0.99991465, -0.0063203587) depth=0.0011225471 owner=landing: /root/Act1FirstPersonWalkthroughSmokeTest/Act1Demo/Main/ZoneHost/Act1ConnectedWorld/Act1CoreWorldGreybox/AgentBExteriorWorld/AgentB_TerrainCollision shape 0 playerCanStandAtLanded=True; 
act1-intro: confirmed with E
address-audit-lifecycle: epoch=2 presentation=3 stage=path-committed access=ACC-ADR-BABAI zone=village_day exterior=True ready=True frame=136 testedAccess=ACC-ADR-BABAI supplied=(-26.746128, 0.31850967, -1.5201948) reason=
address-audit-lifecycle: epoch=2 presentation=3 stage=search-start access=ACC-ADR-FAP zone=village_day exterior=True ready=True frame=137 
address-support-probe: ACC-ADR-FAP approach start result=accepted supplied=(26.7, -0.29382363, -27.38) floor=(26.7, 0.16047117, -27.38) acceptedFeet=(26.7, 0.16088133, -27.38) lift=0.035; normal=(0, 1, -0) depth=0.0010390729 owner=landing: /root/Act1FirstPersonWalkthroughSmokeTest/Act1Demo/Main/ZoneHost/Act1ConnectedWorld/Act1CoreWorldGreybox/FapExterior/FapClinicAuthoredKitPresentation/FapAuthoredEntryPorch/FapPropContact_FapEntryPorch_Deck_LOD0 shape 0 playerCanStandAtLanded=True; 
address-support-probe: ACC-ADR-FAP road anchor result=accepted supplied=(27.038578, -0.2622051, -25.96926) floor=(27.038578, -0.3486841, -25.96926) acceptedFeet=(27.038578, -0.3469263, -25.96926) lift=0.035; normal=(-0.092380285, 0.99503857, 0.03693291) depth=0.0014342532 owner=landing: /root/Act1FirstPersonWalkthroughSmokeTest/Act1Demo/Main/ZoneHost/Act1ConnectedWorld/Act1CoreWorldGreybox/AgentBExteriorWorld/AgentB_TerrainCollision shape 0 playerCanStandAtLanded=True; 
address-audit-lifecycle: epoch=2 presentation=3 stage=path-committed access=ACC-ADR-FAP zone=village_day exterior=True ready=True frame=140 testedAccess=ACC-ADR-FAP supplied=(26.7, -0.29382363, -27.38) reason=
address-audit-lifecycle: epoch=2 presentation=3 stage=search-start access=ACC-ADR-H001 zone=village_day exterior=True ready=True frame=140 
address-support-probe: ACC-ADR-H001 approach start result=accepted supplied=(-11.175, -0.057786692, 52.858) floor=(-11.175, -0.09279674, 52.858) acceptedFeet=(-11.175, -0.09238659, 52.858) lift=0.035; normal=(0.030481592, 0.9992853, -0.02235863) depth=0.0012892791 owner=landing: /root/Act1FirstPersonWalkthroughSmokeTest/Act1Demo/Main/ZoneHost/Act1ConnectedWorld/Act1CoreWorldGreybox/AgentBExteriorWorld/AgentB_TerrainCollision shape 0 playerCanStandAtLanded=True; 
address-support-probe: ACC-ADR-H001 road anchor result=accepted supplied=(0, -0.37098423, 40) floor=(0, -0.40597734, 40) acceptedFeet=(0, -0.4060164, 40) lift=0.035; normal=(-0.0013540798, 0.9999418, 0.0107045155) depth=0.0015086124 owner=landing: /root/Act1FirstPersonWalkthroughSmokeTest/Act1Demo/Main/ZoneHost/Act1ConnectedWorld/Act1CoreWorldGreybox/AgentBExteriorWorld/AgentB_TerrainCollision shape 0 playerCanStandAtLanded=True; 
walk-frame: approach-urman.chapter1:interaction/view-arrival-message actual-player-position=(3.4304285, -0.38040766, 5.2363014)
act1-physical-arrival: ordinary walk to bench; phone/photo through camera ray and mapped input; visible personal answer
walk-frame: arrival-house-path-1 actual-player-position=(-0.20286892, -0.2599498, 2.166699)
walk-frame: arrival-house-path-2 actual-player-position=(-0.9261041, -0.27279276, -1.4583048)
walk-frame: arrival-house-path-3 actual-player-position=(-3.8400512, -0.26621324, -5.5741363)
walk-frame: arrival-house-axis-0 actual-player-position=(-1.4202187, -0.24497142, -7.7976537)
walk-frame: arrival-house-axis-1 actual-player-position=(-5.776341, -0.2975423, -5.612207)
walk-frame: arrival-house-axis-2 actual-player-position=(-11.755152, -0.282195, -2.6230683)
walk-frame: arrival-house-axis-3 actual-player-position=(-18.762238, 0.12843798, -0.08560847)
walk-frame: arrival-house-axis-4 actual-player-position=(-23.753763, 0.3676317, 1.1396285)
walk-frame: house-yard-entry--24.42-2.4 actual-player-position=(-24.283499, 0.38458815, 2.1408477)
walk-frame: house-yard-entry--25.2-2.6 actual-player-position=(-24.942152, 0.38104326, 2.4708219)
walk-frame: house-yard-entry--26.05-2.2 actual-player-position=(-25.768173, 0.34623858, 2.2688947)
walk-frame: house-yard-entry--26.05-0.2 actual-player-position=(-26.013012, 0.28919756, 0.4715249)
walk-frame: house-door-approach actual-player-position=(-26.13773, 0.3056263, -0.9962271)
address-support-probe: ACC-ADR-MOSQUE approach start result=accepted supplied=(-44.95, 1.6854045, -41.4) floor=(-44.95, 1.6503983, -41.4) acceptedFeet=(-44.95, 1.661365, -41.4) lift=0.035; normal=(0.24159735, 0.97031224, -0.011172824) depth=0.0014038429 owner=landing: /root/Act1FirstPersonWalkthroughSmokeTest/Act1Demo/Main/ZoneHost/Act1ConnectedWorld/Act1CoreWorldGreybox/AgentBExteriorWorld/AgentB_TerrainCollision shape 0 playerCanStandAtLanded=True; 
address-audit-lifecycle: epoch=2 presentation=3 stage=diagnostic-one-move-next access=ACC-ADR-MOSQUE zone=village_day exterior=True ready=True frame=1085 
walk-address-lifecycle-observation: phase=before-ordinary-house-door zone=village_day exterior=True access=ACC-ADR-MOSQUE state=pending-physics epoch=2 stage=diagnostic-one-move-next steps=23574 commits=2 interrupted=2 readyAfter=39 firstSearch=39 lastSearch=1085 feet=(-26.13773, 0.3056263, -0.9962271)
walk-frame: approach-urman.chapter1:interaction/arrival-enter-house actual-player-position=(-26.052519, 0.32019094, -1.6133839)
[34] scene.entered: urman.chapter1:interaction/arrival-enter-house
zone-loaded: house_old_pc@entry connected-world=109404229618
address-audit-lifecycle: epoch=3 presentation=4 stage=waiting-for-exterior access=ACC-ADR-MOSQUE zone=house_old_pc exterior=False ready=False frame=1122 
walk-frame: approach-urman.chapter1:interaction/talk-mansur actual-player-position=(-28.435516, 0.5943085, -4.9563665)
walk-frame: computer-aisle--0.15-1.10 actual-player-position=(-28.5925, 0.5943085, -5.1922317)
walk-frame: computer-aisle-0.00--1.15 actual-player-position=(-30.467722, 0.5943085, -6.3616433)
walk-frame: approach-urman.chapter1:interaction/talk-gulsina actual-player-position=(-30.619196, 0.5943085, -6.284466)
family-meal-proof: actual invitation, source-dependent personal reply, explicit meal acceptance; topic=photo; decline/return/load=False; no timer, movement automation or human-duration claim
walk-address-lifecycle-observation: phase=after-household-actions zone=house_old_pc exterior=False access=ACC-ADR-MOSQUE state=pending-physics epoch=3 stage=waiting-for-exterior steps=23574 commits=2 interrupted=3 readyAfter=1125 firstSearch=-1 lastSearch=1085 feet=(-30.619196, 0.5943085, -6.284466)
SaveGameV3 written to /Users/unterlantas/Library/Application Support/Godot/app_userdata/URMAN/savegames/walk-address-indoor.savegame-v3.json
zone-loaded: house_old_pc@entry connected-world=109404229618
address-audit-lifecycle: epoch=4 presentation=5 stage=waiting-for-exterior access=ACC-ADR-MOSQUE zone=house_old_pc exterior=False ready=False frame=1313 
SaveGameV3 restored.
address-audit-lifecycle: epoch=5 presentation=5 stage=waiting-for-exterior access=ACC-ADR-MOSQUE zone=house_old_pc exterior=False ready=False frame=1315 
walk-address-lifecycle-observation: phase=after-ordinary-indoor-load zone=house_old_pc exterior=False access=ACC-ADR-MOSQUE state=pending-physics epoch=5 stage=waiting-for-exterior steps=23574 commits=2 interrupted=3 readyAfter=1318 firstSearch=-1 lastSearch=1085 feet=(-30.619196, 0.5943085, -6.284466)
walk-frame: house-exit-aisle--0.15-1.10 actual-player-position=(-28.972773, 0.5943085, -5.5245924)
walk-frame: house-exit-aisle--2.82-1.10 actual-player-position=(-29.800892, 0.5943085, -3.232983)
walk-frame: house-exit-aisle--2.82-2.30 actual-player-position=(-29.027275, 0.5943085, -2.6589348)
[96] scene.entered: urman.chapter1:interaction/house-to-route
zone-loaded: village_day@from_house connected-world=109404229618
address-audit-lifecycle: epoch=6 presentation=6 stage=restoring-exterior access=ACC-ADR-MOSQUE zone=village_day exterior=True ready=True frame=1437 
address-audit-lifecycle: epoch=6 presentation=6 stage=search-start access=ACC-ADR-MOSQUE zone=village_day exterior=True ready=True frame=1440 
address-support-probe: ACC-ADR-MOSQUE approach start result=accepted supplied=(-44.95, 1.6854045, -41.4) floor=(-44.95, 1.6503983, -41.4) acceptedFeet=(-44.95, 1.661365, -41.4) lift=0.035; normal=(0.24159735, 0.97031224, -0.011172824) depth=0.0014038429 owner=landing: /root/Act1FirstPersonWalkthroughSmokeTest/Act1Demo/Main/ZoneHost/Act1ConnectedWorld/Act1CoreWorldGreybox/AgentBExteriorWorld/AgentB_TerrainCollision shape 0 playerCanStandAtLanded=True; 
address-support-probe: ACC-ADR-MOSQUE road anchor result=accepted supplied=(-29.3, 0.4297056, -67.4) floor=(-29.3, 0.39473063, -67.4) acceptedFeet=(-29.3, 0.39648843, -67.4) lift=0.035; normal=(0.095275395, 0.9953115, -0.016663192) depth=0.001338386 owner=landing: /root/Act1FirstPersonWalkthroughSmokeTest/Act1Demo/Main/ZoneHost/Act1ConnectedWorld/Act1CoreWorldGreybox/AgentBExteriorWorld/AgentB_TerrainCollision shape 0 playerCanStandAtLanded=True; 
walk-address-lifecycle-observation: phase=after-ordinary-house-exit zone=village_day exterior=True access=ACC-ADR-MOSQUE state=pending-physics epoch=6 stage=search-start steps=23856 commits=2 interrupted=3 readyAfter=1440 firstSearch=1440 lastSearch=1452 feet=(-26.158367, 0.30990893, -1.2426405)
address-support-probe: ACC-ADR-MOSQUE authored segment 0 result=accepted supplied=(-44.95, 1.887125, -40.6) floor=(-44.95, 1.852125, -40.6) acceptedFeet=(-44.95, 1.8525351, -40.6) lift=0.035; normal=(0, 1, 0) depth=0.0010391474 owner=landing: /root/Act1FirstPersonWalkthroughSmokeTest/Act1Demo/Main/ZoneHost/Act1ConnectedWorld/Act1CoreWorldGreybox/VillageMosqueComplex/MosqueInterior/MosqueEntryLowerLandingBody shape 0 playerCanStandAtLanded=True; 
address-support-probe: ACC-ADR-MOSQUE authored segment 1 result=accepted supplied=(-44.95, 4.817295, -35.35) floor=(-44.95, 4.782295, -35.35) acceptedFeet=(-44.95, 4.781358, -35.35) lift=0.035; normal=(0, 1, 0) depth=0.00238657 owner=landing: /root/Act1FirstPersonWalkthroughSmokeTest/Act1Demo/Main/ZoneHost/Act1ConnectedWorld/Act1CoreWorldGreybox/VillageMosqueComplex/MosqueInterior/MosqueEntryUpperLandingBody shape 0 playerCanStandAtLanded=True; 
address-support-probe: ACC-ADR-MOSQUE authored segment 2 result=accepted supplied=(-45.2, 4.817295, -35.25) floor=(-45.2, 4.782295, -35.25) acceptedFeet=(-45.2, 4.7827053, -35.25) lift=0.035; normal=(0, 1, 0) depth=0.0010390282 owner=landing: /root/Act1FirstPersonWalkthroughSmokeTest/Act1Demo/Main/ZoneHost/Act1ConnectedWorld/Act1CoreWorldGreybox/VillageMosqueComplex/MosqueInterior/MosqueEntryUpperLandingBody shape 0 playerCanStandAtLanded=True; 
address-audit-lifecycle: epoch=6 presentation=6 stage=path-committed access=ACC-ADR-MOSQUE zone=village_day exterior=True ready=True frame=2622 testedAccess=ACC-ADR-MOSQUE supplied=(-44.95, 1.6854045, -41.4) reason=
address-audit-lifecycle: epoch=6 presentation=6 stage=search-start access=ACC-ADR-H001 zone=village_day exterior=True ready=True frame=2622 
address-support-probe: ACC-ADR-H001 approach start result=accepted supplied=(-11.175, -0.057786692, 52.858) floor=(-11.175, -0.09279674, 52.858) acceptedFeet=(-11.175, -0.09238659, 52.858) lift=0.035; normal=(0.030481592, 0.9992853, -0.02235863) depth=0.0012892791 owner=landing: /root/Act1FirstPersonWalkthroughSmokeTest/Act1Demo/Main/ZoneHost/Act1ConnectedWorld/Act1CoreWorldGreybox/AgentBExteriorWorld/AgentB_TerrainCollision shape 0 playerCanStandAtLanded=True; 
address-support-probe: ACC-ADR-H001 road anchor result=accepted supplied=(0, -0.37098423, 40) floor=(0, -0.40597734, 40) acceptedFeet=(0, -0.4060164, 40) lift=0.035; normal=(-0.0013540798, 0.9999418, 0.0107045155) depth=0.0015086124 owner=landing: /root/Act1FirstPersonWalkthroughSmokeTest/Act1Demo/Main/ZoneHost/Act1ConnectedWorld/Act1CoreWorldGreybox/AgentBExteriorWorld/AgentB_TerrainCollision shape 0 playerCanStandAtLanded=True; 
walk-address-lifecycle-graph: mode=explicit-diagnostic-subset phase=before access=ACC-ADR-MOSQUE state=pending-graph-attachment fullAuditCompleted=false nodes=80
walk-address-lifecycle-graph: mode=explicit-diagnostic-subset phase=after access=ACC-ADR-MOSQUE state=verified fullAuditCompleted=False nodes=398
walk-address-lifecycle-observation: phase=resumed-route-complete zone=village_day exterior=True access=ACC-ADR-MOSQUE state=verified epoch=6 stage=search-start steps=50461 commits=3 interrupted=3 readyAfter=1440 firstSearch=1440 lastSearch=2622 feet=(-26.158367, 0.30990893, -1.2426405)
walk-address-lifecycle: PASS ordinary arrival/household -> actual indoor save/load with no exterior probes/commits -> manual house exit -> fresh supported route; access=ACC-ADR-MOSQUE; graphPoints=288; graphAttachment=explicit-diagnostic-subset; fullAuditCompleted=False; no target teleport/knowledge fixture; no human-duration claim
userdata guard: original files and permissions restored and verified
