/Users/kadyrahunov/Projects/URMAN/game/tests/Act1VillageCozySmokeTest.cs(274,93): error CS1002: ; expected [/Users/kadyrahunov/Projects/URMAN/game/Urman.Game.csproj]
/Users/kadyrahunov/Projects/URMAN/game/tests/Act1VillageCozySmokeTest.cs(274,93): error CS1513: } expected [/Users/kadyrahunov/Projects/URMAN/game/Urman.Game.csproj]
/Users/kadyrahunov/Projects/URMAN/game/tests/Act1VillageCozySmokeTest.cs(278,28): error CS1519: Invalid token '(' in a member declaration [/Users/kadyrahunov/Projects/URMAN/game/Urman.Game.csproj]
/Users/kadyrahunov/Projects/URMAN/game/tests/Act1VillageCozySmokeTest.cs(278,29): error CS1031: Type expected [/Users/kadyrahunov/Projects/URMAN/game/Urman.Game.csproj]
/Users/kadyrahunov/Projects/URMAN/game/tests/Act1VillageCozySmokeTest.cs(278,29): error CS8124: Tuple must contain at least two elements. [/Users/kadyrahunov/Projects/URMAN/game/Urman.Game.csproj]
/Users/kadyrahunov/Projects/URMAN/game/tests/Act1VillageCozySmokeTest.cs(278,29): error CS1026: ) expected [/Users/kadyrahunov/Projects/URMAN/game/Urman.Game.csproj]
/Users/kadyrahunov/Projects/URMAN/game/tests/Act1VillageCozySmokeTest.cs(278,29): error CS1519: Invalid token '"move_forward"' in a member declaration [/Users/kadyrahunov/Projects/URMAN/game/Urman.Game.csproj]
/Users/kadyrahunov/Projects/URMAN/game/tests/Act1VillageCozySmokeTest.cs(278,59): error CS1001: Identifier expected [/Users/kadyrahunov/Projects/URMAN/game/Urman.Game.csproj]
/Users/kadyrahunov/Projects/URMAN/game/tests/Act1VillageCozySmokeTest.cs(280,26): error CS1031: Type expected [/Users/kadyrahunov/Projects/URMAN/game/Urman.Game.csproj]
/Users/kadyrahunov/Projects/URMAN/game/tests/Act1VillageCozySmokeTest.cs(280,26): error CS1003: Syntax error, ',' expected [/Users/kadyrahunov/Projects/URMAN/game/Urman.Game.csproj]
/Users/kadyrahunov/Projects/URMAN/game/tests/Act1VillageCozySmokeTest.cs(280,34): error CS1003: Syntax error, ',' expected [/Users/kadyrahunov/Projects/URMAN/game/Urman.Game.csproj]
/Users/kadyrahunov/Projects/URMAN/game/tests/Act1VillageCozySmokeTest.cs(280,42): error CS1003: Syntax error, '>' expected [/Users/kadyrahunov/Projects/URMAN/game/Urman.Game.csproj]
/Users/kadyrahunov/Projects/URMAN/game/tests/Act1VillageCozySmokeTest.cs(280,42): error CS1001: Identifier expected [/Users/kadyrahunov/Projects/URMAN/game/Urman.Game.csproj]
/Users/kadyrahunov/Projects/URMAN/game/tests/Act1VillageCozySmokeTest.cs(280,42): error CS1003: Syntax error, ',' expected [/Users/kadyrahunov/Projects/URMAN/game/Urman.Game.csproj]
/Users/kadyrahunov/Projects/URMAN/game/tests/Act1VillageCozySmokeTest.cs(280,49): error CS8124: Tuple must contain at least two elements. [/Users/kadyrahunov/Projects/URMAN/game/Urman.Game.csproj]
/Users/kadyrahunov/Projects/URMAN/game/tests/Act1VillageCozySmokeTest.cs(280,49): error CS1026: ) expected [/Users/kadyrahunov/Projects/URMAN/game/Urman.Game.csproj]
/Users/kadyrahunov/Projects/URMAN/game/tests/Act1VillageCozySmokeTest.cs(280,49): error CS1001: Identifier expected [/Users/kadyrahunov/Projects/URMAN/game/Urman.Game.csproj]
/Users/kadyrahunov/Projects/URMAN/game/tests/Act1VillageCozySmokeTest.cs(280,49): error CS1003: Syntax error, ',' expected [/Users/kadyrahunov/Projects/URMAN/game/Urman.Game.csproj]
/Users/kadyrahunov/Projects/URMAN/game/tests/Act1VillageCozySmokeTest.cs(280,50): error CS1003: Syntax error, ',' expected [/Users/kadyrahunov/Projects/URMAN/game/Urman.Game.csproj]
/Users/kadyrahunov/Projects/URMAN/game/tests/Act1VillageCozySmokeTest.cs(280,74): error CS1001: Identifier expected [/Users/kadyrahunov/Projects/URMAN/game/Urman.Game.csproj]
/Users/kadyrahunov/Projects/URMAN/game/tests/Act1VillageCozySmokeTest.cs(280,75): error CS1002: ; expected [/Users/kadyrahunov/Projects/URMAN/game/Urman.Game.csproj]
/Users/kadyrahunov/Projects/URMAN/game/tests/Act1VillageCozySmokeTest.cs(280,75): error CS1519: Invalid token '<' in a member declaration [/Users/kadyrahunov/Projects/URMAN/game/Urman.Game.csproj]
/Users/kadyrahunov/Projects/URMAN/game/tests/Act1VillageCozySmokeTest.cs(280,101): error CS1519: Invalid token '(' in a member declaration [/Users/kadyrahunov/Projects/URMAN/game/Urman.Game.csproj]
/Users/kadyrahunov/Projects/URMAN/game/tests/Act1VillageCozySmokeTest.cs(280,102): error CS8124: Tuple must contain at least two elements. [/Users/kadyrahunov/Projects/URMAN/game/Urman.Game.csproj]
/Users/kadyrahunov/Projects/URMAN/game/tests/Act1VillageCozySmokeTest.cs(280,103): error CS1519: Invalid token ',' in a member declaration [/Users/kadyrahunov/Projects/URMAN/game/Urman.Game.csproj]
/Users/kadyrahunov/Projects/URMAN/game/tests/Act1VillageCozySmokeTest.cs(281,18): error CS1519: Invalid token '+' in a member declaration [/Users/kadyrahunov/Projects/URMAN/game/Urman.Game.csproj]
/Users/kadyrahunov/Projects/URMAN/game/tests/Act1VillageCozySmokeTest.cs(281,98): error CS1519: Invalid token ')' in a member declaration [/Users/kadyrahunov/Projects/URMAN/game/Urman.Game.csproj]
/Users/kadyrahunov/Projects/URMAN/game/tests/Act1VillageCozySmokeTest.cs(282,5): error CS1519: Invalid token '}' in a member declaration [/Users/kadyrahunov/Projects/URMAN/game/Urman.Game.csproj]

Build FAILED.

/Users/kadyrahunov/Projects/URMAN/game/tests/Act1VillageCozySmokeTest.cs(274,93): error CS1002: ; expected [/Users/kadyrahunov/Projects/URMAN/game/Urman.Game.csproj]
/Users/kadyrahunov/Projects/URMAN/game/tests/Act1VillageCozySmokeTest.cs(274,93): error CS1513: } expected [/Users/kadyrahunov/Projects/URMAN/game/Urman.Game.csproj]
/Users/kadyrahunov/Projects/URMAN/game/tests/Act1VillageCozySmokeTest.cs(278,28): error CS1519: Invalid token '(' in a member declaration [/Users/kadyrahunov/Projects/URMAN/game/Urman.Game.csproj]
/Users/kadyrahunov/Projects/URMAN/game/tests/Act1VillageCozySmokeTest.cs(278,29): error CS1031: Type expected [/Users/kadyrahunov/Projects/URMAN/game/Urman.Game.csproj]
/Users/kadyrahunov/Projects/URMAN/game/tests/Act1VillageCozySmokeTest.cs(278,29): error CS8124: Tuple must contain at least two elements. [/Users/kadyrahunov/Projects/URMAN/game/Urman.Game.csproj]
/Users/kadyrahunov/Projects/URMAN/game/tests/Act1VillageCozySmokeTest.cs(278,29): error CS1026: ) expected [/Users/kadyrahunov/Projects/URMAN/game/Urman.Game.csproj]
/Users/kadyrahunov/Projects/URMAN/game/tests/Act1VillageCozySmokeTest.cs(278,29): error CS1519: Invalid token '"move_forward"' in a member declaration [/Users/kadyrahunov/Projects/URMAN/game/Urman.Game.csproj]
/Users/kadyrahunov/Projects/URMAN/game/tests/Act1VillageCozySmokeTest.cs(278,59): error CS1001: Identifier expected [/Users/kadyrahunov/Projects/URMAN/game/Urman.Game.csproj]
/Users/kadyrahunov/Projects/URMAN/game/tests/Act1VillageCozySmokeTest.cs(280,26): error CS1031: Type expected [/Users/kadyrahunov/Projects/URMAN/game/Urman.Game.csproj]
/Users/kadyrahunov/Projects/URMAN/game/tests/Act1VillageCozySmokeTest.cs(280,26): error CS1003: Syntax error, ',' expected [/Users/kadyrahunov/Projects/URMAN/game/Urman.Game.csproj]
/Users/kadyrahunov/Projects/URMAN/game/tests/Act1VillageCozySmokeTest.cs(280,34): error CS1003: Syntax error, ',' expected [/Users/kadyrahunov/Projects/URMAN/game/Urman.Game.csproj]
/Users/kadyrahunov/Projects/URMAN/game/tests/Act1VillageCozySmokeTest.cs(280,42): error CS1003: Syntax error, '>' expected [/Users/kadyrahunov/Projects/URMAN/game/Urman.Game.csproj]
/Users/kadyrahunov/Projects/URMAN/game/tests/Act1VillageCozySmokeTest.cs(280,42): error CS1001: Identifier expected [/Users/kadyrahunov/Projects/URMAN/game/Urman.Game.csproj]
/Users/kadyrahunov/Projects/URMAN/game/tests/Act1VillageCozySmokeTest.cs(280,42): error CS1003: Syntax error, ',' expected [/Users/kadyrahunov/Projects/URMAN/game/Urman.Game.csproj]
/Users/kadyrahunov/Projects/URMAN/game/tests/Act1VillageCozySmokeTest.cs(280,49): error CS8124: Tuple must contain at least two elements. [/Users/kadyrahunov/Projects/URMAN/game/Urman.Game.csproj]
/Users/kadyrahunov/Projects/URMAN/game/tests/Act1VillageCozySmokeTest.cs(280,49): error CS1026: ) expected [/Users/kadyrahunov/Projects/URMAN/game/Urman.Game.csproj]
/Users/kadyrahunov/Projects/URMAN/game/tests/Act1VillageCozySmokeTest.cs(280,49): error CS1001: Identifier expected [/Users/kadyrahunov/Projects/URMAN/game/Urman.Game.csproj]
/Users/kadyrahunov/Projects/URMAN/game/tests/Act1VillageCozySmokeTest.cs(280,49): error CS1003: Syntax error, ',' expected [/Users/kadyrahunov/Projects/URMAN/game/Urman.Game.csproj]
/Users/kadyrahunov/Projects/URMAN/game/tests/Act1VillageCozySmokeTest.cs(280,50): error CS1003: Syntax error, ',' expected [/Users/kadyrahunov/Projects/URMAN/game/Urman.Game.csproj]
/Users/kadyrahunov/Projects/URMAN/game/tests/Act1VillageCozySmokeTest.cs(280,74): error CS1001: Identifier expected [/Users/kadyrahunov/Projects/URMAN/game/Urman.Game.csproj]
/Users/kadyrahunov/Projects/URMAN/game/tests/Act1VillageCozySmokeTest.cs(280,75): error CS1002: ; expected [/Users/kadyrahunov/Projects/URMAN/game/Urman.Game.csproj]
/Users/kadyrahunov/Projects/URMAN/game/tests/Act1VillageCozySmokeTest.cs(280,75): error CS1519: Invalid token '<' in a member declaration [/Users/kadyrahunov/Projects/URMAN/game/Urman.Game.csproj]
/Users/kadyrahunov/Projects/URMAN/game/tests/Act1VillageCozySmokeTest.cs(280,101): error CS1519: Invalid token '(' in a member declaration [/Users/kadyrahunov/Projects/URMAN/game/Urman.Game.csproj]
/Users/kadyrahunov/Projects/URMAN/game/tests/Act1VillageCozySmokeTest.cs(280,102): error CS8124: Tuple must contain at least two elements. [/Users/kadyrahunov/Projects/URMAN/game/Urman.Game.csproj]
/Users/kadyrahunov/Projects/URMAN/game/tests/Act1VillageCozySmokeTest.cs(280,103): error CS1519: Invalid token ',' in a member declaration [/Users/kadyrahunov/Projects/URMAN/game/Urman.Game.csproj]
/Users/kadyrahunov/Projects/URMAN/game/tests/Act1VillageCozySmokeTest.cs(281,18): error CS1519: Invalid token '+' in a member declaration [/Users/kadyrahunov/Projects/URMAN/game/Urman.Game.csproj]
/Users/kadyrahunov/Projects/URMAN/game/tests/Act1VillageCozySmokeTest.cs(281,98): error CS1519: Invalid token ')' in a member declaration [/Users/kadyrahunov/Projects/URMAN/game/Urman.Game.csproj]
/Users/kadyrahunov/Projects/URMAN/game/tests/Act1VillageCozySmokeTest.cs(282,5): error CS1519: Invalid token '}' in a member declaration [/Users/kadyrahunov/Projects/URMAN/game/Urman.Game.csproj]
    0 Warning(s)
    28 Error(s)

Time Elapsed 00:00:02.11
