Godot Engine v4.7.1.stable.mono.official.a13da4feb - https://godotengine.org
Metal 4.0 - Forward+ - Using Device #0: Apple - Apple M4 Pro (Apple9)

act1-river: ice_slabs=31 blockers=29 road_gap_samples=2 bridge=broken@(15,-85)
village-chimney: /root/Act1BoundaryArchitectureSmokeTest/Main/ZoneHost/Act1ConnectedWorld/Act1CoreWorldGreybox/Act1AuthoredExteriorKitPresentation/ArrivalAuthoredParcels/ArrivalForwardWestFacade/DwellingFacade_TimberPlaster/DwellingFacade_ChimneyCap_LOD0 top=(-10.2875, 4.7722464, 2.3450005)
village-chimney: /root/Act1BoundaryArchitectureSmokeTest/Main/ZoneHost/Act1ConnectedWorld/Act1CoreWorldGreybox/Act1AuthoredExteriorKitPresentation/DistantPerimeterParcels/WestArrivalNearParcel/WestArrivalNearFacade/DwellingFacade_TimberPlaster/DwellingFacade_ChimneyCap_LOD0 top=(-19.730013, 3.9641316, 15.965501)
act1-roadside-grounding: independent contact meshes=34; source meshes and usable footbridge preserved
act1-kit-blockers: placements=107 shapes=1561 carved_door_slabs=17 flat_slab_skipped=2637 exact_architecture_surfaces=981 hidden_skipped=7 road_clearance_skipped=0
act1-dwelling-threshold: placements=86 worst_analytic_vs_collision_delta=0.028m worst_placement=ArrivalForwardEastShed
act1-building-supports: supported foundations=139; maximum ground drop=1.136m; level entrances preserved
zone-loaded: village_day@arrival connected-world=56405002464
УРМАН Godot vertical slice ready: Painterly Low-Poly / first person
act1-window-surrounds: painted=1120
act1-legacy-sign: suppressed=1
act1-boundary-architecture: ZiratEastBoundaryHouse live wall probes=21
act1-boundary-architecture: ArrivalReverseFarCenterHouse live wall probes=39
act1-boundary-architecture: ArrivalForwardWestFacade live wall probes=27
act1-boundary-architecture: MainStreetForwardWestFacade live wall probes=34
act1-boundary-architecture: BabaiYardAuthoredShed live wall probes=6
act1-boundary-architecture: FapAuthoredServiceShed live wall probes=12
act1-boundary-architecture: FapAuthoredFacade live wall probes=15
act1-boundary-architecture: FAIL ArrivalReverseFarCenterHouse: ordinary controller wall contact=False, separation=0.371m.
act1-boundary-architecture: FAIL MainStreetForwardWestFacade-return: controller stalled at (-8.647026, -0.20914426, -13.5504055), target=(-9.22397, -0.16422662, -13.696519).
act1-boundary-architecture: FAIL BabaiYardAuthoredShed: ordinary controller wall contact=False, separation=0.427m.
act1-boundary-architecture: FAIL FapAuthoredFacade: ordinary controller wall contact=False, separation=1.160m.
act1-boundary-architecture: FAIL FapAuthoredFacade-back-away: controller stalled at (33.690033, -0.411351, -32.792152), target=(33.379997, -0.35901815, -32.792).
act1-boundary-architecture: FAIL FapAuthoredFacade-along-face: controller stalled at (33.68214, -0.3489666, -31.764112), target=(33.379997, -0.28877333, -31.692).
act1-boundary-architecture: FAIL FapAuthoredFacade-along-return: controller stalled at (33.682365, -0.43078992, -33.170162), target=(33.379997, -0.39659277, -33.492).
act1-boundary-architecture: FAIL MosqueEntranceDoor: rendered face has no matching physical support at 0.90m, error=-1.000m.
act1-boundary-architecture: FAIL MosqueEntranceDoor: rendered face has no matching physical support at 1.55m, error=-1.000m.
act1-boundary-architecture: FAIL MosqueHallEastLeft: rendered face has no matching physical support at 0.18m, error=0.055m.
act1-boundary-architecture: FAIL MosqueHallWest: rendered face has no matching physical support at 0.18m, error=0.055m.
act1-boundary-architecture: FAIL No real terrain under /root/Act1BoundaryArchitectureSmokeTest/Main/ZoneHost/Act1ConnectedWorld/Act1CoreWorldGreybox/Act1AuthoredExteriorKitPresentation/BabaiApproachDwellingFacade/AuthoredFoundationSupport28 at (-26.832205, 0.3312522, -3.3062713).
act1-boundary-architecture: FAIL No real terrain under /root/Act1BoundaryArchitectureSmokeTest/Main/ZoneHost/Act1ConnectedWorld/Act1CoreWorldGreybox/Act1AuthoredExteriorKitPresentation/BabaiApproachDwellingFacade/AuthoredFoundationSupport28 at (-27.044727, 0.3146522, -2.856227).
act1-boundary-architecture: FAIL No real terrain under /root/Act1BoundaryArchitectureSmokeTest/Main/ZoneHost/Act1ConnectedWorld/Act1CoreWorldGreybox/Act1AuthoredExteriorKitPresentation/BabaiApproachDwellingFacade/AuthoredFoundationSupport28 at (-27.3838, 0.2719522, -2.4660535).
act1-boundary-architecture: FAIL No real terrain under /root/Act1BoundaryArchitectureSmokeTest/Main/ZoneHost/Act1ConnectedWorld/Act1CoreWorldGreybox/Act1AuthoredExteriorKitPresentation/BabaiApproachDwellingFacade/AuthoredFoundationSupport28 at (-27.596321, 0.23115219, -2.0160089).
act1-boundary-architecture: FAIL No real terrain under /root/Act1BoundaryArchitectureSmokeTest/Main/ZoneHost/Act1ConnectedWorld/Act1CoreWorldGreybox/Act1AuthoredExteriorKitPresentation/BabaiApproachDwellingFacade/AuthoredFoundationSupport28 at (-27.8088, 0.2052522, -1.5660548).
act1-boundary-architecture: FAIL No real terrain under /root/Act1BoundaryArchitectureSmokeTest/Main/ZoneHost/Act1ConnectedWorld/Act1CoreWorldGreybox/Act1AuthoredExteriorKitPresentation/BabaiApproachDwellingFacade/AuthoredFoundationSupport28 at (-28.02132, 0.1849522, -1.1160102).
act1-boundary-architecture: FAIL No real terrain under /root/Act1BoundaryArchitectureSmokeTest/Main/ZoneHost/Act1ConnectedWorld/Act1CoreWorldGreybox/Act1AuthoredExteriorKitPresentation/BabaiApproachDwellingFacade/AuthoredFoundationSupport28 at (-28.497105, 0.17735219, -0.9452205).
act1-boundary-architecture: FAIL No real terrain under /root/Act1BoundaryArchitectureSmokeTest/Main/ZoneHost/Act1ConnectedWorld/Act1CoreWorldGreybox/Act1AuthoredExteriorKitPresentation/BabaiApproachDwellingFacade/AuthoredFoundationSupport28 at (-28.047422, 0.17555219, -0.7328701).
act1-boundary-architecture: FAIL No real terrain under /root/Act1BoundaryArchitectureSmokeTest/Main/ZoneHost/Act1ConnectedWorld/Act1CoreWorldGreybox/Act1AuthoredExteriorKitPresentation/BabaiApproachDwellingFacade/AuthoredFoundationSupport28 at (-29.456343, 0.1743522, -1.2433681).
act1-boundary-architecture: FAIL No real terrain under /root/Act1BoundaryArchitectureSmokeTest/Main/ZoneHost/Act1ConnectedWorld/Act1CoreWorldGreybox/Act1AuthoredExteriorKitPresentation/BabaiApproachDwellingFacade/AuthoredFoundationSupport28 at (-29.906025, 0.1727522, -1.4557185).
act1-boundary-architecture: FAIL No real terrain under /root/Act1BoundaryArchitectureSmokeTest/Main/ZoneHost/Act1ConnectedWorld/Act1CoreWorldGreybox/Act1AuthoredExteriorKitPresentation/BabaiApproachDwellingFacade/AuthoredFoundationSupport28 at (-30.355799, 0.1957522, -1.6681113).
act1-boundary-architecture: FAIL No real terrain under /root/Act1BoundaryArchitectureSmokeTest/Main/ZoneHost/Act1ConnectedWorld/Act1CoreWorldGreybox/Act1AuthoredExteriorKitPresentation/BabaiApproachDwellingFacade/AuthoredFoundationSupport28 at (-30.805481, 0.22745219, -1.8804612).
act1-boundary-architecture: FAIL No real terrain under /root/Act1BoundaryArchitectureSmokeTest/Main/ZoneHost/Act1ConnectedWorld/Act1CoreWorldGreybox/Act1AuthoredExteriorKitPresentation/BabaiApproachDwellingFacade/AuthoredFoundationSupport28 at (-31.255165, 0.2682522, -2.0928116).
act1-boundary-architecture: FAIL No real terrain under /root/Act1BoundaryArchitectureSmokeTest/Main/ZoneHost/Act1ConnectedWorld/Act1CoreWorldGreybox/Act1AuthoredExteriorKitPresentation/BabaiApproachDwellingFacade/AuthoredFoundationSupport28 at (-31.704937, 0.31435218, -2.3052044).
act1-boundary-architecture: FAIL No real terrain under /root/Act1BoundaryArchitectureSmokeTest/Main/ZoneHost/Act1ConnectedWorld/Act1CoreWorldGreybox/Act1AuthoredExteriorKitPresentation/BabaiApproachDwellingFacade/AuthoredFoundationSupport28 at (-32.15462, 0.3451522, -2.5175545).
act1-boundary-architecture: FAIL No real terrain under /root/Act1BoundaryArchitectureSmokeTest/Main/ZoneHost/Act1ConnectedWorld/Act1CoreWorldGreybox/Act1AuthoredExteriorKitPresentation/BabaiYardAuthoredShed/AuthoredFoundationSupport29 at (-23.184572, 0.3524383, -4.65348).
act1-boundary-architecture: FAIL No real terrain under /root/Act1BoundaryArchitectureSmokeTest/Main/ZoneHost/Act1ConnectedWorld/Act1CoreWorldGreybox/Act1AuthoredExteriorKitPresentation/BabaiYardAuthoredShed/AuthoredFoundationSupport29 at (-22.456, 0.3238383, -5.223006).
act1-boundary-architecture: FAIL No real terrain under /root/Act1BoundaryArchitectureSmokeTest/Main/ZoneHost/Act1ConnectedWorld/Act1CoreWorldGreybox/Act1AuthoredExteriorKitPresentation/BabaiYardAuthoredShed/AuthoredFoundationSupport29 at (-21.82942, 0.2767383, -5.8884335).
act1-boundary-architecture: FAIL No real terrain under /root/Act1BoundaryArchitectureSmokeTest/Main/ZoneHost/Act1ConnectedWorld/Act1CoreWorldGreybox/Act1AuthoredExteriorKitPresentation/BabaiYardAuthoredShed/AuthoredFoundationSupport29 at (-21.202772, 0.22713831, -6.5539346).
act1-boundary-architecture: FAIL No real terrain under /root/Act1BoundaryArchitectureSmokeTest/Main/ZoneHost/Act1ConnectedWorld/Act1CoreWorldGreybox/Act1AuthoredExteriorKitPresentation/BabaiYardAuthoredShed/AuthoredFoundationSupport29 at (-21.400673, 0.23833829, -6.547984).
act1-boundary-architecture: FAIL No real terrain under /root/Act1BoundaryArchitectureSmokeTest/Main/ZoneHost/Act1ConnectedWorld/Act1CoreWorldGreybox/Act1AuthoredExteriorKitPresentation/ArrivalAuthoredParcels/ArrivalForwardEastFacade/AuthoredFoundationSupport41 at (5.538618, -0.42202377, -8.309619).
act1-boundary-architecture: FAIL No real terrain under /root/Act1BoundaryArchitectureSmokeTest/Main/ZoneHost/Act1ConnectedWorld/Act1CoreWorldGreybox/Act1AuthoredExteriorKitPresentation/ArrivalAuthoredParcels/ArrivalForwardEastFacade/AuthoredFoundationSupport42 at (10.89942, -0.44992375, -7.5633497).
act1-boundary-architecture: FAIL No real terrain under /root/Act1BoundaryArchitectureSmokeTest/Main/ZoneHost/Act1ConnectedWorld/Act1CoreWorldGreybox/Act1AuthoredExteriorKitPresentation/NeighborParcels/MainStreet/EastParcel/MainStreetEastNeighborFacade/AuthoredFoundationSupport51 at (11.014203, -0.4355009, -8.44163).
act1-boundary-architecture: FAIL No real terrain under /root/Act1BoundaryArchitectureSmokeTest/Main/ZoneHost/Act1ConnectedWorld/Act1CoreWorldGreybox/Act1AuthoredExteriorKitPresentation/NeighborParcels/MainStreet/EastParcel/MainStreetEastNeighborFacade/AuthoredFoundationSupport52 at (11.8164425, -0.43770087, -7.4893).
act1-boundary-architecture: FAIL No real terrain under /root/Act1BoundaryArchitectureSmokeTest/Main/ZoneHost/Act1ConnectedWorld/Act1CoreWorldGreybox/Act1AuthoredExteriorKitPresentation/NeighborParcels/ConnectiveStreet/DeepParcel/ConnectiveStreetDeepBanyaYardParcel/AuthoredFoundationSupport58 at (-11.773828, -0.3509248, -31.347872).
act1-boundary-architecture: FAIL No real terrain under /root/Act1BoundaryArchitectureSmokeTest/Main/ZoneHost/Act1ConnectedWorld/Act1CoreWorldGreybox/Act1AuthoredExteriorKitPresentation/NeighborParcels/ConnectiveStreet/DeepParcel/ConnectiveStreetDeepBanyaYardParcel/AuthoredFoundationSupport60 at (-13.548302, -0.3171216, -27.615854).
act1-boundary-architecture: FAIL No real terrain under /root/Act1BoundaryArchitectureSmokeTest/Main/ZoneHost/Act1ConnectedWorld/Act1CoreWorldGreybox/Act1AuthoredExteriorKitPresentation/NeighborParcels/ConnectiveStreet/DeepParcel/ConnectiveStreetDeepBanyaYardParcel/AuthoredFoundationSupport60 at (-13.116949, -0.3195216, -27.386597).
act1-boundary-architecture: FAIL No real terrain under /root/Act1BoundaryArchitectureSmokeTest/Main/ZoneHost/Act1ConnectedWorld/Act1CoreWorldGreybox/Act1AuthoredExteriorKitPresentation/NeighborParcels/ConnectiveStreet/DeepParcel/ConnectiveStreetDeepBanyaYardParcel/AuthoredFoundationSupport60 at (-13.089431, -0.3245216, -27.523865).
act1-boundary-architecture: FAIL No real terrain under /root/Act1BoundaryArchitectureSmokeTest/Main/ZoneHost/Act1ConnectedWorld/Act1CoreWorldGreybox/Act1AuthoredExteriorKitPresentation/NeighborParcels/ConnectiveStreet/DeepParcel/ConnectiveStreetDeepBanyaYardParcel/AuthoredFoundationSupport60 at (-13.57582, -0.3110216, -27.478584).
act1-boundary-architecture: FAIL No real terrain under /root/Act1BoundaryArchitectureSmokeTest/Main/ZoneHost/Act1ConnectedWorld/Act1CoreWorldGreybox/Act1AuthoredExteriorKitPresentation/NeighborParcels/ConnectiveStreet/DeepParcel/ConnectiveStreetDeepBanyaYardParcel/AuthoredFoundationSupport60 at (-12.658079, -0.32692158, -27.294607).
act1-boundary-architecture: FAIL No real terrain under /root/Act1BoundaryArchitectureSmokeTest/Main/ZoneHost/Act1ConnectedWorld/Act1CoreWorldGreybox/Act1AuthoredExteriorKitPresentation/NeighborParcels/ConnectiveStreet/DeepParcel/ConnectiveStreetDeepBanyaYardParcel/AuthoredFoundationSupport60 at (-12.630561, -0.3320216, -27.431875).
act1-boundary-architecture: FAIL No real terrain under /root/Act1BoundaryArchitectureSmokeTest/Main/ZoneHost/Act1ConnectedWorld/Act1CoreWorldGreybox/Act1AuthoredExteriorKitPresentation/NeighborParcels/ConnectiveStreet/DeepParcel/ConnectiveStreetDeepBanyaYardParcel/AuthoredFoundationSupport60 at (-12.85628, -0.3135216, -27.018173).
act1-boundary-architecture: FAIL No real terrain under /root/Act1BoundaryArchitectureSmokeTest/Main/ZoneHost/Act1ConnectedWorld/Act1CoreWorldGreybox/Act1AuthoredExteriorKitPresentation/NeighborParcels/ConnectiveStreet/DeepParcel/ConnectiveStreetDeepBanyaYardParcel/AuthoredFoundationSupport60 at (-12.719011, -0.31572157, -26.990654).
act1-boundary-architecture: FAIL No real terrain under /root/Act1BoundaryArchitectureSmokeTest/Main/ZoneHost/Act1ConnectedWorld/Act1CoreWorldGreybox/Act1AuthoredExteriorKitPresentation/NeighborParcels/ConnectiveStreet/DeepParcel/ConnectiveStreetDeepBanyaYardParcel/AuthoredFoundationSupport60 at (-12.76783, -0.3298216, -27.459394).
act1-boundary-architecture: FAIL Floating foundation support /root/Act1BoundaryArchitectureSmokeTest/Main/ZoneHost/Act1ConnectedWorld/Act1CoreWorldGreybox/Act1AuthoredExteriorKitPresentation/NeighborParcels/ConnectiveStreet/DeepParcel/ConnectiveStreetDeepBanyaYardParcel/AuthoredFoundationSupport60: gap=-∞m.
act1-boundary-architecture: FAIL No real terrain under /root/Act1BoundaryArchitectureSmokeTest/Main/ZoneHost/Act1ConnectedWorld/Act1CoreWorldGreybox/Act1AuthoredExteriorKitPresentation/NeighborParcels/HouseExterior/WestSideParcel/HouseExteriorWestNeighborFence/AuthoredFoundationSupport75 at (-35.172, 0.8494078, -3.23).
act1-boundary-architecture: FAIL No real terrain under /root/Act1BoundaryArchitectureSmokeTest/Main/ZoneHost/Act1ConnectedWorld/Act1CoreWorldGreybox/Act1AuthoredExteriorKitPresentation/NeighborParcels/HouseExterior/WestSideParcel/HouseExteriorWestNeighborFence/AuthoredFoundationSupport75 at (-35.508, 0.90710783, -3.23).
act1-boundary-architecture: FAIL No real terrain under /root/Act1BoundaryArchitectureSmokeTest/Main/ZoneHost/Act1ConnectedWorld/Act1CoreWorldGreybox/Act1AuthoredExteriorKitPresentation/NeighborParcels/HouseExterior/WestSideParcel/HouseExteriorWestNeighborFence/AuthoredFoundationSupport75 at (-35.172, 0.84140784, -3.05).
act1-boundary-architecture: FAIL No real terrain under /root/Act1BoundaryArchitectureSmokeTest/Main/ZoneHost/Act1ConnectedWorld/Act1CoreWorldGreybox/Act1AuthoredExteriorKitPresentation/NeighborParcels/HouseExterior/WestSideParcel/HouseExteriorWestNeighborFence/AuthoredFoundationSupport75 at (-35.508, 0.90640783, -3.19).
act1-boundary-architecture: FAIL No real terrain under /root/Act1BoundaryArchitectureSmokeTest/Main/ZoneHost/Act1ConnectedWorld/Act1CoreWorldGreybox/Act1AuthoredExteriorKitPresentation/NeighborParcels/HouseExterior/WestSideParcel/HouseExteriorWestNeighborFence/AuthoredFoundationSupport75 at (-35.172, 0.8470079, -3.19).
act1-boundary-architecture: FAIL No real terrain under /root/Act1BoundaryArchitectureSmokeTest/Main/ZoneHost/Act1ConnectedWorld/Act1CoreWorldGreybox/Act1AuthoredExteriorKitPresentation/DistantPerimeterParcels/PerimeterWestStreetFacade/AuthoredFoundationSupport84 at (-22.616, 0.28311926, -7.1624002).
act1-boundary-architecture: FAIL No real terrain under /root/Act1BoundaryArchitectureSmokeTest/Main/ZoneHost/Act1ConnectedWorld/Act1CoreWorldGreybox/Act1AuthoredExteriorKitPresentation/DistantPerimeterParcels/PerimeterWestStreetFacade/AuthoredFoundationSupport84 at (-22.131199, 0.26211926, -7.1624002).
act1-boundary-architecture: FAIL No real terrain under /root/Act1BoundaryArchitectureSmokeTest/Main/ZoneHost/Act1ConnectedWorld/Act1CoreWorldGreybox/Act1AuthoredExteriorKitPresentation/DistantPerimeterParcels/PerimeterWestStreetFacade/AuthoredFoundationSupport84 at (-21.646399, 0.23691927, -7.1624002).
act1-boundary-architecture: FAIL No real terrain under /root/Act1BoundaryArchitectureSmokeTest/Main/ZoneHost/Act1ConnectedWorld/Act1CoreWorldGreybox/Act1AuthoredExteriorKitPresentation/DistantPerimeterParcels/PerimeterWestStreetFacade/AuthoredFoundationSupport84 at (-21.1616, 0.21021926, -7.1624002).
act1-boundary-architecture: FAIL No real terrain under /root/Act1BoundaryArchitectureSmokeTest/Main/ZoneHost/Act1ConnectedWorld/Act1CoreWorldGreybox/Act1AuthoredExteriorKitPresentation/DistantPerimeterParcels/PerimeterWestStreetFacade/AuthoredFoundationSupport84 at (-21.3016, 0.22481927, -6.8731003).
act1-boundary-architecture: FAIL No real terrain under /root/Act1BoundaryArchitectureSmokeTest/Main/ZoneHost/Act1ConnectedWorld/Act1CoreWorldGreybox/Act1AuthoredExteriorKitPresentation/DistantPerimeterParcels/PerimeterWestStreetFacade/AuthoredFoundationSupport84 at (-21.1616, 0.22751927, -6.4439).
act1-boundary-architecture: FAIL No real terrain under /root/Act1BoundaryArchitectureSmokeTest/Main/ZoneHost/Act1ConnectedWorld/Act1CoreWorldGreybox/Act1AuthoredExteriorKitPresentation/DistantPerimeterParcels/PerimeterWestStreetFacade/AuthoredFoundationSupport84 at (-21.1616, 0.23721927, -6.0146003).
act1-boundary-architecture: FAIL No real terrain under /root/Act1BoundaryArchitectureSmokeTest/Main/ZoneHost/Act1ConnectedWorld/Act1CoreWorldGreybox/Act1AuthoredExteriorKitPresentation/DistantPerimeterParcels/PerimeterWestStreetFacade/AuthoredFoundationSupport84 at (-21.1616, 0.23961927, -5.5854).
act1-boundary-architecture: FAIL No real terrain under /root/Act1BoundaryArchitectureSmokeTest/Main/ZoneHost/Act1ConnectedWorld/Act1CoreWorldGreybox/Act1AuthoredExteriorKitPresentation/DistantPerimeterParcels/PerimeterWestStreetFacade/AuthoredFoundationSupport84 at (-21.1616, 0.24341927, -5.1561003).
act1-boundary-architecture: FAIL No real terrain under /root/Act1BoundaryArchitectureSmokeTest/Main/ZoneHost/Act1ConnectedWorld/Act1CoreWorldGreybox/Act1AuthoredExteriorKitPresentation/DistantPerimeterParcels/PerimeterWestStreetFacade/AuthoredFoundationSupport84 at (-21.1616, 0.25221926, -4.7269).
act1-boundary-architecture: FAIL No real terrain under /root/Act1BoundaryArchitectureSmokeTest/Main/ZoneHost/Act1ConnectedWorld/Act1CoreWorldGreybox/Act1AuthoredExteriorKitPresentation/DistantPerimeterParcels/PerimeterWestStreetFacade/AuthoredFoundationSupport84 at (-22.131199, 0.32771927, -4.4376).
act1-boundary-architecture: FAIL No real terrain under /root/Act1BoundaryArchitectureSmokeTest/Main/ZoneHost/Act1ConnectedWorld/Act1CoreWorldGreybox/Act1AuthoredExteriorKitPresentation/DistantPerimeterParcels/PerimeterWestStreetFacade/AuthoredFoundationSupport85 at (-22.9648, 0.29551926, -7.2784).
act1-boundary-architecture: FAIL No real terrain under /root/Act1BoundaryArchitectureSmokeTest/Main/ZoneHost/Act1ConnectedWorld/Act1CoreWorldGreybox/Act1AuthoredExteriorKitPresentation/DistantPerimeterParcels/PerimeterWestStreetFacade/AuthoredFoundationSupport85 at (-22.8248, 0.28951925, -7.2784).
act1-boundary-architecture: FAIL No real terrain under /root/Act1BoundaryArchitectureSmokeTest/Main/ZoneHost/Act1ConnectedWorld/Act1CoreWorldGreybox/Act1AuthoredExteriorKitPresentation/DistantPerimeterParcels/PerimeterWestStreetFacade/AuthoredFoundationSupport85 at (-23.2376, 0.30771926, -7.2784).
act1-boundary-architecture: FAIL No real terrain under /root/Act1BoundaryArchitectureSmokeTest/Main/ZoneHost/Act1ConnectedWorld/Act1CoreWorldGreybox/Act1AuthoredExteriorKitPresentation/DistantPerimeterParcels/PerimeterWestStreetFacade/AuthoredFoundationSupport85 at (-23.6504, 0.32681927, -7.2784).
act1-boundary-architecture: FAIL No real terrain under /root/Act1BoundaryArchitectureSmokeTest/Main/ZoneHost/Act1ConnectedWorld/Act1CoreWorldGreybox/Act1AuthoredExteriorKitPresentation/DistantPerimeterParcels/WestStreetMidParcel/WestStreetMidFacade/AuthoredFoundationSupport98 at (-25.581251, 0.42306945, -8.343283).
act1-boundary-architecture: FAIL No real terrain under /root/Act1BoundaryArchitectureSmokeTest/Main/ZoneHost/Act1ConnectedWorld/Act1CoreWorldGreybox/Act1AuthoredExteriorKitPresentation/DistantPerimeterParcels/WestStreetMidParcel/WestStreetMidShed/AuthoredFoundationSupport99 at (-21.348942, 0.23635876, -6.5078845).
act1-boundary-architecture: FAIL No real terrain under /root/Act1BoundaryArchitectureSmokeTest/Main/ZoneHost/Act1ConnectedWorld/Act1CoreWorldGreybox/Act1AuthoredExteriorKitPresentation/DistantPerimeterParcels/WestStreetMidParcel/WestStreetMidShed/AuthoredFoundationSupport99 at (-21.443438, 0.23235877, -6.8868823).
act1-boundary-architecture: FAIL No real terrain under /root/Act1BoundaryArchitectureSmokeTest/Main/ZoneHost/Act1ConnectedWorld/Act1CoreWorldGreybox/Act1AuthoredExteriorKitPresentation/DistantPerimeterParcels/WestStreetMidParcel/WestStreetMidShed/AuthoredFoundationSupport99 at (-21.40209, 0.21995878, -7.299749).
act1-boundary-architecture: FAIL No real terrain under /root/Act1BoundaryArchitectureSmokeTest/Main/ZoneHost/Act1ConnectedWorld/Act1CoreWorldGreybox/Act1AuthoredSightlineClosurePass/VillageLateralParcels/FapReverseWestDomesticFacadeParcel/FapReverseWestDomesticShed/AuthoredFoundationSupport136 at (11.433425, -0.40789914, -44.305374).
act1-boundary-architecture: FAIL hero-house/room-middle: controller stalled at (-30.248919, 0.61331636, -6.060849), target=(-30.264088, 0.63415223, -6.413308).
act1-boundary-architecture: FAIL hero-house/pc-approach: controller stalled at (-30.776993, 0.64289767, -6.0834203), target=(-30.942274, 0.63415223, -6.7335625).
act1-boundary-architecture: FAIL hero-house/rinat-approach: controller stalled at (-30.776993, 0.64289767, -6.0834203), target=(-30.344467, 0.63415223, -7.999511).
act1-boundary-architecture: FAIL hero-house/pc-return: controller stalled at (-30.345919, 0.6181407, -6.067256), target=(-30.264088, 0.63415223, -6.413308).
act1-boundary-architecture: FAIL 474 recorded checks; ordinary movement=52.92m; art/human gates remain open
