run-smoke-guarded: res://tests/act1_mosque_layout_smoke_test.tscn
Godot Engine v4.7.1.stable.mono.official.a13da4feb - https://godotengine.org

fixture-tread: 1
fixture-tread: 2
fixture-tread: 3
fixture-tread: 4
fixture-tread: 5
fixture-tread: 6
fixture-tread: 7
fixture-tread: 8
fixture-tread: 9
fixture-tread: 10
fixture-tread: 11
fixture-tread: 12
fixture-tread: 13
fixture-tread: 14
fixture-tread: 15
fixture-tread: 16
fixture-tread: 17
fixture-tread: 18
fixture-tread: 19
fixture-tread: 20
fixture-tread: 21
fixture-tread: 22
fixture-tread: 23
fixture-tread: 24
fixture-tread: 25
fixture-tread: 26
fixture-tread: 27
fixture-tread: 28
fixture-tread: 29
fixture-tread: 30
fixture-tread: 31
fixture-tread: 32
fixture-tread: 33
fixture-tread: 34
fixture-tread: 35
fixture-tread: 36
fixture-tread: 37
fixture-tread: 38
fixture-tread: 39
fixture-tread: 40
fixture-tread: 41
fixture-tread: 42
fixture-tread: 43
fixture-tread: 44
fixture-tread: 45
fixture-tread: 46
fixture-tread: 47
fixture-tread: 48
fixture-tread: 49
fixture-tread: 50
fixture-tread: 51
fixture-tread: 52
fixture-tread: 53
fixture-tread: 54
fixture-tread: 55
fixture-tread: 56
fixture-tread: 57
fixture-tread: 58
fixture-tread: 59
fixture-tread: 60
fixture-tread: 61
act1-mosque-layout: FIXTURE PASS 250
userdata guard: original files and permissions restored and verified
