ERROR: System.InvalidOperationException: The family book footprint overlaps existing home prop /root/Act1Demo/Main/ZoneHost/Act1ConnectedWorld/babay-abi-house/GeneratedOldPcAct1/OldPc_Keyboard_LOD0.
ERROR: View capture refused: no Node3D named 'FamilyTukayBookPresentation' exists under Main, and world-space fallback would frame a different subject. Point 'babai_book_detail:FamilyTukayBookPresentation@0,0.55,0.7>FamilyTukayBookPresentation@0,0,0' wrote no frame.
ERROR: 1 RID allocations of type 'N10RendererRD11MeshStorage4MeshE' were leaked at exit.
ERROR: 2 RID allocations of type 'N10RendererRD15MaterialStorage8MaterialE' were leaked at exit.
ERROR: 1 RID allocations of type 'N10RendererRD15MaterialStorage6ShaderE' were leaked at exit.
ERROR: 1 RID allocations of type 'N17RendererSceneCull8InstanceE' were leaked at exit.
ERROR: Pages in use exist at exit in PagedAllocator: N33RendererSceneRenderImplementation22RenderForwardClustered32GeometryInstanceSurfaceDataCacheE
ERROR: Pages in use exist at exit in PagedAllocator: N33RendererSceneRenderImplementation22RenderForwardClustered32GeometryInstanceForwardClusteredE
ERROR: 1 shaders of type SceneForwardClusteredShaderRD were never freed
ERROR: 48 resources still in use at exit (run with --verbose for details).
ERROR: System.InvalidOperationException: The family book footprint overlaps existing home prop /root/Act1Demo/Main/ZoneHost/Act1ConnectedWorld/babay-abi-house/GeneratedOldPcAct1/OldPc_Keyboard_LOD0.
ERROR: View capture refused: no Node3D named 'FamilyTukayBookPresentation' exists under Main, and world-space fallback would frame a different subject. Point 'babai_book_detail:FamilyTukayBookPresentation@0,0.55,0.7>FamilyTukayBookPresentation@0,0,0' wrote no frame.
ERROR: 1 RID allocations of type 'N10RendererRD11MeshStorage4MeshE' were leaked at exit.
ERROR: 2 RID allocations of type 'N10RendererRD15MaterialStorage8MaterialE' were leaked at exit.
ERROR: 1 RID allocations of type 'N10RendererRD15MaterialStorage6ShaderE' were leaked at exit.
ERROR: 1 RID allocations of type 'N17RendererSceneCull8InstanceE' were leaked at exit.
ERROR: Pages in use exist at exit in PagedAllocator: N33RendererSceneRenderImplementation22RenderForwardClustered32GeometryInstanceSurfaceDataCacheE
ERROR: Pages in use exist at exit in PagedAllocator: N33RendererSceneRenderImplementation22RenderForwardClustered32GeometryInstanceForwardClusteredE
ERROR: 1 shaders of type SceneForwardClusteredShaderRD were never freed
ERROR: 48 resources still in use at exit (run with --verbose for details).
